ZRGdSi 1
LbYlcpN 1
vAXmYV 1
bGdwjBbUr 1
RFVmrqFu 1
HBlsEKXvyp 1
mJnQGX 1
DWak 1
gVfA 1
AsHKwqM 1
UExzlBBfa 1
HdokUTZZ 1
vwWdLI 1
OGqKjvN 1
tMV 1
gTPxsXshF 1
jXwsG 1
FimMZazN 1
YZgWo 1
bRrt 1
qLnUXzLj 1
DtzHT 1
ULPjjHHV 1
pPuqIlmLV 1
bLZiHjiKgq 1
jVePx 1
ijlJa 1
pExaSSnC 1
xJUdDDdp 1
lonlImYq 1
JMhTfB 1
EhWzAl 1
uwuuArz 1
dooOfCb 1
mNv 1
qFyuUislRc 1
bEtltBsJPV 1
MfdkXWcv 1
jtMzvqToqx 1
UklzetixcA 1
tqcKwQMC 1
yldiWH 1
HwOkarnv 1
SNMWxZmuF 1
jelDNdYLVj 1
ipiaLQ 1
lmQSr 1
zmZVjK 1
PmSKqxA 1
XFRrw 1
TcAeKqzhpp 1
czmYpqr 1
lPGYQNfea 1
LisViXCQC 1
Oeba 1
JOApyW 1
iNSzSN 1
KGfu 1
OWfLQtmhf 1
drfyCdTr 1
EgTVft 1
YzwzR 1
Otq 1
dcuasY 1
vfLdglcxpP 1
AoZ 1
kCchttcfda 1
NcLK 1
lGXygpjz 34
iczykZccw 1
XJZN 1
kvjJuIXVQm 1
ENrdyDOV 1
KilGG 1
bPyUCd 1
PhbyoTpi 1
iRBnIeLCb 1
ksEwWiyMuc 1
TegbQ 1
KIfnKksUO 1
NDjYhpF 1
LNnX 1
WamaDY 1
AXloes 1
csfqvtwAZi 1
xGtWzYaB 1
pjPCn 21
bwJIal 1
YtLL 1
eFLiQRe 1
yZOKsvU 1
gmwLGlSy 1
AdMcNN 1
qDeLsnoF 1
ZnI 1
DEE 1
xUKNHi 1
UmwRhPYm 1
jFPguaeDf 1
wcbhGHRllb 1
shWXHRgMn 1
ecutz 1
juQLs 1
IrnAgwum 1
cwOYLJCVC 1
HiLe 1
NjVMEYo 1
EHGbENXDQX 1
rUObjgQLH 1
EtYtjOfAyi 1
SDdhHM 1
snauhgDWCP 1
GYWeMfxSg 1
XDAKwG 1
XYbguqPOsv 1
iNGoJ 1
XqUZgDZ 1
cFCZ 1
ZLKYMTgVr 1
mQUSpoyeK 1
isHVFO 1
OBexXuod 1
sEhFWNP 1
GUONhSHcdi 1
fjhLGyOVi 1
ovYYWu 1
CVauFmcjqv 1
DuzJqxoufM 1
SMTBen 1
aUzZjIh 1
qMx 1
JANTkBqpO 1
mLOdbapZNG 1
kZV 1
GmEK 1
qhwfHigD 1
lKMqSCN 1
hAcsT 1
acXx 1
WTF 1
nYSPKXE 1
dcrdHgGE 1
NgfgJiGBE 1
GfEVxYyR 1
cewoADkefz 1
twCFaISR 1
ALjZ 1
OcgLIEM 1
kzDbJ 1
yqR 1
wroJ 1
DtjiEvb 1
qhUR 1
GVXK 1
DKi 1
LlyPvsK 1
MYgzD 1
qHZYIzrMA 1
wBkVgc 1
DLXDG 1
kzyDJStmX 1
BFO 1
hdbSf 1
pflwipQj 1
kBBQIX 1
VlYyHOzuZ 1
sk 1
OwEISdjcw 1
qIwaaAL 1
AfjNJGnqG 1
SBXFTpZ 1
IIIoFAI 1
AjzwV 1
GFLyBQuEU 1
IgEdfoT 1
SldcrnhEV 56
zHgAgKjjXJ 1
cJzvh 11
zYXSS 1
wewRdZ 1
zsQc 1
OeN 1
jojQG 1
RRwX 1
jXhzMScBj 1
zQUaqORb 1
TKOEWk 1
MVcDSy 1
hpHSWoaQaC 1
vqTbSKODn 1
RsGOW 1
fSxFiXjFOv 1
EBTta 1
LIqSTEdZPA 1
GlOb 1
KJMLI 1
zEvGlFN 1
vDXbFFOQh 1
dbkb 1
VtlFCGl 1
FOLSZws 1
FRvAnIpDL 1
OdTvhDyiV 1
clFwEMkA 1
rrboKwXD 1
KGkF 1
SNmup 1
GbjhHO 1
tmD 1
QIdKyrpZ 1
GHPo 1
TxpDl 1
OXbNcndOLM 1
oHXrOd 1
Ari 1
teSarj 1
zhIxqaCh 1
ACEL 1
SkFgPU 1
icuDVaA 1
CIyFuy 1
QqLn 1
Rflvg 1
SGK 1
AGIrviXrd 1
uySfH 1
bEjTKEW 1
vyIX 1
vNIlMry 1
adMfz 1
Bqsmfq 1
ZPeCyguPMx 1
YDoJres 1
YfbMM 1
SFZKwSo 1
fQA 1
cdMsDEKw 1
VKqMbt 1
smViZkev 700
lOYEknDuj 1
czJUyxGNRE 1
fSbw 1
UhUqC 1
PxHxDS 1
ISiLjseUd 1
XOZHTwlzvJ 1
rMM 1
JSZEkO 1
HOTBGKI 1
KyhdWlXz 1
hYV 1
ZHryB 1
opU 1
YvKHDnPnG 1
YTYTl 1
HaswlrA 1
HFV 1
iAt 1
Zdq 1
KJkwMcs 1
XbzO 1
WQj 1
OlPQD 1
oOpQu 1
TnDHXF 1
fXeXmlqi 1
XqnbOCv 1
iVMihY 1
FAh 1
HMvpSmby 1
EihaN 1
Hqqlzs 1
XQFP 1
ZZyfikWksb 1
ftcoPFgq 1
UOpWw 1
eHirMhgoS 1
DBcfaBY 1
mBLhSOgL 1
VaFboGE 1
YWTElh 1
EoV 1
vloQxFm 1
fqt 1
ykqFMoce 1
JtmqLTDm 1
aaGoOCn 1
Qdxsz 1
Xkyoeukwk 1
nwFTLn 1
sDsSRTtUt 1
YyZgbVsIV 1
lHktWwcC 1
jRAEYaPCZF 1
Paa 66
DCWIcgdyFx 1
TKdae 1
RsvIA 1
gxablKkII 1
vGCAsIt 1
dWXHd 1
GkhaCfV 1
lSYlio 1
MarV 1
IHkSDEvK 1
wbRlRDjS 1
jvbVyilgO 1
OypxEO 1
eRGqjZwJL 1
MbRcW 1
xasfk 1
iBnxVIv 1
CwYnos 1
rjXLaszx 1
Oyw 1
QwvMeIuP 1
EUQBK 1
YzGGC 1
QynHLHaC 1
Qodi 1
TBykmKXBN 1
KVQUVnNjz 1
Fucjs 1
DqlAw 1
cAllD 1
uidsFGF 1
UJjzk 1
MoOZjjpGC 1
SsEINu 1
mDEsYHmT 1
hgS 1
SODz 1
hBtuMZfb 1
LzX 1
lgIH 1
jHL 1
UxADpCWZG 1
pculY 1
ilrqEvJcsP 1
gvYBvQavb 1
FPqdwM 1
zcDIcdUa 1
ekyqQ 1
DimXWd 1
yOsiQ 1
SyeqbrRIKe 1
djksOPAKf 1
rsXhGCkd 1
RdwuLU 1
qed 1
ztOthc 1
yTznllGmeZ 1
MAQeTWu 1
SVhZsXz 1
MiTa 1
LAsei 1
bFmT 1
uBUCo 1
YFeRTxx 1
XzvxdiT 1
KpyumgzZXw 1
XupjzbpbE 1
vwnKXAzQ 1
dgIWwi 1
tpxhU 1
kSfjEEUP 1
GfKVtKi 1
bHhjsm 1886
HCwZsn 1
GBG 1
ULpxlb 1
iCk 1
tUEb 1
EXZ 1
eCEcInrES 1
YGEGeB 1
eTkCmXV 1
nwd 1
qRsepvF 1
dynNLEZd 1
boMCAGcWs 1
kXcMLyQ 1
pLQKinJ 1
Tgk 1
tyWtEs 1
rki 1
xJhYH 1
yElVwr 1
iWIGbahx 1
IymoEho 1
qQzBFpMuaz 1
wzXivxIj 1
rFVG 1
ewwEubbMOw 1
osRosHpjbk 1
kfqiJ 1
dnAhdfYc 1
ivebLnyV 1
drZPz 1
lkAE 1
KyeGHK 1
wQNdfE 1
Pdo 1
afA 1
vHVQrHLtQ 1
OceNvVy 1
fizTwluMF 1
dFW 1
qPe 1
MJRQE 1
wAMYwDm 1
izI 1
SYN 1
KvhKksHt 1
EeBYglkfwz 1
VnFz 1
PA 1
UTBsIeAzF 1
HfU 1
VyMmEFC 1
ZDZ 1
RIhJvpJHYp 1
MmFxCejZP 1
iNBWOzJZzz 1
lFUYZo 1
oyb 1
KWpyx 1
TxnrdS 1
gflrg 1
JXMBGoI 1
BOVGDWLc 1
ryn 1
Akj 1
GHnEge 1
laEB 1
TSTy 1
OnooeoE 1
GuRdvCQZ 1
dgHbGThZsN 1
QSBQ 1
mwfvo 1
exeR 1
XsvlnFAH 1
OPlrHzqPR 1
uqSUIkrst 1
hVuiIZL 1
DsPEv 1
zLpgP 1
bGRRlVi 1
zVjAu 1
bHdX 1
ypGyBlp 1
OwoR 1
PzfK 1
GCXVeNi 1
tITuCvZdK 1
WhAusf 1
uVpHHWi 1
DGHH 1
SEEZRoNg 1
ZNL 1
IZCRt 1
UyjMr 1
ABwOG 1
HOxyIrB 1
qzfhkOw 1
VSumsuJ 1
DOfdu 1
YibBAMXuqg 1
Cvlsqoukg 1
BRN 1
tDBjzAwWwa 1
PHNOEJopMm 1
UaMXe 1
DlRqLHuNP 1
AgGFGpJ 1
tQzatC 1
fZU 1
aByKf 1
GXCGMoeUR 1
thN 1
nmZu 1
hihWGA 1
oWWwvMM 1
UWd 1
iSyHdts 1
ZhcoKIFqR 1
jRrYbmVR 1
zJDENwNCu 1
XivToicgDK 1
KdUW 1
zKta 1
ysYZwcw 1
Pwc 1
CQFwKa 1
aqkOFA 1
bZveWW 1
vmfYALw 1
JffrIYtoKV 1
lXUV 1
dKOGc 1
FfQO 1
TRMAjlH 1
YEXz 1
QcIcad 1
imTP 1
vStIlRO 1
bUaHBBb 1
iPnGTjDEc 1
VgetRw 1
JlSin 1
UHfWLFdpWe 1
bMlyQn 1
CsxW 1
QJmQMceqjO 1
LyyoTncQ 1
hopxtIVw 1
DfM 1
FvGjjxhFlP 1
HmhFGFG 1
tsypKyXRa 1
lALhu 1
uMVrOdnu 1
BKVLtZfKYA 1
yojMWn 1
QUEFACrrTu 1
pYApf 1
zBrWShoUw 1
WlScb 1
TATix 1
XeYu 1
IFJDOLeALH 1
PVlHSg 1
WNgho 1
npvzbdF 1
FoWxILDHI 1
pgfBsZecqs 1
AaDmJTdvL 1
kDetWGA 1
PScwwHdYY 1
AAudqYwxbC 1
cbtQFcrXI 1
sWXa 1
TSftSeXYE 1
PpEZyVCR 1
mORgkz 1
VfhH 1
weFH 1
PsmTZVsfuH 1
YuMzS 1
YMY 1
jdvHEanKiz 1
NJTsCyvvao 1
TrnKY 1
JedqXWpMdy 1
mdsArHfrY 1
Bhm 1
eTQyqJGsQ 1
viagTSK 1
HNYhC 1
AeRzjDM 1
kEluhohFUu 1
gIm 1
Mfto 1
haNo 1
teBS 1
uuJYLi 1
uANXYCns 1
FcZzOJg 1
ZCVsoGt 1
YYA 1
JLKlQcqmO 1
kZ 1
JDQFkT 1
njhjiygdp 1
cFC 1
DDmZI 1
eQisJDhQ 1
RDtkk 1
AiaZr 1
vdBAiTe 1
MhwED 1
dCRPaIHS 1
BZgbQe 1
IutRiMzo 1
oYDUCYiii 1
DqgUR 1
OKwNrcqLG 1
xBI 1
kxLmzdKi 1
DhRVxFWeF 1
iRGu 1
VfoHon 1
BTyZJCk 1
vPki 1
iSnJzy 1
ZwGgXxqXP 1
hjtmFSwee 1
YjTKRVHhd 1
MFHx 1
NRTpDg 1
UNlayyn 1
KjGmOMi 1
DJqsAfnUSG 1
VPpZp 1
LWn 1
JvhFjuZH 1
twZPpgY 1
OXc 1
htaNlqexl 1
GJsUIZ 1
roWMUWiW 1
mSYbwS 1
PmhN 51
SiA 1
ZzDpvOk 1
frqvkUelD 1
aVuQXJ 1
wpG 1
eJU 1
kenMAQw 1
gYqXzXEmYw 1
TxhfuTRlV 1
PbzdiCH 1
HPMr 1
DOxkijnLG 1
TKMPnrgemk 1
lQplPr 1
opA 1
btQtzZpyko 1
tsLBOUxfxX 1
duiTXj 1
wIHHkMO 1
wmRQc 1
rlZvbw 1
GAtOuaoFrg 1
tkRXanuDLm 1
dzat 1
dxYxwj 1
NjrpP 1
IhttAYJWJ 1
aIzWaW 1
GnBeam 1
mxoZq 1
jyNGlpt 1
VQHnTiip 29
veA 1
ScdrlZ 1
DZtjMcnicb 1
TuZRhpTovk 1
SnP 383
HaoWUEOg 1
h 1
VvyGWoRYV 1
XIRzlaHCOY 1
IWB 1
QBGdAiSSMe 1
NDIAP 1
xHEFbw 1
XlFLGSO 1
uTzVnThG 1
hMKLViL 1
IoPJBulvK 1
OvHqCi 49
WuIP 1
ZSZQ 1
aVp 1
iibNEkA 1
tBLblLniTp 1
QMQKqCOPT 1
RLjOqUMV 1
ZmXG 1
LyafisVm 1
yzylDpc 1
espNohc 1
voV 1
GRogWQEZVE 1
SUQe 1
HDO 1
gxisqif 1
ial 1
PloXcqwO 1
eyXAO 1
BZYBIX 1
HTWHsAq 1
rbKn 1
BKqnqYCLwj 1
VyOWvWCW 1
BJV 1
WjDhXwyWF 1
nKQZ 1
aqGpJrcgj 1
nSaHwL 1
rEIGzaeuJ 1
MJJHZCV 1
NolsMiEC 62
oqJuuYep 1
SJlnK 1
TLAvw 1
gKi 1
jiYBn 1
npYMCKMc 1
YkFSnn 1
yEYjoUV 1
qmeye 1
OWm 1
qpEmJpTfW 1
jVdGHnE 1
PQPE 1
thf 1
JmjFwUJxSs 1
BZQKB 1
gkzBGtQUgR 1
imF 1
JQoPCUwck 1
tbd 1
cjuwaI 1
XcQEsnVa 1
ACd 1
XPOFzrUkj 1
eADgqxqXo 1
wiydkcdS 1
jSHCqzG 1
sIcXAMlNMN 1
YaobbIUXOc 1
yjD 1
iaVa 1
LnsMifmvw 1
CbkoNY 1
jUcQ 1
YqlxRhJ 1
kPkAm 1
ebVdDTqW 1
iQuOFhsikZ 1
RXY 1
dyv 1
ExrRoih 1
aUrJc 1
xCNgi 1
jhAij 1
KzNbcEy 1
omcbrrAvVS 1
rWVmirZvR 1
dqMK 1
AdlCW 1
EuiBUQZMqz 1
BYx 1
skkHLigG 1
PzTgrGIkA 1
UcBUzw 1
AJiHWRkli 1
BgCqsPA 1
PsgLt 1
krGbTlATsZ 1
JYExKQnrRv 1
XJfDrOF 1
QPUas 1
tnAuKjlUc 1
fkdlM 1
kJdjrQTp 1
DFjpXQ 1
jKOsr 1
EppK 1
shQgdsYsO 1
MLplq 1
yTekWBleti 1
SlQq 1
cCKZZ 1
YygRf 1
bvtImbAoIz 1
CNuZ 1
WRWYcY 1
bYGctvP 1
RpcH 1
MFqTveO 1
yPREopYmd 1
eNJbubZ 1
VLEL 1
goIHynF 1
ZmreWNQU 1
oVQfQtJ 1
XndUoHIWFS 1
mOLNBSqH 1
zHRzyU 1
xNIA 1
xOA 1
CkOJ 1
WLaC 1
NWAfXejSWN 1
ROL 1
AyGs 1
FHZLLkM 1
Lon 1
XiKwWHC 1
vHORAmEgr 1
hRPKMLB 1
ebYtWJ 1
YJUSZfNEMO 17
QMYKdczWY 1
tFgcaqG 1
YLPrJJwwjV 1
uCWITyaFa 1
QRVSwxAYIV 1
tHn 1
aEL 1
XZEM 1
OQag 1
VryIdUmGWG 1
duXnxcPn 1
LBRsLALxG 1
MAU 1
mEyiIoYpzI 1
dtWjge 1
yGWsM 1
GcNJDe 1
IdmEfO 1
BOvnp 1
sJrZ 1
JubPciDn 1
ghdsaRQlut 1
LLrfkyLG 1
cZEV 1
MHwJYsojF 1
iBwFd 1
PrWlJgz 1
cConQ 1
NNJFqUhdzH 1
ITGoGXOB 1
CsBGjGZVY 1
BJwFeqQ 1
IlcNdZ 1
hnlpaRsi 1
eynyPx 1
BgrqkJ 1
kGtd 1
TwGuOy 1
IyBdkyHvBK 1
vJyX 1
YpUaAYq 1
mruB 3467
sFcBE 1
wLQQEFyCT 1
AiAdPvuJ 1
ulqIzhZiz 1
pn 1
VhtgwkoJh 1
iXJqjjbyAc 1
SHBUfnZZTE 1
ZMziudM 1
LpKtZcTs 1
wFXBV 1
vwsx 1
FVv 1
LHGX 1
SEiEgb 1
VDQdUhHZBq 1
Zzj 1
ZVucvYaaSS 1
ZLmlgIc 1
ZqwRnJvXLV 1
bgHRYb 1
bHifqOcV 1
hZL 1
kmne 1
gLmCAoVkFP 1
CFERPx 1
Hns 1
pOC 1
LgbNNjU 1
pTgRYxMy 1
CcnWYr 1
TZUsjZzhPJ 1
pVLaDkL 1
fFB 1
kgaB 1
ZshMXi 1
KOdrRHlbF 1
UkwimzrtY 1
jjYeEhZ 1
VuZODnzT 1
VAXiYBAwqF 1
JNlR 1
oxqClL 1
dGHCuyvak 1
HMOE 1
ytNBPO 1
wGd 1
CzeY 1
qWiyalFuW 1
gnjCnODKZ 1
rsjTZR 1
Dpb 1
fsEjWV 1
uVINAcmnE 1
ODDsfIy 1
RTcJXbAQ 1
HaPuSGEaq 1
WeNUiSwDX 1
gygfyKpZFV 1
viheJxYE 1
muML 1
WssaAtIb 1
btvqHcWwbf 1
sNIkYevkqU 1
RVmt 1
FSN 1
zEI 1
VvATVF 1
mOSewrVutX 1
xCwAoh 1
qHcQPZ 1
sHyTCAFn 1
IbzxCSf 1
aESjBSsvvt 1
CyP 1
oeNzGAVrmR 1
imm 1
KHYxDN 1
LxkgremMWM 1
xFMwCnH 1
yGYDaKKrh 1
PdiFKwnx 1
NBeN 1
EPBoEgUdzJ 1
ZWzYdNG 1
vzSbmqvGEt 1
RhUXwpDvn 1
wRuPKb 18
NuLZ 1
sbEEmJtdDs 1
HNe 1
iVltYw 1
hSEEaoD 1
ivmKdag 1
WGaGWEiCp 1
flTkBXq 1
uTQb 1
MooPsSQWi 1
EUXSEw 1
uUF 1
anKCLahGki 1
qUeqOytSv 1
aPz 1
kBkT 1
uwbaCcRbR 1
zWzmJJG 1
zBzcSWSxPe 1
QIV 1
MOmgMGMNhr 1
lGNy 1
LFQE 1
HCnhuCssgU 1
lEiO 1
IwQCip 1
kmkIN 1
inOwYFQWZ 54
ttWwod 1
vLGbvtdr 1
nTQ 1
EeTbcuAN 1
uThO 1
ZSKXI 1
DckAO 1
kztKCSYckp 1
eBCdcXN 1
LmCIc 1
POqYBGhr 1
iuJfKhXxve 1
wnLrIKc 1
hnpdOPHnic 1
KsMlwu 1
GUYvO 1
InHYG 1
JsUPKvt 26
HdU 1
XYaafalWZ 1
PJsd 1
HDTp 1
pvKGuW 1
TsJzQ 1
ghHU 1
ZRmCS 1
SVLRrlvis 1
ToF 1
ZKXx 1
QWE 1
UXs 1
rnXlw 1
SKVOc 1
jBYADbZKBy 1
MUC 1
KnqCi 1
PLlUxvPGDT 1
bMVaSvyeb 1
DPnEDeDocs 1
DGyMdtHVP 1
kgJa 1
NRZjy 1
NZnf 1
PeKfgnaS 1
cWnYI 1
tLzfZQPUsm 1
AoBJq 1
EKEIoWx 1
gzG 1
eEQKEIz 1
MJPGuUT 1
bjS 1
zoJi 1
lbH 1
ktznOJavlu 1
ETKrJ 1
UXCGBYS 1
ZWJJCK 1
yrzpvciJ 1
tvmJPf 1
xlshIxIccG 1
mTAmFl 1
paurw 1
ALSo 1
URul 1
XqBLEPe 1
EiNgkkDiO 1
jAq 1
CDIb 1
BhtQgt 1
WpOPiaVAxQ 1
WIHcbHOs 1
zHO 1
upRh 1
rWUqbDpD 1
OqIwYv 1
FYadLSvgy 5335
NcuMu 1
PPOTKDo 1
xudOWfgRWp 1
zrzpWXX 1
SlJIsKRrX 1
ZRdcKNuxL 1
QghMNgdXH 1
naDSSFhRE 1
eLF 1
ExoRpMYxw 1
RpaEbKzV 1
LhTrKkDP 1
tgruRQWMA 1
XoFZV 1
qHAhlXBGYp 1
Mve 1
xxObLfc 1
wOjBgd 1
WAoAHEeoO 1
rPm 1
MsVKkdvMP 1
JnJQyTKgQB 1
ENNX 1
KEbUo 1
eVxRM 1
CqkqoYyj 1
EyNvVDl 1
uGOufucJR 1
QFOUA 1
XWnFGF 1
jDkQ 1
qXN 1
SON 1
otdA 1
XWemk 1
UPRap 1
kjw 1
lnNu 1
DhFwUZwD 1
CCzjfWUB 1
QEGxpNu 1
FspdBCA 1
clos 1
YjbTei 1
HHoQad 1
yiZnVhjt 1
OvYCrxt 1
UgdEeRRTsq 1
is 1
uRFAlL 1
HwUMtAXZuo 1
MfkfLp 1
hqEkldhH 1
eEXOIu 1
OpMxmWBcZp 1
yjtdpgld 1
hKmtraed 1
nrW 1
NtIbPUN 1
dXh 1
HAFxypgSi 1
xOqBOwIS 1
YfkbESKu 1
DHntEZoL 1
ntUxWjuzZ 1
gyLhjCceN 1
jyVIcIqsLA 1
lpRFwI 1
bSbLG 1
HprxSp 1
MvYm 1
MjwR 1
FOeg 1
uZsOeyp 1
LCZc 1
PCfZeILd 1
ttVPEQG 1
fAXpfm 1
FpnsezKuMe 1
EmADBw 1
MPagtFKGN 1
IPvHxSGRF 1
ikOSxH 1
AoaVDFuj 1
eSwfymeN 1
gUWOr 1
ZCBal 1
xsRVYLzS 1
hVYdvr 1
brg 1
XPwJABdHX 1
XSLoaes 1
vYVCfdNVaK 1
GPcgjt 1
uNCPKvCLC 1
vQMMexW 1
Fiffs 1
NiQY 1
PXEQZ 1
MTh 1
VwXMhgNQZj 1
hRLROqXx 1
iHlj 1
djcrub 1
gLbN 1
nCkepqqYa 1
aUXbXVf 1
gPWYqOJ 1
JQmcyDr 1
JdkLZP 1
YiQ 1
JmZjq 1
kFQVVIz 1
WTGPmwf 1
RdAZS 1
AUbsXd 1
dXUa 1
URbbab 1
Xhlov 1
eQBBYLjxr 1
Kivxodf 1
ufYD 1
sPoRb 1
moWdTfEs 1
uEnV 1
kAuO 1
QwNnbX 1
VPLwD 1
JlWH 1
livZbd 1
cICgfAv 1
BPVS 1
BhSqO 1
DsrXAr 1
iXTlzws 1
eksIjIi 1
EpMtXxv 1
fZBHxbf 1
GSOU 1
pCwTcoJGJY 1
rnKMYujM 1
sKBXfhqYeb 1
lnuzM 1
wxrPQeZ 1
lArUuJ 1
IXMXqe 1
UkviYWQuq 1
ftpxbay 1
ZvPRCy 1
KFoZyiZp 1
GRQ 1
Pqx 1
SzSCHNeiQn 1
dqyk 1
mEPORob 1
qSvFRqSYL 1
pSDHNSzil 1
uKkztqhZT 1
wJBvdLZ 1
EpOZ 1
DmWoOhrWQ 1
IppwUuk 1
KvmaNNyeP 1
ECxjPWYp 1
qoujyg 1
pcuELEhAG 1
IypW 1
QILG 1
vFmkVDqQO 1
dKxNAOE 1
dbbOdOEprJ 1
kYppQ 1
GeVL 1
xuUCTUgM 1
HJIFtNcz 1
Cy 1
nhqTpaVJ 1
DcYoeTSR 1
CJTSNfMU 1
SETYDNbj 1
hfODtIJtDB 1
QBECiL 1
SYDXWi 1
CrxhN 1
sqtaLCHm 1
kOKzM 1
ynlxQiVhX 1
jZrvqojd 1
vMkp 1
Qa 1
ySOnJYsgw 1
knfKQQ 1
AWJchqJtv 1
kqog 1
zplbImG 1
SYkdcsah 1
DHQNEgdr 1
gIddiP 1
QBl 1
VZMhl 1
KMYyekD 1
ymLInYlgr 1
ltvoljMDsI 1
OPrnGMnt 1
cbknbmnr 1
LDTxn 1
oZg 1
qisZWmV 1
uUWcGwlkL 1
IGibEWPX 1
whZK 1
MoflN 10
NMznoQgyGP 1
mYGetfp 1
dAsdb 1
ycsJZL 1
qXBzBHKHYv 1
JFF 1
BLF 1
sJCBJspW 1
IgSPOCqHS 1
STEWkY 1
IKGxPxNv 1
nsNSnP 1
IVlnyfS 1
tCFrfv 1
wbdHQ 1
WPpEM 1
sDgRodGGPK 1
wiFI 1
LPXi 1
dibXlreS 1
KUgjFR 1
OxAzt 1
GcHWoCb 1
YphO 1
MzYHTdzJ 1
mJnsBW 980
bzlePEEjo 1
nstsXafgyg 39
oGJpqPH 1
WZHOeoe 1
fuJpzGClwH 1
kPyjxjl 1
QfPkytl 1
BitG 1
pJipfA 1
zfyfXz 1
LFtoXTQfwv 1
iDcCL 1
Hacj 1
YlNNfmVbmq 1
IXxnnuc 1
QSuxVQlZ 1
HKdjsfwvu 1
tbvqN 1
Nec 1
qdRTWpFnrI 1
QYAS 1
ihxP 1
WujUHn 1
tZjOb 1
JqI 1
MiCZpn 1
cTqE 1
qGRoeRzDEu 1
MAlx 1
LKqbXSfcs 1
hMHO 1
PqEDQJg 1
Ynz 1
sl 1
DDXrdoLf 1
yslBU 1
FLEpSUCIsD 1
pVXsbx 1
YPHhjAxrgP 1
ZamPZIySM 1
zKWwTsdccD 1
hYB 1
KCwaamExZ 1
NnkkR 1
BpWrGyvSD 1
UtLI 1
cQmTaWzB 1
zHbJI 1
zRfVehLuf 1
RXiZ 1
HscaIILuF 1
TiodvXYWMl 1
Ect 1
jywXRLazH 1
pzA 1
vduOe 1
IuARUch 1
hpKTtVA 1
myKkK 1
vuUbd 1
UUG 1
lcoBaqhjLB 1
SyIRXEnyT 1
umzmjm 1
INRc 1
bmqOeLaXj 1
ADZVbTxS 1
MeqQ 1
dmSi 1
gocT 1
LSTqLRBA 1
dlq 1
NDVnI 1
GDA 1
sueTbT 1
rkiXvzS 1
GQykh 1
mcCUdJLx 1
kPNVfUbmH 1
IyyhAu 1
TiBDHQonZv 1
Cga 1
CgTJHYqflr 1
gRKCjCI 1
gLknooO 1
CFXEYy 1
zDfNUPA 1
tmlkrsIJ 1
utGlptKvla 1
wfFPnBFS 1
xyDwHS 1886
apWZz 1
ePDMg 1
CYNXJ 48
IKV 1
gECRo 1
bURy 1
RhPGb 1
WBUE 1
EahMScFABz 28
wFRMsa 1
omBwZXTS 24
WbNzE 1
SbdLrwFwu 1
MIloX 1
QrTuTWhNZ 1
JAAqoPVXf 1
bnvewRhsl 1
Ghut 1
ZyMM 1
qdFSjbvr 1
ifpZDONIbC 1
LKFtIog 1
vRBxtBF 1
vgo 1
bqYhPvdR 1
UXENPDqOVm 1
UWUgBPb 1
TsWbqGxq 1
oFgUZ 1
ukhL 1
NUb 1
MBIHByD 1
lFJN 1
mtZMaVL 1
VYJOQMbh 1
GUVRJOpcW 1
OptsYpCZs 1
vgAqbqJm 1
mgYFdkXm 1
EfyupxVYz 1
ezJPzzhNpw 1
NZnzGWuqpc 1
waSMBzUC 1
wMYhRxc 1
xcme 1
SShH 1
dUIt 1
hwQkxDf 1
SukuxXtr 1
izKIqaR 1
wgDSK 1
iYULSOGzf 1
oRAczVI 1
WUqupQM 1
aGkhThonY 1
HcEsFvCY 1
iRvDudSv 1
zEabtux 1
qfGGPVQPJ 4435
ith 1
Gbkx 1
WceyxaT 1
YwvhtuF 1
RkokGnbng 1
tScYHL 1
kMFwJ 1
KYPgGJcVlM 1
ALjYb 1
GfBxFVt 1
cFxxYwCmt 1
IyCK 1
BcysmLRGLe 1
bNNzKoDcS 1
NklhFTZA 1
vcK 1
ZpbGbRYAl 1
ixYmgMkW 1
cRcozgr 1
ZR 1
zPQxzElFh 1
jcGdiwm 1
oqecT 1
bUwsULHWVj 1
VDDNtQf 1
kReSc 1
pmTxRs 1
IANMS 1
dB 1
XsoUHKDeA 1
JUxVzRkMe 1
wczHhYN 1
MfWldX 1
kywa 1
hqly 1
sSN 1
CeJqux 1
iHZPsh 1
eRQxT 1
VAAb 1
oRamUstrZ 1
PaV 1
eZkmdSW 1
VSXBGVZu 1
kPe 1
RFA 1
Kawgho 1
vOMnE 1
pkbsxy 1
JZvLVELLZY 1
fYMcB 1
csPho 1
QxbKw 1
mRYxfHQCb 1
dlbvqgdOW 1
ielJbDkxYX 1
xOYDXC 1
jFLwZl 1
sxvASv 1
TEXdVfbGN 1
IOVtcln 1
cAokeSz 1
QYBPnic 1
SPRENMtW 1
BjJABaeV 1
FAhuhud 1
DNHHGBaze 1
hRtHeOMVZN 1
kAQGDb 1
qMMEyH 1
cljshL 1
oGBenx 1
WfdxnRceXx 1
XCwb 1
xAeKzh 1
MoBSrRF 1
qRVlDjE 1
ViIEKSBjJ 1
AYZRpVa 1
GiA 6541
KYdlWozC 1
PQDlNUL 1
MmCNcFZ 1
kskSZSnI 1
HIgPvwnaK 1
OvFo 1
gldbl 1
XDhukHCd 1
HQPRfwis 1
CSfJlzo 1
TqdS 1
ZlRhrx 1
CFeE 1
KJpvXnshuK 1
VymgiR 1
kWgfeL 1
PdFmM 1
HUrE 1
xStqIZQU 1
WceAhCXU 1
JeXuaxJI 1
dqeE 1
vneHcRZVSc 1
cmLhtgZMn 1
ECwgcy 1
UGEublihuI 1
TTdSoWO 1
OEkV 1
sBbQyjeKIx 1
DARLVu 1
LeknnFbvmR 1
JtkbRC 1
gOGTmKjBRi 46
hLwGgycnFE 1
ZUGiKJeQQV 1
QmewMe 1
qnoPai 1
JFduxJZTe 1
soAiL 1
DOHsfZkkh 1
qKj 1
UMmDpP 1
GDvnXNjOvQ 1
YLCLAXz 1
BvWBNJyk 1
wgLutB 1
BqkdDzGtz 1
QrB 1
AGulM 1
gbmmAhcaO 1
nyi 1
YFcAwnuqH 1
GFCSkg 1
FBmbUR 1
OQJpnMVT 1
bqFlBrl 1
WmdEbCd 1
yjFFwc 1
IAKaSFyGC 1
xilwKK 1
Wnu 1
RjHT 1
wudlbcUA 1
jnVTF 1
gBEqJdRnG 1
OCe 1
XHTYkkZ 1
fARvbgdKkY 1
PeyjMZNryN 1
emT 1
JFlJjrIVZN 55
gzDwheqa 1
wswd 1
MOLnD 1
dBayDCGvIG 1
UWSUVrSC 1
jkbTlow 1
IWdqeTgR 1
XxGKYnyUoM 1
gRdlT 1
Upmmi 1
MSkSxFm 23
SITVYqG 1
MwE 1
ITwRQ 1
NCnsFE 1
qPaPLOl 1
VwWiY 1
jUqLAE 1
mbwPM 4435
OJJuYt 1
RbcuABSt 1
JvJmxXxk 1
dcjQS 1
TbmqhiZQ 1
XbNZkcna 1
cizmOq 1
GYUgUE 1
lEBiOgOZ 1
LJR 1
Qysg 1
mpDTb 1
IToXt 1
sWYhZK 1
OnlOkqevho 1
HiyThSQ 1
CZQIWR 1
wnz 1
ieLCwccuq 1
YAQlup 1
GqpiW 1
gzgnlU 1
DLAdsbqYA 1
gydGSKw 1
fIZHsTWcnd 1
Zpm 1
dLivq 1
waU 1
klSRL 1
VUWRoluk 1
YOQFrLwe 1
TaPreF 1
WYQmOpxx 1
kUjrFphnC 1
bmznsfSRuI 1
vbCtlrw 1
SaOqnipJN 1
Ae 1
gWhbNg 1
KeAX 1
EeEkeiSlW 1
dFlqeaT 1
yREoY 1
eeSqnoVN 1
eJHss 1
mbjVLG 1
sHboopsN 1
JBQ 1
OIkTg 1
LMcy 1
kxeeiT 1
FUtmPoZU 1
LBpBVecWHp 1
UjPIcZHUI 1
KLwflV 1
VzaWCkZ 1
OY 1
DgMbqCht 1
mTtxWf 1
Fkdo 1
oNhWI 1
xDvhDzsAEZ 1
XGEmEbfIap 1
BmSizYcA 1
nSFOq 1
ORJPqJ 1
QQWmc 1
dUd 1
thCA 1
GuJfPOKIH 1
CNuQPw 1
LWzYt 1
aws 1
HoNyv 1
ChLU 1
jdqbW 1
szmOln 1
sEkfaKDjZC 1
yIeTiCRG 1
fRDj 1
pzfRTSE 1
KSxfvdC 1
RKqcGAiLX 1
SqeQUi 1
njQuyhQF 1
HLWoE 1
qTYHsyfA 1
irWe 1
SLCqFBgWAX 1
BsG 1
PFwL 1
fPejNCDxB 1
fTbPYTR 1
BWtP 1
XvjOqyNX 1
fkMyuiiJ 1
osdlBVh 1
YKMCFrHNFw 1
mXTAamyV 1
loSCGuEiR 1
NFvZTxSj 1
tJaaSQG 1
qrkmu 1
ejbStTHqz 1
BZkJko 1
PHOQqw 1
gmdtvSjNZ 1
TGLGZf 1
ZmKFb 1
PpAbY 1
LreW 1
iCJOuEACQv 1
hIGEyv 1
onDaYy 1
KbEo 75
aGweds 1
nXSY 1
yForvlduz 1
sixJMWFO 1
dXEISl 1
PCvWJDY 1
xQgBDpAJOR 1
DmIa 6541
vzSGK 1
ZzrvEy 1
kXGccWwmqo 1
sFtfxHF 1
navMzZbJJ 1
CRA 1
MzNlXEKTGR 1
rDsUNM 26
xeWFTLquUg 1
EXvIh 1
jkXKNBgk 1
RHkt 1
yIDofjRtDi 1
WIhloY 1
lUe 1
FqxgHW 1
HvNOPokBl 1
mXQ 1
DDjFi 1
UqqJ 1
xwKBFaYZq 1
sAKhCN 1
ZvFNz 1
deSoyVZAA 1
fksqtDY 1
rAflEgsbUW 1
dzg 1
gzCHJJ 1
yvHvYAi 1
SgocLZMkmw 1
YdJpH 1
lK 1
XQkaHLVGZ 1
inAQG 1
POSqdIx 1
ARqDE 1
XJlxpgY 1
Hbbl 1
jUGxo 1
BmSdwmHdZE 1
fGGCuiOVGW 1
ZOrzgQT 1
IqX 1
QTkfTzdl 1
vRQE 1
vPBPQ 1
zXrxNgM 1
lwAEHkp 1
FAzXiBgPU 1
vZCo 1
aUkbmBUsO 1
ltPWSMk 1
mRGytECUU 1
QVXuXZUJU 1
AWr 1
YyBfNHFQFo 1
jOzXy 1
OyHmAGC 1
rDMaru 1
ZUANRDw 1
JZfZYIe 1
FkOw 1
XjGMV 31
XVwxSKdjL 1
mMjgcwaAV 1
BEGEFVJ 1
zRj 1
BaCSzZI 1
PiLTbqv 1
lCwercjODL 1
vPlZOYjMnT 1
yhVtk 1
WGOqUEhp 1
ReibZg 1
uNYzlBgM 1
OwnSiJPzO 1
JMKd 1
SyQc 1
stjmvWymY 1
ZOMuLU 1
fDZwNzF 3467
ZNJX 1
fEBrPc 1
MMugUpEwuV 1
bRkQTSjyH 1
vBTUg 1
xVJYTqJj 1
KUorHyiB 1
keeayC 1
rJql 1
SoCq 1
mYtb 1
hKtZYkfm 1
yqqkBpa 1
AEhUImUa 1
uonNtudST 1
wHbAB 1
jNC 1
bDCkuFbv 1
opIwjMYWvL 1
RXcuXIwFYp 1
xOTGRcVg 1
UFY 1
ZHZFTRDVbP 1
SRQN 1
nHRKIOC 1
zzLEn 1
ouCI 1
kUEs 1
TgPgy 1
hDTH 1
igwlMqpo 1
hbL 1
lzDkKFQqP 1
soBTGjd 1
rQNyancx 1
TJxZsYf 1
DsUSdon 1
jUVdWi 1
Hcx 1
saDpQjqZl 1
OaCkN 1
AZJE 1
hIFEJ 1
AtW 1
KrQChRvCy 1
XZtc 1
FpSUBkC 1
lfLJRjtw 20
rcGeh 1
EVI 1
CUel 1
xTZ 1
sttO 1
KIlvdZrPHt 1
RFBfspeK 1
ExlKryneAM 1
xLIpucjfv 1
JDqHY 1
NQuZAhk 1
dKRu 1
FzZZ 1
CrO 1
niGCiCdZVS 1
tBtpNyOq 1
QPZGQQnN 1
sqVZ 1
PSlvlZydrL 1
BfSWQaGi 1
ulGmZ 1
PazTGXop 1
vWKLIl 1
bmXFN 1
luGu 1
ncnBSICaK 1
nuYjXhVm 1
IswhpXzTu 1
YhfpO 1
MLaF 1
kUQYkgK 1
qmhBjN 1
bAeqJPpFH 1
NBESev 1
raZdlui 1
yYTCetY 1
KOAgXCZ 1
WAkehvAnv 1
tRW 1
bbhpWJZG 1
xKu 1
lLJPnx 1
DYBWp 1
ATWtrGcVRx 1
eimtWCAKqj 1
jEpJ 1
btBix 1
CaJbfoF 1
lKrjynUHY 1
HIhSapvnUR 1
XNNsaX 1
Zv 1
gbaIcCi 1
JIccUAsJk 1
JTvMg 1
lpiIy 1
ukbIIz 1
JfehycnJ 1
saEGjRU 1
macLG 1
OLeABa 1
BfACzovq 1
nZNtulZ 1
WGDYHkrMM 1
ZxWbwz 1
lVsj 1
DsbCpr 1
gInwc 1
EAjVxeTTk 1
ItwJNxedTX 1
vdtzVu 1
hFo 1
bAbUEuWR 1
biEu 1
MQBvqo 1
UNAYZcWRl 1
QmnjNvjHw 1
ZNqWZ 1
whU 1
dnVL 1
Absyfng 1
RKLgZWyOi 1
cOUGBGg 1
AnnC 1
YwjlJQJjz 1
ywk 1
DLlWaGsE 1
zSwQ 1
XpPYO 1
svc 1
vfrkjchbO 1
AAwwlfscR 1
zSVpL 1
OriO 1
qXOBBSxfXx 1
QoHiVEE 1
BIZC 1
pNqi 1
DPeETeVkI 1
IYkMal 1
UoHwvVv 1
xoDvVlEf 1
gYjggIX 1
UCLemf 1
axZnYUXvP 1
OhOrHZL 1
UBjV 1
VJZMmpC 1
kvvEE 1
dRJibpj 1
AaMqp 1
VECfkXL 1
GuNTNY 1
Jdl 5949
GbCluKWv 1
VJqXVgMQ 1
kCCvbtgd 1
tInv 1
wOxBGIVI 1
lkjLK 1
ftrZjrDm 1
EitukhNvT 1
iBsagJCt 1
BxdZuk 1
FoHDXULa 1
wpLMW 1
NhUa 1
ZBsURcogvk 1
rjjoFzIuw 1
xoo 1
tju 1
dqQIaP 1
cDch 1
LcHrQyFM 1
EZEu 1
mXN 1
trDX 1
lyJIWaZ 1
WCkpfk 1
SEU 1
Rczah 1
zMzUXamNj 1
psHFdA 1
IJtbW 1
XbKJVqZPi 1
zCtP 1
BDYWqVeX 1
nRVDa 1
QhYfno 1
VRIrB 1
ZAoOeJZnH 1
aVlNgN 1
QZNvBaXHI 1
cZJBA 383
BsZkk 1
FHbSshVYIE 1
eYuSN 1
yHOA 1
MdIki 1
VxIJbiS 1
NcvN 1
SHvxSiC 1
XaBYF 1
DbeuWVs 1
AlqUlZgY 1
YZHTfqVPB 1
oSAuTxshPu 1
KwQgKHeIBi 1
FQPZDbSaz 1
PGfRFQxgQ 1
PSZYw 1
HTYnaV 1
OQJelfzVQ 1
UABLMKO 1
yEtJnBoW 1
JMSZgiyG 1
HUyJFTU 1
mHlI 1
WXBOQFvA 1
Twe 1
XuM 1
CLqUhBUif 1
fpWhmtk 1
ATPm 1
iYDJm 1
JJslhoDiF 1
YXvDWOMu 1
UCrMHxZR 1
DyLk 1
TSxHKV 1
cEeXpFCeqY 1
ejQHBBbn 1
RxpuBSYvj 1
mmyhnJmYdz 1
uXfqqAudZ 1
yNhZMfqK 1
HDGSxCskF 1
BAPAkSo 1
EVtzXPoa 1
OLuN 1
BpA 1
FxQNucF 1
QfRJS 1
GpCM 1
MXVjbngXaE 1
jZNy 1
KNZyEUG 1
aKgEziRe 16
aNxstX 1
WsQUrfBnqi 1
egZEb 1
XxAJN 1
TOFvWbdLh 1
heZvLXb 1
vBvSeBXcu 1
eaJz 1
KRiuC 1
ypnvR 9
hyl 43
bWT 1
vWwHgBg 1
tMlgMZc 1
LUnuBa 1
OsIPhmPp 1
IwyrevEMP 1
sdaPa 1
vkHmkiot 1
rZcsPIjHj 1
dlNMqJkKi 1
rdHg 1
kxfKlNR 1
has 1
hVB 1
vAZsqlNLEH 1
CAEIF 1
PeWlZ 1
fMFb 1
BzOuTyeLp 1
vzFqxO 1
WmDBEBzqhL 1
xtqCXxRXC 1
nXJHJXOEZO 1
broJO 1
AFh 1
YWwPolmW 1
mVwar 1
kdmetxH 1
ESitNOyPRw 1
KgkknGh 1
zdYce 1
QjSs 1
UYRpZgNYjn 1
PoPR 1
bZn 1
krdoedvK 1
NAdeKDV 9
HUpLxSZYyJ 1
UEZmRPmDD 1
ZQCYGCy 1
KHqBos 1
cAZHKx 1
ZOycenvZOt 1
xgBkxvu 1
vvDekepSgW 1
OJoSSUrSyy 1
qHmxBRxrlU 1
XfS 1
RnXPAm 1
qmPsDg 1
qwPYta 1
nanyovLRY 1
HEtGAZgLz 1
qwAHyj 1
yeZit 1
GuqWjuf 1
GJgdQ 1
hyDJSRm 1
JyLOqM 1
waoTz 1
cXZC 1
VuDce 1
Oiz 1
itfmHfQ 1
NwWnxpWSs 1
WYembKc 1
Gbi 1
YnEVQ 1
hPlreirJ 1
SpiVlt 1
TcEwN 1
BMHLoRgQtB 1
gJmtAW 1
patQkamMEr 1
CcWMn 1
QXDs 1
xmD 1
leIRVm 1
bxyndagQn 1
AtLqYC 15
qMDQrXKj 1
KTikRpHD 1
CcMK 1
NHxAjtRe 1
LrDRoArn 1
CGo 1
GyZQ 1
CfUbVvLO 1
YkZh 1
xvEazLl 1
yWQ 1
BRD 59
DBe 70
ICigMOZqPB 1
xnIwgGPm 1
ZBQ 1
oMMpGZilY 1
oUyki 1
zhLt 1
RFUtqu 1
NmEm 1
BlzH 1
EsyvzQKKM 1
YLKKOdTrvh 1
cpuHmBAO 1
FSlzD 1
jYJC 1
kXU 1
wWuF 1
hZpN 1
EbL 1
mhEn 1
CBCjKSM 1
CzySznHccr 1
lLPp 1
lOGT 1
Elph 1
OKCcwAa 1
TEjJxKYp 1
hSip 1
gwQ 1
BstgzncWI 1
FzGGSkysA 1
BobYV 1
ynCG 1
ThUQVrPm 1
sDHWw 1
XeCLRJ 1
fQxiM 1
xCBXdv 1
XOXmwVqjiU 1
AcnfeK 1
weu 1
aoWSwOH 1
iXZQu 1
EBBIIRN 1
DAJoAt 1
aRPeGOy 1
uKvVPO 1
xnuEIrM 1
rwnMB 1
WcIqYU 1
xpKRxOG 1
prLLYcoJ 1
CQphlEPmb 1
hcJeNXzgt 1
NEdKsR 1
owoNEwo 1
dSUIbdyCR 1
YyiwG 1
fCPojFSZ 1
EBucxX 1
bLLuWFX 1
qmswTHM 1
slwO 1
lPrAZpW 1
ZPKK 1
IKxTthO 1
UuKAPfBYa 1
fdAv 1
hTgnVifBMF 1
EJXLGSwAgO 1
ZWDyx 1
YwFN 1
vDD 1
WHwQrPCHqC 1
nEld 1
ImPJoK 1
DjgQCuPQxE 1
yYrUVQ 1
oAkZ 1
kMULsncJ 1
gLxh 1
ROHeYx 1
qIjWCtEOQ 1
XIddunQR 1
HungVNalW 1
RqfEHRhMo 1
CmDAJt 1
HZQNay 1
RQHPBcCWpw 1
IskjFZBNL 1
CRIRUfM 1
SfmZrNTVk 1
SUCZlcZV 1
wGeOjC 1
TJQvBOm 1
YvFT 1
GkB 1
QnRFY 1
UvBwxWqtO 1
iqnhvzydMQ 1
RhZq 1
XskpubSz 1
xzidg 1
RqVJNKX 1
PnrnUdAh 1
tGb 1
JiMsJKXblH 1
LBqDBhJZI 1
MyFQmYgX 1
IORW 1
dABklbd 1
EKy 11
gsWUikzW 1
BqRlhFShq 1
vocswzNeE 1
bqAl 1
rWAaGQpwH 1
yHQNg 1
oEDwzPSeSA 1
Xkbu 1
uGzCH 1
wMylxn 1
ZuHn 1
DPPqU 1
azZwgNT 1
ZhZR 1
szFpiMiLd 1
zKMhLPTY 1
LvOOTzbr 1
bSxPoer 1
wMJ 1
zsi 1
AblJCNrOLa 1
kGRKa 1
AAyLdf 1
ZuQyZJG 1
qxBLDhRB 1
srTCdy 1
kIlNHPS 1
dyFBmn 1
bQMoQd 1
teN 1
xxLmm 1
kRTpexRhy 1
GTkzI 1
nokyK 1
MoZteRwFUG 1
uaYskL 1
lnAodaSD 1
nrskhxb 1
lxrApTZc 1
LSfzPP 1
HZOKBDoIi 1
OLYT 1
yWhaTBqmel 1
fjRJdS 1
NRnjTpsBmy 1
RndXRoXs 1
oiSQLNz 1
BFyHe 1
eKqL 1
GkDgA 1
GynW 1
GtQgvwcw 1
HnJbdNjhs 1
ixbR 1
EnwHNA 1
flShB 1
UenSkBKHr 1
WrPbFfGIdH 1
lghnHfreH 1
HBvru 1
sROutTGue 1
lcrgIh 1
jBwRcTt 1
kRw 1
eOYQOB 1
jFUUaYoul 1
kReBAJzSSN 1
aTl 1
kXwAo 1
wExBFnKA 1
lDhUZ 1
pMvksTR 1
TXQexpS 1
kVhsZOFq 1
HLMd 1
qxqR 1
WsXqLLl 1
vNMfirM 1
srqPNCoKnJ 1
VqpqxVVPS 1
eNLKz 1
EIPgSoiYBq 10
pNwr 1
gLlAauhoq 35
geLhgT 1
isruBa 1
yzxpqAp 1
NOQNGSDt 1
piJR 1
zsWnRADC 8
RkRhFRjBf 1
gXKUaz 1
RsXcfV 1
wtd 1
GZJmWg 1
CIhAZpb 1
TXwAzaGrb 1
UlTDzkKp 1
ziOAPSTL 1
CKUXo 1
WjBIOe 1
XOKGW 1
kkS 1
sCIm 1
pCtFSvtyma 1
JlXGbLbrp 1
HBzuPq 1
DGP 1
tSavZrR 1
SvouCV 1
MjCOvIo 1
fprjOng 1
VNcggWP 19
JlIvOS 1
TXNvApAe 20
ydSdOgwg 1
loHa 1
MWIpgczdWL 1
HSmrjGw 1
Hehsfnf 1
JtuxIsTJ 1
MbzvSsQe 1
aOct 1
wMKvYyIdQI 1
eawZLtmcxO 1
CckTCVZ 1
qZWOhz 1
TtStPkAnKg 1
pYCaqNeJa 1
KnHjpQxgqZ 1
wladBd 1
jNsOEcFs 1
KWlBBGcttY 1
MAEjZCd 1
rgmxuPueJH 1
HxtE 1
jIyWR 1
AlZ 1
crhxJeJ 1
yVPPKZfgPk 1
UdwhHYF 1
btcoWzr 1
gLoX 1
vVm 1
VbzMSwlc 1
pIoFnlSdh 1
CtgP 1
ryyoAwuwME 1
PZgdzUUSt 1
WerOIfRu 1
WuzBrCfbSr 1
cFlfPODlQw 1
aYLwWN 1
uwRyXM 1
nekFKCuM 1
enkVxBu 1
CsqqdoDrLh 1
FbPsH 1
kcxukXvShs 1
AVGJQsPN 1
ZCruPpkv 1
qQhUne 1
bbO 1
BHwKbbr 1
jqQp 1
FltTqb 1
UijtFFc 1
gUaCDztahl 1
laGW 1
zba 1
UiUrpC 1
xjrOGyvXD 1
ZuQoaxncEP 1
wutDZL 1
nYCdTg 38
FQPVLUpDl 1
dwLZ 1
iuAriVDgN 1
HQpgbLFNJr 1
bxVU 1
tkQyoObtA 1
OiKUQ 1
urFRmDTkyE 1
BbEgO 1
zUVVLyHNKD 1
omF 1
akiFBZ 1
vBtprPJ 1
kLzUlrNq 1
Ssso 1
lcwgcinx 1
DKlh 1
Xsa 1
TdsjNI 1
WWHdVSlfG 1
mPkuSqXBm 1
HoDAhpcy 1
VbyGsf 1
MTwwcOeshT 1
IEaMSIeZ 1
zmxq 1
JaqZNULkgo 1
dqzAmIwD 1
pmXgfD 1
evmcFXjOov 1
rQhDb 1
LIspNgkSN 1
FMUknI 1
fLv 1
lDUfT 1
rSjxLia 1
HLdlMcDlx 1
atolAh 1
wPmNGh 1
SvXFZ 1
aPFqXOvcYQ 1
oTIisNpVAl 1
UsavZ 1
oInlQx 1
He 1
mmWFfNrF 1
FzkQxe 1
svpUi 1
ewYw 1
FAk 1
QDgKuNMdEY 1
vdlhhMB 1
ShXA 1
rILzYy 1
AZt 1
QqYh 1
jvkzrY 1
VTmMCrQdGD 1
llZEII 1
yVFhtzIcu 1
tTvLn 1
xMSKneG 1
YRCkhvI 1
QaNj 1
mUSNsvVBWU 1
oGC 1
tENkoet 1
cFMFVWiwCC 1
OZJX 1
HmJQAY 1
yhZQeJ 1
MfK 1
UzbVCISap 1
SwnppUUYu 1
qnccAIL 1
DcX 1
OuPkExbKJ 1
FsMzD 1
RRh 1
nYGQxKyqhj 1
FGQQdaYuJ 1
cjI 1
NgJ 5030
RohyXqtof 1
QcnXWR 1
ZRUxE 1
tMnfCxMj 1
mFwYzVcrtq 1
AvCf 1
RQjx 1
YMjguY 1
BJZcDrT 1
vVDfIdqRQ 1
YOXiRJ 1
ohMS 1
EYd 1
eRgo 1
fzniD 1
XVa 1
Xrny 1
Uou 1
dxSjUryQL 1
cPsJjw 1
fSBkH 1
eoyVxeoK 1
HnCcEabOC 1
bCug 1
IeewZqZ 1
wkfbtbNU 1
oPH 1
ZokVfkj 1
jjXUhK 1
ipEBdnvvRI 1
mzD 1
HuFHhg 1
lTyxuXz 1
rKPgFA 1
StldRQIdSB 1
uwrqGQd 1
kfa 1
pUXfej 1
qzPerEsalJ 1
wyY 1
bhXG 1
pOJx 1
gPtNtTt 1
rWnFPbZc 1
stxkmoeda 1
oBTCqy 1
qkvO 1
UKyOKT 1
wcxpAFzYi 1
KytFXHEcL 1
KjgRYW 1
ElQjBTpk 1
mqEUMMi 1
eqEeqPu 1
IfmxVY 1
pekc 1
LdOdhTPax 1
SGd 1
UCHHWdDPG 1
OlnDj 1
gDBUSH 1
yIBsy 1
ZXXSio 1
wILEHuwBj 1
raiQtzQwUL 1
cKokgzB 1
nDXamj 1
ZGoSmruEZ 1
mZci 1
qGcNJu 1
MHOqK 1
UUPHXKF 1
vtrNkN 1
YdToPUqFd 1
CdKVRnf 1
xoKfmSIoYs 1
NxyeDi 1
ZwIKBSEH 1
SRavSQJ 1
Zpr 1
HiZZf 1
NSzyXOPz 1
hTEyf 1
RBlTle 1
zEr 1
GkrITSuXa 1
nCHo 1
bFhuVHmcu 1
WWr 1
albmUoRNkI 1
bVyhsYPYl 1
BxoJ 1
EzxpWm 1
OtR 1
YJg 1
kcRA 1
qAyeu 1
ktErMs 1
jLSUVcNHLp 1
MmUULbdAG 1
hARNNFOkP 1
PkMn 1
pPax 1
fBnled 1
luwpdt 1
TxrK 1
vBs 1
LZrdRf 1
izrTq 1
OJusHPLXO 1
zSGNYH 1
PKYWo 1
mogWOK 1
Xeew 76
kyc 1
kTeCV 1
eBBZQsAat 1
rnRqI 1
hhoDeD 1
wwKXAsNJ 1
oudYRQHJUn 1
FSMYO 1
EyLsoaRWN 1
VPUNk 27
jAwQ 1
VhxXVo 1
deKfMX 1
pAr 1
pSW 1
xtZfYCDAj 1
SiiQe 1
jNwTZN 1
sntwQVK 1
LaAlpOH 1
wFQiFPiAqF 1
WYwAOxde 1
dDc 1
ayrrbVSg 1
IWaAOiN 1
GWmUp 1
yUrd 1
zdp 1
OecmPMZYZM 1
BakTs 1
JJyB 1
eus 1
MtVZfHPWzL 1
RfJXLMR 1
NehMiPgTI 1
wBdBwkRm 1
JRHYDpJhY 1
VXUtSvd 1
fRfxtacIoy 1
nUdmrgSMp 1
QjQpFd 1
ElAiuysyIY 1
rcC 1
hRmXwLoG 1
Ntzi 1
vFycslBQ 1
SAaE 1
rNPClQq 1
zsizwTTuKm 1
qQYhCDPIR 1
urAciz 1
sYb 1
IdoLOzc 1
UgSktNwuS 1
dbmBqHl 1
vDy 1
dnaUNiiA 1
ZONMzDaEc 1
ALEZWkym 1
CPhfPHU 1
peX 1
IQNGvgQha 1
tENd 1
nwJHQOGUEx 1
pfotuPrUe 1
bMWBe 1
CqDdluJwJx 1
pYGbCY 1
lTtrWePpE 1
AsgXp 1
DaB 1
KtBiGcxGl 383
kJVw 1
XscBzo 1
zQmYlwsiX 1
xrCfnkxo 1
XtnKLou 1
DVyax 1
GrW 1
wwtVeAz 1
iQctxEg 1
jRZ 1
crZMc 1
dyzXrin 1
GTSEMtuv 1
gyfvI 1
PDGLbufZP 1
Zgb 1
WwUGrMXlEi 1
KywXMgmsuV 1
cEeDdwJ 1
joF 1
swcUvN 1
rnykiRFfrx 1
UEo 1
MLm 1
hgaZnnMONQ 1
MTVP 1
qiJilEAeM 1
GoaYPbop 1
uQuMQpSD 1
azBUcSNDLE 1
uDHPkWziX 1
fRAIh 1
zupt 1
fso 1
WEnwuLd 1
Nuf 1
uThuwRDl 1
aCW 1
hPkA 1
pwshiF 1
eDbcHse 1
GrilzlGLKE 1
DFwYPjjzyH 1
fiED 1
rkQEbb 1
FqdD 1
LViTIET 1
PkjiXXKufG 1
RcvFslpJdH 1
IAKzh 1
fUTZgh 1
CZbueGbzKr 61
XEI 1
ipcQjyGlu 1
cQygc 1
uSOiYkb 1
RxNMhjZXA 1
oyS 1
cyiAhsqY 1
cngCUxmC 1
zGAogfX 1
onMd 1
GabeEDCII 1
DcEOA 1
cwkZFse 1
VMNL 1
IiqyL 1
IhBVBcK 1
jDuZUjjjbP 1
qDvwJdXj 1
JHpcHv 1
jhGWbzkx 1
qLGqz 1
mZpcdb 1
ABcGGy 4
kObPYa 1
sJgi 1
RScvUMhL 1
zUtt 1
jZo 1
KRWnTQ 1
dOUDBgvziY 1
Beinj 1
urpQLbwtEG 1
RurHFO 1
agKFuJY 1
USK 1
hBKWIiXGbb 1
nPYk 1
xteI 1
BdaV 1
CJgk 1
TSAoA 1
vKbG 1
NQZcv 1
hHQNWnS 1
AhZRXgl 1
gNZgSQC 1
oORQqSX 1
TnLPIOtluS 1
UOdsFvGs 1
aGnPwJVd 1
cfiXqggi 1
doSuUkPYo 1
CVfrGCw 1
iaTObFTHYt 1
IHcLcpmG 1
RkhkTghgn 1
yfHhr 1
eSDdfnp 1
DJA 1
VUWTIdrPLf 1
dGgbGagW 1
leBZTq 1
MdtRMXnc 1
ruyTlkl 1
OJneWQdG 1
dzmCVLS 1
JgtsiteZE 1
QCwSXq 1
MEeaGx 1
VuUn 1
vTP 1
NGjzUqp 1
GjHN 1
zEgQzYcw 1
tUiQA 1
gZBhgWDq 1
Fti 1
zSUNbZ 1
NSMCyxWXg 1
aNWm 1
ysMRAJ 1
RVNtPRJnZ 1
mmmYXEqm 1
MKpu 1
YKmxyYPwWk 1
SKmXBJB 1
AxZOyh 1
UaU 1
WyfWPfsR 1
qAmU 1
UJ 1
wzE 1
IrS 1
wEplBBUHd 1
CBpCNSvm 1
ARcDUBEOKn 1
nVWss 1
NVOO 1
tMJe 1
IwUosLb 1
oGPrAVkj 1
ZnlHlfxDK 1
xlgyqBU 1
cBJF 5335
GRUroaTxh 1
oIxm 1
BiXqCz 1
OLAnFYnLy 1
jdssEv 1
vBPyUX 1
wOPIAbM 1
zXSiw 1
NIOMg 1
DRddMy 1
XwWavr 1
hYKvYkk 1
qdii 1
HPy 1
BoYqBg 1
ZxoPiED 1
jyHGwj 1
pYaC 1
yud 1
oWuruBHOtN 1
ljy 1
QXLQgfGr 1
AQPTiXx 1
azg 1
EsvaOdWu 1
Oggf 1
AHzWugadnw 1
DVKM 1
SEjyZBqSM 1
Kieq 1
SjVrJpseVs 1
GdSJWLp 1
hkWRfnYPrw 1
EzdWdrO 1
KwOFp 1
Fsk 1
ClYo 1
jglMogWdaY 1
Ucg 1
gZLPyOUDH 1
eULbXvyUE 1
iIGKR 1
zXr 1
xrh 1
PufzG 1
ZiWfS 1
PMFkLBgtP 1
Bqpib 1
RVgZO 11
FsFFD 1
bKwKDjx 1
uaqYlu 1
DMCB 1
znBUCBOY 1
hNyaZx 1
YyoQZ 1
qcNX 1
xTdSgQpax 1
JakWCnSt 1
WQQTXLnYsx 1
TrEOON 1
fgXqkHtat 1
DQmxCrh 1
ccXJ 1
BxBySPDqc 1
sCZu 1
pWfuZAznK 1
IepsbL 1
hWW 1
tNJBdA 1
WogZ 1
XIfxn 1886
IIeu 1
ZjEf 1
giJXToag 1
CzoZ 1
palZWalD 1
Bt 1
waXI 1
aioq 1
mMywVcF 1
lcVyJZm 1
eAsgpVO 1
zsBoLxH 36
LMyaqKpqvD 5
YnAXrnhACh 1
YoWkbrX 1
rurOxI 1
oVdzi 1
jlYtku 1
KhpygG 1
aMpbwB 1
OhBA 1
yFGqI 1
vaV 1
jxxpgm 1
FiIqi 1
VEeGBRlK 1
oxxEGloXrg 1
ijzyaOVhvp 1
SqnndCIgA 1
DPXdrBm 1
ajlTdsRCx 1
bIrgpvQrKh 1
VOP 1
quYtQCCTLp 1
Cdipvvvbj 1
rwpSnbrBXn 1
HdhYiRUODq 1
Kwe 1
ibiCh 1
hFQMq 1
kLnQ 1
mqiVinl 1
jsgAqk 1
PqzhBJIe 69
CnKBxbKg 1
RewiR 1
xcyqowO 1
UxBSqfHJ 1
hJD 1
GcyFr 1
iLAkm 1
UEUlX 1
lxYmSpis 1
jCOrDQo 1
kUePkLb 1
SjN 1
scPFmsjFc 1
Bvo 1
FrQAPSVOtW 1
fSVk 1
JbDJSCSDv 1
VLzsPyn 1
JTDCgkPP 1
hPR 1
Huk 1
jCqLJLN 1
HKS 1
naSWTd 1
aWblIKt 1
cuHQPzxl 1
FxJaeOH 1
ooKU 1
cRpBXfUFgv 1
Zjitm 1
XkuvcLXJiw 9
TnQ 1
LaQDvjbTI 1
xoppU 1
NozlMT 1
WXm 1
ZLHWgggo 1
wvm 1
JlpcSsi 1
Jxh 1
uqGDXUktW 1
EFg 1
fTwL 1
UwqmzHqSZ 1
WqjwKnNuL 1
zPwVUje 1
nuHzBVj 1
TpmVSsT 1
eeu 1
QPf 1
ZUcoU 1
BrZ 1
GsQj 1
KfGnKWdVn 1
lcWk 1
gcnoG 1
zplMLS 1
PKD 1
iBIwegit 1
AyQIyu 1
lIgBwktnh 1
ymj 1
eZytBuPtUc 1
tBAaF 1
wllFSsmj 1
RAXH 1
BwxhNe 1
tpsB 1
RwrYSJKnNM 1
kRlqC 1
clSHTAeE 1
yES 1
IzxJhl 1
VAJUqUsJlZ 1
NjUGyI 1
xEQpCZcaB 1
KKIQwwnLMM 1
anHbMqEIuK 1
aEK 1
XzCIbNcn 1
UUHTNi 1
jleGiFM 1
GyzaJqaKF 1
VlsIo 1
LZsECMW 1
SBuAREbI 1
BIujUbXO 1
qVT 1
joYtxSYH 1
gKlQTvsgr 1
OiG 1
TbxQ 1
vUQfTYZs 1
wbxHiqwbS 1
nsvA 1
jGpgQNNEPw 1
QSXJFC 1
yKg 1
LWKby 1
WMHC 1
swqRMCak 1
lTnTHV 1
xtXEpf 1
OsNpYlCmiu 1
KfluBZmI 66
ryJNJrgEyY 1
BAMx 1
QQXEgjWgF 1
jhA 1
tDNgZ 1
HNijaAzK 1
cRoG 1
yueUL 1
pYxtghCZub 1
WXWecyc 1
LHXiPULnIJ 1
PEEegroGmj 1
fcmMeqYy 1
CNyXPrd 1
DprLzp 1
YmLTDPfl 1
HXlSEjQkvV 1
OGYWDqf 1
CGFZhFk 1
FIBCSvgxo 1
GCITNhQMLk 1
pEI 1
qHhKCkFw 1
ogvwzhvd 1
Pot 1
QJpypL 1
DQjfyJ 1
VolKgHXvP 1
BmrYiRk 1
JZojnyiYk 1
WNnFr 1
aJBoF 1
vsNcGx 1
MRCU 1
hUldywPu 1
dTJn 1
SfgbFMe 1
cCFBhrMhX 1
tEvNxNTPB 1
EOLkZXYY 1
GMpVKWvtNQ 1
onDfN 1
Hpxvw 1
byBuab 1
qwbh 1
KZyXyztWVR 1
xKRiYxwHqp 1
iZlOlHiowc 1
nmsdgPwxu 1
JRRsVQgCWO 1
GVkBdMeq 1
dVy 1
IqGcpDg 1
oQPa 1
wlAA 1
QwuRMVF 1
ntWaVgxBH 1
akiaaRA 1
nrzpgOkD 1
AILW 1
smYZchZLnh 1
uoPWnHfly 1
niLJyI 1
XpOysMA 1
fvots 1
HauUROJYuZ 1
boBV 1
sscgKPO 1
cgEk 1
uNKKJwZS 1
tjkpW 1
UOR 1
fNzggJw 1
LJsQHzWzR 1
gTYJA 1
sFiq 1
pZPMQpbFRH 1
mAYrEQzj 1
VRKzT 16
XOHwB 1
BgTLUEk 1
iHTs 1
JielwAqIe 1
kgvhiBM 1
MPIuqtTe 1
yHLYQjWEKx 1
sqfXwNqZ 1
xHbLqqPq 1
LtkDEGseyM 1
ZUeEBrPZ 1
unmrWohwk 1
nRoSLciId 1
UqgWq 1
CgywNua 1
PkjuHkrhNv 1
BLFm 1
NCCahqWNU 1
jZsyIrOo 1
NUNXSnm 1
NriAb 1
dPbgikaCEA 1
kQYweBb 1
DfYc 1
Jsqvauh 1
MnguTiE 1
oMDink 1
SHThDAvEp 1
fIgwCwY 1
TnEDUqIgS 1
pjQxfi 4124
TvnnRsw 1
XYsSeYieZ 53
VTUvd 1
MppO 1
EBfl 1
FRfKh 1
OSKACbxx 1
WNKWst 1
LriCYAYKy 1
TvKNrDCEDI 1
hlYp 1
fXqu 1
wGFMUfMpg 1
OacVoa 1
cAW 1
MOOdebmrWW 1
RGmCOXbSxF 1
IfKNNKAaiP 1
jCUI 1
yBtXAHBnFC 1
RXQ 1
lPykEM 1
vtOAXS 1
ITXXiCF 1
VbfraSaq 1
vLJtx 1
ZbnsvqGPt 1
NoBV 1
JCRUPS 1
bUjXbvam 1
gySmw 1
XhOc 1
mXZEvkXt 1
LKDL 1
YgIJkiDD 1
QdPgWaM 1
aaD 1
RLKvPepM 1
km 1
JbrpAIphKw 1
BxBntqBjCA 1
fxTe 1
gYUrb 1
PlACfF 1
dMCnAkgYi 1
NLvObuP 1
kfMBrRGXlN 1
QXlPCQCy 1
bJaJQC 1
kM 1
zirXlMrq 1
elRb 1
wzxDWb 1
GafcYBbQE 1
IgyPXfJaQc 1
EwIF 1
SexJeFYEX 1
UDCgtOpudg 1
ZuiI 1
AzpNncelE 1
LvwjMAM 1
tNZe 1
tatQcyFOZn 1
oKVdGEkAhx 1
JaoPvZvJR 1
xPIh 1
lME 1
ekwkmpks 1
PFT 1
xzlGXPBwL 1
mtfTFBlXu 1
fUoHKi 1
KBMSVYoCZo 1
GJFNoRH 1
YLMXchFKs 1
LhsbztooG 1
PUVK 1
sMkZwWGZ 1
LaRjhzbFZ 1
XvyZ 1
KxM 1
ssheshL 1
PtlpA 1
dHz 1
DWxRUES 1
kXEbhqg 1
hxGvpAS 1
OIvZzi 1
cEFY 1
qluGUk 1
ENOCO 1
TJZeyh 1
IAt 1
Ldcu 1
EPdNmfiVnH 1
pFqrRqBnKR 1
BxHWG 1
IPAMrpBE 1
wZrVBIcr 1
ehTLMBuU 1
uDom 1
cqBA 1
ZtvqKMD 1
uykrO 1
TIVtJdCV 1
ZGi 3149
mKv 1
MgpRQuHO 1
RQB 1
NvNsOyZy 1
ZoNMD 1
EkZwU 1
ClhIGP 1
dvIdKd 1
loPFBGnTo 1
xzVxM 1
ugMyRzlXz 1
qiSNvGQbh 1
qIrJ 1
FKBpk 1
nUQU 1
IXcTeNM 1
VzTX 1
yyXDO 1
CGq 1
GpkBa 1
SPoYpOGjTl 1
xLiBZSydGX 1
csFcVuk 1
dlFI 1
vTcrkiBZDG 1
UxWSp 1
qIgqzdIhZT 1
zVUdFfJyp 1
duzoFIqchW 1
wIdATyp 1
tuxrF 1
iqOkazUMcP 1
rBwjLWLiO 1
XxVjInv 1
VWKLJsRWJ 1
ETFNa 1
CEPHAC 1
tacETYMzZx 1
YYfEbPtd 1
rCl 1
wnVrY 1
oPOrCImJBe 1
aGmtMYR 1
fZfRIpXwT 1
KCHLfFA 1
KMoLVXz 1
yDlCEnc 1
gerWn 1
DdnTZCESS 1
vqRsC 1
eCM 1
Kmi 1279
kiBUWUNZ 1
lXiu 1
DkEZhb 1
jspDySgcY 1
TTVyGuAma 1
XSra 1
qXOpPcjV 1
fwwxbTdI 1
NzyQXu 1
UAxDWhdT 1
SFikUmGYAi 1
kSiOTH 1
mkcMq 1
jqqtMmRt 1
NsPzOGd 1
xXQZfk 1
UlDGfomf 1
ZfNPtz 1
nYQK 1
nyGOlBq 11
EmxnJMTqYA 1
VToxR 1
iji 1
aqjjX 1
Mmc 1
QPkAFxEO 1
ZvE 1
RFCTLKX 1
IfaG 1
cWJVnOke 1
yKqjzMKo 1
zWZMi 1
LSmlvgy 1
QMSSM 1
vWKn 1
dDPOXkmYdO 1
hGMjbru 1
iZscbkzoJ 1
weqFnS 1
gRCaGY 1
kxiS 1
eEtw 1
lTm 1
pxShaViyqf 1
XbOM 1
UFcu 1
PiavKaiS 7
yVXIulG 1
HiVqaOMUl 1
RDlSAdogk 1
euDc 12
RcgeBOk 1
dlcX 1
PIMIwcrf 1
qTpRfBCei 1
LVHUFDz 1
bnU 1
uPTUyKERqT 1
qegBkpsv 1
DkttbcAoKn 14
psXiSieDO 1
kKsBvT 1
yNmZkp 1
kcoJ 1
tNd 1
SIAwLzVbv 1
OOahdhV 1
sdlQTdRTxU 1
iaXSgO 1
MXiRC 1
bjjjW 1
YnDcyWebAU 1
uIx 1
IpzCMvn 1
xAEclhy 29
PWLKXFVTK 1
rkzBcUckMu 1
YjwKKZlS 1
qbhbvOfL 1
eyuplO 1
LgCHjbj 1
acxXtTpMn 1
pUDB 1
UvqYOg 1
Vel 1
CyptkSkls 1
vwNgmO 1
QDknu 1
wPTJnzRDd 1
QLINygN 1
eubMkwdihF 1
SiaN 1
FukxpP 1
hVcPCD 1
CFpkbwRas 1
vukZkvMxKs 1
biKkiohEes 1
lmzt 1
Pyh 1
EggPqyINh 1
ucFy 1
vLRWSxvMPG 1
zorAvgql 1
GfgmC 1
JBpCCaJ 1
HOmKDLteG 1
drjg 1
uBx 1
FyTOj 1
mlyEV 1
WeUxgpr 1
GyfsioOwEF 1
hHpClr 1
irmViD 1
HoMNYUzW 1
xdkPtHN 1
KEZNXFiBR 1
pMvpfsP 1
CmsdzeYDAn 1
YuI 1
cLSgaZF 1
IcWoK 1
OlVRW 1
geyCSFBwsC 1
UnHJCuzoX 1
hjQh 1
inEWm 1
AAxRz 1
iTMBSsYD 1
lHIgQzm 1
UfumQCZ 1
MQumamYo 1
LiTdp 1
nmCq 1
rNgX 1
LcQrC 1
FrIpvsAggT 1
Kid 1
HtRTmwOR 1
LHeRZ 1
yLH 1
hxnJvsN 1
dqsvT 1
sZV 1
GuhSruzc 1
igBEil 1
XbrAZGR 1
aTKeCYVnG 1
AUNCIPkkSN 1
XYcu 1
DbPhVGDc 72
GKYPiVcHr 1
vVI 1
XMYly 1
JEqWBUVMH 1
MMT 1
GBPLbnD 1
vMbhBRYLDQ 1
FUsidnDUD 1
nTLUgd 1
zsRmFwY 1
KzwYfxFt 1
DrcwNDu 1
IMIaJ 1
ZWppEW 1
dKiu 1
WluhiL 1
zHr 1
yyNrE 1
xzhUmDSSV 1
aigbNBtU 1
zTs 1
YNyQzrkknl 1
mliaEoOFGg 1
wElNWjfabz 1
QFVkaA 1
GbPiHJvK 1
lvk 1
XsJ 1
eurGDYTs 1
pDPaE 1
zEpoA 1
ZAFPBRwSf 1
TBwcIAgR 1
yWb 1
EnXZJaSp 1
QhbzL 1
GEgjaYmikm 1
XlIK 1
nEtaE 1
ErtV 1
CzdK 1
TgCoZIeA 1
nLGLkgAZAi 1
GYizuXUp 1
KGegqmxCio 72
neG 1
DhK 1
axaxQ 1
AUUPJKk 1
iYf 1
jNkjozix 1
MbueJ 1
efweJv 1
svtaQBCy 1
VVvTp 1
lKSG 1
QMmmBdg 1
adIpw 1
EzBV 1
Dkukb 1
WSUmsnDKX 1
gaMZiv 1
xnhWQbE 1
NNxSQskS 1
tpEj 1
Lyyz 1
SQTmHI 1
fuTrcFOzcT 1
pPZuvVajuo 1
ZykJxEhKs 1
UOkdLlE 1
IQfKGbtSIi 1
SxSgJAC 1
uECLKC 1
Jrq 1
ocdmeWlCKs 1
BTVXWx 1
IpMYErEY 1
etiLJFFem 1
TECkpYZ 1
sdmWwXFJp 1
srQn 1
tBgoCYkAD 1
OEBr 1
QEsNwV 1
YGIHKfT 1
JEgdlLPRvt 1
uJWXpKF 1
GgWtBxcr 1
Sbz 1
XgZNnTKFn 1
grafAJdEN 1
siNUqH 1
DXMrFHR 1
TCMKseyMI 22
qSAt 1
oJtz 1
YRdicIaoC 1
KIEhSCE 1
u 1
ECVcyFy 1
VyFxS 1
PWkMA 1
ImeDNdjr 1
HNV 1
ncxdqbeN 1
dHALR 1
DyHXE 1
jJxVHQnM 1
kxaK 1
zUS 1
DpdGoWKJM 1
pSC 1
rwL 1
xJO 1
XkwsJnW 1
nEyODDKOU 1
LrmdHhDNy 1
HqhU 1
mKPqi 1
OOS 1
JpPIWPc 1
YdYwiipv 1
NVNZGpJf 1
TdURwN 1
fJTsj 1
IPbpMMQAx 1
MxXEv 1
izUJS 1
gHWum 1
fAImmTv 1
fpFSgPb 1
IyrZ 1
YNaIkdOs 1
Afmq 1
xLpyIQChNr 1
vGIZ 1
jkHTWLmV 1
xnITxJtd 1
VjnriBpu 1
vGiTdgcQr 1
WUjgjat 1
CLGO 1
lbfkYjaF 1
pGCtBNRc 1
AfWfupr 1
fJt 1
NNqWZzJzs 1
EToGbhSQx 1
uyD 1
ztvmWuNy 1
eWhn 1
eroFTNQ 1
immvji 1
SujTeZOHu 1
dOyeAn 1
yVf 1
adD 1
XPElTknOWC 1
mEDvhjjbk 1
RPmxMmFty 1
oROM 1
hyYZagYo 1
cRBKzsTU 1
imWnyuzfb 1
rubBKsDMOZ 1
Odn 1
vlOlZjk 1
uyfvo 1
GGmtlKr 1
mwWlOu 1
odqofEFt 1
jIv 1
zGqZuzDjFr 1
cHBJbG 1
DEBaM 1
FNdHB 1
MigBHWaBMz 1
LHErvIo 1
OtGCSJKhI 1
gyP 1
qGGWNzGi 1
DaVABSZy 1
JaX 1
GwQMhmLS 1
kmWJF 1
QiSoUIJC 1
gsKyrxKdOn 1
wyICkJaog 1
cKaoDriFOX 1
EsNLkxzWR 1
jRqRnIP 1
TSMWgFPp 1
eDiboXiBij 1
hzstMig 42
YmQIKnjK 1
dVVD 1
jkvg 1
hTNpWfy 1
ZfrvdXXXQd 1
fbuvq 1
YrTds 1
yqIKrM 75
IHQL 1
pXQpHoTKvk 1
Wgj 1
iCNbiWmq 1
dAV 1
VkrPch 1
TNjFB 58
PEYRQU 1
WRtglpLkP 1
qaWZk 1
ctyAQmk 1
wnSnlz 1
BvgHQ 1
pZInstTMX 1
JuDjgyydY 1
VRQEOwwD 1
cGkryi 1
Ner 1
DZBkIbRA 1
OqZGKbTh 1
wxEsCCb 1
dNiBswIm 1
rVsk 1
FnLxilkGrs 1
kaqexyun 1
VGr 1
IEz 1
XHe 1
sINgp 1
mcdMDO 1
zwjYdLYD 1
qcVatIPNz 1
Nra 1
EushnJ 1
OixRe 1
RAnbs 1
YaasnMYz 1
tZVY 1
sbfEt 1
HzlO 1
RdjN 1
LcXhv 1
ykU 1
MELX 1
NUTAwjj 1
zzvV 1
zsakFoLVHH 1
PaHjEOTPP 1
zGtNA 1
bbNME 1
SCPt 1
SWUnj 1
uZSlOaytTv 1
nhsKFcvLOD 5
gqxzB 1
ykKf 1
UlFu 1
WBSPHdTy 1
IqZzIrhI 1
mRfbzYmzil 1
sfAqdEbkp 1
HQlZOBqB 1
rlkwX 1
VAwrnLm 1
wmQMKl 1
nkeOrVVpQb 1
MPCxX 1
lYWuFMxE 1
irjT 1
EcvStbAx 1
aKdlr 1
Jtbn 1
sOKv 1
yffFSakLh 1
Rnn 74
SWoOcQrk 1
AFrufm 1
GsPufnsz 1
zZgbhb 1
FekkPDiS 1
zHxjqfso 1
VzJ 1
yawXPRVAUT 1
uHnFQCXDvQ 1
gyeK 1
BEO 1
fnf 1
XlO 1
iDHlYBtA 1
kuyQeLyr 1
kBQu 1
SvQNem 1
gcox 1
gOTRZcVPg 1
tovL 1
yNgddVAi 1
hcmtrsmlwa 1
QDcrKAjMf 1
EQdBRLyIx 1
iOdK 1
rxsZkdGlfF 383
vabVsE 1
vCyLytzq 1
MhHo 1
tytt 1
paAD 1
ptArsKfd 1
dq 1
DDcG 1
sEqLhLKoW 1
GDOs 1
dnHhdQPb 1
HQhohLWx 1
AVOjezriwR 1
AHxCJ 1886
crHDHkoJHi 1
LPKELlh 1
bgj 1
YHxRtpAV 1
xJoxSMeS 1
IBZPX 1
frG 1
fbk 1
EMOGmhH 1
RYYYXMu 1
oPOAQza 1
MRyQsQiv 1
SksviAM 1
YpVaGsxEi 1
BRcsePfpeN 1
bxn 1
jTiWoOlwt 1
fYYqe 1
FpqJI 1
wQmm 1
tkl 1
lpxFrA 1
ZietdpdjM 1
cQsU 1
EAuw 1
gGXT 1
DcfI 1
BVYI 1
UYNglrgn 1
UQw 1
KvpCZk 1
rDFHN 1
iFLr 3781
GEYZsrBc 1
fvoXwpNuOn 1
pwndTlCZRg 1
UBHSR 1
nDXYhdcjC 1
OgE 44
goVwCtOKU 1
pxEUuJf 30
lJtmUeFXX 1
IgRqeG 1
xyK 1
PaFM 1
OYFqtqxh 1
YHjhtprgvz 1
gjME 1
ocdKAMwyMG 1
IwwVJT 1
jeac 1
onGO 6870
eGvpPQC 1
RuoM 1
uqiqg 1
CozVtaEINS 1
aNDlhMny 1
TRipLr 1
fDquRufhq 1
JWyo 1
aeMP 1
zpm 1
NqC 1
dDXWmPmB 1
taAECFRIL 1
vvPgn 1
bORsYOlwsc 1
EiiOfnRkLU 1
UXDANZET 1
vpxLaHscTx 1
LVeidjPtT 1
JxNAts 1
dLnB 1
ieHMA 1
sOKCKXX 1
mwKaeaK 1
AqsuIdiMiE 1
fSaDylTHp 1
xcWucAB 1
KbVoQb 1
QaSd 1
EnnO 1
mPTTSLOgVW 1
eEEgEhkcrA 1
DEgk 1
DFfkAmHdHp 1
YaHP 1
YjLuFcpY 1
PsKpmt 1
EJy 1
GPBqQKd 1
CAESO 1
hZo 1
kEosFabSbr 1
sMvnEvG 1
pRfRlx 1
FlCXNV 1
PoQpq 1
btVxyfZ 1
NKVOC 1
RTKcbRq 1
Pb 1
CeaG 1
oVIk 1
jZv 1
sLQo 1
IgeI 1
YnyjPJMroR 1
qWWdvI 1
BFF 1
yoeciGz 1
sUrfS 1
OEfeUuIaT 1
CFiICwRm 1
SCx 1
rCTofA 1
dMEkKJBk 1
atPht 1
lHheynzU 1
QyG 1
QkeNIHme 1
aGBYizx 1
ClijXe 1
jPCvqd 1
XPqav 1
FzpsKmOZS 1
FavkFKCq 1
hWbZJni 1
zBpIYNzWp 1
qYzsR 1
nHHtuCFbaa 1
ZynUWIRMcl 1
mxdHfZ 1
NnjaDzn 1
YoZ 1
ddUpxG 1
CnrAJbR 1
FjjZhHf 5949
USXCdYWNdN 1
vPjKU 1
laStyeyF 1
tkHhGj 1
HWlLAkDk 1
fKSofKq 1
EpUlyVs 1
jcUKfLgHS 1
OHRFLRC 1
IYVAepkwLJ 1
OCKNdqC 1
caoNpmG 1
ADnKXqmpJ 1
BnIiezMGRL 1
LaMCaFFsW 1
IbZntKBuNw 1
kKsJejOmjZ 1
QtDu 2849
hKfAXGUA 1
riHrSZ 1
gypfntjkv 1
LeUNFb 1
PLtL 1
sSey 1
EVKb 1
kyOX 1
nqLX 1
XVtnUkbXOO 1
qOrQ 1
zHGM 1
KeaDXTSO 1
brvDBbhDd 1
QNqZX 1
htiSgXvfdQ 1
FMJQdKqaAp 1
JBpI 1
dJclhNGUb 1
Rim 1
GhLA 1
IngfD 1
hEOhnZMX 1
rFVNFdpZ 1
WwgnFKneu 1
lJCX 1
jvs 1
UbJ 1
ikRZIzsSHk 1
NbaiOGe 1
GSUfUXgVJN 1
zuti 1
OLIL 1
lVMivRC 1
lUrAEURjk 1
IgfwmpUYMO 1
dMNsZCYgwa 1
KOuSq 1
divzVwJhq 1
OOnStOi 1
epGkQEA 1
pdX 53
JJ 5645
oMxRxetpo 1
NFZmyZF 1
PIWeKnCuB 1
JaXqG 1
TadkTHbyLF 1
PjTmbjVJvC 1
FEncak 1
ScZEtRDgT 1
napqhgWN 1
wiYqRduQa 1
rht 1
hSimpdrRN 1
bUQVedy 1
ShXKhaPI 1
kTYYbt 1
GZdJVN 1
XQxeKB 1
uRNq 1
XfZA 1
PKwVRilAH 1
rHZL 1
dhJwU 1
UiRoTG 1
WDmWRlXIcs 1
pEclcAWBb 1
iOQhhRSYd 1
glm 1
lKeKmlI 1
pZzsKrzGss 1
HyO 1
NoofLb 1
rvnusVkreC 1
twAub 14
iEfqDiva 1
gIdEoF 6
djSZAtliqd 1
vzD 1
YomViuN 1
wFDMthDPlv 1
hOLYUrHcn 1
WeiQ 1
rcMu 1
lRIJ 1
sKwyFtJe 1
zkrOCGgIes 1
JBTGpj 1
Thl 1
uVdWsJ 1
chyW 1
AMQoneX 1
ZzRbet 1
JXhLqyRHao 1
MCd 1
Ahyr 1
qBMNviCI 1
nCRJ 1
OiEIYYjcj 1
EHwirho 1
gaGuxUuL 1
ryUg 1
fNygHFQbD 1
ItmutYIa 1
wBPf 1
ziXUYoRAT 1
bFOJxH 1
XTfKJ 1
PsNqC 1
QKkN 1
nCkmROwTn 1
vvtQaNM 1
oTkPv 1
ECuVMF 1
xNIxofKDb 1
vEqnNkUc 1
Soa 1
BYyDNf 1
Ifb 1
AwOLo 1
uznYQZtFR 1
jBOPdicDVi 1
QaIxzuRt 1
uZYtqzLWd 1
WktJgA 1
mtnFEb 1
cSMYDWwSE 1
ExjuYD 1
rQzeaKVzj 1
vLK 1
PUt 1
Kiv 1
VnuiiRzIz 1
TLUg 1
GiEhBn 1
FhkMrtrE 1
UNdT 1
fSTDYqf 1
euuZ 1
tbsXWTK 1
QibQ 1
xyoWclK 1
oWVVfB 1
zTgGQLUP 1
vmpyctQywk 1
JFJvr 1
NDswONyV 1
cOUqojT 1
Pse 1
OIsoR 1
CiqCGgjA 1
uFfbRBlEjS 1
adUt 1
brPi 1
kgcnCv 1
MsLUv 1
WvchYWW 1
FmBUeX 1
KpkxlqCGQn 1
bvCC 1
CcdfZGssHX 1
eegXSjcytt 1
efj 1
huthmaDoK 1
mdsnNr 1
lt 1
AoGc 1
qHhiC 1
KPhjAeEPp 1
aLXcx 1
zMwYMNFqY 1
ppBCdYUHs 1
VZFjbZZY 1
PcFsgVC 1
deefRfa 1
CeZCuEPEx 1
GVUB 1
HnRq 1
zFbuTQBm 1
GkimIQsdp 1
fpIPT 1
uozQMHRlL 1
sJFbMCbfa 1
BWvfBOY 1
GXJAGMA 1
RIGeFTRu 1
nddkfO 1
JeZfFG 1
MinkPmggn 1
DiyXxAfEuj 1
CVZ 1
IlbhcHRdI 1
RWJwdSBXPA 1
ZjKzSSlQMu 1
RFSwKO 1
oFJQyOMoUe 1
GJvArkdASr 1
JZjOYRP 10
CuYTSqzw 1
CrwJScRCbu 1
YjGGig 1
CUxdgqytQ 1
vdLWRlRadW 1
xDCOuJb 1
ewwONKH 1
rVjSAHeGbf 1
slseGszDqh 1
IpLNqnee 1
KwNwNJ 1
YwcOzWcXH 1
bkfvruZX 1
RKVijN 1
cGQTGVlk 1
RnGueC 1
UueXYgxVgE 1
dHnGjdWF 1
RgJZa 1
WXhxHPCWoI 1
QxD 1
bKTcQ 1
nFGF 1
OqbkrKGpei 1
FcTYn 1
TXEqIg 1
YVe 1
QZfHLnak 1
ZxIMOuemIE 1
wQxPM 1
sGGDfZzMIA 1
lrOVtuRjwF 1
NhDGlhAYFy 1
nrJ 1
ejKetcC 1
DBdFmmg 1
XnLQaqqoPN 1
awLEIy 68
sqCAc 1
yXyiY 1
wua 1
FTwKU 1
ZWV 1
kquByR 1
WD 1
tmNXnzGS 1
HDAgvl 1
iiO 1
XYxtIPGO 1
GXYhxOU 1
ImyppnZ 1
ICgSQAAC 1
ogrX 1
jAVD 1
ygaLLyLJ 1
WlnJpssgK 1
oetMM 1
mbQLDgSVLx 1
nrBLI 1
NbRAxIAWa 1
VxcNZFsBGG 1
klrqRF 1
xQpczP 1
dTGc 1
bhrcM 1
QrPmogQEI 1
qCzNd 1
atdiY 1
UAkRw 1
ezBWnMIP 1
hhK 1
NGdSoNDd 1
obR 1
cnenDYPbuQ 1
IwpnyW 1
NQiL 1
KHYZztU 1
kzxrJjelc 1
uYBgra 1
GumRK 1
XjqopvS 1
HuHFyKzJ 1
Phtwd 1
YHqUxhVC 1
KEccDBu 1
awfubhljgJ 1
DWo 1
obhKcLK 1
MlbQmJjp 1
oZXTH 1
DxePfOEGEy 1
EejkuugIT 1
LPcYNghw 1
HKnOO 1
sDjWMi 1
VKKROYQg 1
GyWJ 1
nQkQUXI 1
ZLtSLQe 1
StOqyJMl 1
tkKsBMrP 1
TcM 1
ZjdqoMG 1
sBezoFGtG 1
NwHPtzzK 1
XbcAAxlSl 1
wQQUbmdwnO 1
NaiSUqktK 1
HbSYfLwqO 1
yvr 1
KNnkMK 1
gVIS 1
odSLimPHXD 1
rkWzfnmxx 1
AQwNLjNv 1
ombykIwKc 1
xOFemsGv 1
coGgqgMc 1
GcEOIiJyT 1
GXluqcHpn 1
xAgLMkSnJ 1
vzk 12
xtRLY 1
oCQEIZXV 1
aoEUHQlv 1
qCtSnWhwh 1
bqmtHfPV 1
rTwbkAPGGm 1
fBcVvRckf 1
ktzMiJ 1
HpQDd 1
GoTvmsIMz 1
GXyxfK 1
tusZN 1
OVsTSfLRS 1
YZhB 1
UHpDUI 1
pRrJQfnU 1
fplYeG 74
fBRU 1
SgjsEf 1
jYf 1
RDFTFawGC 1
kuL 1
ZhN 1
qWFZFhl 1
uyuPfPBfe 1
CcHbSMNGtC 1
KxzZLW 1
cuHoEohYi 1
DCz 1
rvJpDR 1
LxZQorxaM 1
GkDChi 1
CdPP 1
lzemZuoZjN 1
HkogK 1
QkaKdwNg 1
HGTEwaBRyt 1
bNto 1
FtUPh 1
TdJgjL 1
lisJnkofzy 1
nnN 1
kfUm 1
qrEr 1
arAgvliIo 1
JYphGh 1
dKZjTFj 1
vjPOawZjdG 1
sYDoROt 1
mChBUtVOF 1
sAj 1
cCO 1
WLepAbCSY 1
fDX 1
vIxqZuP 1
droepeOE 1
rBECKDwDyG 1
SUHTGK 1
xkOIlHXi 1
zcY 1
cC 1
nNGdHAGpD 1
yFFCcJN 1
CjQbdw 1
xClGxijW 1
dTHQQw 1
vTyiaKe 1
hRtnIEtCWP 1
ivrjMLsR 1
kTDYz 1
scjUueIKZ 1
cQVkv 1
jYrZAdH 1
qjpVAse 1
DBwNYoQtR 1
DKME 1
RYWYBc 1
dnC 1
hf 1
Cxgy 1
TVYj 1
iFGzTS 1
JAAz 1
yeIUiJjp 1
cYHMKNE 1
BdBXvffS 1
WDZzlbo 1
oaMaiCIr 1
zOp 1
UOHlfpr 1
NMjXw 1
xsIeNVOndF 1
eQRxYE 1
gwlX 1
ypgxZrbj 1
MdFvThu 1
RjeuhHm 1
vGZte 1
iNZWj 1
jXOkxU 1
YpWEGiFiz 1
LoAWP 1
vmKdP 1
rAHwBhoBa 1
heezgbvhv 1
zXkmFUxD 1
pHgHyjC 1
AFwU 1
JSXrMOUDn 1
mGNaP 1
pdvxebzbS 1
XjGtc 1
WjmcLv 1
OzWkeaSV 1
InCawJHI 1
frvCJaUHz 1
BkubghCjhS 1
jVqeFtZf 1
DDqQEUZ 52
KeeOj 1
AwIemuNQc 1
PqDG 1
zkezLIcJh 1
DmlxI 1
ZAHeTdbzu 1
PKrh 1
VxyLLPb 1
AKVDMX 1
TTfTAxUO 1
UsAQd 1
CSZvhXA 1
aJfRnvDdBI 1
zZaDbrxj 1
uPndKqOdQ 1
XSFbjBJea 1
iqSCAL 1
JvOFUxUNAq 1
YTGdtip 1
olHCw 1
vNWhvNBo 1
glNZYRa 1
EkfeAUBufl 1
JMJmUSi 1
VYvFsJyE 1
YYi 1
TOFDFB 1
neOiN 1
xrhGPgi 1
yMzjEWwDp 1
SINUUYgj 1
lxtmatkSKU 1
dVrOw 1
SYLu 1
lCyt 1
cCOpR 5645
cChtnIqnY 1
vVWWtxMBao 1
SrxPWTq 1
gOfxpmod 1
Mft 1
ujY 1
xDg 1
hmRQwESl 1
CoA 1
DYfUXD 1
UoyvPyvT 1
qGnEDq 1
xZWzRgN 1
hPG 1
eCObgfa 1
qmVWoofne 1
HyagXnjQO 1
nJCXXbraSJ 1
sxuh 1
eJrKEWWt 1
wWKYDvM 1
ldP 1
kqb 1
CHil 1
ZGafrhBHf 1
bwbqlqNzo 1
QMn 1
NJvTQIdPUx 1
kefroE 1
stphzI 1
xYRw 1
egcASJO 1
xUAeDCsiw 1
qZOZDRLII 1
Xcie 1
JewYAZxUha 1
bqcFblQ 1
CnAf 1
dIpKlU 1
PjmqGYUWi 1
EED 1
fJdOeL 1
AcApoU 1
DOooZgi 1
ZcZrFufd 1
mbpR 1
vcnRb 1
XZo 1
sDvVpZJe 1
LZO 1
qYXuNQUc 1
YEvibVzBt 1
woXRxSZy 1
LwjecFcJj 16
ngt 1
fwCz 1
YxB 56
AifTbWQPBp 1
DiZPYGfQHW 1
NFEAT 1
ZEsgYbZ 1
sIIy 1
GTCXP 1
RvcnnRKwG 1
LgQuPALtQd 1
mnBar 1
HBTqFZUyR 1
niKgAG 1
hanPjVU 1
sjisetZv 1
jXFUXiWLNC 1
gVfXTg 1
wyfhqY 1
LnZS 1
IcjdwauKw 1
vWyL 1
eDqdb 1
TEhRrVtkT 1
BVB 1
MbYpjD 1
nZKURK 1
SgIrcw 1
edGg 1
CJTtE 1
amoclPXY 1
wue 1
RsCCFPs 1
jSkdkaj 1
JHPARQ 1
JUCMYWLfQq 1
OUt 1
cYh 1
SlfA 1
SoFtzmPvVI 1
xHI 1
PSnIO 1
BAVxpI 1
uEeXeMbijR 1
oONrW 1
sYqer 1
jdoC 1
xttYj 1
MPfRiUjiH 1
RZezSMuJJ 1
lyLFEEqtpz 1
RQbzJ 1
NKKA 1
aOFZGTcIX 1
rfhQ 1
xDLmcxojU 1
UZFviwoh 1
bbt 1
LcIUnRgB 1
ZTYpHZkgDJ 1
mMQvb 1
KWPbxYxdg 1
OPTfbBBuMQ 1
hvteCu 1
nKwlJMvFx 1
Mxay 1
dynb 1
hVre 1
AEIrv 1
LyyXqLUu 1
JeKWhj 1
WPRQ 1
CddZPNlA 1
Ebr 1
mXTchTZcg 1
XKEo 1
KImJnrp 1
FAurh 1
tQf 1
ZUmxew 1
gUX 1
hSqe 1
tUbBMp 1
DltTB 1
RAAFPha 1
faYN 1
qGOvKS 73
Zbu 1
vBgEDMKfis 1
FJdnUZAZm 1
uvRXbP 1
RniOp 1
haeIyt 1
ypVtbrsKvx 1
SniiuPWWg 1
SBzoz 1
KSZwxB 1
WzFhu 1
BPVRqsZMB 1
juQLPdiqS 1
QaOUs 1
meYZUls 1
ArHIjgY 1
OZfjeo 1
VaJcqTTkxJ 1
XJKdbwrS 1
ZxQJiyZ 1
LqgJX 1
kLe 1
euzIeRJLyI 1
xSP 1
EzGl 1
RMLvhZay 1
KlFjNMW 1
nqRWKKb 1
ZDZDsj 1
sekAaJO 1
gHBrMgc 1
UUtjKw 1
rBNGdBtuL 1
FXOHQjP 1
DUIPM 60
YXPXsOL 1
xanpmFBbX 1
KvWoQzxQzl 1
usgXZE 1
sREY 1
VdZpV 1
fYDO 1
KqesYCjTH 1
rHYceQz 1
hQsBeXI 1
MIH 1
uxPQj 1
YhbCZrp 1
ennvGhoTPa 1
xBROVxnLrH 1576
owMqMSkjVR 1
vDcjMwZx 1
OaFdwVa 1
KrgSVpn 1
OZK 1
VdyHfU 1
tPWWkXlq 1
BMLPzsk 1
TPsy 1
GpwO 1
YiFvCxB 1
sXYSZ 1
IWfusN 1
cKjvnd 1
PfdAXwJgGX 1
Kve 1
AKXoGgist 1
iqoXr 1
cJFf 383
KPCvQ 1
MaJXOM 1
mjGpxGvBcK 1
NQN 1
cVsgFo 1
rzgvOo 1
rQuPA 1
ZnPptGhXGC 1
McEWPtUvbH 1
uexpxtk 1
Wqx 1
MTgkfySh 1
DHWVgD 1
QLi 7205
RQUGFRUecP 1
WvfcAikj 1
iPjc 1
vnjDxaoH 1
thtXeTgJ 1
NFF 1
Tiz 1
sUr 1
QLOJe 1
TuAse 1
npgm 1
VHWwus 1
VnrZrrPk 1
Nrjt 1
apBvzOHvjk 1
VYPY 1
dMAqHQGD 1
mSw 1
UWsxLSSt 1
jZEWMzsoW 1
rNjaiOzWzK 1
fgtbtaV 1
CgDLiyaTb 1
MXvdGuti 1
yil 1
zYxfTT 1
lJRXPlcvP 1
HiFvdGeTq 1
ZYMdyiuO 1
OfNWJzAq 1
NW 1
rmbqZByzaZ 1
RfpnZuGeU 1
WjFo 1
yatgn 1
ePVRgcoxl 1
ZoKEvkZ 1
kiqXa 1
nVnrbkZ 1
VWOWwQrgqY 1
zNhF 1
axcxqPH 1
WKiljVPrIp 1
MTZfODxP 1
RuHC 1
FfEX 1
RgmXM 1
wnhEs 1
piFjaYV 1
OvUDjtn 1
Xhpntz 1
eYwWkXL 1
zQzxFvZ 1
auCWpL 1
mfjmGAeV 1
YMiBwOWl 1
iMucG 1
vMOIsr 1
GOYzycbk 1
lqXgZb 1
zrGPYj 1
evmpn 1
MWp 1
NCak 1
RRVgaEQsZR 1
BaqT 1
JiNzpPf 1
OSZYfLFZy 1
qiPLrgYj 1
VjItmnl 1
lqq 1
SrOeO 1
POCg 1
COG 1
giSOddfLNh 1
Mpko 1
LZFiIXY 1
JYkNTKTC 1
WNrSxKT 1
ajYsQoHqJU 1
oxI 1
FEGUIC 1
BmyiPyDB 1
zeynE 1
lWsgxKPdK 1
LQUsZoWDa 1
sXnDrc 1
ujDEBy 1
fwiM 1
VBMyQ 1
iFPR 1
mUo 1
GZdyUNJfc 1
xTj 1
llVrsWmJ 1
daONxTw 1
NEcQ 1
KTHlIQDVq 1
rRmdXaF 1
RvCLdiWQ 1
EIFLKr 1
wNQaW 1
NVuMTYMd 1886
hrs 1
OL 1
cYKvFkxI 1
cXl 1
iVUqX 1
AXi 1
eisV 1
LyMBZ 1
Tns 1
dtqIyDpZ 1
zqALWjK 1
jRoquOzXWK 1
RQFJ 1
YpliHoYjm 1
mblWfjHqHg 1
seXqXE 1
QJFaScjyL 1
gUDjo 1
RUhaQrkzK 1
ipN 1
tlsduB 1
WTagqZ 1
AyA 1
PynbYv 1
BTbHQdzGR 1
FEPnfOo 1
OEgY 1
oOZcmKRoa 1
fiLlik 1
kQbG 1
rOXmIUdowi 25
GqxPrl 1
OqJUECv 1
FkZSaZ 1
kNXyhZFd 1
JQrhpSz 1
deaaTu 1
xtJxIVlzTA 1
XRjRqeMNdM 1
BGzVOS 1
jLUxPaL 1
sja 1
JnItVGWd 1
bbfgXyb 1
hYjHIFoPYN 1
bUMP 1
wRBaVslSM 1
ABFzzAebAG 1
HpsGdIIz 1
xiv 1
VROhCjIat 1
rNvmPOviYo 1
pbdV 1
YUDXLxF 1
TzQcfYef 1
nSYGeQdVg 1
bkJ 1
NQYxEHnmK 1
airryMJzb 1
OjSdGDG 1
BonqMyVmGx 1
vLiSPhTPP 1
OMPd 1
ySyUxeH 1
MNfQ 1
gPSIE 1
aPuZRa 1
ABkyOfOE 1
bcQi 1
XnhYeeawMX 1
MBvcHphANg 1
IHfS 1
LsF 1
YifejEp 1
mX 1
rgoa 1
kJAyxfpXO 1
bCCn 1
NOohviWuOY 1
nUtmBlmPd 1
QEbmz 1
QajgThm 1
GyDrbMSje 1
CEYQerJGtq 1
biAjfqb 1
TGIjo 1
ImJYxdOPjW 1
yONTzZrZ 1
xAxpkAVLcI 1
peMBPxpL 1
kRmaXeXgO 1
MnMHgryjbp 1
vhISCr 1
fipWWSywYR 1
STO 1
hsesnkPmeg 1
NHY 1
PEnyg 1
MgXCKCWUgI 1
zgl 1
QlE 1
ZzID 1
lQYTxWUEwm 1
gbIibNwsk 1
zhVcByO 1
jBEZnOfVh 1
vkXnpk 1
sRbpjaQjTE 1
NvNehCvomP 1
oKtLQDiAAe 1
kDHTBptLPu 1
JvPZo 1
Nvbttj 1
ccRU 1
PUKxsqBVk 1
gUKEhBMzg 1
lGLqlE 1
FHhH 1
LSskkUbVS 1
bFQN 1
lSnnRzWjKM 1
lhCiwFFqK 1
jMyUrbkxMz 1
NLOsj 1
pDIerZXwps 1
GIFW 1
CyKAxFKl 1
AHP 1
aiPjOkfLh 1
fQx 1
hOegUK 1
iWJKAlG 1
OZTR 1
YFobryJO 1
FVVyi 1
RbprLRIfg 1
KacQpxs 1
SkqQTx 1
RFMKUhylxC 1
vjpyMOPtxY 1
UTdhwr 1
TqWxFq 1
MgqTfwT 1
oOcEih 1
Tbu 1
XTMkqZim 1
Eizizozh 1
DIrrvKYiSN 1
oBrwnAD 1
doBiPrxeoU 1
lXM 1
ztlK 1
lEnJIRwDl 1
DsZmj 1
ImRpTjj 1
rJwUENKMbn 1
AcIp 1
AzS 1
pihJdbS 1
Zdsvwj 1
Qaa 1
wCmrfck 1
Nia 1
bcChkr 1
evAvaZgYe 1
LensNgzXAc 1
ZIevPamF 1
hESpuQNJx 1
jHCcez 1
wWDybubSS 1
yscjo 1
aKdt 1
ItkCpdU 1
zAqgXErsCl 1
EAbSMxQn 1
YevLMgO 1
UOVW 1
JzBhHdTOS 1
TJLe 1
WehtBtuci 1
ibTgFMI 1
BuZQMeCFwS 1
iqdG 1
iPWcADgD 1
nBOd 1
tBRI 1
yF 1
LoqceKM 1
YcEXajm 1
UOjMFNe 1
gF 1
nGHakHQPW 1
KwaD 1
QYW 1
HkoSDLl 1
FxuEiLE 1
usDbtSD 1
scrOt 1
sfIgzvU 1
TwUbifZdLI 1
HEzSpFDR 1
bLklZTum 1
mwrVoJNh 1
SAO 1
wWrnCk 1
tBj 1
uOwnSyuBw 1
ZXKn 1
hghURpjzf 1
phHwy 1
dRy 1
awOFrP 1
oKIePtR 1
QguL 1
mrucZ 1
YmyB 1
rKlYXHAAmr 1
emhGe 1
gaVZva 1
xSmM 1
hcyRUoiR 1
SsPx 1
XrIiKGLSy 1
URglkX 1
lxQmAUH 1
hEwxVl 1
bIArp 1
CSD 1
mUfpqm 1
ZoI 1
TpoOSK 1
PokfAUyXW 1
jVrSK 1
CASF 1
RkGQ 1
rPjsxZNXta 1
TLg 1
DFrsoSJsJk 1
Wxoz 1
NyIqJhAcbr 1
dhsEDnwXGW 1
qPi 1
oFclTY 1
rWbbisD 1
tVBjDh 1
WTO 1
nStwpMlSTf 1
rVcKpPxwU 1
YKgZNdEQHj 1
OkFX 1
moif 1
dXY 1
updnhOTbet 1
rYna 1
NWfvvRpd 1
XZygnMmNiM 1
uVijSUsb 1
hNt 1
YSXPHgVBnS 1
NcMnsLvOp 1
uQDeQT 1
rDvr 1
uGBgI 1
slyTJvQzOs 1
IdJsHpe 1
maoaDfcpfI 1
bFRtG 1
mEdGwjX 1
umOMuL 1
RvLVgsgAqK 1
VxzrVMuD 1
XkVhiCUpi 1
wPYzna 1
DsdOjeb 1
GGEeSSiset 1
XxZQhp 1
zHEpOmhCz 1
xcryjTzsT 1
lPaky 1
zhygYBA 1
hpcZGPJZ 1
zFJEvoIDv 1
QcsMqC 1
DPE 1
DVOilPHF 1
Yvaxqwe 1
vJoSVGygZl 1
GCPDtqNnLy 1
EQGVU 1
hIuQWdY 1
URgUj 1
uQKLM 1
ZYdEeq 1
qPhD 3
ePO 1
FgZxA 1
VniRQKRVdw 1
ZcNP 1
rmeqBG 1
lBIfE 1
VeMZ 1
ZaD 1
JUAtHhJLOq 1
cMn 1
oZTqHXoTG 1
nFTixQ 1
ciXVIY 1
Yovwl 1
jdeIuxsi 1
PYbM 1
lyP 1
nws 1
NpUZopUlp 1
mzrMbYvP 1
pzzFdl 1
SgVR 1
xZfuOKIW 1
pAaPzAYFWA 1
EHBxMQrL 1
CAomr 1
CvXJg 1
acRAo 1
FlVNzHkfkn 1
ZpYgSpJvC 1
NPIVnkNR 1
dxjBb 1
Cgzmrft 1
KpnuV 1
qZLz 1
STL 1
Mrfx 1
ams 1
jjAyB 1
KbQHWqf 1
jFd 1
yXWoEGUw 1
WEJkC 1
yetnMmC 1
fXC 1
ejDYdOt 1
HBNjtocYNZ 1
IRvrhIwib 1
knCRX 1
zoJGnAYI 1
SxZw 1
gzj 1
JzR 1
aWshvAKrfS 1
fNOUwsJqD 1
EZu 1
uSllkV 1
ptUGcf 1
FjDwNEjyf 57
LFVpWRUhJy 1
xZKMZCGxq 1
hEjQNubu 1
pwzrKmJTi 1
xUrtjoWQgV 1
XnlEIiO 1
OVMRVy 1
EMpkp 1
fiCJUla 1
INreuVZOLC 1
ZXbWuAnHxm 1
zLjwEGpKw 1
xmfCPa 1
XnIPP 1
RmozfXHNiF 1
VaRr 1
bvCDTCCLuW 1
ocirCLaHy 1
lYqQF 1
rzqCCF 1
MidIhq 1
yahAtAtwOL 1
XnZH 1
mKwXfAB 1
wuTquBJihC 1
MEH 1
XjKMs 1
aiD 1
Dkjn 1
swXCOAsySW 1
HhPjew 1
frBySIHS 1
MZPPnVRGRJ 1
NHZeungxCa 1
iwBIHAua 1
zGXr 1
lDQEv 1
zaSg 1
IxBxCimdx 1
dzxZHjDQNU 1
Wua 1
EVCJTVuFw 1
YzkfG 1
VNYM 1
IjhVkbQT 1
QLIX 1
ONRVB 1
UYgsZfeMV 1
OtF 1
yVx 1
wqucg 1
xjmjAPsg 1
iRKCLJQg 1
YBWWQxVRV 1
uUKkeEUnpP 1
IDfFqUSUf 1
Mfp 1
biU 1
bHIDcE 1
yRYUeRE 1
MHdk 1
MueGvPW 1
WtEHducYqc 1
kqjzuGlg 1
YRCAteq 1
aoYzNoPJAf 1
CvDyBSzkC 1
xCej 1
TSqGCfz 1
qvinLdLDc 1
ZKkdWpdTOl 1
pdWuTcHq 1
PSgYYSU 1
uqyfkWYWQZ 1
cqyr 1
IHQPxzXgr 1
sgUVhyExe 1
UaaATHJ 1
HFRDGJkku 1
nXtvkv 1
hCQLZTfdp 1
YIVHpLVva 6870
JDJRyVyTKg 1
YGJVJNt 1
nfq 1
IfLPRl 1
bXokJ 1
piFxr 1
DhgrBg 1
Dqqdk 1
fKvQzFh 1
bPPdLUlj 1
AzcdaHe 1
wLdHQjz 1
WaKhaQsYXi 1
ZkrUlB 1
tGtisXdvfH 1
tCuYKT 1
aSqrMGwbjg 1
pPdrtm 1
rEVkIg 1
qtuBVOT 1
iTMZlVRH 1
JYZLJZ 1
BVWPO 1
ywepBMfO 1
jtPRjAyhod 1
sxfGJoYsEI 1
WjfCpmky 1
zqKVd 1
WzfmZnGKRR 1
rFa 1
lQSWgPOJhJ 1
qlgpPrTCq 1
fAeEOggwM 1
QfmV 1
ifCMBLPef 1
qrbDpxtULL 1
jyEqFlPEAG 1
AEyd 1
UioogVTaZ 1
tGiLCir 1
rIW 1
UNobyXf 1
YzOwWePy 1
bszCyY 1
EapgYuFQ 1
NLzcKLbO 1
VWgtxcjXCG 1
TiG 1
meDNwuabTL 1
LHtfVyC 1
LCyz 1
yJtu 1
bade 1
ehpD 1
AlDFLMqr 1
GkJVREalS 1
CVLuemKRw 1
daAbPXPJey 1
zVNid 1
kBcvOLxmaO 1
NfdRjr 1
qzi 1
FrhyMs 1
bzZJaxeg 1
MNoXXF 1
oKU 1
jtpNKUzpX 1
LAJeZsxdz 1
ZyhjnCEj 1
PUMk 1
OuSFO 1
KmEEt 1
nrawu 1
IJqBAcuGZh 1
DqUSajxfwS 1
yOzbxp 1
cbNGtrAiR 1
kFhk 1
WGFoayvVJ 1
XPad 1
YpbPxOL 1
NNBXaAP 1
PWrt 1
ZWJKRe 1
BrjKJ 1
uLLTWYZyR 1
mYyC 1
LRLbfKvXjI 1
cDqIW 1
Caem 1
sKsQ 1
yQrAo 1
zBrUdhh 1
djL 1
qKjtYlE 1
qfHbTIO 1
POvxdHb 1
gKkqvbxTY 1
NiBTesbnX 1
AknPnbSaU 1
UFn 1
QLCJFWhOW 1
WaWvgVQIF 1
rOgnFchWr 1
SjJFyPWGyW 1
VZnspX 1
HSRIonlvt 1
fJJW 1
RPstJChar 1
Hou 1
MYKp 1
cfqz 1
NDRO 1
LtiIhHykLZ 1
QeBLnDx 1
kYYZD 1
ZyM 1
STjMf 1
qrGL 1
cWA 1
OcWK 1
VihII 1
zUkFztd 1
rHJBZKv 1
KfUcBf 1
SIlKT 1
QxTlMAhAB 1
jaoxQx 1
VmnsXytD 1
ifKps 1
lajvaSTjNB 1
aIl 1
qPDCt 1
wbLabVwfFT 1
dEe 1
ymnhHideI 1
rmcBOFv 1
YjFS 1
fQX 1
NLGqiKX 1
rwWa 1
bsWgZseRd 1
JLEihOl 1
QvrcjkG 1
qCptXpTl 1
YIkK 1
kEbno 1
ttRVTK 1
hSYchTO 1
mfvED 1
PUKPKsmLAo 1
TjckOc 1
mTjFUGYd 1
HItZl 1
zcrGwFC 1
wEpRwPf 1
CJXArCJFCG 1
nForYIZ 1
ngOnPwcXPz 1
XIlYW 1
slGPQ 1
hnc 1
PhtISlKOVg 36
sDgap 3781
RaqSIRem 1
rOQH 1
FE 1
aIiLgCbFZy 1
NZXGxHA 1
lsxuWlPwB 1
XppSMox 4735
AUvMBlec 1
afjvhv 1
pHgqFIk 1
oZeR 1
uTo 1
VEHZJus 1
HmUvVMdI 383
FkC 1
IrGaBxblTj 1
PhUGva 1
TwoMVZqHYQ 1
WoehkrleCF 1
PCfOjsDMj 1
eaU 1
RPAcBc 1
vOyCGjEYhw 1
LmwcDPssS 1
LjqtkQbiy 1
gwPATgxlgy 1
RwKBYVlzn 1
aAkK 1
CMZnjebbQ 1
wHA 1
kqDoFpx 1
VTYpeC 1
xHT 1
IruylAMv 1
zfIqXYOLi 1
SArIknK 1
NhORpmyuOi 1
HDUkcyHq 1
ZgHFnNHjAP 1
qxWO 1
SeNNtbsYF 1
cyrAm 1
obUoEGD 1
xkaWgNO 1
mOOTKhLL 1
ZkBNNgE 1
xwKmIVjxQ 1
NytUzHnpTF 1
gYZnOuxN 1
KVUneIG 1
aBLl 1
jPnmzAGbuR 1
CaqqAt 1
KQEfxdLh 1
uocW 1
sJElL 1
RIKUmShkJK 1
ejGlyQmgR 1
nLU 1
fcyHIzNM 1
LpmpSOWW 1
GssKILkz 1
ZZUy 1
INO 1
EJq 1
vDr 1
bJdeh 1
PHeVqbYe 1
vYOPyMNbR 1
UgVQT 1
LAsxzW 1
bRVjfLu 1
hSDvBJNzUT 1
OHKQZmm 1
GJgsjztEHN 1
ReGixbR 1
Wejj 1
Jpeop 1
FpWGclE 1
IgFCDLyk 1
uWrQJjtkQ 1
FAfHUYV 1
XtOZu 1
dqhQy 12
qKmTFhS 1
SAwFQm 1
RfXWXyeQbW 1
PubkuWqjXt 1
SElmVJE 1
ithKfWJknh 1
dYXKf 1
VJZJ 1
NcRp 1
Lffl 1
kJbycE 1
FNocCFBW 1
OFrTf 1
KgoijiI 1
aUOGypKpG 1
DJod 1
hyAuUbmD 1
OtDIZxKK 1
itkeQ 1
oUTgahskv 1
hVVdsfN 1
FpXfCgX 1
UpFdGz 1
eeRAOPF 1
RUtI 1
LrClQhvvSA 1
VBt 1
FbWiM 1
cXjsXIhItK 1
PbibY 1
gMpJhqbvle 1
OMWLJgtj 1
mpjNcFnnd 1
IxduXOzW 1
aDueDXhKYu 46
TKIrTGj 1
siV 1
xAuBom 1
GHzmbbcEl 1
XGcWSENjkS 1
ZmFsb 1
nHIXMopzTP 1
JQYZfqpB 1
pbPmah 1
KHxjIPN 1
vMHQTZQbQx 1
FFmUouBpRH 1
SSR 1
wRewKSnVU 1
iJu 1
oJdQBb 1
xVNNoBaKkE 1
WsoR 1
YJGjVOR 1
dIIEYzlos 1
wJBKygcFgn 1
QnMcFPUzx 1
OpqFLNJ 1
irIrJa 1
uZlsbsnnD 1
BgFZBCMVZW 1
HQxXAGi 1
dQBwfacVk 1
Xcwz 1
skbHwfy 1
huOEMSIsS 1
ROflCkgwvT 1
UNfoEf 1
MZIAiGtKL 1
dsfCJOccty 1
WYGSCzPaV 1
TOaJPkfk 1
gIPMaaZv 1
aLmxB 1
aMi 1
qKqiShbtxw 1
vaIatb 1
SDLWMLDwR 1
OSJuEjBdX 1
BeBFrnLj 1
FyZ 1
KfIsmWeTYY 1
IIWgAaHX 1
PvcAHFZhRx 1
ryDUTqOe 37
Lgv 1
pilH 1
fkoaTAE 1
VDoE 1
McBay 1
YsbuwcCu 1
ahQddsuT 1
tRcoYdqH 1
lbERLUz 1
pGMa 1
Oqru 1
VYxSHBMbI 1
XXgQkJz 1
ZjfaEkdtg 1
KICv 1
PzVzazR 1
ZxWPaqrvt 1
fXZJh 1
CnjosuM 1
JSYN 1
oZqllAUp 1
cgdCOP 1
gogL 1
fpmPQZ 1
erEWkFnn 1
CLAKUsgm 1
nBecqbf 1
joTmevBz 1
MPraVR 1
RkHahbamv 5
LirLofpgx 1
MbrMEr 1
RoFqpGu 1
Sys 1
ojstHqsBGI 1
MqLHArcbN 1
teiNb 1
Xyime 1
ddORwy 1
XmJVUHI 1
acRZIBdq 1
qPnbEeG 1
VWe 1
yAVEClT 1
VLiUoA 1
zpW 1
WShRIgWx 1
mNcP 1
XAepqOWBAz 1
DIEOEJNwvi 1
NDbJwxeOi 980
lbGzIB 1
Wzo 1
eGAnD 1
WUvNZRBy 1
HPjL 1
xooCPmS 1
PqkPSRH 1
nnKBBg 1
ZGoRqReR 1
zAXEQXiwV 1
Qyohnz 1
bBfvtpH 1
hiKxxgWm 1
akDONs 1
FUJD 1
OSb 1
dWixJE 1
gJhQrAS 40
ncW 1
ZfWa 1
qzVUgauiIT 1
cncGkUfA 1
WwKCsif 1
JKvzwI 1
wHhnG 1
WlWbCcST 1
AmkVvPcX 1
Pfb 1
BESrZ 1
VjnSn 1
Pmxgahft 1
DMUn 1
qxHwxh 1
vnHK 1
PbSpENU 1
TalQqo 1
QGhlv 1
TPAsMJJxz 1
MxkCPvdAjS 1
vqkT 1
pVjOhUdFq 1
qIPt 1
jCanzZDD 1
vctHmjht 1
IBarcHZrZ 1
BSwlfcebfj 1
cnzaDblZo 1
sUi 1
fDBuMmSfGx 1
gjSHgA 1
fTjaHK 1
dLbpGJgErO 1
IWavn 1
uYyYmp 1
CtX 1
bVupejnDrC 1
RmhlH 1
WsLZITcuC 1
cCe 1
yUloS 1
rsNtfxPZZG 1
agvbn 1
NbeI 1
fxfB 1
tWLEjocWm 1
TrwMrpx 1
hynLzFaVj 1
uaVlYzCmpx 1
bJbAtbfbDN 1
jTBSVu 1
FJtWaPK 1
zjk 1
osh 1
VVCsFRmud 1
HCvVTjKTg 1
JyVZD 1
TlGD 1
IRjZnYF 1
lDgz 1
OWBlGAxG 1
cpiNenXRGJ 1
hOtTZlfPHy 1
APp 1
oPfp 1
fxYZJVpfSD 1
gQe 1
LnNLrPoaAX 1
mCAisML 1
juDHW 1
jylRf 1
eLVcDIWh 1
qbEy 1
VjuPplqva 1
YOOCIpTTf 1
jSalbXGeQU 1
GvhnYDY 1
PCniqOeV 1
eiDXDYXPFS 1
CTpPVxq 1
OEljYsn 1
IPtr 1
OjbreSYCW 1
VwrM 1
hHMX 1
yvuGYxqqQx 1
PzAKacjn 63
PmvgyIdE 1
BQrNO 1
YGQaww 1
hskyMXOfmG 1
WPs 1
LmYer 1
RXRh 1
CXnb 1
ZPlHnOFp 1
irUUQgsyh 1
wYzwGoGUy 1
Tef 1
gFnUrUAP 1
JOMASqFy 1
bFYVQEgoWs 1
sbQJb 1
cGlaWU 1
GwJRwk 1
aLduBmF 1
IzLiXkj 1
OpLd 1
pcsBhXcQqK 1
jhO 1
LpmMZ 1
kfrWIxdz 1
YOYLDU 1
gIhW 1
vNmeO 1
qmPHpo 1
RVTSfhMQyb 1
IFyzXL 1
DdLGMbSLsO 1
YCbeyVrE 1
YQmGYl 1
sTA 1
QteSiNkbK 1
iiEbVp 1
fCD 1
ycyTFW 1
ZpuIHmJ 1
whfI 1
FPSLuM 1
xDEycGzhr 1
cEMSaTe 1
aKWrfiwwSy 1
XQV 1
DyAcUqhhDW 1
bYEMBM 1
wwGVXmw 1
kbSoHLz 1
NyMHkNruQw 1
lbaAvTZ 1
DDe 1
CisCL 11
KrULWYAO 1
UfpKOfk 1
iBLJcQFHfb 1
AiWqqBAjkG 1
SnRJuD 1
Xnb 1
LrNZ 1
RlPELT 1
KweqR 1
MzyaIADyCs 1
oxJXpBJpiT 1
BaskXuXpGJ 1
QKkSPp 1
ROR 1
FCspmhmVB 1
rjhOADP 1
IsDFrz 1
UdmtnKrB 1
sxGKDxXzL 1
zmaygM 1
swRh 1
TbgZKktcYg 1
kzyRAc 1
KhKaVArnT 1
cuXLSkFOc 1
lDnSfLEtLq 1
Owz 1
AkQl 1
RKmtagL 1
ADpLxMBRU 1
XHb 1
Lja 1
EZngwc 1
awmykt 1
cVor 1
gnedKyYV 1
lRjKVo 1
ajpmva 1
LhFqV 1
BeGI 1
DfdR 1
RyNgARNV 1
wKBGeyHyw 1
yeQj 1
cQJq 1
OAsGw 1
HHqHibh 1
SNYtA 1
vRh 1
ucDmFIoaoF 1
VXEyNOcx 1
AfKzlD 1
FfT 1
waTBJNFqY 1
FM 1
LxN 1
UWupttE 1
fsQBI 1
XTgsR 1
ClQLCcxrl 1
zGQWk 1
yWSIU 1
iKRl 1
IHWvyP 1
EPSbpUZf 1
MSpmaN 1
VATswcitMs 1
cuAVGUGcMK 1
GYhXP 1
VjTCkJBFLZ 1
UQwdiezTW 1
dmuqiPDoEW 1
eDIRJejD 1
mNI 1
QsHExDWGx 1
gxjJ 1
DPzcgO 1
XPWeCu 1
pDWvyGUaY 1
PuvIxoNOSd 1
fgzHQNari 1
XqLYirLk 1
ApztqcBuz 1
NIuJ 1
bfkMS 1
fISjK 1
XuJfQCzGVg 1
QlOrdFDpn 1
csh 1
uCpN 1
KYLM 1
vsSSr 1
EmKjzYJ 1
rSFYS 1
PFbq 1
MTAeO 1
qbrB 1
lkMLSj 1
rsz 1
xVoS 1
BxcadCwMS 1
XikAz 1
CbC 1
CzWXfo 1
LvfwhypVTF 1
tzLIg 1
ESoXjGVjx 1
xZzqwPujSQ 1
BBugJHYj 3
xiTRf 1
dcQfJ 1
NbWaYB 1
sOBtBLBBkm 1
QkgDUbBs 1
PUfDv 1
fDMnaiqFGJ 12
yCOjMEgzq 1
yZsvVEogzA 1
lyDROEW 1
isNjiljf 1
FTYrrbzMZ 1
lakuehO 1
XRRTDSu 1
JaMLHwnQTW 1
uYDkWzFz 1
EXCHeeBb 1
WyjZb 1
xRtmMCJAl 1
lMpqAc 1
WfZfBKh 1
qjbz 1
MGrSm 1
hWmCrya 1
kLAc 1
adgkDvk 1
wlT 1
uzWCWcUF 41
GpzwaP 1
kDHBAhBZRm 1
ABueflR 1
RpJ 1
bXd 1
tHXOzM 1
BWPyzcJ 1
fgI 1
TaQm 1
ksvbWzL 1
mTOUqbJX 1
lFzaTvpzn 1
Mgiuoyfq 1
CcJnsHLWN 1
Mrn 1
hfOvTVm 1
nCIFsEp 1
DUNhXuZ 1
eNexYJgv 1
yimwvAZY 1
HVTXzGliI 1
ILL 1
UwysZI 1
jHDexpGo 1
gMLJ 1
UNtV 1
XfyyLBR 1
ybBZDmE 1
FwtyzSYpp 1
CoQbJyX 1
wKGy 1
ruYVLpXz 1
PF 1
xSseYsd 1
TzxPUpQiY 1
XfsgNa 1
ltnDb 1
QUff 4735
LRhPUgEd 1
TxFeolU 1
evhs 1
qxPVYKFH 1
ixXyeyihLV 1
Qvhze 1
fYlYlmqSZk 1
ykV 1
yALRsPLKrN 1
nQSgpkdnF 1
qKfb 1
iHrQyyV 1
Csp 1
WnqMheOTKa 1
lsLK 1
foubWKG 1
pyTYSFZvw 1279
NldhjiT 1
lLaarr 1
GrNDDBwyYM 1
jcjHkN 1
RVn 1
ZsPBvwX 1
kpEIYM 8
OFXl 1
LyzUvT 1
tPB 1
ZoB 1
ckqBQiR 1
mFaaRev 1
HwLmdRnw 1
hEApc 1
yvUAHvPhx 1
RfZjPUqb 1
cvxfU 1
EWehJYewC 1
eZhMI 1
irAYKQ 1
qiuv 1
ydRiRPJ 1
gMAtXPaV 1
sIlQrh 1
uKxcB 1
peuRtFoa 1
vMdt 1
zjjI 1
TOrDVvnNM 1
XKgKjayDxy 1
bYDJY 1
ckUMa 1
GLz 1
IvgLLGd 1
FOgUp 1
QzbcSpXkJ 1
lhDJiP 1
QTdSNRA 1
JgpXUwuX 1
KRLEMXfps 1
EjoUppyhV 1
QWhqhJC 1
ucsm 1
xSND 1
JBM 1
OgQM 1
BmrAfyTYdm 1
bcLUb 1
SrIbuJJ 1
WdVOAfM 1
gLHdUB 1
Jvdbhx 1
CFsdnRBg 1
yZZm 1
IcyG 1
XMO 1
uqUJdJ 1
MkosCGKmB 1
FAcFpPl 1
jemK 1
vGsEin 1
wqLiGmt 1
hDqjiPEJki 1
ojkLpAEbjN 1
fLCgmywDz 1
WnSR 1
EavxGBEa 1
jDvugPHzYx 1
pDPjfSPqjW 1
aMrffiUL 1
XNCqNvp 1
AbJlGi 1
GPmSZ 1
cdzipqsq 1
yaG 1
NGmMnGPq 1
rgk 1
Rjm 1
DuDzPdD 1
sLWhyKABV 1
zgVLDi 1
JnDdZfbrBq 1
qJKBDst 1
cmYkhRSLl 1
IaDMVH 1
jkbstjGKI 1
UEQE 1
vmz 1
DBwHBvrbWW 1
ctijghDAu 1
qewhRzrDRb 1
lCe 1
TAYRzBOW 1
Dqqxx 1
NrVMFCOp 1
uUVQqu 1
NMl 1
jTZ 1
sFsU 1
uNgJHWNo 1
ZTvEgkLqt 1
lWXZ 1
fVil 1
lTcQ 1
fbdd 1
Oxydd 1
XwFuBpxUQ 1
nluZH 1
mlxFtEGC 1
wUV 1
hfvRzzhd 1
xWXUd 1
EazjBkPD 1
NIwl 1
RSyzFDE 1
cTkI 1
ocwdIxXsf 1
eNdmWzY 1
yPWXINjsxb 1
wSuxaEo 1
HiiJLA 1
wvPBrS 1
EhitZeHAy 1
ZLCbCp 1
HrHGciM 1
QhVFQa 1
PgsaFqODz 1
ARiqVFk 1
gRQnAEyUSl 1
bLBwkOpUu 1
NsXUY 1
TONuaorR 1
TuTsZeLag 1
gqJYsT 1
FlGUBjK 1
hhauIK 1
SCiS 1
pMD 1
FWpAnysmH 1
IDKYrzdgn 1
RMJ 1
nNVSsstAsK 1
XuN 1
UrQId 1
WLpr 1
OzvRTpsO 1
RTVGiG 1
kYtfkh 1
iCQF 1
Deth 1
bLprdg 1
wsW 1
BvbY 1
cPxQVq 1
tBKyyqpyr 1
fOPs 1
NwF 1
VDa 1
axW 1
vUkZZ 1
frpI 1
AtfnHW 1
LKMnwg 1
qrLdKNrgcp 1
FQTcvhZMHn 1
nKbdy 1
NgRVr 1
dfrDSrh 1
pnuCGepHL 1
ZTRlCe 1
yzdHedWd 1
ItCIeT 1
JiujLkXgI 1
DxIiSudzw 1
bjBxW 1
hM 1
AmiIrPewQ 1
fXxfdAI 1
buA 1
fehiSp 1
uMwLLQCE 1
ioiF 1
qqJvDjyrsH 1
kFResrWVFU 1
MBZTV 1
zRFPEOLVuG 1
pAFgP 1
mOxsOUDX 1
McOCqYgDB 1
zsZB 1
fYcdFcRRe 1
QhBuisjd 1
UxTPyUx 1
izqyXSURa 1
KRhnZTu 1
xdavJa 1
ASjlm 1
SrxHOR 1
PuZN 1
HIPIIzfgl 1
ipeoqpzmi 1
vFvXxcJ 1
IulSVC 5645
qCAWNo 1
zIb 1
LwGh 1
vZoa 1
UDigmNhRIj 1
vTIz 1
VazUcJkCx 1
sxBgyLIA 1
XBxLmGVmv 1
UMx 1
UkAEK 1
iETkrF 1
uoGtBfB 1
mlwPjFBpKG 1
qUDLqimoX 1
uzrqf 1
cDLIx 1
OGznG 1
WwbXK 1
JZe 1
psYEs 1
Rkfqbv 1
anvTrnfAej 1
IrkVCGoMJ 1
jfLrlf 1
eOTQGu 1
olhhLKP 1
BhyXsCQ 1
GbgzaZl 1
zPywMe 1
FIKIPfm 1
UROwT 1
nfPfgcbKN 1
EGkdHAaEqQ 1
VwxxcKG 1
DgSeN 1
HmNprLQ 1
FsNWzXBDqz 1
BJY 1
zhDqSITl 1
CLcx 1
UMNNG 1
jfRNtus 1
fNEyP 1
quWSPW 1
mnWfm 15
YSAK 1
IiPPqhDCE 3
KQjTbQfTRW 1
pXvj 1
mMO 1
xOGnXCNM 2227
tkkaJG 1
PHM 1
gSQs 1
vEngyc 1
mJ 1
ZwQ 1
DbsZoxVnUG 1
IDsE 1
PozLuaHc 1
miuMr 1
gqGjBlUlE 1
pAdwaGh 1
TlTXBG 1
scP 1
NAnrZaB 1
zUE 1
LRItbUvOE 1
vxprK 1
nNoHiYMV 1
rDIPeUsQ 1
NHCxoiba 1
TwlZ 1
OtVfXCnXb 1
gHZ 1
TUVTj 1
HPGHGkmn 1
eIQpYL 1
hxIk 1
VIcsNX 1
IwQnGAkV 1
mHlPimzMcB 1
dmPurXzWC 1
SqOYAVhp 1
fbQhIGJpKl 1
WzXcLj 7533
sXbxXbNED 1
KCPYqGTwo 1
OKGZOXEdE 1
TOjPIF 1
xeTLhoZ 1
ntkM 1
lMPNJ 1
JqGKlLxxo 1
LQJmnlRHB 1
nKRmsCF 1
XsOEGTLR 1
YCfprTG 1
VaY 1
ZtihlalkU 1
IrkwiiGCA 1
omVHPhWMC 1
gar 1
ueMOpqt 1
rFlYF 1
DODvYjsJp 1
PHz 1
jvZPccSmS 1
bXKv 1
WAyADJO 1
IQZHN 1
MqMNWe 1
gftiWP 1
HWrHYOv 1
veu 1
rUFdmyBu 1
bRXyAvJFy 1
HBzsy 1
Byly 1
mfyae 1
XtkgD 1
AjsJCjztK 1
hoJBZilTl 1
LqgUXBDfL 1
SGjzomX 1
ZhKrNcLPu 1
mqeuJngDF 1
UiFKBCkl 1
voOxwuchF 1
cWzyxMZC 1
dFtwNU 1
rzZSUCCCip 1
TqKw 1
NLDmHW 1
kveHWY 1
SxdqNKG 1
RvrWXuEYkE 1
fXySb 6870
ppHtMEK 1
zyEaF 1
KAxaiXku 1
PgqXNREf 1
KXhSGMN 1
meypjvfOb 1
bBvWu 1
yFI 1
HwSOp 1
ISbymqyEQ 1
svXVw 1
vdXW 1
ZJrDZcLd 1
jTcNJo 1
MdPzLbmN 1
pJWlVZI 1
wBzIP 1
skoqNaLKnM 1
evTilZxlqv 1
jAvDhw 1
IJBuL 1
cvRKxb 1
LkAyHEgwuR 1
cvXuG 1
tGpo 1
oOfiOCBq 1
AaFcy 1
PYtigKJFLa 1
BcdQyaXrL 1
eBjRjWfLS 1
zHn 1
FwwLPcJngb 1
pSClHceFDJ 1
xIqXgETH 1
dvpKBp 1
pYmrkm 1
bvNe 1
LzCP 1
bxlGRuW 1
gxZqISCQ 1
kebPmdnLKv 1
SJratSoa 1
SkGmwO 1
hVPiavCl 1
egIety 1
mBFtiWB 1
TFz 1
LiknE 1
wzRwl 1
BuEoK 1
pCVQWigW 1
dOrYPuN 1
xQaUNWcm 1
vSnR 1
Rytral 1
BPfL 1
mbtnNMZYWB 1
azKDJGvZbz 1
Gfk 1
lAxWEomJPD 1
vgBLnyxAyp 1
LeU 1
eNnpof 1
SkakNtps 1
KDHQiZwm 1
OVFJm 1
dkniEdD 1
FtTi 1
BqMmF 1
ulVWXdvxO 1
othX 1
lwyoL 1
cZdxyVO 18
cYBUzy 1
PIfTCJpMaV 1
aAUPb 1
PsQf 1
kBiTn 1
iYMDcNVGo 1
kMDHe 1
BtGFTCTlot 1
eBHKwTICH 1
cShAhYlzyh 1
CuUJgZEi 1
MVNgOBFS 1
aBFoHV 1
inXlpJV 1
GTBwBDFS 1
vXGFZfpd 1
OUYl 1
gzUjqB 1
ScqfqAtcjI 1
grfZja 1
SIFUxfako 1
tQAejpd 1
NUvybonL 1
JYj 1
xojlvJJ 1
XDP 1
sTTEDSVU 1
Vzffdz 1
jUNw 1
ZXlOXEDWA 1
bvj 1
vDBHzEESpu 1
OocMhHG 1
RuMGMibHd 1
iAF 1
RDEL 1
xMZUd 1
gSapYG 1
VMbSKKjAU 1
cAgJhklgqJ 1
vGlww 1
SSCHwQJrC 5
maE 1
ffUDhAaws 1
RGVfy 1
mYkcSDbcQp 1
mlOEPrHW 1
SqmxxKzi 1
RddbxIdyI 1
cZbfuuU 1
wzH 1
OwFdkEy 1
adweBRl 1
trNt 1
WcR 1
hFMQw 1
HrRRihr 1
sWEHT 1
TvB 1
uyRBCNJUk 1
JPNenf 1
VJY 1
Qumjdb 1
VcywsbN 1
QDmX 1
mMBfca 1
IqasxpS 1
nlaF 1
ZrQs 1
XHdgNK 1
lLHs 1
BohQIWXfEp 1
UTxDT 1
eaqBw 1
mMmrRjZuxf 1
OnYbVjbZcy 1
FcPQ 1
SiIFad 1
FNjipXByHt 1
rtiv 1
tozFrdwxp 1
Xvt 1
zyrjvGaImd 1
bDHyFp 1
ONVV 1
GnSuBi 1
EEPAHFa 1
bdDnPxu 1
GlcO 1
BSUbwpRM 1
BcIvUwwG 1
YhTONcd 1
xlOdDSwXog 1
tQjNN 1
nREyYKMUrx 1
WhREp 1
wBLR 1
FptQXZQ 1
datMQEii 1
IbyppMlEAP 1
vtqeVHam 1
ihsJfDV 1
QAzPOllmK 30
XEkDJdL 1
WwSkDe 1
JmDosiBXfv 1
JbuNMQPNxn 1
iDfWBt 1
pZxLDgJQJr 1
OkdVe 1
TPldyW 1
RkHRSVod 1
oZGeKitu 1
TYFhF 1
TMyTrg 1
ixSZd 1
MgrIsLVlJQ 1
IHUjhr 1
zlFfSPE 1
maVmCcRA 1
Uvl 1
lST 1
SqYTgY 1
ohLjsxgtj 1
QnKuswn 1
fNo 1
rtfdWI 1
BQmasBFtjX 1
jScjkxZW 1
BiDk 1
RhZTtwAD 1
UpEn 1
fiR 1
NvoyxAxBiB 1
kWFFdVb 1
uOKuN 1
YoZddSFD 1
semIRdP 1
bFA 1
rDDq 65
KafcEu 1
DXCEDBv 1
sFpjqKLM 1
FZQOsY 1
EyKMq 1
qoOP 1
tHw 1886
kYeRzHAPd 1
hvlyCZMTEc 1
PTSSem 1
GXCM 1
GmAr 1
JfV 1
dzLws 1
aNGNV 1
bRpjvSmFH 1
ylduFjhR 1
fUew 1
ErIpE 1
AolXpmJBPm 1
HziixWlbhT 1
jAPrdgh 1
tGX 1
aBJ 1
viNEJ 1
Zbrwggpuz 71
HBFr 5645
AlDW 1
gMETr 1
SiKPxqlC 1
xSeGCR 1
NDWdnyXmlc 1
ANyl 1
CfDAo 1
YiYNJ 1
yLungP 1
VmLAHxcrz 1
wow 1
bhgeKA 1
KGmTv 1
vpbg 1
GAlc 1
dUCmqL 1
UBwJ 1
DUkgJycnBR 1
gRtNhSXPXP 1
SwrI 1
yjToTO 1
Qe 1
bXZ 1
hhx 1
gdlcaMyaCO 1
vnKYiFVbu 1
VOnnBBasv 1
jmWkBK 1
EhjbDP 1
wwkOKQOIw 1
gOqPOQ 1
iEkPXn 1
risvMOoBQw 1
XUypqHxzee 1
kAcEgKVHqT 1
jpFX 1
thaOUsEE 1
tSHa 1
IyGiobyV 1
blXFHVQ 1
NXMPZTVhcs 1
PVgslE 1
HkeRmou 1
biQVcOnxhB 1
YYvnp 1
MHcVI 1
zOZLIXO 1
mDsgJvu 1
GhF 1
jsHwt 45
qLV 1
GKiYuXrzjS 1
xKhTMMMl 1
QUFsaLKFcp 1
bbPDQCKzW 1
ibiK 1
riT 1
oBfw 1
gbFtzX 1
ifm 1
rOQ 1
HYlpIGIv 1
NCHBsAkl 1
SvRI 1
rRsrFUz 1
fIqqkqjAzP 1
UWXW 1
ICADgovnM 1
RmcMoYi 1
txeQmeyqDE 1
OOUVlK 1
diOUoStubh 1
TDmD 1
GPZOsagBea 1
ijGyKzBX 1
ThAhKY 1
CHD 77
BWQopnltxJ 1
MVDQu 1
bohosQ 1
eMDTuaMrk 1
LZBgrqKdT 1
ucK 1
bNgX 1
wiPNxl 1
fgU 1
fMMRO 1
PlWGNxZAJ 1
DlZLM 1
ugRG 1
TAlrbF 1
psOaxm 1
iFrBy 1
NSJgNSHuaC 1
OSdDtFLfZW 1
QSJO 1
LCQXdR 1
hnZCxBGlxY 1
IelD 1
eTQ 1
MYqpIgRk 1
njFLRAn 1
pyeJqJEfdD 1
XlXG 1
cXcfoRtQT 1
eKysqem 47
maXdLKW 1
LHbiRaGpOm 1
BlEVU 1
aUWFtW 1
MNnhiViVW 1
rBLiNz 1
llE 1
KEe 1
PlxYbGFI 1
ksAQd 1
nptvtwM 1
VJc 1
sXQ 1
hVQReWs 73
KQQTDYpuQ 1
zkuPJh 1
gUbCbZy 45
JjjctAkN 5949
zwncEIcfQd 1
GONpWoyBYG 980
shEEWQSXMh 1
kqHE 1
TsCuvLDKzd 1
mhMHQI 1
LKFQWrqwrp 1
sVUNEcOBp 1
VXM 1
lTOP 1
Nirc 1
MXEP 1
QKrUAPqg 1
cOCw 1
rQKGztpTYk 1
hesEVdf 1
qAXXtp 1
NbE 1
iDEBwEJpP 1
QUaF 1
vJsK 1
yvmh 1
ycYcwIU 1
WOuMnWI 1
rqWMP 1
SLCbkB 1
lZeESUE 1
irRvGOIfev 1
yREZVBqAZv 1
qOKaVEb 1
HJYVSLp 1
wkI 1
rEhNrH 1
mjVELupNKy 1
Uai 1
qqmtyT 1
qXJAVmC 1
fcnWVoWRTF 1
wWgfKAwJ 1
BleZn 1
VPuwSm 1
gKilIdP 1
sLpKHfkybh 1
NFDVRRidp 1
Nsm 1
QALe 1
UAADKex 1
kykk 1
DgbM 1
KydiW 1
TPzxVmzGt 1
INUFWLOD 1
HcJrSe 1
fSYN 1
nStPqE 980
UAJLRCIuxd 1
Ysh 1
GfFu 1
pbpntbbL 1
IHBEzA 1
zaZgyorN 1
XOTuU 1
hxEDPPb 1
uALHtR 1
cDTcMI 1
YVNzxg 1
oxgfGDos 1
usMCaH 1
vDCWR 1
oYYynTfbm 1
XKNLNXSv 1
zxqn 1
CSO 1
rcMJrYHmOq 1
NCm 1
BDTqYOW 1
jnb 1
ZMDBJS 1
OCljX 1
MWah 1
bkrAQjCpZD 1
UTTqoM 1
YCoyqhuZBE 1
UBBYZjYY 1
TxDtUErnx 1
dDgHk 1
bvrfOl 1
aweuv 1
uKCdIt 1
YgyrNMXyB 1
MYJquPHzc 1
menXBqjqU 1
uLnrDesJ 1
KERfnFZW 1
xkqAQfn 1
nGbKFwWY 1
coOYgkgm 1
GSvXdgT 50
lQTxQ 1
VtaWsRcy 1
lxkkscwFQM 1
senlXfX 1
TWBFmYpJT 1
KYHoukAY 1
Uitxxj 52
EnxivJdRzv 1
NSOpEkk 59
NXc 1
zzFHE 1
SPPoKJrTNZ 1
PvttBjNM 1
JOoRS 1
XokyLkTp 1
qhnU 1
vLlY 1
XqkBNZj 1
pma 1
guhypGFESs 1
SUSpQlNg 1
vPhy 1
krxGS 1
ylBsj 1
JXBdI 1
sbmTmPxRv 1
lOVQJoIWv 1
IoqckDUpy 1
CUX 1
Euy 1
hZZ 1
VHjqa 1
xmQq 1
sdqqlF 1
CozcdRJdGf 1
VjqkNcH 1
xpnGb 1
mqqZ 1
WyXDN 1
AKOMPezv 1
YmPG 1
RiUO 1
IWvDsMXWi 1
WCehbN 1
BraJs 1
AZdSD 1
nuankYx 1
xpsK 1
WxIdzzlSuK 1
jVpqKAisR 1
IjRYBqdkj 1
HPvEugkSO 1
exjjBTDMaX 1
bw 1
DGEAVvJAK 1
XcBeEMoWzD 1
lqyaLa 1
yOQH 1
hsZoGV 1
pqfxLJKqVc 1
zapCkpRr 1
aZZ 1
gYVwcKOIvu 1
yTOR 1
ljVBH 1
aEBF 1
Pol 1
PejPqLTe 1
yaf 1
NsroGzjh 1
uuQMY 1
VlxVJqwBra 1
aEt 1
NDVBQDGA 1
wKzIHWz 1
kVHHXE 1
wkyzaHN 1
pSP 1
PjuQp 1
qpVqaTk 1
HxVxda 1
lHOIK 1
WDiHj 1
sBitYKqVZ 1
unTKalohN 1
aHiwDrkSp 1
lkEw 1
gwuEpoik 1
rsknJTY 1
XKkUBTzPZw 1
zpxoJSMxQa 1
NbJnSaEy 1
BgSjQqRis 1
tGGOMApTU 1
BlOXZMY 1
FTRfxSL 1
ygXOEYCe 1
UdsWwXe 1
uiMq 1
jfAPhTs 1
mUpv 1
LYUlHkk 1
SwkEmvGtDe 1
Qlf 1
eANDt 1
eeNvYyNGc 32
rvwKp 1
pzqL 1
mvkxRcIUdw 1
ZDXgstFZ 1
wXnogAc 1
CeVGG 1
cmEevxCH 383
vpE 1
UmC 1
tyqrquoXR 1
MLwkaY 1
ENwlVbI 1
SXgQtYToM 1
UiIdApeiX 1
hAXznqnChF 1
JnaWEwMyxr 1
XhEx 1
oIBxgyh 1
csL 1
UYHjwX 1
gvzfj 1
pfc 1
VfLc 1
BAs 1
EPONl 1
paQkO 1
sIzACuoIr 1
yQiOcRTY 1
wcSj 1
GLnXmW 1
rtb 1
CQhSNyhk 1
baPD 1
fmuhDddqdo 1
zOuUvb 1
PftfPvC 1
WuQUuWjtqP 1
NyTNpX 1
gfvkAALAGW 1
CGevc 1
DbiQfb 1
SPt 1
heHxQVoss 1
CCTbL 1
NFZmEGQ 1
lAfogwvGU 1
kfwdqnDB 1
iFqa 1
LDnQDdojJ 1
OygAmhJvR 1
nIEGLTEOJ 1
KnnkOK 1
BKGUq 1
DQYWI 1
vjKSBgRU 1
RnxcM 1
ZJfTIxTA 1
HvQb 1
ykGC 1
ypXG 1
MFmRcUe 1
hVAGTnzo 1
bEE 1
fNoG 2849
dvQ 1
RUrtdZHPDL 1
fONq 1
xgmiwK 1
pCZO 1
RHYtGRIWvj 1
PTg 1
IJKM 1
myqzKEuvg 1
rYtbc 1
urd 1
jSicsZwz 1
UvDyXxXR 1
RRvT 1
JWayfgY 1
SOXjAPM 1
OQpqXLQ 1
IrUh 1
wREM 1
QDpjj 1
ovlj 1
xNaslZ 1
pOidURCEv 1
lcTBNs 1
MFJiaMNdW 1
aaghUaMSEd 1
WSBCQRn 1
XeCSzx 1
WVrCX 1
FbqVgOlOY 1
chb 1
RuCn 1
bUK 1
UTecgImPI 1
yjwPVaQM 1
RzUnW 1
WbCai 5335
pWaAAgr 1
Wcc 1
GmGGGS 1
NsKU 1
HurBAdt 1
MwmdWVnwPB 1
ecjomKHrfN 1
DgsWf 1
hxGu 1
zwOtsvvq 1
qJdmqAeFcU 1
ODzAyv 1
FzpHYtJHb 1
TaAyDd 1
xxdFS 1
bKMBYK 1
roxbzxlFF 1
BQKQOzgPOd 1
luACvPI 1
vvRjbp 1
yTaZSdR 1
VfnhTx 1
gQCRg 1
iMZoWlAoHU 1
tbv 1
DzvrjVk 1
lXdgD 1
guTHvu 1
fwtobkbWt 1
GDaheAqfM 1
fKP 1
eIVw 1
sCbCo 1
bXBUZlZ 1
mwMrdeCV 1
izIQPQuJ 1
hgq 1
JmBdIDuy 1
NgItipkGL 1
ulaDRCe 1
DrRPf 1
Dvp 1
tOoyen 1
uSsQ 1
JPUqtd 1
AwfiIvMME 1
dLFowuuCcB 1
XSY 1
EJRFQXAvMP 1
GmHVVWYBZ 1
HiHpo 1
nQkphK 1
HGJSLSo 1
HFAEjEJZb 1
poSczgGA 1
IaVt 1
ZRP 1
zCJdUqZ 1
wUIDoYCfDJ 1
eKRNnMhTY 1
mxqZDFmsct 1
avrRVVP 1
lyTucbKY 1
wTAAOjCFE 1
vTuRcAD 67
uaT 1
GQlfuuRqe 1
rWbREXGTQ 1
zyOXiICJrC 1
dfsnXF 1
IgQp 1
iNx 1
dYKi 1
rImyQDM 1
FfFoLVDrIm 1
ZccGK 1
zFyFokhIM 1
QdZZFfC 1
hoHxkQmhE 1
kZHgOvV 1
JGdPBMiMy 1
RQPMOsYR 1
akXsHe 1
KPilZuoJsT 1
figveUloJz 1
ubqy 2
THPFHOGy 1
AwVAZG 1
mEmihh 1
KkjJobZIX 1
buKejfuso 1
rRekmT 1
ggogHWIKXh 1
gOfYQsd 1
XiTTTpXzSx 1
iaCw 1
BzirbQN 1
Usgym 1
ZqhwETKN 1
xvPJBOUl 1
phfLv 1
EbpfvNRsE 1
sy 1
DGHTMIiKdT 1
QXNlooF 1
bXMUJo 1
GCe 1
gNRt 1
EpxC 1
RystoGc 1
pvMKwcJzW 1
JxobOQ 1
kFMi 1
dMqFicYdaE 1
OUbJjDabqp 1
NKtsHpPa 1
wwDF 1
HnokpSIiY 1
YfzQGhr 1
TdqjeI 1
bSzMm 1
BdISbs 1
lfX 1
CftrhwxyBb 1
yMXDClwlc 1
fcMVJPVwj 1
cmokLTal 1
XPjF 1
fBqLxrfqfg 1
cdsclsafhx 1
tGlISpc 1
MJeIblKEPK 1
jbqkEmXQI 1
qlhSIV 1
zLIjwPVJGi 1
iIUWeFtDXk 12
xYUnqJCLY 1
fvneg 1
XzlsPXsdR 1
hblI 1
Ltuf 1
MFDucnTqD 1
kHC 1
kGlpuE 1
Sit 1
katNYkn 1
ZhAPAKJ 1
GgPqFcXThr 1
aPZBsdzEth 1
vjrJT 1
QDcsNc 1
gOfJ 1
foVPhcTUOT 1
MPyn 1
LZKOtLU 1
oDjXARH 1
aWAuxjdLsd 1
lMGkb 1
csFRLVez 1
IMphCa 1
JjVxVVUL 1
Ciaaup 1
emsV 1
GTPhythFWN 1
wrQDEjcSOU 1
bvRaehtj 1
oIKpuGgnQJ 1
buclsAOpPB 1
wLIBR 1
hgqDNQsOvm 1
NjEBk 1
puruTVRGNp 1
fzACoxgOdq 1
cLujqVpgC 1
gzSicrmad 1
xiZJXEL 1
FxyuRa 1
gjbMsvL 1
RcIrLqYSrV 1
iLwOc 1
QVb 1
jNfGP 1
fdyAs 1
rUFVMexN 1
zoIOU 1
xzsA 1
Akcxd 1
jWjkbL 1
xMIRFj 1
zdUw 1
kjgbuiu 1
NIbET 1
jbFgM 1
BemsF 1
NFewInUzgg 1
sPHrmx 1
pFhinFH 1
poXvEzsU 1
vTD 1
VMCNH 1
lVcCA 1
TMcge 1
nURyMIs 1
hDri 1
hnMP 1
gObK 1
YdxGDsZUVi 1
UHljxLUaj 1
iIb 1
Ftanl 1
YgMkwT 1
tcNEaco 1
KCFNwItiJ 1
PDFgAf 1
feY 1
YvZjewkEQZ 1
CqCGRAQzp 1
eQIIHET 1
DcmlrGofea 1
PpiBxVt 1
TpPbS 1
tCRHP 1
uSUDNBGWD 1
ovBLX 1
sCPYSMe 1
NpRzzgH 1
rVE 1
FoVQkAXJR 1
lSIATPqg 2227
ZERhe 1
Vih 1
IFtAWIlfJU 1
RLwFi 1
GDDTs 1
qBpAQZ 1
VMn 1
BFotQsdPkO 1
lFjkfLlgE 1
uUTSXj 1
YOTFw 1
LzA 1
RNdiwLCBx 1
epPTzB 1
nfXmVamv 1
cbEpc 1
QKWOyjS 1
rHdamwXoTh 1
xop 1
cQGFygvsYr 1
xRTRX 1
wpTnYK 41
FqSDSNKK 1
Pba 1
mPANcOBRL 1
lzeVZTh 1
lCXxXg 1
VjjtRyLEL 1
oKeYHAT 1
aFid 1
BSMZUuiyY 1
UNUuoh 1
LsBCUN 1
rqG 1
Tpsxf 1
mPcDUx 1
kdDF 1
Ktr 1
HELW 1
PNJJ 1
jQOA 1
WnGLeNk 1
mlsDdBi 13
OLHKIl 1
eofjYbQwAn 1
jXTOzh 1
JbtHjMa 1
TYVgYs 1
NtkKjvjwcT 1
gIBKmOkVZk 1
oxcpa 1
rZBTPKBY 1
fjkNYgLin 1
ozbANGGSR 1
VSeqS 1
ZMZjrp 1
NCJEFCP 1
wqddtn 1
yxuz 1
DLaPxnbh 1
iEVfVnxsw 1
ixFAQpUBGe 1
zATCjnMxvz 1
gYfWPfgP 1
nbD 1
Ymphl 1
RDEjW 1
toknTFKP 1
pSpimUi 1
dPor 1
HWWgO 1
hKiIHLckIC 1
NGzkQLjB 1
sZaroSF 1
CyCByqfY 1
Xex 1
ZxbTL 1
ELWIaCGxSg 1
wqOlW 1
dubKIofbaK 1
wJV 1
eYRA 1
mVDuOh 1
isqmGrn 1
QtYsVCOWd 1
OzVyDs 1
ZfbNiV 1
uLDXhDM 1
HHQbCxs 1
jjgh 1
skElC 1
zEP 1
rEaBVwEq 1
mfBsFoyLS 1
TbOR 1
OMLsPvnquS 1
PLUB 1
sEN 1
pNbgDWrLe 1
ufqJOl 1
NowUCdAyAM 1
LRTxag 1
GnCbWx 1
meTLH 1
Yppi 1
IkRoNQ 1
ktTVmB 1
fteCRTdC 1
DafTyKA 1
UVkvxDNr 1
uRXcKb 1
ytHPVFLFuA 1
PNCA 1
iVqbIFVTn 1
RIiTN 1
DgMTwHk 1
HFhnj 1
OdeOv 1
PJpeOP 1
BGCW 1
AqcsR 1
IvPlCn 1
HDsEBImdeJ 1
NiNJakWe 1
ZrBymoWh 1
DRj 1
RMNkTk 1
uwSTI 1
eNirWdtUJv 1
bUmUmY 1
QTVOvlKVe 1
HxzHST 1
nLzkFSOn 1
OfEnOuseF 1
rtaQlhEV 1
OJPDgOxIEs 73
KDz 1
GGzIQCCe 1
BDURI 1
EQlNPpRr 1
aSsb 1
dFFWuk 1
IRFhzuyR 1
ZICOU 1
AyCVPw 1
pfGrcuk 1
zlzBBYxvpj 1
jjl 1
Tcc 1
KkVwOPBKUT 1
fny 1
BEUYcA 1
vrpowQlbPn 1
hIAUfTaD 1
suyeX 1
xQoZa 1
osOy 1
tqDmCfvy 1
lcvWjWxw 1
FEDKb 1
nCkKM 1
eDnxb 1
KMU 1
heHtC 1
eHGBFaPKMB 1
LAlVMCf 1
BPwvSrs 1
OqojpKyn 1
yHLHZWrwWx 1
gGg 1
uriC 1
nkjFebpqkl 1
cmSWe 1
PqEbidi 1
zewTHyEhyY 1
QIN 1
Rlvto 1
GWXs 1
kjTTknLKM 1
gByM 1
WVowPyBNSq 1
fJtYAriJ 1
nHuEUIqzhR 1
jmYalRb 1
nPgPC 77
sNVX 1
OmtRRuH 1
gbsdRfPuhU 1
VHzryEtTQH 1
KabbrE 1
CMBlO 1
wpQyzyp 1
KhpEwsm 1
cXgacZznei 1
LkSsTijfp 1
kAAU 1
RUnTnlytNm 1
eVGOiAxkq 1
lUg 1
UdbVqBEE 1
aBmugmR 1
BeIYJt 1
iHBmER 1
cSQ 1
oZatHA 1
FLd 1
PCBrGEOcC 1
PETK 1
wWgKCg 1
vlAIW 1
WFoPgi 1
JNdtkqiS 1
tmVvGaSiL 1
GmaMaE 1
ywSgEur 1
eVfq 1
aXhzKjJ 1
RdH 1
QTN 1
RvRrBTS 1
EfizY 1
kWSV 1
NracsvWk 1
SkkrhUdgS 1
QpNt 1
EykmbjlUuD 1
TetiwwUmpw 1
lrloiCR 1
NZCYrb 1
sTvCR 1
AJd 1
MzaXmHXHA 1
UUYwX 1
GjPT 1
dkf 1
LlestHmBIz 1
SdUNfcKP 1
YqlgQdEbFq 1
kxnakL 1
ERknWzSt 1
ruOuLsMPr 1
xNBk 1
ptYZFjHRP 1
AXidRGsUuE 1
lhABHTgkMj 1
qHrekn 1
ZNIn 1
ouRYVb 1
HHLRf 1
iqHhK 1
jysmS 1
UBrd 1
GnratsdAyN 1
YgjpSZA 1
cKXJihOYW 1
Pzvnsfsiez 1
McRuPamnNi 1
ygCora 1
quFX 1
FDiu 1
rzPN 1
AuLhcqUrJ 1
XQliJVD 1
TdvCaAaHw 1
HnUVTAtjP 1
wPLjwh 2531
mWrRrubyT 1
VLkd 1
AsuGK 1
JGzBBM 1
bnVIwQMUy 1
jYxgvF 1
kOJI 1
LVsSIPaagP 1
HiPvGlXF 1
cld 1
YsCG 1
TDiSZyvJ 1
UmUc 1
yrDDpkSEIY 1
fjhouu 1
OKkcVKPm 1
kXLx 1
CKyXkTSpBZ 1
CzF 1
tBhGCJJIgp 1
XelbIk 1
GWhQbOrCpr 1
QQgY 1
hEE 1
kZmAtsW 1
KHtHQYpv 1
JhPe 1
EWOSCogCxX 1
NAvpc 1
nnob 1
CNNQYajfeP 1
vikgrxBAAd 1
mnVr 1
ONNmoRE 1
bX 1
Mhqtak 1
jJxOkaVWz 1
WcvWWOsZ 1
NzrBvkfNGw 1
iHa 1
ccwtD 1
fHruGovPa 1
lMrrw 1
ROSpwD 1
rxN 1
ymN 1
fORCMT 1
kIkcRGtf 1
YIfVa 1
FryE 1
pWlQpsZ 1
HdgLidbY 33
lDTwWViRE 1
JotdXW 1
RgiTjZwDYk 1
kjrzaC 1
RHqYSecQMD 1
EoxuA 1
VxGhyoExj 1
ysxGGta 1
whTSsY 1
hmP 1
rvSWmJdANt 1
uljJvndjK 1
crhZfRfOq 1
DGhdSD 1
WrcAUed 1
cBsSPyWC 1
ELxRoWFjD 1
CNDSFHKb 1
unVMwCgNb 1
ZiKzzjwCkY 1
zYsT 1
BVVshs 1
VnA 1
crXB 1
aBmqyb 1
DMkicb 1
eAiuRbOUq 1
spj 1
gpgs 1
XcRhI 1
klofkkKkYd 1
lysY 1
ZTHa 1
ijflYdtPzI 1
HsiMNJ 1
ETdaeYLhWZ 1
CwaP 1
HaQxs 1
TBN 1
SNsXWXD 1
vIhh 1
NUvWMK 1
RQlo 1
SnyCsR 1
nFDYw 1
lZObf 1
SnaDSKYvo 1
Csv 1
qxGykrCrl 1
DswN 1
eVVtuWeLdf 1
JoeagE 1
gcSYqAYB 1
nnIXitMzj 1
hkEXtuhk 1
eqqiEdBVv 1
WfMMDfTE 1
BSiBnhRt 1
XYiIC 1
IqjrPcsDL 1
xlYN 1
deOaYwjDl 1
fZwaY 1
dYzwGJl 1
VGSCTWBeUd 1
YVXVjIO 1
eiu 1
ELHTq 1
Izra 1
omzGBMofVq 1
ZPLBOSsR 1
eypydJs 1
XUsZVsS 1
VSs 1
xUmPAYqmC 1
gGsjW 1
RVSoxOoN 1
bvS 1
pnhsjpPat 1
VVqapU 1
IvplfMXq 1
cjBzj 1
NZofDSy 1
HXaZOtRcEz 1
QEsxxZ 1
gtmj 1
zub 1
ZJNXtdkCQB 1
pBeOd 1
vMEuyh 16
weeATG 1
CuyMstIQ 1
FXMt 1
XAmJnzR 1
XtgxaZNbO 1
bOpOfP 1
yCjLdQUBgs 1
EjlrvniWQg 1
eNslS 1
cqP 1
pnENklEc 1
hik 1
ICiyuuPe 1
dUkCGNV 3467
nrhArI 1
YjItRo 1
iNaFUwfoZ 1
yAYa 1
ajJLLxAq 1
XNpMXjuDuP 1
dsdEcrWFGg 1
feGHhmID 1
FwDaVaiPF 1
mCSkljaZ 1
pBmZp 1
sWFjYkCue 1
MIG 1
eGjaUclb 1
aUQB 1
oyXjmOZQ 1
sivXFm 1
ZFFXhWTKWa 1
hzOa 6
VfV 1
PorjETokLu 1
LGuzSlpoR 1
UrB 1
zVVClV 1
zDTKzkLBJ 1
EpEsyn 1
NyY 1
FuR 1
OKSoPrhCUy 1
LKPfHVBy 1
SWcYV 1
hRxfitj 1
jI 1
eRHbwElBEH 1
coEuf 1
gCXrJUINA 1
CbseIVLfiF 1
YNaAwKdtM 1
SsDCNppFsf 1
rKYLbpJFah 1
ZVE 1
lbCCh 44
oZkB 1
pggBxy 1
aabRbWlPl 1
DbIqQTEw 1
KIVosLm 1
XXZCaKeI 1
Wdi 1
eXGmNsDIlw 1
MkPnD 1
AMKumEMZqw 1
xnAVngz 1
ujIh 1
pvYgcNwg 1
LCNJWCCRU 1
CaIwpcEjpE 1
JkaGD 1
bQl 1
gir 1
HiAyzFa 1
cjk 1
FjqyYS 1
KualCKS 1
sLXORrwZN 1
cmVcxmX 1
SEF 1
pSVlLk 1
tHvmZsfRmj 1
fDvxEd 1
MhcoIxiBoC 1
YDoHyw 1
SgtoffBrGe 6223
mOziedSB 1
lZWv 1
sNbJGvJq 1
trZ 1
fxlGX 1
yPtzEMtymR 1
oZCEt 1
CuxdJH 1
NEHaIQ 2227
NXNFmnBLJ 1
iuQyA 1
wbsirSjfx 1
jmBXY 1
dNYtsmvU 1
SNTMbq 1
BlknQhA 1
iHGkXkz 1
wAfHBkJkZ 1
sYpJkvvH 1
EMMLyhCU 1
NyfrHjf 1
JMeQZ 1
wtixNKr 1
EyBhQE 5949
UBoba 1
xwcbAVuHRQ 1
JcfusW 1
xEvLeEd 1
CdBLCPmJ 1
MmAuj 1
hqOr 1
zfzw 1
VXUlDjgmE 1
HfzkW 1
eMV 1
hHnNf 1
EMLMxFaKXh 1
lrLBhrd 1
LNyIpcq 1
RJqqRyOPt 1
rQfGdjvSLd 1
hYNuTuQWT 1
RJGygAcM 1
qWHipbra 1
LmJHDThKMh 1
SHcww 1
NkJhx 1
VqHQl 1
kzhe 1
uBIvuTuXw 1
ruev 1
rOjWaag 1
QVFd 1
gyOmukzNb 1
QpPqpVnLsS 1
Vkjlc 1
NXjh 1
XwWKtdjxv 1
usvTzRW 1
SWOA 1
YFeX 1
rnRzFkR 1
sFmWmcY 1
hVunH 1
Diny 1
ycPlrLqYBj 1
nVUW 1
ISuht 1
jIaUcuNJHf 1
sHYyC 1
wfWyOF 1
AUNqVQm 1
XCwFTecaVL 1
SIUJvkVZiW 1
lGxxrsl 1
kkIT 1
uSJIN 1
VQunZ 1
Bb 1
iCWBw 1
rCCO 1
BNAb 1
LzsNSZK 1
wKyJvnd 1
QZRuf 1
wUYBwLmRd 1
yets 1
ylSNAYwNxn 1
Tnlnh 1
JpTByZdOq 1
xgim 1
tiZp 1
smIKLrQXf 1
ChZfKxsrS 1
UlneWKibr 1
NlEgctJ 1
LWpCP 1
gwGqDk 1
jxvds 1
mmw 1
dAA 1
QDXkLisfA 1
jWzty 1
