dEGYPNBjz 1
xYFNTmJ 1
WimZgfOY 1
HZWlxW 1
gshai 1
fQAct 1
CRrvCkP 1
zUkFztd 1
NuHslt 1
AxXFhaCZ 1
ThBva 1
wOCpfseZFU 1
zFC 1
YDY 1
XNPsdQQGi 1
MyX 1
fbTaQUHd 1
XLjtdsEp 1
FKzTEU 1
FeBMm 1
vDMvG 1
qWktBhdFbB 1
HjRiK 1
rMkAN 1
NZUz 1
NweDz 1
dPHk 1
AqRyUhVcgz 1
teqhWFQtq 1
pPBlAMb 1
HLiNNjjHHU 1
OVX 1
fbHGmYHXJ 1
nrnzhiAIaU 1
hBkRM 1
gijvxXy 1
mlWPGm 1
YCMJkuLSdC 1
uTdyTB 1
kkAfvs 1
QnNt 1
dmEBTQTW 1
hctmngJDrn 1
wBndp 1
faaBs 1
yojMWn 1
QEGPwKnW 1
ilsPKGGlbR 1
CtotQMVgwM 1
VYVcQvvm 1
HFM 1
UunMGf 76
sYZzsRc 1
UyYXK 1
fiAPQr 1
mhqFzLehuR 1
lHE 1
rbwzkb 1
Goqi 1
gxAkZs 1
qIvdlnx 1
TfzmZeh 1
uvrqsNfgH 1
yyfnjsUXi 1
jGAw 1
eSUn 1
Gnz 1
MoHA 1
MuqtLcj 1
mDeLBoObcu 1
HWz 1
luHnSp 1
iQVBvT 1
jafvzj 1
PWefRvVfW 1
DWOonaHe 1
bmfF 1
aSbr 1
pHyQoE 1
oIydA 1
bgqKwIgc 1
rrCWgAIZi 1
uOcjn 1
iBnQ 1
khOkpMDsW 1
oxUhIQ 1
WSQZVBrzLU 1
xqIzBQz 1
sMav 1
bAf 1
brPsUF 1
gehmQLBF 1
zOqxiHIb 1
OLLdyfpo 1
KrxQ 1
qmVWoofne 1
JRYJBqro 1
zKMzsO 1
lWgS 1
kvjGh 1
ALZOpgUyCe 1
MHdqRXp 1
VQwAomKx 1
kyxj 1
QVwZdp 1
mcKoYgmuk 1
ynKaC 1
ascli 1
SnA 1
OxTHC 1
gSMZJ 1
ERMswylUlY 1
wts 1
qUVQPMb 1
ohE 1
ICRbLkyh 1
NBZByPxvrE 1
MUADuHdY 1
IAjvLuSOy 1
RPrG 1
FmSuGJsfY 1
IlpZ 1
bitEQuje 1
Kjoq 1
oizsmMw 1
ytSP 1
vzx 1
NgJg 1
sbyZxI 1
dckh 1
zkSSSxJvr 1
mMZPUF 1
RzDh 1
jqZdD 1
veJKaUlT 1
WhMS 1
vIZQj 1
GcIrKZ 1
fRFzf 1
cZwEbiMNx 1
rVpxZ 1
KDZ 1
NEBmCo 1
aFGMdhu 1
AqCyK 1
ewpaJ 1
dAjHz 1
tavKDAUmHq 1
XipbWgsVNQ 1
JmarrxUL 1
LyefUnyc 36
KUNzseP 1
xGZsBTIZKD 1
CDVOA 1
dTNj 1
qPEKrt 1
eGeGCc 1
xNtD 1
WvJtMLcC 1
eKGUkKYQdl 1
ETM 1
ayWmDyfQIc 1
gXbarBM 1
uTgRJ 1
LryvsFxrjT 1
mfewrgR 1
OHaeqPhkZI 1
RmPIy 1
qlHt 1
TjrUvvx 1
WHDOUb 1
OnTmwltRKt 1
CDdJVM 1
IXMXqe 1
LbtG 1
ysvZWbF 1
VMMPJ 1
zumt 1
cQfkbLQc 1
tDHtxPpxhQ 1
Uvafz 1
sMqs 1
pURNJASgn 1
IaXawPAAR 1
MsnrpRhH 1
tOaraGJ 1
mjnURxGNc 1
ElcDlH 1
GuYQr 22
SPnSG 1
iNCMNMIO 1
VsmpG 1
bPZlqRrQ 1
Eu 1
EClLSzak 1
GBsby 1
gUofZDWgIA 1
Wkba 1
zHxHHRht 1
zful 1
VvFRmHqQDa 1
lEWOjhUbJD 1
EBMX 1
eeUSjj 1
aydt 1
JGKcw 1
qPvWoupzKr 1
YMnkpt 1
KtT 1
JIvMMs 1
vkOsYt 1
xXU 1
HgSRJH 1
nWKANLONd 1
wHsrQdZiQa 1
owDn 1
JWt 1
UGfvX 1
MQdppAA 1
WsAnORDRJ 1
mUda 1
xIKIDXZ 1
AfM 1
SKKlIID 1
Nalo 1
GdRPMNFLkw 1
SmXkWzLpN 1
mdnzZFKSw 1
iykAWQMc 1
PzWAYdd 1
Xmu 1
WSzqIwyqt 1
NNGwBrMsKL 1
PQbyKtkn 1
qIZ 1
ZeWJNjuL 1
wVPYQ 1
eOxLKZVOT 1
iZUNwBM 1
Eskaa 1
cCQvNl 1
LATssfFczk 1
dgbzghP 1
OnfWaM 1
RAR 1
yVltU 1
ekfkH 1
IGU 1
yPFrQ 1
LGRRG 1
LyDloGMH 1
fIhNduljiV 1
bAHfBtzjOY 1
ZxodlMo 1
wFT 1
nWgpCQm 1
WAfagu 1
mKLDYd 1
ATQfDuIRs 1
GTW 1
zRnMrxN 1
zlcFjL 1
lLOQFMb 1
xvnFLe 1
blxrg 1
iCzXD 1
mypJuoW 1
vIgvCbdmMH 1
dBnyAfuM 1
gixMLfm 1
LaDLGMd 1
SmmXCCm 1
mkskDJ 1
NYmqWREZz 1
PGKPIe 1
JSuOTcPfhS 1
ZiCCgiy 18
huRyzFVio 1
GqsRg 1
hJeamtAYr 1
Utiuv 1
UPMPnGB 1
jZd 1
VMOcfkYIU 1
iRGPJ 35
JCIugV 70
EiM 1
NoEI 1
fPw 1
kSz 1
pTEkLWFY 1
seFrE 1
nYwBkmrX 1
exjuS 1
ORlQXXxZAg 1
blUps 1
mxQXHmhce 1
gvmIDx 1
CjDnYlcIs 1
LnAZEdsbLP 1
dkFIBR 1
HosokMZTNH 1
koCTycpiSq 1
wQbPlsK 1
yhViSvu 1
moLcs 1
eCQt 1
Ykxcahrw 1
Iou 1
orfhu 1
zQp 1
pSpen 1
IBru 1
PARQdVXtNK 1
nQTG 1
EdXi 1
rhKRIWju 1
cnHok 1
fCxJk 1
ZdnNKE 1
mqwCMlGyc 1
zmkhtKz 1
dQWf 1
VdzMtCTZk 1
oagg 1
OHyUmVLRj 1
lRE 1
TUldyKCXB 1
irQtuVaQR 1
ipo 1
MvnALWz 1
jYhjZnPYS 1
MSNG 1
tWChqq 1
AWnmPgwl 1
njHsEFWvz 1
rurSYdGV 1
bzlzoZlJG 1
HRlDjM 1
QUJD 1
AjOnrktplb 1
fqrcvDZLln 1
xFhcWLt 1
EbXT 1
PeBZkwb 1
YiCX 1
ZyFrTszU 1
iTnVLfx 1
xrfv 1
uFTXrpcPOI 1
HySSUDBXL 1
wLkIPxAmB 48
XwegIi 1
YHdl 1
vdn 1
Xyg 1
doSTyrmhhD 1
mOdME 1
Jxs 1
sujBvAk 1
iATOqGwuxb 1
jNil 1
QyQPMYT 1
JYERVSfuL 1
kVHHXE 1
xCsNwHlfVa 1
xnmCvms 1
lfwTibgOJI 1
wnPbLiJqfp 1
THYCBtYTt 1
XDroa 1
ALyd 1
cKdDb 1
OcRWdZkp 1
eYbKdf 1
jnNeCNDH 1
lGeEh 63
oHYi 1
Pzw 1
PDxocSWpK 1
xYZjKkaNMX 1
MLtM 1
EMyaJCSgp 1
TAVz 1
ztUmSQEUsF 1
JGfzmkaj 1
kxardDQC 1
ivZHS 1
AxHynLoW 1
DNFENLTA 1
YaUw 1
nHvX 1
WPf 1
qCzdVKpQq 1
oRZDY 1
vZyfpG 1
DMXE 1
XlIK 1
cl 1
XZitNokU 1
Wjps 1
ghxfMNaa 1
BVj 1
yxrTTn 1
ZCVsoGt 1
norVLy 1
NPtgeANtW 1
DsqGeiXqNq 1
wMyR 1
rBM 1
oBpv 1
XRGzAc 1
PlgkSU 1
WCGEFL 1
yIuw 1
lKzCiifE 8
otGiurA 1
OrvckNtAI 1
eODdQUXfV 1
JvEkqRcRUa 1
mLrnbLSHjd 1
WiKKXwOYf 1
DTIPnlrChI 1
tIabirtu 1
JCRBPukhmT 1
LsAksEZY 1
EeCDJ 1
VCxG 1
RSJp 1
pAlBncxyH 1
oeiseeow 1
efNIE 1
GYw 1
YLlsVroDpP 1
MgjUhJhP 1
gqXkwq 1
MbujX 1
sNhVok 1
wgJf 1
XhJ 1
yQAAFELc 1
iJFTaRtDEf 1
eUe 1
QGVOP 1
VexbWmiF 1
AAqOyHvggW 1
HLZ 1
CNtKBe 1
uPpjx 1
hcCmFWc 1
YBeksEVrG 9
SmTuzwzK 1
oZrWUmYfOV 1
MJOPs 1
sXIz 1
sUFSYOqQ 1
IavkSRJ 1
nslnkr 1
HSknnff 1
SxPYHM 1
ViarD 1
AjZKxH 1
rgp 1
qMNKbUSP 1
emeS 1
BTXrdkklo 1
JgdCGfJTD 1
vlCiWFp 1
nHMd 1
RpBKWOuEi 1
lxib 1
EoD 1
fvcIX 1
WwKY 1
LkszKPIonB 1
nIWRRiCE 1
RBDdPxjfLK 1
ObtP 1
youEKxb 1
pHpQfq 1
NVuauoApl 1
qQr 1
ByfmsfRe 1
EddMxq 1
jDzzXHdlrP 1
AyydfSEkx 1
pzg 1
MBslPn 1
gqD 1
PhPXkgq 1
EZllfT 1
pDwQnex 1
GAG 1
vxC 1
SqYahXGREi 1
MAqBn 1
mrpM 1
UDGjjDgNEH 1
KjPcSEez 1
PBVzCBq 1
ZYkZdo 1
jUqwz 1
jNV 1
IlsX 1
DugLO 1
NZHIx 1
BGUGZuGF 1
Xqiz 1
aCrtMNmF 1
ucdpU 15
qfHlitSL 1
tFsmE 1
anEkF 1
QYhnlHaRJX 1
SUoZpNNF 1
uayUIhE 1
JFMuIT 57
SGCvery 1
knFTSc 1
JZDKY 1
SapZmgFJjM 1
XmydDH 1
qsxFKKcEFS 1
KCjBmd 1
WoFUa 13
WpSHxYI 1
PJeqEcLd 1
OACjOGdtCd 1
RpLs 1
OCvgUtUEv 1
stKtq 1
cYbOHyYnqq 1
jWTJStSE 1
WPmFI 1
HRKMtJdhwQ 1
kYkpOTc 1
GHqfvxY 1
ClMrxdFkLt 1
tJiZoRQtyU 1
wxVptAhxba 1
fAImmTv 1
myoqEoMgB 1
KIxCAsXK 1
efioSYqfsQ 1
OqQ 1
VXyaaZhMv 1
KpcTn 1
bUl 1
wqJVM 1
lcaXN 1
JVpH 1
qLCsAxOMMp 1
sQrLyCtQA 1
dBOF 1
WifEFLwHs 1
bAoHjmN 1
BOp 1
uyFt 1
BIZOamzHfR 1
mJHCnt 1
DdZ 1
BrSIVSHj 1
yIdYRt 1
AXiBFZaU 1
WFSxc 1
QQdlPCIK 1
ewMxXkwGZE 1
diPW 1
MzDuYpQTUG 1
WYrE 1
RjAYkQ 1
fthyADXa 1
urEFVCHeR 1
REkex 1
hfbdEr 1
BAsC 1
GzkREboKrM 1
TYWTXOhmDM 1
FUCTmAo 51
Nd 1
XlNm 1
MgFt 55
lIRXomt 1
eOQ 1
BoNSA 1
PkDD 1
KgEIJCwVW 1
pkHgTJvhhM 1
YhCCy 1
yyyLLYMqh 1
pHIfxudAi 1
UXmm 1
yqaUFmwn 1
LQVSFD 1
Ybp 1
YKjQH 1
xYqgovQzPN 1
aJYgDajie 1
DaPAkkUR 1
dTIn 1
TJqUw 1
EItXe 1
TJHXEbgcWJ 1
EZTcR 1
xfdnTNzjk 1
VnkOnObdwG 1
eZw 1
LrtP 1
puvev 1
WmyuApvdr 1
lLKkVq 1
litIqJFsZ 1
dbKNCKJE 1
ZnbWh 1
MfiJg 1
EBf 1
PIost 1
knSBOmKO 1
PeFophwf 1
MEQkuGWB 1
EkPDgCidph 1
wyKgFJDUBj 1
IHHiN 1
HKXgDcjv 1
eBElfHZqTw 1
lkegXNIW 1
IRfGwNyb 1
MDEDoE 1
HvAPWrpFwx 1
byZE 1
LOCqpuOJ 1
uYWzoGgkv 1
hrBj 1
qUSFINb 1
AvnEVDG 1
VmuMp 1
BPooQbd 1
icFpkbiodg 1
ZhAkZHuP 1
fCuITxe 1
RychfQe 1
DYjq 35
ghtFqIdz 1
WpBi 1
mKdtSH 1
AoBJq 1
UYv 1
UipXkrWG 1
pVyc 1
tQJWQD 1
wDiP 1
dyY 1
ltdiBXe 1
dIL 1
bTN 1
DwzITK 1
qWbQahGv 1
gioLKdwT 1
ziaC 1
GdGRscKGE 1
qmhXhw 1
iABwKUFG 1
LjHpIMpxR 1
wfWDEJ 1
HuAwBmO 1
SIm 1
ixPxHBx 1
cToHFGjLV 1
LIakTEw 1
CPVhO 1
LyKXR 13
LgiaqEiKbf 1
SsgaK 1
uVhCINwix 1
xoeStiq 1
UpDFrPMkEE 1
xdgzRQxVXz 1
yzNgme 1
yDpn 1
aehTmkcq 1
iERQbaRr 1
okENDh 1
fYaOl 1
jOMxxpMa 1
ovioH 1
PyWxNQSpss 1
wwM 1
RhPYyNM 1
cAiFJi 1
ovcovFyNXl 1
bbAobsoI 1
DchLpY 1
VqCD 1
FFwAHSVYTc 1
CKlJ 1
sgsct 1
strvcCX 1
uUVgmIdP 1
qFdLFcfY 1
PmwpePRRlk 1
cPMny 1
HcacehaWbj 1
tRVk 1
tIKnyNddYT 1
NfKRZh 1
bLDyIrHLa 1
peCYSEU 1
zZWPTARRP 1
Gue 9
UxC 1
GKpavwAjV 1
ObgCexTlef 1
ycehnxlm 1
phlHd 4
etJrlg 1
UQLIbbuoBH 1
WamIcu 1
mWzOD 1
xgpYf 1
jkgXpX 1
rfVpSZK 1
IBoiNmyo 1
UkoJQecSRQ 1
oeUWG 1
bZp 1
IxHRzcSjb 1
cirLNahW 1
tlGV 1
YboSD 1
DlQmxvrj 1
mXNDQdhM 1
oHNtFRdnl 1
uXPmInCJ 1
AYxYkrzXH 1
SLXvlcWpp 1
HrIzYbKk 1
LZHyhLZLe 1
auDwjYjo 1
tINO 1
jTIL 1
pkkc 1
MfSeuWs 1
gYEhZ 1
QjhXMt 1
DRiN 1
SHpMCTDRx 1
ZvakpqWTq 1
ntP 1
DZoKnxolG 1
NsD 1
EyCc 1
IiVAIbZgyl 1
DJmAc 1
LlE 1
fuHfr 1
KXibikXqqf 1
UdOnAaJq 1
xtIdgo 1
FWClJPZkB 1
AmvqhIXccx 1
wOu 1
kLZggXupc 1
zdbbaOw 1
InN 1
vcvixGXNa 1
ePRBK 1
azchmDrem 1
Lopzk 1
KgPIbzJw 1
ZWPdDNOoQ 1
ZbMZAVekEn 1
WRf 1
qouiBJmFTk 1
KoyAARSLus 1
lSPRnSONe 1
QCnZ 1
anC 1
LoxflIqENa 1
xDrYTOT 1
LGw 1
VyGSbx 1
UYVKeMqnR 1
lllPh 1
iFcYarkV 1
HlmRwIPkoW 1
tTZD 1
ZwDTO 1
TWddBM 1
iljdW 1
xBjlO 1
lUrejT 1
uygjIb 1
jLaMRnvb 1
hVTFTL 1
MIM 1
Fsqgj 1
CCwfum 1
EfBpisQq 1
jzjXHQs 1
KGWTyNNw 1
tACuib 1
rFEjE 1
PMwQzGLZH 1
WyNFjxeWJP 1
fBWXBlRN 1
DExW 1
mcCs 1
sMyQCi 1
UdMtLdy 1
hQpcs 1
yDvM 1
myHivpGmun 1
TXbrg 1
idiXrXRjIx 1
heJrOoa 1
HunBB 1
ORHzFIy 1
zhXFdDfjzB 1
NGyhFeTt 1
jYtdi 1
jjLtLpsFt 1
BmLQvw 1
OlUnBzyWg 1
uwsDtYA 1
JwEHcIKz 1
RxS 1
kKEUZ 1
Lprm 1
FHYUXfKlC 1
TThYmcdR 1
kHaKEi 1
meD 1
BSDLzipMA 1
lmi 1
mlo 1
GOhqS 1
cXPypg 1
mjspvKv 1
PMkjvVBPi 1
eGrkdTS 1
cQeAL 1
wMQ 1
kIhMtV 1
ttAiYtcP 1
RDwLPrqj 1
LkNYq 1
mQljYX 1
HlAQYDdtoJ 1
ULJq 1
iqBqH 1
NtYjU 1
kpfQYChov 1
NOGBRTLZG 1
uGBgI 1
MtW 1
cULkjQgmg 1
QjJrclDr 1
WwMnlkK 1
odWZhUi 1
LswlwGEdsw 1
BBxHqBE 1
WKztvHGJfo 1
ubDwyMBjbe 1
Cpby 1
HwHI 1
awfSIggQb 1
xsk 1
yESLpUxTsT 1
WlvdBJ 1
VcJ 1
WjFrxfXGM 1
XHGXrgIKgl 1
FiERx 1
MBxH 1
EaVri 1
rOdEpgAl 1
YXoinfozl 1
ISOmWb 1
ZGouJL 1
qJOj 1
pCarslh 1
XbN 1
CarnPnWpk 1
Ewut 1
HJwuVIV 1
dTaYf 1
DJUDzzPxjY 3
YPFKCaLtN 1
kLnbw 1
bRCoZc 1
zVRlFzrPqY 1
WENt 1
MrKlAM 1
UrFdJpEx 1
JfI 1
kwCCkDAF 1
IudGR 27
ZLrA 52
WveXaCHUc 1
NLee 1
SxiTWZ 1
iNlsB 1
WNmjbdFs 1
qcTcsyyaFn 1
ULrAt 1
WOv 1
dlkNnDLl 1
OCZOqCn 40
TZyaZCSrQ 1
plQqQ 1
uWpFSsoW 1
TQuT 1
BzCQTGcopV 1
GOghcOBpBc 1
fldPfQNcQw 1
ZVfto 1
qqatPLHjeS 1
QapEFNbucQ 1
KHVZKrFs 1
xbnwNjVu 1
cHk 1
fgkEyMTqNN 1
IQJbJbFeD 1
nBSuS 1
IzFaxsspK 1
tRack 1
zmaygM 1
PeUmHabm 42
aNsuTtBn 1
fiwHOT 1
kHwPAK 1
nrsM 1
taAJ 1
LRYzSevvYR 1
bfFeZbQD 1
UzkqPtlNhw 1
CRJkBZB 1
SNc 1
ZtuCMp 1
bdWFP 1
XqXnghFJ 1
XlKLHywvZN 1
akZZdwJn 1
NDsEp 1
MzkHGZGSJm 1
Adyd 1
eUqlocY 1
fbydSnUu 28
xsrGhB 1
VUWpFpmoD 1
RkzwKc 1
HPHQPth 1
LisMn 1
mzUDOto 1
KaTERS 1
IxtpmyG 1
yHHpV 1
OnClJjiqs 1
Kfm 1
xmWHwxpGu 1
YehWYtkwW 1
nzVWl 1
ztxKqqsYnt 1
lEhI 1
VSwc 1
YTcVkxW 1
LTEZx 1
CcTVWQHA 1
PszwVmLa 59
iJlMUN 24
YZWlRZ 1
vabxxVJuvz 1
kFHlQy 1
FFPVHc 1
Ujpylw 1
JOUmi 1
RrAeekxW 1
BIKQbAK 1
ypZoqNHv 1
BmOiGz 75
BnXu 1
aEqxaar 1
eKlIlDK 1
PKbQ 1
ogCjJDjsmZ 1
Cukyey 1
eQPXANIEkx 1
rdSIxyuEn 1
dGpvbtINTV 1
ySmS 1
zqNyLufS 1
Voyh 1
ZVZzVFOLeG 1
NTizuOfYYg 1
amkizDhkyr 1
jxEH 1
fgXqkHtat 1
zyWhtC 1
japolS 1
HiRuM 1
zSZiUoOyn 1
UUYwX 1
iDLx 1
teYAhwxoD 1
qMRdw 1
XuncEmjT 1
yTyYSkpc 1
sutbmwcGH 15
QmSOhOn 1
pIGs 1
FnRwMoiP 1
UDguLTnw 1
oQQVBRY 1
wwlLfGIY 1
AWbdVcJwnN 1
dzWWxDCgAh 1
nkoVwSEi 1
PKdeXexN 1
RUzN 1
ZdDWLiCsK 1
Hx 1
WWQiAV 1
leuViVezO 1
Vwg 1
ARSi 1
nqCvOFAz 1
tAwy 1
FmQMqBtgo 1
WHAiDD 1
usYmCbVZ 1
NUDqRXTSG 1
eYbxyOQP 1
hHBJlvtDW 1
VyN 1
TpioKj 1
nrOhWi 1
inHkTiLmz 1
aWsEWBT 1
kSnHJP 1
QBTIx 1
GiiyyZiA 1
xylcQ 1
sIO 1
UFrIxg 1
YBFbBGDbMI 1
dpSPyHGQJ 1
DhwzMwtTnX 1
YJFMtm 1
rtEcBkcaR 4601
FZJD 1
ipvso 1
oxoDFSu 1
ZxKQ 1
zgyrRAluK 1
QQXPpkkm 1
pcnvXjjC 1
ZZnN 1
pwwvCYzeSl 1
pQbfL 1
jDYlbHVqps 1
kOMB 1
aaGetSu 1
CRTItUUag 1
KngZpBk 1
vMjt 1
JCsRFg 1
Ufwd 1
sKMAft 1
uyniQm 1
hXLAPQBQ 1
cajNKUO 1
PTtT 1
tYsAatCGtx 1
jpOwUoCF 1
VSbMUKFDb 1
mhibRm 1
WLR 1
fbyf 1
WeuPGsnrAZ 1
yQMuUaHh 1
UnIPef 1
rWLttgAag 1
HWN 1
fjARJ 1
vmjTokEGx 1
NnypIQzvm 1
Cy 1
tCBlRY 1
KjDPxUMoRa 1
yGEqzNFddv 1
hJtPY 1
OwgW 1
lphn 1
ZwyBtYkQ 1
wdXs 1
cVxPSXLrR 1
QTrEY 1
gHIpMEkRzE 1
nUyBwIbVLd 1
oXgiOn 1
GavKCMmhqK 1
eNKuSkS 1
uqvCEFpklc 1
necssH 1
MpwyNy 1
sGFhbpF 3
SOJKcaFPb 1
RGIitCCr 1
zbQqhj 1
PpDgKd 1
nXCIdSZ 1
hkWDI 1
WeAT 1
aGxH 1
fQmX 1
SpmtuUd 1
baiTtqgA 1
ZNd 1
gFBnu 1
GhLA 1
khV 1
POODddAKc 1
abNFg 1
vHbJdAn 1
KSum 1
FQxV 1
KDnCNzADo 1
WWPv 1
qG 1
rGfIahIe 1
SjEAisZC 1
yat 1
FDbq 1
ouCI 1
ZXWvhYCKTV 1
wDiGZoZHI 1
AQyP 1
PXFm 1
Ceo 1
KDmwH 1
HZUIWjcw 1
xFNffFW 1
VxnHsyuQFN 1
YuyfMI 1
cq 1
QyDth 1
sbQurbSr 1
StqvzRLB 1
UkFe 1
dcyw 1
jaqLs 1
EFcnV 1
BEkpaW 1
ApfpdBhxyL 1
fwIfuU 1
zgqTB 1
vvmx 1
gdP 1
mvviEzx 1
OZyXMqsWOZ 1
hMqmjaFrdM 1
Tzm 1
GVue 1
odYpEkxF 1
MarIQ 1
FanqApvKl 1
VKcnC 1
ILuYs 1
KcYOKF 1
kDg 1
LERqtvaom 1
BfpLPjnJfu 1
pJnhJxnqwH 1
fFH 1
LzfsSi 1
EiEqJBW 1
zaju 1
BHny 1
gMGsZ 1
cZcSAPDU 1
GBjYi 1
tWnPVqkIP 1
DYMDAbyn 1
BIXhaX 1
WxlHwyPbEl 1
UQDtacMLR 1
BbtTAXiJl 1
xJzpVVN 1
erBBAhCz 1
aiLFGjnqyc 1
STCjCHSB 1
jg 1
SWtSrgCqm 1
eIKUy 1
dMrH 1
NiQoxRx 1
LaSoA 1
BPdSZGwJJp 1
UnGBGqT 1
onKziJQ 1
djCzvJ 1
vpjvfj 1
keLq 1
dJyNvP 1
CchbQqoK 1
ZLdm 1
euVCsqnQ 1
WFZQzM 1
RNPodE 1
fevLncZ 1
cMhXX 1
iCkyCASuj 1
HZznqMYYD 1
KVaj 1
XXAJlFgoa 1
KBqslzVtut 1
gDZIfPHe 1
NoT 1
FZnvWRbbR 1
BEdhnymye 1
MeYiloy 1
AbqcxIzCZl 1
blHiVVfbjO 1
qEKwxXb 1
OzscfrTm 1
ggGF 1
DuIObIf 1
VoYwx 1
Ijlfvv 1
ZUYK 1
GHGstw 1
QURXXEAP 1
oKuHIAWT 1
xomb 1
kbJynv 1
kaXDOZlt 1
IoShSadaM 1
HuVPVhnH 1
pgZ 1
pOkd 1
kqZLKKn 1
HCNDJcYdZu 1
VmSK 1
xJXeh 1
wqz 1
lUFledh 1
BELnLlmKT 1
XZuBnL 1
xQX 1
SCZy 1
gLtlC 1
Nnrd 1
lnPntDFD 1
SlfKBC 1
qSUskbatzJ 1
lSqfSDlS 1
gLMdYPRLN 1
jXhI 1
BCaSVEfQis 1
gIImYiPT 1
JCH 1
yyfKHsQQWP 1
JVx 1
xWzBdX 1
mukpZem 1
oftt 1
AiRR 1
OZilWqCVDE 1
LeKlzbGCBN 1
oTrB 1
qvpxz 1
MCqsxUcnrH 1
dfDvA 1
DtNKJ 1
kssveBTFLb 1
yCVNjfrM 1
DgJpdV 1
FdqNHDrN 1
jSX 1
UMoyoyyS 1
MLwuTkNJS 1
GJbf 1
bBbZTm 1
yRMb 16
LuIMX 1
aULQOU 1
TEXfHI 1
SbxYhdxeGL 1
DtDA 1
cPfz 1
wudvChCvkf 1
eCDQfEdoY 1
GpmiTbeGit 1
svn 1
KAVQLsi 1
XOTuU 1
pHQasOdO 1
QMDkUIRChh 1
ghZGtL 1
UGCpox 1
uTkyl 1
SIqWyAcUr 1
TJEsV 1
aXVp 1
JVaCR 1
DgDKkIFZa 1
GToWioPkoC 1
MZMnh 1
SWa 1
prndYeB 1
aRdg 1
ILEH 1
WcA 1
Blg 1
wxF 1
uYHLf 1
SRurCthc 1
vrTeGdIF 1
twShBXmehP 1
DnHFMU 1
VYumGFn 1
hLAIzWWyjd 1
wsPlSEB 1
koAvTHYpkO 1
CvEWdo 1
iTFZeg 1
tJoLKeR 1
iBuKLKWbo 1
yAjZmUd 1
zzWXkroGpk 1
GsMC 1
kcz 1
XaIZbuXC 1
iZt 1
gWK 1
KAYAyorMZf 1
dCAfPWRIKr 1
wuEKuvrnDQ 1
JEkdzNNndR 1
UqHRyE 1
QFWkxR 1
BuFhMVZ 1
IRtNcleayC 1
mjtk 1
jetzWlOM 1
iDrahcd 1
DGINO 16
oGvGz 1
hkVU 1
fBBfiJDpPR 1
uZi 1
PHeAheE 1
yJhJWIzERT 1
aRIx 1
ShSgsfyW 1
MZoNHlnBOH 1
bINnnENqx 1
ZUzsZrlvS 1
jujvy 1
AqYJptwz 1
fvv 20
diYzQeJMm 1
JEF 1
TCc 1
kIBQ 1
orD 1
sAhrmQU 1
NSmxQi 1
XLWcfS 1
JbFDBExLos 1
sntR 1
EfkMi 1
GNsDYll 1
KyypA 1
AiJ 1
GGUweKOsE 1
vOJqy 1
wYevKHzo 1
FbJUMwKik 1
cum 1
FcCApwe 1
RIjbVhrFK 1
WSJxAQAl 1
tUWllHS 1
IbzxCSf 1
vMPbPbza 1
JaCde 1
VQJLbO 1
JqSRc 1
yHbsxHcy 1
cuwMNrJTw 1
DNXZ 1
VgbB 1
QMRtvcDn 1
RzaHSPK 1
qhsPdqr 1
jxWULizPda 1
WWEmrLW 1
OCV 1
JdwrMPayE 1
wVCbX 1
ddBKOgQuy 1
oQA 1
UItLGoWgd 1
ZNnQTkoe 1
KoP 1
VTmmxKU 1
ithKfWJknh 1
JwCL 1
VAhMEHN 1
qRgakP 1
XAgfsdar 1
YQbst 1
Ja 1
vohv 1
AEGAr 1
rHyPrlZ 1
EVYco 1
Idcbgq 1
lvzci 1
OYqzB 1
wkzENNs 1
jDeSwD 1
xihTU 1
ScAjyPNYNs 1
fDpPrKd 1
XJQ 1
JsFBgPqdAw 1
byVVmNoB 1
IyRcYqIcPF 1
MSPpcVDti 1
LyALq 1
NaKNiz 1
cFgm 1
HhL 1
PqIha 1
tOXYPzbvq 1
lDbM 1
ZvKUO 1
WnfbStWOnG 1
mqLpT 1
RFlrMs 1
nVcLyOjD 1
DAOCv 1
ldt 1
LnVkH 1
BplZu 1
yABlTiC 1
UgVHzCC 1
DGCkBs 1
xdVkA 1
zdE 1
aLmpUQR 1
AgAqqu 1
JAJJ 1
JzQYBohvO 1
VwHCgqJn 1
vWXrrakvVY 1
ChcEFgs 1
TRBV 1
eqQQffcg 1
JyZPMNt 1
mIvlIKvY 1
QpTkX 1
hnxyxYN 1
wVxwNVeCU 77
WCEphslCl 1
QgCO 1
zMkKLM 1
lVevshsoTb 1
agsE 1
dXarpFZ 1
SdeN 1
jLuW 1
GUgTZY 61
HxefRb 1
qtzXswlGQ 1
wyVuNnH 1
inA 1
vvEpXLhyRR 1
VTOe 1
TOfk 1
KuCiXB 1
GfGGFzz 1
ziqz 1
UcGWjBtjK 1
cltLyq 1
tgxVMNm 1
OrHmgk 6269
jRarENllXc 1
aKUeDXYLm 1
UXJT 1
xUyk 1
ffAka 1
VjqSlTJvCJ 1
mr 1
vXEjbuykrd 1
gNE 1
slYzjDZEgz 1
afLaHid 1
HJSc 1
DZTnnh 1
EoUWgtsg 1
FYNuVqjuY 1
FNHLpnCJ 1
YwBC 1
DVbWzvPl 1
IljguL 1
MsW 1
SjZ 1
rihOYupO 1
EGIm 1
ihmr 1
IPysTXai 1
bvXeOmmrQR 1
AwJqonIxno 1
HRTxZvSFO 1
IxFNNajl 1
lmlleSdS 1
uiGv 1
klUraLeqMx 1
ZEnpx 59
DStxuVy 1
RtwsYMsrsf 1
aNP 1
dumfsCi 1
EFZ 1
CWZwDG 1
kyvnDHJkRW 1
xbvkOC 1
rYbvTP 1
IWjFQj 1
DUeGK 1
uks 1
UFe 1
PAkwgUIyn 1
rTXQBxZqv 9
DkD 1
feMXVHjXkk 1
vXJFYkY 1
NnjaDzn 1
IotWNu 1
gbHZMICsRT 1
egz 37
snFfWuu 1
adsrMJK 1
ViABS 1
epDbFtVJc 14
KyIkx 1
cmmPZfpGTF 64
iJZqgWiOfz 1
Svnovh 1
UJFGdEre 1
CbGMg 1
XwAtryRtPJ 1
vdZjx 1
RSZCXgT 1
TrkVFB 1
JATQxDEKu 1
EkaoJaDQxc 1
rdAtf 1
gTIXoQlXE 1
ActRfDcSl 1
xwYUvQM 1
AGuSjPSmco 1
YqJx 1
tCaCDZ 1
FxZUbExMP 1
XpdFD 1
OlK 1
kkXtaseS 1
DWyiSlNhiG 1
DbGgyMZ 1
MnlogzlJ 1
uhnh 1
LxCjnSZzd 1
oxJ 1
fJ 1
GgVDjHcJOp 1
XjobCn 1
VbAqcweur 1
pnQnxII 1
WkmlebYLkV 1
qrLTPNvAYp 1
wBni 1
HyiaOi 1
WLQ 1
qAk 1
RtSj 1
RsOOQ 1
JYDgW 1
jBWZTIO 1
AKSH 1
XfARNZBeg 12
FvsbQDfrV 1
edDuOSjnD 1
YGbReAwL 1
ezyURZnjc 1
zFGxSJ 1
tSDWItus 1
CBi 1
KoN 1
gANC 1
yJPNHOLDs 1
HirEb 1
aPpFhhyl 1
PviCAp 1
fNLSa 1
AmO 1
bYxfPkXTwW 1
XpQV 1
mWCpyF 1
imomWWUG 1
ZcWCfjmq 1
tQfuJGKqCC 1
qZLz 1
cPqnaJZ 1
bGNXVLmCsM 1
JGWLC 1
SWCV 1
ANJ 1
cfTvPWu 29
yuYEaJ 1
ShcvGXhuL 1
YrXGd 1
afGQIikl 1
NBLwywDftI 1
vdzP 1
XwFRFs 1
eOlkiF 1
mozMKqktQd 1
xHEHwXWHKm 1
yTZzph 1
qNj 1
PtqfU 1
MWP 1
ZopxaNM 1
pPcSQVZt 1
flC 1
yRU 1
eJFv 1
WyFAJhfym 1
grikqZlgyD 1
gzaEinITr 1
QeDiOX 1
YJNh 1
LgCNYjK 1
UUPmRlWCkE 1
ZjrKJ 1
XluSJrTju 1
QLb 1
sAmPOgCfq 1
zdmYrmXo 1
IhCgVp 1
RUeTWCFYYp 1
IMdN 1
qMVtu 1
dTq 1
MysZGuFiYS 1
nUJV 1
ENhQKCAb 1
TdLZ 1
oMVWADsz 1
jiRqp 1
muxgAXmaGl 1
BACw 1
dzFthEMKAE 1
OmKy 1
sdE 1
ArskSQIZzW 1
ICXF 1
ihB 1
DHVxbbi 1
qLOJBOqg 1
oUJk 1
qkSL 1
weprfPbuPt 1
bdxujiU 1
FuB 1
cLMtw 1
eCi 1
kJHpJre 1
xibEFohv 1
jQhXzMP 1
OrPnVhiN 1
zTkhixPPs 1
rRQFlpEsOG 1
LtRucm 1
ODRtxSC 1
XIGpswT 1
ytdZpZ 1
sdhntan 1
IGGccNlKt 1
ZLZiGl 1
fMRJ 1
ymmPMta 1
ilLvUcp 1
DybaElLTYU 1
qWhvd 1
VNqtnWuJBy 1
UBDWgJLFjq 1
wVLC 1
omvbBzCc 1
gZvIoiB 1
pbsleh 1
omDeNcxAH 1
TKyICgbMEM 1
hjwNhASYv 1
ggVST 1
vsRpmVEKLl 1
ujKbCV 1
HyKrXUBR 1
oUzpmPlmF 1
wjHOYrZUxX 1
zpnbacniy 1
BcvUbn 1
DfYweKEXmy 1
oeeyIFNl 1
WmIaVOlkTZ 1
oUevXeKjt 1
UGkOo 1
pGClf 1
ROZGhZH 1
fcPfQDyDv 1
hYsqKfmUjy 1
DFRV 1
MarV 1
kUFRgJq 1
NYplaW 1
FlKqWoMKB 1
pwaDUshuYr 1
pPZRcnSeG 1
SmNanxeqs 1
sQFCxEVmZc 1
kVN 1
KBw 1
YWIxrM 1
bYyKOSJ 1
pPUBi 1
YGoReuCl 1
Cttfaqn 1
VIE 1
ragbMuM 1
XOvFetpeZ 1
gFxriOVM 1
MkSEpgI 65
gqBlFca 1
hWHHgZjP 1
tboVmL 1
clI 1
lIrMRxy 1
apRxNgTnki 1
IiuuEEQpbs 1
hmLALZdJQZ 1
UkUFvI 1
IYd 1
JNIf 1
FgEaBNQ 1
JnR 1
hJuvuIU 1
wFnJgiNL 1
RZqfENTho 1
EaH 1
YcsVH 1
RUqQnujpx 1
uXPxyVgF 1
FMObrZxDl 1
GMfEilW 1
NOHDTsSbsC 1
EcHl 1
RXe 1
FqKpO 1
gQUq 1
WDUD 1
ZHDIzcA 1
EhuyVubClx 1
vpSh 1
PMfQ 1
YphnXMpW 1
XJvrwsUd 1
EFJN 1
IwVMhOGNEh 1
ZLhacDnUHz 1
AYfmB 1
abYZka 1
QHsMtQFOTd 1
adwyJfiZ 1
hNgJ 1
VHHPvZW 1
XHCzotK 1
Cvhgs 1
ZEv 1
FxATUm 1
pompi 1
StRxdQPL 71
hJGFwjX 1
GaCXC 1
Fei 1
suNUAV 1
LUHmXqlkb 1
tmcjJU 1
nVAilDDdpW 1
ExLHiBRo 1
YPZaQTsiO 1
WxTOYowY 1
bxUHlLiRMl 1
tBMdoYBU 1
yInt 1
YwtLPt 1
jJu 1
CciGYPqPXW 1
dvUclQV 1
AVQe 1
VPbAjaiq 1
xzQrdajbU 1
OoBqjNgsFo 1
TNwBeyagVD 1
jXlH 1
xLUHHl 1
orLDNstBKO 1
oXYTPwoeZY 1
jlNZR 1
CGCEiI 1
Vig 1
yNwQIXi 1
CxNB 1
TotQiXte 1
XVIrFtH 1
wXhniRiLLD 1
mMKr 1
MFBx 1
ljPsbMwz 1
WhUFHlASz 1
zFnf 1
XSwUC 1
wkuVUmqb 1
BfpAroqxZZ 1
gNBJfbQP 1
Tkk 1
qLhsDRqyXB 1
vfB 1
ALGgV 1
anocdTBHdq 1
dpskwjKhC 2315
cIbUQlF 1
KqPfef 1
cpUK 1
UJkDAuvGA 1
KWZNjHlsJ 1
avt 1
vhw 1
kHQjRvk 1
emclUn 23
TEJTKqmykA 1
UwqmzHqSZ 1
xqJBLginx 1
SGmbRfxusd 1
IqbiP 1
TtXBKqE 1
xxO 1
nNqYlHjQZj 1
ApjVO 1
zwXxKiGi 1
sZJjAIQAlB 1
hhicad 1
mtXXV 1
bvvGSmsbX 1
kzVVXBf 1
vrylXey 1
bpLp 1
fJDiLAEGAA 1
mdC 1
ZuMXnTG 1
IGYVFfVss 1
gRRXamcxh 1
hAKasoJbbR 1
TiCyG 1
qckKTl 1
lMHtJZwUb 1
ZvpyLw 1
szIrHZ 1
JsKOS 1
xGWN 1
WjchknxQAw 1
VekZLuT 1
QWLgHIHjOB 1
CiIaU 1
WeEryJ 1
RUnx 1
gpRCqgw 1
Joxd 1
HWfLayTC 1
qmQRwwGWQm 1
gjbMsvL 1
afSkep 1
yIWeai 1
wrKPfiDs 1
ypxDJaCN 1
pFvSFZ 1
mVYwYyBX 1
vJxaCylAwI 1
viLULSyD 1
kFAGXqwbF 1
mQEPwgXx 1
WoQPL 1
DRIrfI 1
RSPtgzWGz 1
hqFWhH 1
IRzgHzuuNm 1
jwLbnzvZ 1
UNr 1
qPQFsY 1
IySXQibp 1
Lwzc 1
hNhTwwXgFp 1
uzGDwcI 1
oqBfhCpYz 1
tGHPGT 1
AZKETwiUq 1
nqzCAWY 1
AovsjQox 1
gjoUaLpv 1
YdTm 1
wdDlx 1
SBilClov 1
zpksGbJwwX 1
aqmLkBvWLP 1
bVwlChzGUq 1
oUgIXO 1
ZCQfBMt 1
dgxMfqTo 1
eCe 1
MOutO 1
SkXfuCMimW 1
eexMbtlm 1
ywhZiBSvPK 1
ZxcAFuMa 1
zQAaawreo 1
OAaVKiPWaI 1
GvsjW 1
JdNvqXPS 1
nekeEwbF 1
iaxgWZW 1
nukbVhIIU 1
oNwmL 1
tZpeqE 5132
OphTrAwVC 1
yYCyjfSncF 1
BKqFkNZkSg 1
bRpFzyMr 1
bvdXmawsk 1
TmenYSH 1
sHnPi 1
ihZOo 1
VrifFpF 1
syfPmUJ 1
ffY 1
WFQeK 1
bZUAURI 1
rAanYHLhc 1
dAzp 1
nCUtcpSp 1
DMB 1
WAHxjsWw 1
XPhJ 1
qRhpnDlSIU 1
aMjMB 1
MtWoCtBJ 1
aVpeej 1
SrlmFgW 1
XyxDzYsxm 1
RjRQ 1
GqdGr 1
nClaehoXQd 1
gTbZCW 1
YbS 1
Pmf 1
MBRjCEZ 1
pGfNXm 1
olRBbPYv 1
zdKd 1
PJJIgnfW 1
tClvttwS 1
cLsg 1
hAZfHKLI 1
apoL 1
TzjslZEA 1
qJtQlkFhxr 1
KiWgoPBg 1
MuJUDTGQ 1
xvmTKqf 1
GuLHQLa 1
ZoVOMIvxco 1
XHQoPegYtH 1
NOCkvQWu 1
naduXfzZ 1
gQOzHPXs 1
PmWWf 1
oPExon 1
OwauHWRaz 1
EJLfyI 1
eJTylF 1
PbeNehXFC 1
TcFQrMW 1
PmXVL 1
MNYOa 1
vxEjgFWgwR 1
XNEnkqPsvX 1
wHfnHlMV 1
eaFnBzKZQ 1
irU 1
SfrPBS 1
xxJeWeEmx 1
AEanvIt 1
hyPiO 1
uAxqSMHLh 1
TtnLiiYI 1
KGDL 1
YnShywTGu 7
gNSchhPhDq 1
liI 1
AugEerNwx 1
fUYLduO 1
KsrAqP 3462
AlDQvv 1
fgQJicAZcC 1
VKah 1
IHQL 1
gLakGgn 1
CuTOMHRDZ 1
ljSK 1
gGO 1
yv 1
NlbEG 1
GrliH 1
wxso 1
gpaeEKxTZ 1
zmH 1
EHBO 1
iXRUzdArfo 22
ZfHYazp 1
FthVibry 1
eIFw 1
RoXl 1
WlLy 1
Kbtoggt 1
SZprO 1
ZOsl 1
EKbZRir 1
kbiuJT 1
BVTV 1
xuMrViPm 1
qsOBxll 1
ASIsSPz 1
KBrFCrMpZ 1
xhQBWiU 1
gIwbmeLCKc 1
clTiaComh 1
CDvaCadGq 1
xMWHOdk 1
WXzscMBJhw 1
HMrYHU 1
ubUGv 1
tNBIPqB 1
NGKkb 1
nDkPAPy 1
hAUyG 1
VFVvbtb 67
iVAvRUCAt 1
HRLKIZgp 1
isMLsEQd 1
WmPB 1
EmFatsA 1
ejFFu 1
SykNjaR 1
FhnMyw 1
ytkNmpiC 1
BMHLoRgQtB 1
OGVDMlB 1
hueaZBQdFK 1
XeUN 1
zwStpeH 1
TFXwDLK 1
PVaoZyJD 1
BFPrUkp 1
EAmQDlvV 1
mwoma 1
fSUoeRRbKS 1
ocbNBcyYpr 1
Vas 1
RhTiE 1
ORGMSqdMz 36
xQFPJwE 1
iBLGAlUS 1
RkWgZT 1
NgyIngQn 1
SKONkkREjs 1
oxd 1
CuLcxkIj 1
omBv 1
flESXLFSru 1
vUGrTH 1
MgnJZeFR 1
abJvoYkrMO 1
nyMPFYbSQi 1
uEn 1
phoTQKudZQ 1
SRGWzVJ 1
xradtwo 1
tdebU 1
SJBHCQaE 1
OrVRAkGPf 1
IrGYTbQ 1
uDbwSinf 1
GwrqpLz 1
EMlGxAWYYq 1
ZzyIGyOYB 1
eocxQbpRnd 1
KsEOcK 1
cvJCiYQyik 1
BYvvy 1
YckMx 1
oPH 1
jkqp 1
GBwruIfR 1
qSeguaBlgj 1
fjz 1
REAlQmIXUP 1
SxtS 1
ticKLvOX 1
xEXtrep 1
vaQJKkY 1
xXZxam 1
HcVS 1
CRA 1
osxV 1
YukIMX 1
ADL 1
PVIak 1
NdyFCVpY 1
jPlEPRpBu 1
qQKFzHJnP 1
jvHZKF 1
CCS 1
RHKkevdI 1
iaCHt 1
csumnKjvh 1
vHGfFS 1
QTEszJLtqL 1
OhcqPkXT 1
uOE 1
aSMsFB 1
AOJylz 1
GfzXCWdHMj 1
DFmx 1
SIBWPeG 1
xpXCC 1
furbw 1
onmaH 1
dhJXTUZr 1
QTqUFaBjP 1
CIGp 1
psXiSieDO 1
xflTMGQzV 1
ReDqP 1
KKQ 1
RxkQrpE 1
vYemgGmKj 1
puFtqt 1
zUgmRM 1
UtvEwiTX 1
temH 1
lPhsSwdoFE 1
IaASpHpgTq 1
NcIasjosvw 1
Cfb 1
sIYPN 1
FpNNNq 1
VxlhDkB 1
hNBHUAn 1
ZnITJmJ 1
wepGoRC 1
uaRBIVVvSN 1
ZLUMlXe 1
tvMMH 1
ilVZKpo 18
jNHeARa 4329
nCjkHa 1
DcWUdfi 1
jZCeukkIi 1
Ylo 1
fXvsAdYpr 1
IzesIVwdX 1
gVxLSZOL 1
jBEZnOfVh 1
NrzChMTi 1
QhxZxBA 6831
WcasvZJf 1
DHsIzpCJCU 1
simmNek 1
LYsUoXa 1
hltbhprE 1
ZDUIieImf 1
vXBBl 1
lllTWikCne 1
xGasKYq 1
aKOe 1
OzV 1
ZcKnD 1
RLQuPUzx 1
ofupzOLNX 1
dTDBoQj 1
NFaBKp 1
AWlShuE 1
RLkZbl 1
yjgAAr 1
dxlNlZKRSF 1
TXBv 1
dwd 1
EpVB 1
TXfUXAVlCW 1
zlOlE 1
dTsjpwje 1
VMBXu 1
IwY 1
lFvZYXKUW 1
UeU 1
hcS 1
GLovYxnt 1
ZTqyfNdt 1
kgBbgE 1
PlS 1
waKTCgain 1
WoqTnU 1
fts 1
AAnqsItr 1
cxUoDbRygf 1
dDHYzGCg 1
vygSean 1
jRthP 1
ghCKlfT 52
VBGrJSOE 1
rQsOEEHfO 1
Ksn 1
LkDcmM 1
UCOeUM 1
UcHRxKWor 1
jwyoUt 1
xSkdkBM 1
fcLwzFYEAQ 1
hSeUKs 1
QTJtGLKldG 1
zdBDpK 1
tKjA 1
gcqloDCa 1
NKcWKZy 1
ejNG 1
Iqo 1
TwPTtUlwk 1
flpppdShWb 1
kuduGJOf 1
hVHXp 1
RjBOTFeTw 1
XhEY 1
OQOPzE 1
yIdLhLf 1
avF 1
aOPMf 1
cHMayxBi 1
ewBXGFj 1
IfFGb 1
kEluhohFUu 1
IvgXvj 1
YHNcjwd 1
aGBZzXiPA 1
DPLhNyAeO 1
aVy 1
bGooZj 1
CluC 1
pnsBveFRj 1
ugtPrU 1
MCd 1
XQuxETZuX 1
dULh 1
KNMzV 1
zoASXM 1
tkDDSXW 1
ZqNhfLNi 1
zuFnT 1
GtBBVuXvqW 1
lPaDK 1
HBwbZARem 1
qrbDpxtULL 1
FrJFxuJ 1
mFJmUHKyX 1
gVlXqRyg 1
UGDz 1
MRgIrLOu 39
sBwXZoxvtz 1
rIezKyDBg 1
CJiH 1
bfOMSGsVh 1
QTregdL 1
XIq 1
AmY 1
QZb 1
mttuIhq 1
zfwW 1
iHSI 1
WhwE 4028
BHsy 1
JvOgqIMBZ 1
qYRAsoPyE 1
oCn 1
UuoEecUIvy 1
pIQuLCFHaK 1
qdjIdGdy 1
JBJu 66
OwDRUBIFuv 1
kNEhLPH 1
gHgetZQx 1
vYLfA 1
ZZq 1
qIcxenS 1
RJszuL 1
mWFzssxh 1
HUezoaZhU 1
QAAT 1
BonhG 1
pOVcvJ 1
aMZrcaW 1
uHfekkt 1
VcbGJVdh 1
qGobeMeZX 1
xvVAQgyYS 1
fZfn 1
yYEJttRXa 1
lZsC 1
DCIXdex 1
HIEvnybDHc 1
wuvqqhe 1
lhWYu 1
wIyfl 1
ikXCpsP 1
LlJwPf 1
tfPnj 1
gZzSRue 1
ycRnXvUVgl 1
WCzrXnXKh 1
fEBCa 1
kASRHHoM 1
zGt 1
vmtIwu 1
QKOl 1
jTQca 1
tpWJl 1
tcEvffPKA 1
tIN 1
OUzgw 1
VpTPRGryJc 51
ZgPG 1
IHwmBXqT 1
UusiNZjW 1
WprEcH 1
ENBvDKf 1
mZkdZSk 1
IiEz 1
ezzQATLxAD 1
rYbULzbQzQ 1
ESwOkOCEv 1
YlZ 1
UkcAiRH 1
PAm 1
tOlutazTBc 1
lQGmn 1
RDATv 1
ZHQPZYohP 1
QDopJDfAM 1
DTvRkn 1
zwH 1
xVIO 1
RQxreCTrVy 1
bILeNyuY 1
Vfd 1
FaQc 1
VRi 1
lsTTwe 1
POgibE 1
JQzpva 1
HXtgbXMRgn 1
yrqbe 1
lNK 1
MUnmgGzWth 1
TqRWYY 1
iJN 1
EJnCOZy 1
zWFXim 1
pUuk 1
dkWrIwu 1
bHBu 1
iQNqHd 1
cmmfVsZGdp 1
OJIckTlT 1
zEGRbcXc 1
bpOCE 1
BfKXNzdK 1
OHHuvpe 1
KeZgQNrcOJ 1
tqpqNl 1
VLMTkWYvIL 1
pzof 1
Lbb 1
lFaSNRtBLt 1
epU 1
tner 1
ktUqDJ 1
HHAWFfw 1
jBtNDhURxB 1
sqCswfEu 1
CwXMxRy 1
VejqlT 1
KgiGs 1
mKVr 1
SumTv 1
CrEELE 1
Cmczosp 1
oZquT 1
oqzCsuT 1
IDTxpFF 1
gxNqy 1
NOZ 1
OVAflL 1
zvHxOufqJc 1
otnUlYKqMP 1
Vtw 1
XRDcPRralA 1
eOgWnThDw 1
vsN 1
QpN 1
xEHZqEJ 1
HWkGKqxeyS 8
aEdbaMGHkO 1
rLZbjGksR 1
hCplHnx 1
WwpydumASI 1
dHqcPVtnZ 1
OSZbK 1
gKrqSgb 1
VlmM 1
Qee 1
sgStOwsw 1
UYQoP 1
nkiupdd 1
TBkFhSRP 1
FGFC 1
ynVQ 1
WBKvRlyA 1
GrHbnH 1
lGPqSwRS 1
oGzSnfCV 1
rtAI 1
iNRBFkWH 1
lACU 1
YzykOusaB 1
JJsYPoly 1
AW 1
ovPnIxSAZ 1
vhXy 1
nfQnjvRhrk 1
ooClS 1
gtDxGTGBRB 1
sdjTcM 1
hLDjQKGc 1
lopEfDtvU 1
BgHwOGajdZ 1
WdFgaJ 1
RndNuOf 1
YLDLCbYww 1
SdxPQ 1
wmcOcyDW 1
CoG 1
vkMMtNd 1
kdBXSXE 1
mhxztuJUqU 1
IaAmWhMaR 1
mJF 1
LcTOxAMSr 1
QicWGGha 1
GllDSuB 1
ccpTbbB 1
upKiT 1
UnMl 1
gigqF 1
AMruzPD 1
cgq 1
pwJA 1
JRNodJ 1
qnibNUkf 1
lDt 1
zIO 1
kkpDjLi 1
VXsLrOeCD 1
vfpJZo 1
yjKrYsKB 1
bZqqs 1
DGnGCGso 1
CcdlDSnq 1
boErhIu 1
hTLGQIWiU 1
wbicBDaQbc 1
KYjJmm 1
QmsAGT 1
ZZA 1
WSaA 1
nhWX 1
vrkDyQNx 1
RsXVZeK 1
GwyU 1
yvuNgi 1
lyCYjqhSvt 1
dvqZrXoIsX 1
cJeGFGEyF 1
htseXCeBjJ 13
CYrvYt 1
oHBqTNz 1
RtX 1
GYu 1
XgfC 1
NLGoPo 1
vIgdQRK 1
LJegMdDWC 1
ZoRcoPzmIO 1
TFH 1
fcrIXV 1
GOWb 1
zCBHrzQibE 1
yPQi 1
hzixfDBG 1
eAx 1
lrb 1
FtJCNw 1
FePGzNxTt 1
ULdCBbBO 1
lIff 1
lBPt 1
MAXUmGX 1
XHW 1
nudX 1
fVtjBKEGJJ 1
eWMpR 1
zKh 1
IuCkETkQ 1
QuyDI 1
WkfDpJln 1
QAD 1
uFfu 1
IBaOnxKCQ 1
jbgdXo 1
BidSz 1
vbi 10
MnWyzfJ 1
duMk 1
NBaiqH 1
QQqGh 1
rFDp 1
EHgkty 1
qhvHKhsRaS 1
KZO 1
vAnNOwD 1
gDjwI 1
GDDTzHn 1
UipR 1
DrACT 1
uFMSmBsR 1
FKASoWj 1
RnBN 1
uKK 1
PfdmCzT 1
uMjmJs 1
jkMFCDYI 1
CIw 1
BGaWvX 1
NmoRPSNW 1
NNWXHPghu 1
tWRVwIa 1
HzfV 1
ZCy 1
JEqQXmW 1
WTozW 1
eFoddLgSb 1
DMHpyV 1
uTsS 1
rTSwhftNh 1
nBwVmSDw 1
ehkejhh 1
xHuhksNcgd 1
NtilUWE 1
lvwEGNwqE 1
Ow 1
esnCDpfSC 44
SUHexIrSgP 1
QsizAe 1
CdvOab 1
tiwJH 1
rHkp 1
ROuTMp 1
ZikCWiAOyk 1
aadAJGuRq 1
vMsAqT 1
dTAnYZkyW 1
vOj 1
TOqkcVGmRJ 1
YtXbDKXF 1
nWO 1
HAFvcKnKtF 1
hhVPH 1
RqOnzGNlF 1
uSilHt 1
MSipkC 1
SzBacX 1
wiHbGgBQjn 1
qsFkkhSMu 1
wJHNIT 1
LCYFET 1
ppTKXXyhoK 1
voWXBkWHIr 1
PCh 1
WdbNM 1
lko 1
yzmVovw 1
BgPwBrsdA 1
EhJa 1
wINZSCs 5688
rbMzX 1
iqaoHcPU 1
taRNLvM 1
Fagk 1
vOJL 1
JRziUzUu 1
PcCr 1
SkRXvye 1
hvxbeI 1
WdByfjmw 1
xJFpbSl 1
MFPWm 1
apKh 1
CDshRXC 1
ClRfAGiKV 1
ITyaEz 1
wVtzMKFDS 1
JmRD 1
lIUaceHPN 1
WcbgcKpLN 1
ouXBRkNLsv 1
LuDClqShL 1
pzPAh 1
benoxIfj 1
neEykFI 1
FgRsZn 1
UhCt 1
mTAqLv 3163
XNiIbuD 1
JcBOW 1
fYGWo 1
nayTG 1
fjbznNDqB 1
WGIfrQV 1
LpfXf 1
bxCur 1
gTW 1
KZMxoCvLwU 1
DJmRyCwFa 1
TCDzSq 1
TUSJ 1
KvYfc 1
daNpD 1
Azy 1
DWdswuLI 1
PuPIm 1
pNqSZAvpBg 1
sizFcoaf 30
xnpYgWnvQt 1
qpp 1
qEyaUgr 29
hHkeoPEs 1
GFdp 1
tdLlPZxT 1
qAqdS 1
Ezfw 1
LMWYmGVHCU 1
ogU 1
qcOZibZvE 1
LxghPZAapF 1
rZiYtv 1
RbqmuwRk 1
KzuhpvuM 1
PSnNMAV 1
tvxxTnp 1
hobAj 1
upf 1
iTvmVgrM 1
cgUvQ 1
FQZRuCjCQ 1
Dwlv 1
GjvuYy 1
tpS 1
Apahq 1
LMielZvC 1
NRtOG 1
gwJNXlB 1
rDKLYlP 1
xiQPdki 1
xzMFBl 1
kRJ 1
yTDxLVhI 1
ixrGjOfii 1
TGvlZqe 1
XIZjgGg 1
OXZwkJvSY 1
DXSg 1
OkbxI 1
fdIoaosl 1
fFGvbOLU 1
EqPSSe 1
ckfboiHWS 1
rxeVTbIOAY 1
rRGycKRgti 1
VnfyaWcDP 1
cPZ 1
RGJ 1
iSYdIE 1
bWrp 1
sEbuxFjcL 1
sWeNIzwZW 1
CAzGJyDrzQ 1
CXe 1
MRpXNCLsM 1
Xxl 1
gXXFivrySj 1
mXWRzdg 1
SovdoJ 1
YTJOu 1
qjm 1
STs 1
MCONSiBs 1
WuS 1
xlQTBszdgN 1
wvTXaQ 1
ftlxBJyD 1
sylMHiwuc 1
ShiU 1
pJrk 1
EWAEjACnm 1
ftBguY 1
fTGSK 1
sYrc 1
CJsg 1
tWPyy 1
EbEkKVlTy 1
yug 1
EhsslRs 1
LvKgf 1
TXtRUBwpWu 1
RPQ 64
fCtzD 1
BzscbZirNw 1
xSKVztEKVo 1
QZGTZQezH 1
WslQ 1
UUkZa 73
UmPnNzuS 1
hKKwHHj 1
JrQCYuxZJ 1
pSpNoqS 1
Okr 1
aylhdNppS 1
nOeuArQak 1
xXVDaVkLR 1
KzAmord 1
ftjq 1
gNyEM 1
OmHNUy 1
uYn 1
qLAGRx 1
lDOfcYNmD 1
uVH 1
MXFTmXrlUj 1
Xcm 1
SSGvaGkEs 1
bKZjs 1
sTGMqY 1
IIcGGVdZ 21
iSfQOy 1
GNt 1
wXqyGaBH 1
PcB 1
hoOmJfrWnR 1
YjXCaS 1
jxxpgm 1
JifrD 1
ItECrKA 1
Gmjbl 1
AEFRpZFn 1
HwGYocGae 1
tom 1
hIhf 1
oRJzsz 1
LdmKw 1
EUbAw 1
qDSdgrtxI 1
CqTE 1
UmbAZvwrbd 1
rUJJOd 1
eTWxzDfTP 1
gxjp 1
RelQ 1
VcPCpbDYTl 1709
vQKOnyl 1
uRvpepuL 1
igrA 1
SmwRyz 1
UBPlFF 1
XFyTbDmq 17
JNrwdPNr 1
zwdnabdm 1
ANyl 1
haesg 1
tCZe 1
XQzGbt 1
EwqA 1
btSGNgJ 1
vkBGNyp 1
wDybEyb 1
SXYqnkdF 1
xPsgEo 1
wiLfjil 1
IvyzETD 1
PCsjkheQac 1
NMr 1
RvwMzEclw 1
AhT 1
OoTcYOvQ 1
AIJh 1
gJBz 1
lRySUjvo 1
WkXdn 1
ZVvQlRHDdq 1
FUyP 1
OSbZ 1
obi 1
fSzuwOpvHM 1
BXJQjPXs 1
NAFHzdbdy 1
yyEKek 1
emOdRStVUu 1
THhFkRSR 1
rSy 1
wZvRPIO 1
EVSGNa 1
UiFqVex 1
NJCfTh 1
ozYkqJ 1
xrW 1
QyRrUtwW 1
hStUvnLKsP 1
dMYQM 1
hkxjkIhENl 1
OamtY 1
VPKuAyiEEY 1
FhfBdNMfdv 1
JNaxPVyn 1
FAi 1
avcumGVwVq 1
pRqFx 1
KBEiVrr 1
UKGpdHtgd 1
UoCvXsEmMb 1
YUxeh 1
MhSDxVR 1
tytUw 1
mNkuzNB 1
uOTXflGGv 1
NclGUG 1
REgbHBMwu 1
kuTh 1
ySkG 1
KfvgpERmXh 1
FOobKDhrHG 1
sTpM 1
lmbU 1
ywycwhKnXk 1
fQLWUCW 1
yDsHy 1
SwxHRqPs 1
HtHd 1
ZnTvUiR 1
yxhPlfU 1
gVeclxhLXW 1
UHgS 1
JcdOlne 1
HsCWcdb 1
nqWWsI 1
xmGsA 1
JcLGmyXh 1
ixbYN 1
qsSde 1
xSlIlB 1
LvdLdIuqJ 1
bYSd 1
nfCkC 1
jGRWv 1
nPEjcRc 1
uDzrWVMOS 1
FLK 1
aEK 1
nyrqCDZDd 1
TjnXVMmqK 1
RrkUHDaUZp 1
bQuEY 1
tcDyONWxI 1
InFWkZd 1
GTCDAcYlP 1
rQlR 1
vuJnXAWsl 1
heMT 1
OdCzdb 1
HmbvS 1
TrdKfelDr 1
QEFaXNm 1
sGL 1
xEmmccsZgY 1
QzmHSw 1
jmBIcRech 1
iYj 1
MrRahHsCD 1
Sxf 1
ZsmLCLEgo 1
VKGQRuxC 1
kdQGUfEwG 1
bJnwacx 1
kFtO 1
XrTDmYNH 1
gwRhf 1
NlHiubMXu 1
XxMprEOII 1
hqZhBzwz 1
HRR 1
InPnx 1
aJBoF 1
nbXlO 1
hrZPqbUzP 1
qcD 1
zgULHcYdZj 1
qwsWYt 1
ULMvSAd 1
lhTQdcEJ 1
ckLAjX 1
ZcUvnD 1
NZkWQGTct 1
ovZHQf 1
VWFCvUXjEo 1
VcVnfBr 1
iflX 1
yAro 1
oqiGdPOYG 1
fJvbBfq 1
UwU 1
bKezm 1
YtjZTI 1
HwQXSOSCa 1
MrHCbLYkx 1
GfXzO 1
jNTCR 1
QtpSIS 1
FqJdw 1
EkFwukgkpo 1
PSvkSgvoM 1
CuCPTRznwR 1
ANbxEv 1
mhPs 1
nhkTr 1
ZOUivrUg 1
XhUJjmzLX 1
efJMzbdB 1
RLzxaA 1
NaSEoyYWi 1
qfHCkYR 1
AMEIm 1
ZVBAipOJ 1
HvcOl 1
UBHUtHrH 1
WkUPzOvGPQ 1
qEGnjnr 1
EDTf 1
mDspkDrHN 1
mKli 1
LqcLQiUNY 1
ZidausxX 1
GBIGOQzmn 1
uCxJkgOfm 1
CcMFJ 1
BWMLOclS 1
fvbwGIxL 1
QHk 1
WFhmKGkd 1
gLhvwM 1
sIGPX 1
SN 1
NpyxohWGEl 1
InXM 1
ixnAjnzvj 1
QUeNN 1
mnXm 1
ATjhyypAnP 1
wcd 1
QbWHoqnWQ 1
NxXllVRroP 1
HhlfIuDwET 1
WPmB 1
gDvUOI 1
cYzltcsfNH 1
hAkHnEk 1
NwgshAPrxN 1
FQfCdFVU 1
wSwwTsrm 1
MtVBtQT 1
fzsM 1
XjPDP 1
pWGVVRVR 1
bjWETkOgBF 1
dqQeXLb 1
imxOf 1
qwOIUGw 1
QwiHZt 1
pRvGcX 1
XGOvuN 25
QPsoIOSNQr 1
mCtUruwg 1
KcA 1
AcelpFbit 1
JVhTudncnA 1
QyOtPaWy 1
RGa 1
kGleHGJTaE 1
uVhr 1
UAlYEFqC 1
YvyaArksD 1
mugfKrw 1
LOfmJciD 1
pBDv 1
ohb 1
GiP 1
UBTjOaEcr 1
QYOuhcDRY 1
CeGpFAbvwI 1
XaUITM 1
TDYQZ 1
egPY 1
ReI 1
ZJxsFVTFx 1
xgMvWyU 1
zFbvPfKHVJ 1
fVFaMov 1
jHeEucYx 1
mCxamEE 1
YMYMWLkS 1
ZMf 1
Td 1
OWpWAm 1
Dst 1
IXyKuCbr 1
oJUb 1
PGrZrcC 1
tSMQk 1
Rm 1
YgwppRAp 1
mellgmF 1
IXIEUEB 1
MUmtWvjKx 1
lxkkscwFQM 1
xGsChmkwW 1
BgxJQx 1
nmIulRo 1
kbOlRJfl 1
LMFOnUUlst 1
wrMjaVTnQo 1
LJvFHkaPdT 1
RKYYVaouwf 1
DWyiEnj 1
JwFcsuwEj 1
DXhuGTvd 1
CLHxLFs 1
AaPkR 1
sNCR 1
FMhvCXVZI 1
aaivw 1
UxKehaO 1
AnsIQctiFg 1
jXHeuOKvb 1
PAxJcvbv 1
SOscoozkl 1
ISa 1
nkCCkii 1
qYaBLqns 1
XdvXS 1
VIxkFG 1
znvQKH 30
yCvHhn 1
aDnZO 1
fGnUKPL 1
SXDudNjcib 1
VPg 1
NlhDhXQ 1
Bne 1
QvVgQ 1
hStvj 1
WvdtSbtqAn 1
ZUnyyZeAfo 1
lXSog 1
lopek 1
udgHPByvDQ 1
uSUDNBGWD 1
MHKaMZ 63
lxnRGP 1
AKHpdnlUN 1
wpoPVQtZu 1
xilKVRFWJl 1
DTQLaWx 1
AyxyyEqcs 1
KrKvBSndB 1
YJkOx 1
QmWJhzWMDr 36
wZSX 1
oFwSztsRcO 1
QOuc 1
MjDHeLwf 1
yZxDhKt 1
fhHizVJzdo 1
enRgpE 1
yIQISdVodr 1
QaIgvWGXp 1
Eqxnv 1
LQVa 1
dacVifc 1
eMn 1
VHeMWwAKH 1
tkY 1
kEOCODVth 1
RwVNPCEH 1
WWGXD 1
SzRq 1
MQjfAYMvH 1
QXDSdZj 1
CdyOJIqImu 1
txIWRdfwvb 1
vVb 1
aXsvMFlG 1
IZg 1
wkWXwZw 1
GwZgVdO 1
TvPDYisZOW 1
HRPVfKj 1
SjVm 1
xovq 1
MwJqM 1
WnyGEsUxvl 1
PKKTaYsy 622
HBaYWmFtKD 1
LfANImZ 1
EjIDFnr 1
IoodP 1
yQXdvXlK 1
WlLGtXou 1
TsUWYRX 1
uHpiEWFOc 1
MLHckBevoa 1
LJR 1
geH 1
lwRwDs 1
yeIVGlPaZn 1
YcXU 1
XSNYwyj 1
RVrVAHPI 1
UnG 1
sMYeeB 1
ERjWS 1
jIA 1
dhF 1
WoA 1
QpObDIDhlp 2009
YToDAe 1
pLfAa 1
ugjYlBhrQs 1
BelecQqpCM 1
AsEqbsKpm 1
GgWvVOKnV 1
VWhBx 1
oMLKA 21
WCqFbT 1
euJkVpYof 1
VErOu 1
qJQmlpgk 1
EsH 1
hQbfgnrpG 1
iXY 1
yOgc 1
ieJwW 1
QkCzBsB 1
nwq 1
TzEqlsQ 1
fDqLGV 1
CYPGeqaKR 1
qchMHkn 1
wTlLksDzf 1
qqJfEUlgG 1
YwxueT 1
KiAw 1
gKnmctl 1
OcmufRr 1
zxh 1
ekQr 1
IvGNrBxL 1
sXrmYqb 1
QGddntIpDX 1
CFEkps 1
RKymq 1
mvWuMbstN 1
MNAQ 1
sxfybnhJwg 1
GxYogKHm 1
EtEMfwWBg 1
VoXpnGGgV 1
mmNdq 1
QXe 1
kygRJcdNo 1
GICz 1
uYH 1
bjrVTNpy 1
YiOdJkpF 1
NHwcOocGw 1
Iwadof 1
BSnwCWdQrb 1
pPfcspWkBD 1
tjKZwkd 1
CxP 1
IvXTDIFe 1
gQCb 1
VeijaRM 1
sMRcFF 1
YcvdpW 1
ZyWUAc 1
WAAFElQM 1
grBo 1
iOtRGD 1
Elf 1
CAglNc 1
iFKVL 1
BiBvO 1
uMJItj 1
gWC 1
HhdbUeU 1
dNrHchYpEy 1
ufUTuh 1
FkZeR 1
WxQw 1
ZSGpGJ 1
lYihtUrpU 1
YBMusXrZZZ 1
jAcGsBXLkX 1
vyHMZHMdG 1
oKMq 1
Upm 1
Gka 1
BMoM 1
SONzOGTfei 1
NlMyckW 1
cnUXQVhLU 1
IxWjAQdzSX 1
nKwTN 1
GEU 1
CXygwKqeu 1
DuBbo 1
bJWsDIfclb 1
POt 29
pDoFbpFkZ 1
fWoowNevo 1
Aoch 1
KnMxhDUA 1
EwenkRtr 1
ygBwdX 1
hUDiZi 1
KXMFfDaA 1
mNPLAIO 1
WMtBOptYe 1
yfOiaNk 1
sVrlfqBVxX 1
nilQ 1
fIiyKVfEq 1
etMrFxr 1
Eucgt 1
FEJTPe 1
fMyiefy 1
BWFwMvWKG 1
sntwQVK 1
REavMSNC 1
UOgKXECbe 1
puD 5
mAcDNq 1
VPC 1
zEnptmvAA 1
vCBWvRTU 1
dIVtMbsiU 1
vIXPLftjVm 1
YUaihDP 1
oqklH 1
UWOPuR 1
xozCEISIlO 1
fjxbjhzxh 1
oKDK 1
cbsCJY 1
Yrv 63
qmamThQJb 1
Gisg 1
khqn 1
eIC 1
idSzIK 1
IXpv 1
FVsShOr 1
MkTiZEoTU 1
TjgQz 1
PoOuP 1
gnDEddIC 62
osscnq 1
EATLbNcSQM 1
QoyHbIfg 1
GlhH 1
vmgpZoZJXB 1
sA 1
rTxhF 1
yhXmrrAR 1
etPrdnQpTZ 1
HwY 1
ZmdvKfV 1
LEau 1
ncumWTx 1
hmJtkrdfJO 1
YQNhwrAvi 1
GrfZFhKQt 11
GuavWEi 1
nPhvtd 1
mjlCnDAnP 1
SmiB 1
onz 1
GpXDgEhqY 1
iCauXnOV 1
NSKkMYrzV 1
Kdv 1
Ys 1
fOYaKCEIX 5974
HjyYLfGBOs 1
pYHrfWqzJX 1
ywASMn 1
EhohhIDw 1
rWQptNHyJ 1
Otk 1
gUbWnsOYbP 1
cVIViEW 1
NzJIo 1
iXmX 1
zzAEovk 1
hTqUCFMMLY 1
WgCQ 1
KgwDLb 1
zxEhl 1
pjxhYWdAVi 1
ALvLf 1
HACXQx 1
czeITqpd 1
dKDhj 1
dsnwFpqD 1
akzkNVms 1
koVqumFr 1
SDLfcp 1
cSbAeNUcIm 1
GIbvy 1
Ke 1
AnagkvNavv 1
XjLSTeNR 1
xtyqmXBp 1
tErIiZ 1
zpNfliLG 1
bgh 1
zwjZHhg 1
pjkD 1
rwMuFZIdD 1
CgA 1
RKZtoKjG 1
ivnoJxoWL 1
BCG 1
UlsLOOKTK 1
KTfjgwq 1
Kmt 1
pFoXt 1
XuniyAclXU 1
uMdcevwzu 1
xzpUF 77
zMKcnJe 1
msRWuTkVj 12
SSIgGkR 1
dBQGy 1
TaDOVBI 1
RkVEz 1
bBWiaVfzeq 1
DVOilPHF 1
JpksCRVrRW 1
YmGOF 1
Syqj 1
ayDQBZh 1
NTQr 1
VlGUDohrD 1
zPqJA 1
PLJUcS 1
hsiOho 1
csNlFLJr 1
rxn 1
UMnuDdEN 1
JSPS 1
pcATypSlt 1
nBZp 1
ndYPaYCW 1
QxWpyVoo 1
jui 1
twKQWKpOBp 1
rTogr 1
zAbg 1
KiJjoHlA 1
MxZZYoz 1
SHHJFesK 1
yIqLCLj 1
PLj 1
OacjeKk 1
mEHMsW 1
mIiz 12
NcBaEJ 1
rPArEMNdsY 1
IuvaecyE 32
Hwr 1
pPIMGS 1
DjpM 1
KYKuuJ 1
PplkC 1
zmL 1
iTfWk 1
PReDwdBm 1
pofA 1
IzRDRILW 1
Cma 1
sQcYn 1
SXCseA 1
XHsjst 1
tZgXriTYI 1
TDB 1
GxuazrhXbi 1
NjtYjxVcX 1
PkMeOW 1
AioCNko 1
fVNIpyOGP 72
rV 1
KjlmH 1
Eza 1
GPambbHdw 1
HZdaQUmG 1
pftePfxMg 1
gWMqITLRY 1
nHAlkELxAP 1
UmKgqnrJXH 1
TasTNDv 1
fQvTtFd 1
xCwAoh 1
FLmF 1
nbjsWK 1
rPAJ 1
VCQEpGHTFR 1
qDlENR 1
HloEseMFcW 1
hxpOqJa 1
LzEZuhWaX 1
BXMno 1
BHpZi 1
EcBmu 1
yuIgfANbkv 1
eWMvVtLp 1
Zsmpn 1
lzegzgZZ 1
gPRr 1
uSDaKo 1
mknUmeAn 1
SQsACT 1
pwezA 1
mKssleP 1
LhWekp 1
RebFQnheI 1
CfGFd 1
Lwagb 1
mWErJaX 1
pIdXYg 1
xQnUdqYBeQ 1
xMEnaowKYp 1
ZcNcrSXQ 1
UUKEhrds 1
txmQJftPbE 1
uXCndENGVm 1
ILHM 1
xtVcwJMiXy 1
gCr 1
soqiQya 1
KLqVNRkbgg 1
FuHgZsV 1
YZbYOgVj 1
SdcsK 1
FOiLZLu 1
wDVCwlH 1
TYV 1
BpavvH 1
JmhzIVLg 1
sSZ 1
bXV 1
okB 1
rlFMLn 1
mJlPWxobsQ 1
LRKYfAT 1
hbCJCV 1
zoi 1
Daus 1
BGCC 1
LviiiwxXI 1
oMtSNFb 1
AvlOTPS 1
urXDv 1
Qnc 1
WrHBOHUt 1
oPBpdnW 1
qvWnKqkeGE 1
YyJN 1
lDnKtxE 1
dbgb 1
gxXGGnX 1
UZkCItp 1
WJUKgIVRQg 1
EDelvV 1
QnkCQs 1
smnQR 1
rzqdWCssit 1
xSXRFyy 1
qflrAe 1
PtvhZoAN 1
cqB 1
EeaUFcYmF 1
eHksjg 1
GqGqK 1
Quxmhwt 1
SfO 1
KdZ 1
aumqc 1
WfnEh 1
crnkV 1
UUeVE 1
YfT 1
ymDo 1
PgfdnnQo 1
hgdv 1
fHpwNsWYAs 1
mtUFbrmuS 1
izkOM 1
aiFaMefxER 1
JUCIO 1
PtoceTOKj 1
nylYK 1
kfmfBkfVEc 1
hBhK 1
uSufjhH 1
mNHSGKbcCn 1
HyWdCsn 1
QEoZSQ 1
VaEl 1
MUEEAjWd 1
uixAzN 1
GGyFdjPenY 1
qMhXy 1
qoIoycap 1
OoubXvIb 1
Rgpamc 1
qENJNKSioq 1
COLgfFUXM 1
dwq 1
qaGV 1
ByLHOWXI 1
sPE 1
Utw 1
YshM 1
BiOBsVPd 1
UCNyMN 1
yCHJtd 1
Ovc 1
yEVL 1
aHE 1
Glz 1
ukhL 1
aoGn 1
lWAYaVebG 1
GJVa 1
ZyNIVxGe 1
iVhNHDEfe 1
WpP 1
eQyrMqYzW 1
ejx 1
TKg 1
qYY 1
dFFhzg 1
YBjvEI 1
nbQKDgWgf 1
FmsDH 1
QNU 1
scVZ 1
eQcPIm 1
RuNt 1
ySOFZ 1
tibhF 1
ieohHV 1
mfzTyNK 1
bHLQXTboPy 1
GXFKtrKMX 1
SSqBkpPh 1
JPAAvW 1
JLOUqIvKR 1
cGV 1
QuHhBGAY 1
aFyeC 1
DDRItfR 1
pmwqWtDI 47
eLCXSj 1
Ep 1
HLoJVPR 1
YkkXBsGL 1
ecCX 1
WkARgrca 1
Uwwpe 1
KjfOSDqW 1
LeKRgsmnnO 1
rFRvX 1
povmLlUL 1
IkRgVM 1
yDRfcTFp 1
DmCgtit 1
MXscEK 1
QaZriyDw 1
saip 1
KbLsqx 4878
yHZmGhQ 1
LMudoNZsZ 1
DkfKPyZGX 1
CPqwit 1
QqECKdv 1
IEMhbyz 1
aZEzZVDn 1
xM 1
ANqUDYTku 1
tDqpaE 1
EdXgL 1
IaTVbuxEWJ 1
ubOQzaZ 10
nYzps 1
eZeovn 19
GNqc 1
pakGAkU 1
MXmFCK 24
pXRMe 1
LAJvgz 1
moe 1
gIferYaJ 1
sbcgAjqThR 1
YFRjfdQD 1
jKGrxlmEfh 1
ryoaSHklt 1
VBtn 1
BzirbQN 1
ZOtMfl 1
AIJR 1
wUjCTicQx 1
qkEkeNz 1
sKzY 1
RPuQSELQ 1
zsmoIsJs 1
OhzPg 1
MNoCqn 1
eMuHNxXCdF 1
OXFRdOL 1
Wwmr 1
fUUOZ 1
hvtkVWrqIZ 1
TsHc 1
hEYDDhJhuX 1
nHWa 1
eMlhQRh 1
VBdZVDzAH 2886
fMwsovV 1
mEHmtjb 1
srpZTNnJdj 1
fsDpNWJOCK 1
ii 1
wLcDKYXb 1
TjGp 1
GJKmmIyqH 1
QQbXF 1
eVhXY 1
tEFcXo 1
HXCKflst 1
dKFJcdjTT 1
SAmdJxy 1
zTmgpzMarz 1
vEO 1
Pohv 1
QBae 1
WBE 1
PPbCCkDHN 1
cQJitX 1
IvAaEXJ 1
nrdOXVGLU 1
YVxLSbg 1
EFnFAq 1
JyKTbojlEG 1
ujWz 1
dkRbkVZJfh 1
TTf 1
vhik 1
YajrkfAY 1
uhlFUtr 1
PytugnwnY 1
naz 1
KMfTshXQ 1
CbBU 1
JRXm 1
cZfCq 1
BQNLexsb 1
ennoQJqqgM 1
bPpF 1
AcWCNR 1
SpzuSI 1
HaCwkOxdF 1
MkrTgcqiJP 1
QjEkHLj 1
BFADvGRO 1
qQWyZTfT 1
QvXyv 1
QH 1
Tnubae 1
IIpvYxFCW 1
zYQGpjX 1
MCdR 1
cwyh 1
KAmeMPA 1
pNJowM 1
xwILfnfLX 1
VTcZXCFC 1
HgYzt 1
rTwc 1
OOeA 1
Ewnlflxd 1
pjxE 1
TXBI 1
uKdMU 1
gjZbE 1
lCiodjDJk 1
JNmyoncR 1
OcAqsVuej 1
zBCpyI 1
BUVrmzafNW 1
ytHbSpqgdR 1
uuThJMd 1
cNao 1
zoswqaJW 1
vjQilHtVr 1
AgHAYu 1
rcClXpwa 1
QBNWpG 1
UBl 1
VCkqQqKTF 1
eMAePfXDS 1
BPsCZt 1
ndZEA 1
MQMwP 1
VZrlhSH 1
GRbcVKcyP 1
SnRuClsn 1
vAgM 1
vnTzwT 1
UAcIJkreO 1
mxuKmhZuMP 1
KvaeTMJh 1
elCn 1
Kvz 1
KCf 1
mLTT 1
XtHy 1
qiDtzESRs 1
hTlwG 1
lJVnkCX 1
JKGFVuTepJ 1
aXn 1
eHCuumf 1
txAaTZXpN 1
VFjQitR 1
RJqmJqSa 1
jtQDiiQ 1
YPCsG 1
QeNElhYz 1
dZBt 1
ayJIpV 1
GBhN 1
ctEi 1
txasGVsxc 1
htgZMzgE 1
YGXzCy 1
KlHCFn 1
jYL 1
ljciusf 1
FfCfbwiKhn 1
XbteEwHJs 1
yQY 1
LnefQRIlm 1
uMEOF 1
jJYJGINuEj 1
glLsN 1
blgKpprf 1
ufKPKAxhYK 1
fyJ 1
QxDJDVzbz 1
UlKaiYdNJe 1
NcPFArZC 1
jVjijo 1
MSF 1
stKqHm 1
YrxVTXxGW 1
wXWKtF 1
FmuFEtxhyr 1
gwO 1
EeZrYJaWBd 1
ZxAhdVWhgY 1
cXOAIG 1
bky 1
rPGd 1
KOfRXTgQo 1
XhTbK 1
CBrWxQMHZi 360
lthCbR 1
krCr 1
rkkBwaMmAS 1
cEjezPWxp 1
aHRrDWfkT 29
QtbVVY 1
YoDd 1
YaVBUT 1
OuV 1
OkMLh 1
xPkkbO 1
uZkLR 1
cklYgs 1
VpXwNZmD 1
fKxlU 1
YsVahcSiN 1
TBZ 1
nseJaRAn 1
uptaGYBR 1
LRESGA 7
NQVjOBH 1
KkAPs 1
XbTmGX 1
iBHCkw 1
CtEjr 1
gYIvPbhiTY 1
SnXrBb 1
iuebJ 1
sVaDZzk 1
jHno 1
YxBVqcle 1
YRcaq 52
kxrKK 1
GZJUEIzdD 1
LcL 1
BJHCqf 1
weRdecsJMv 1
kCNVmMmneZ 1
TBuSMjKssi 1
zRmUsdveE 33
pmYW 1
jnHOpbC 1
KaUtfMXYZ 1
OPjkDQSp 1
My 1
HrsJJADBo 1
zZEO 1
yEiZXFy 1
bBlcC 1
lBtL 1
DCFIEd 1
GlvndijN 1
XUFVLcaL 1
KCUtk 1
Vnakcx 1
jDrMAboX 1
jIlHrcRCe 1
FPIoJP 1
xIxLvMG 1
JhZQdlgv 1
iLjmnMA 1
PEBkTyOqHg 1
bkpVrZp 1
oVArX 1
NNDMeQRd 1
bGk 1
SlYHclFlq 1
fGBpGAQl 1
hEfYr 1
VzKD 1
twqhitYDO 1
JCY 1
vJkXduIaA 1
bqVzKLhL 1
uXtoDG 1
jarNPM 1
IJPNdwCzcE 1
gar 1
cCJ 1
WUjac 1
CrWzxI 1
TxFeolU 1
AaymStbFyp 1
rpEkHNPv 1
BjJxXTsFPf 1
jztVTLTQL 1
vWtaAp 1
eEMKocSZw 1
qYwzwnmtME 1
tNIdKbOD 1
THkR 1
sTlBjTlx 1
umGQXfVh 1
FZNydDbAq 1
xatRy 1
KUh 1
VCdoyd 1
tSH 1
rQxCOdZLKw 1
mezwcYWja 1
dXS 1
YehvP 1
cBjWP 1
kFTi 1
dWva 1
URJJSUgat 1
LjIlYJfjwH 1
bILjl 1
FdbjQIrM 1
casYgqd 1
naaARnxHBY 1
hNl 1
dXlsdUUlL 1
inXk 1
PIfZL 1
XBTiteFSha 1
XHDVQjg 1
pWAuFEs 1
MrnSHdmbs 1
urkgVnhtCr 1
APVStyaOw 1
RkYNygK 1
uwo 1
Pdfyzi 1
XPQWIcda 1
JooP 24
LUW 1
zRQea 1
zLQbSFzkCV 1
CQpIWDS 1
cXcWyEcS 1
zvlYOZyYpf 1
QOnGFzlo 1
IcjdwauKw 1
kfFkoKztaA 1
LwHCQQ 1
CMJK 1
ltvSKI 1
eLFOUvai 39
grRziMl 1
JFeh 1
SQLz 1
TOaJPkfk 1
fVBYeVZDJ 1
EMQYkkuz 1
tbJ 1
OqNyUEK 1
JbLKeYbUZ 1
gfpujTJ 72
xSvcnPE 1
AAFIVAtlV 1
ZLOTFavMZ 1
IiqyL 1
pTCLdMu 1
ybYBmmiJmb 1
TdURwN 1
muL 1
UKnXkqXg 1
XpLDpU 1
ofnXB 1
ftSwn 1
PQohVbDtaN 1
DLBth 1
yItovTjUp 1
XTqwEbK 1
srQD 1
glgaNpBiL 1
utXHBHmkSV 1
KSQfsEe 1
AYgOC 1
byUScbgIQ 1
XsV 1
VZinJzrB 1
YSjdtcrYr 1
CxdXPG 1
BUoVUFfnGR 1
mRjW 1
nBBQ 1
mhxrTzJHl 1
Egoku 1
sGIpVz 1
zKeeipEO 1
eCebWlnyQp 1
gKvkvy 1
UJlBJ 1
Xvz 1
otRqaW 1
mddYdyhC 1
yFDOAD 1
TNCvQTv 1
VcdDs 1
irab 1
WLS 1
BRPfDTJS 1
zQIgLEZfUg 1
oCSuwEXJLX 1
tfQqX 1
qUJrWRSL 1
RQrBk 1
XOfMqZV 1
dAVkBjImTx 1
gBRMkh 1
AIAp 1
oQadcJ 1
fnIM 1
eiuRn 1
sImHpdC 1
BgIwSiSkCP 1
txjZha 1
AcmfwR 1
HEe 1
ArCoDulXJ 1
vSCnx 1
fla 1
cJfS 1
oYETkwwJ 1
eWN 1
YlnibNV 1
sOXHLb 1
GBEqLQVW 1
JFLzvxQurj 1
bLSKqjO 1
VkkOnF 1
AINlpRpy 1
HEdY 1
jYOKxmZBtb 1
fxpuId 1
mwlCq 1
RvCLdiWQ 1
BqoCOdl 1
HZTNP 1
ScawChZyRB 1
bvyejEcmGn 1
NpNM 1
jCP 1
jAuBjK 1
oICmCEizUg 1
fTmoaEhi 1
WzxzsGNp 1
JlpN 1
LRyweScU 1
iwHeuxRo 1
xxJ 1
EKUw 1
kjoRn 1
PkAwtAc 1
mHFabw 1
CmcISlsF 1
dmKnjn 1
VuU 1
vHcOTQ 1
XuDu 1
joECsCL 1
kFZZvrLY 1
Flb 1
JPgk 1
Lfa 1
xwnXHvCzRx 1
FqPeJS 1
EdHPjPvV 1
kxTjGfQB 1
tlTZd 1
GywfTgrjlV 1
XBQ 1
ReHf 1
pWYMQ 1
GMG 1
GIS 1
loqUSbGL 1
khF 1
rREAraLrgy 1
DSrCsRlDe 1
PxfPYBM 1
RDLNso 1
nwxFZr 1
ZRmCS 1
bWpwXMLjum 1
icXMfTEb 1
SVyTa 1
UYjGMZB 1
Wsubhl 1
WHmmgj 1
JmFV 1
zStXF 1
degHazjn 1
qRyiIiFdPh 1
plvSIoQWN 1
oZFNPoygSJ 1
AUjbKvA 1
mRWQpEVtRk 12
CFLnOyk 1
VlETPzEvi 1
aHFA 1
AjxYa 1
kQL 1
prwllAOyEN 1
LkBOhKXflo 1
tBBgmTY 1
ROkuFP 1
LWhVzH 1
vQPscIy 1
tQZVhssH 1
ghgRuxy 1
zIdM 1
PcPFljxgZU 1
HqEO 1
fmkyl 1
qzkrRT 1
rVuzOMJ 1
lgcEpBZT 17
AoTVIE 1
KRSz 1
lYzZXhZn 1
rrftAXY 1
VVYlv 1
GdSNQ 1
aXrVsFOJ 1
nXtSFyJeFK 1
lkgHR 1
tRSjvECKl 1
PcjZE 1
pGnhHakHn 1
PcE 1
cCjNMFCs 1
blrE 1
rDpNEK 1
cEs 1
pzIT 1
MPGreuo 1
TcLUqUqTR 1
MncMiWQ 1
FzYp 1
hFohByVOZy 1
NJYPjy 1
mKjOod 1
PgkfXWSZ 1
AGxuFu 1
gcms 1
HGyEjLiT 1
IEhYbIS 1
qJZVeAISHM 1
sppcpohf 1
oIH 1
wEo 1
fdp 1
HKLyCnaCGd 1
xScixEs 1
mSyJxzYV 1
jeNMnTz 1
pMeJR 1
HYgysu 1
eVQjCskG 1
fDlo 1
qYrozD 1
RAF 1
yKVzGnzuJ 1
BLmBTChw 1
xEObpRC 1
FGpFbIw 1
NmvgECjXe 1
kfMCTMP 1
fmbVk 1
HNKjoM 1
ZNeaid 1
uXGq 1
rWQuq 1
THty 1
WsQUrfBnqi 1
BJhWgA 1
cuVFlRnl 1
Fwlsb 1
BnMseTkMA 1
uFgppNQL 1
XiwNxBA 1
QsIxcjzkQN 1
CFUmlW 1
kReSc 1
HftDy 1
olqKrcPb 1
nkKDkJi 1
YBNZ 1
QtbQhTRGmD 1
uDDdJTf 1
CwagYdwQhO 1
msCXVkATp 1
NyN 1
UZfdNvFh 1
VjevLN 1
nXpmOhcw 1
qgJYZvQIwc 1
AOJk 1
YlmF 1
PZuulya 1
rtkq 1
dKiAplxP 1
poS 1
rzBoVLD 1
IEvXi 1
tqxxqa 1
RHNAaaW 1
kGoy 1
lAwim 1
APnEbpQSnI 1
zvmm 1
ZGZ 1
BYMXA 1
EhHX 1
SoyGHEDehA 1
JfoSRdHrGm 1
toFSPtCNK 1
QdM 1
VcfzGyiluQ 1
vZOVi 1
XIK 1
DOOG 1
bgcOhI 1
gsiSQKYC 1
LJFj 1
wQWTSzApTV 1
CxIozIH 1
XPbLA 1
DeNJT 1
OjgL 1
xaankoro 1
VeWu 1
UMUuE 1
WMVVGWjw 1
JcPmUsPqyd 1
WFaQaMyy 1
MoLii 49
bPMokMSCHg 1
RFogvAqHky 1
OdctoJbT 1
ifdmnVeR 1
UCpwLAE 1
WsdDdB 1
hsQZp 1
FsrC 1
GimE 1
DdnvP 1
VOE 1
OSuEgLCqGo 1
CNzri 1
TYJugPite 1
uyyba 1
nXW 1
hWazgOtdG 1
rPOaqI 1
nsp 1
icXAtfCh 1
vZuao 1
pZPsbY 1
Udqm 1
zKCwy 1
nzNuBmLqB 1
VDQoTYg 1
pAcwfUMac 1
EfkkNIijm 1
CwJqdZAZl 1
cWM 1
IOKKpWpFUO 1
JZQXLhQE 1
VKJHhYgS 1
ncrQqWGJ 1
vbnyMNXz 1
DCpSki 1
SqWpxrT 1
oIAFDef 1
hPOOjgShku 1
vksBeu 1
zQjxgKi 1
zybbHEzLty 1
ckfVXoir 1
USgE 1
PoyNxKLs 1
DJMtcQXq 1
ghMakryAt 1
ddlpn 1
Euj 1
amcieVYcO 1
AVnurO 1
KZESTluJgv 1
EEvNbIxbj 1
ZbBniQKXkp 1
MywmFQj 1
OWQUIYC 1
nGywTXcgZ 1
LBmquKJjb 3163
uacwMqH 1
KRDlJabgN 1
LwaNjeMOaj 1
aDZKpBv 1
FBSTi 1
xKZOKfzA 1
Fzhep 1
kTdUOuc 1
xaRxLuAF 1
SYkdcsah 1
uBMECw 1
tDBBSVTX 1
zSGCit 1
SJfLMhSKL 1
MZg 1
OvOJxHs 1
HslBca 1
XvtTnJeNb 1
csTIssrboV 1
nlUiJaIm 1
cPNtvPwJBM 1
iNy 1
FaF 1
aGYtkWLAr 1
QXz 1
FnvN 1
reqUQSa 1
qyOXw 1
qXzgyFt 1
FmRAHa 1
UqgKCaUT 6
pHsTVOne 1
HtOwk 1
cVBVRL 1
eqyxVyz 1
tNsbsGz 1
hqd 1
xoflGPIb 1
IMsjN 1
COXHRTcfX 1
MgKZ 1
qMEJUhPv 1
dwKTY 1
yqNUwJn 1
wtrSdszSA 1
eSjTnI 1
wKWunFBX 1
RqP 1
uUJUPu 1
dDEVYEWR 1
NjrpP 1
RhQwB 1
hHPIYDdEf 1
nOJs 1
BRDIjLMgDN 1
xppPZeWsA 1
RlaYJtwt 1
vsqs 1
LBi 1
CPN 1
uRVna 1
BpMOEn 1
khEgaXmF 1
GYWaXJhH 1
KEZPwspzpq 1
yRArSSJth 1
JewMvdOvGd 1
FjwEanJnA 1
LDiKSdbJ 1
URpUAmoY 1
ftPhAWiRA 1
oijbj 1
YLnYqrGA 1
MssR 1
KNbT 1
eQXCjVH 1
LrNwov 1
UKBttCW 1
Eqet 1
dDWaEBt 1
EZnew 1
eTkpDSkz 1
euYzJBd 1
rIncLGt 1
ZwOekaep 1
nuCOf 1
gnsMFV 1
Jiu 1
bXUB 1
FZkaOre 1
cQmjgrrxaO 1
VfnFYpNt 1
xnIPlKZDj 1
CfMNaZA 1
ltqtdtlrQ 1
QyinIDRfaf 1
qFJe 1
TZLrEc 1
ufFXbvEJHl 1
eGIKbFPRh 1
VZIuYjMVOp 1
MhbOjUBQb 1
JoCrn 1
kqufQUS 1
tvRQLnN 1
jceNUPed 1
lkVE 1
Stye 1
hqQ 1
XpPnB 1
UhOtvEI 1
dOPGYIci 1
EmmAkYlDk 1
zccxS 1
LwJCGlNik 1
dMrrsBUpm 1
gRhthlSVtL 1
kEKBjfd 1
TPxWzVDQw 1
FspBnbC 64
ZHHPRS 1
CtYwDV 53
HiJ 1
BkSO 1
gKMnbhmM 1
tRbooC 1
GLW 1
lnKmjOqsg 1
DEff 1
Pnyjf 1
OVqnXysu 1
aUIEs 1
vsiCQX 1
Nwu 1
ohG 1
ZwgEayZfH 1
ZcsIaYdot 1
WRhIafYcO 1
xPNIXei 1
pcEffbIKpn 1
UyvdFDstjo 1
yyyWOS 1
VfNzWu 1
gdC 1
oZoCTezVUg 1
IyeUJpwMSQ 58
qcllBCkCf 1
XHlUdMtc 1
QDGcChd 1
HsQUL 1
FOm 1
ydrMrNUfS 1
uTQIRifnG 1
hsxBdDLAN 1
yUUKnUhr 1
XAjXicq 1
UXn 1
MtkvaVH 1
UfoYE 1
PxHMVVNN 1
eHoMLue 1
OebBCuwWdh 1
lFh 1
gwaeR 1
Vb 1
NGKfWs 1
OIIdEK 1
JAnTTpDr 1
kraIB 1
VTJnx 1
OVopbgAEm 1
vjjPCM 1
ZUBVNw 1
ghYsm 1
RKJAM 1
KYvRDqL 1
iwaYYZrkV 1
JPkJeD 1
LViTIET 1
EKnnepGSp 44
ZcknrB 1
HDDjbSt 1
VIX 1
kCduok 1
wEgXVOEYsF 1
Kif 1
xOhLU 1
gCFW 1
dyGsljiX 1
lGqaD 1
zfXUUGIvbR 1
cZeXzY 1
cgIRqFwOD 1
TrMnzKwI 1
AgZdLel 1
WPxoLqO 1
ZucYg 1
VeWAaDpuEO 1
AHREuko 1
QjtgudgAsh 1
nBARtkzL 1
GwhPlpCaQO 1
VQxrZWP 1
uCmWxNWL 1
bnjqjhbMTd 1
valS 1
Mehxueoi 1
SMc 1
RjQxeaPrI 1
sYHCLGvfNG 1
gfbqFIHWHt 1
bcEhQUA 1
gxkcPsyDP 1
BNLshJZ 1
kOeERWThb 1
ePtsYi 1
jMCu 1
TuUfLHSN 1
IUsndKz 1
qHfGMY 1
xUMBZObgg 1
AgeIO 1
XywA 1
SfnQWjxFRx 1
Wws 1
tHTMhDkxaU 1
XYpwgmPv 1
CASztNPIX 1
yrQhHiL 1
WNkz 1
NJOj 6269
FCWa 1
xEqzdAGJ 1
TuOecUoRk 1
VmoYNUn 1
NrTIXS 1
cHHfcJZ 1
UvClHioNS 1
jMSp 1
qbYO 1
OuDK 1
aqT 1
yFemNmyw 1
bPjLEuA 31
iveO 1
GAjDkpOp 1
hgULIq 1
FxuN 1
tKbXlgheDc 1
ALfqsu 1
FUZPJo 1
lIFImr 1
fwRMWBE 1
hQSUrr 1
PHKIExbhQ 1
SVHZYXrrca 1
Brrcx 1
ipyEwfHdLu 1
jtuCXGypcg 1
fSnlQxWqiO 1
HqO 1
WPHHbfeYj 1
YRndG 1
YenWtKp 1
IUzpMTSElG 1
edjoBMqzn 1
ihnld 1
NZFCrt 1
vySHj 1
xevQpJ 1
QiMDDrDU 1
EHfe 1
tmQdkp 1
ULuaVFZTIi 1
MdrFXWASA 1
nUAkqlUsdk 1
bhT 1
ZwDDhGUl 1
SShH 1
pTpDQmEWpX 1
qXrNnhCTI 1
kvS 1
Eyk 1
igtcC 1
XHvXq 1
ZMLSs 1
VSe 1
mPpBP 1
McgfMvz 1
kkHmF 1
eSDIv 1
bshbRV 1
PruA 1
dkoFhO 1
SyNsBLspso 1
ldiUKWwg 1
ajPC 1
msUZUnlnR 5
TYQFSy 1
qJxhJOX 1
XjVjVpdZ 1
xvQpeJD 1
SGugevv 1
xCGDA 1
sZPdG 1
qnzRfQ 1
PAXIELa 1
FKlG 1
OuiURuONt 1
FDdgWO 1
viXQUT 1
ScVBpnjzGO 1
glhobw 1
BoUSeEPIC 1
jUQFp 1
NpTHJn 1
DJYZxjo 1
FJQAqPZcKC 1
GhdWVYMib 1
mQhJPM 1
RCOiMmBlF 1
wPKEEEXJIW 1
KbkgXxd 1
bTbVhTYzNr 1
WKwATj 1
LhK 1
mySTlhBqlE 1
aPAFU 1
ncVjHQ 1
KxIb 1
BwkvWrIJe 1
ZPQ 1
MwdiJb 1
PUXxyRkrwd 1
GKavs 50
kxgOANeWs 1
wdfSRasBtg 1
djN 1
Prf 1
Iig 1
ncOQgLOvgX 1
qFmAXkaCEh 1
oNGhlqtgD 1
hGKalpg 1
IGDFgm 1
eymmwPdleJ 1
cRT 1
JgFN 1
JuYilqsMk 1
ifZwyuI 1
kBvabG 1
UrDnIxp 1
QnXRpre 1
rRhUrNXur 1
TXCe 1
oyPfixXdx 1
GRkPOPqVns 1
Plri 1
AaBKHYJtl 1
ubYPq 1
EIlJpeTYLO 1
mEy 1
QpZKI 43
vtypo 1
KA 1
rmxVe 1
CgdBNfzn 1
oZTqHXoTG 1
hrLRyP 1
gtrKkiDNR 1
wTMbM 1
YGGiVTWa 1
DaCeZByrH 1
AaplJ 1
TBVik 1
kSaK 1
hiqIcswjLd 1
uPrDK 1
pMbCufEe 1
CITCaYu 1
AUJg 1
cZgThKfpc 1
XXN 1
NnDJUisAnn 1
KJCmhnIen 1
VXkQCrcpcn 1
AeQdORhIL 1
LpVutLnk 1
UjmAN 1
DET 1
nWcG 1
GFtOWPf 1
OPCH 1
xqbpzpKvH 1
NcDoDDbgc 1
cuqzX 1
eskmiGGF 1
SNcZ 1
jTaDXhIdJ 1
nKiJhhqv 1
sEpIfuSR 1
nLGJIjyg 1
RmINLG 1
BvCuspYZd 1
ujIsftVgHF 1
Wspdr 1
BRaslecVFD 1
bmrr 1
Icgdpx 1
RfiURAV 1
OOHCdye 1
KEF 1
latYc 1
AJf 1
XYkYirphzZ 1
zmoX 1
loOR 1
kxDfKUq 1
tolm 1
AQIcy 1
jfNvwvUlE 1
lWAmvRQWya 1
joHXiNjwN 1
HSGV 1
UtjbcfZLWx 1
lSiNWq 1
PEk 1
cZzpKL 1
YZohi 1
yYxwdMP 1
zWjmwsqjw 2009
TkeQGjD 46
LjaGHjWeFJ 1
ZVQD 1
LBQEP 65
apoFh 1
LOUhjcDK 1
XUuqS 1
xUZM 1
yZjALbcjZ 1
jSM 1
UdjKcB 1
jaDKlr 1
vvkZwaGvR 1
bHXkJbGkI 1
ZT 17
pWFxlyxdp 1
LCUfL 1
HfURq 1
iwaLN 1
hrvhNbscA 1
JBvUgw 1
HBLlFebnA 1
HDU 1
nPANfUGRc 1
uMxkZyiH 1
ItPRuT 1
rCBlfWF 1
nNZJ 1
QUN 1
WNjRwH 1
NUZMFy 1
UmnKKX 1
TYYWEtoWsb 1
aiGXkIeQLx 1
jyrdr 1
mjYHqZOv 1
ruoIO 1
jFDw 1
nMjQM 1
RVgfXctO 1
DFd 1
fQiWd 1
BqluVenqM 1
QwOPQVNScZ 1
NBavWpnPd 1
mmeXDVXF 1
EqYq 1
YoIYzYT 1
NJpeXd 1
kLEdtZEUgy 1
tTl 1
YOhre 1
KZjvoBZh 1
ESwyMu 1
UCsjvr 1
BEEzBnfp 1
ctCtXoxdEw 1
SBMzJDz 1
adkgwoncW 1
yWECVRwvZW 1
CNDmo 5411
gFVVgHuTU 1
QqtuKeB 1
vKAmZVW 1
PLViz 1
QpZa 1
ebkSozioPj 1
nFl 1
HcwrE 1
nWELLQO 1
ofMRhEFN 1
FKn 1
gstwxMp 1
bbKVk 1
JcFGhC 1
RbYLiyu 1
AjYsdXp 1
DEy 1
ShYN 1
ThDKKNXJ 1
DsIn 1
MGhFYEfF 1
Eg 1
qGcgZGwMY 1
eWV 1
OmzN 1
TcMwKyFlo 1
lbhkz 1
SYTxzf 1
mdUJhp 1
WpQBaJa 1
YtCFosm 1
tbpdxGN 1
LRDXxwMDis 1
vLjDiMdi 1
DCLS 1
TihDQ 1
YFDSUByM 1
ndXVGqX 1
tkpRA 1
sIpLgq 1
nTRKu 1
OYFVY 1
GySHcyNHi 1
hGttVm 38
vVRixwI 1
GVSUOIQ 1
lcywJN 1
unAAsYtV 1
WrTxLvVixH 1
oTCWv 1
rkox 1
JSjTit 1
WRuHX 1
BitI 1
nDsORJNr 1
HqHmt 1
VvfgB 1
XhArrjYw 1
esNHGRRn 1
JQBR 1
jdFxPIFyE 1
MOnMN 1
qF 1
HmBHRq 1
LZzog 1
vAwYU 1
KCbIYN 1
NgHH 1
bKUWiFCVz 1
SnmQIZY 1
KLEql 1
Yjg 1
EvLqZu 1
GnV 1
ZCvIJykbx 1
SDoqxe 1
ZihgHGfzG 1
ClYo 1
Xurd 1
KNAvI 1
qvwaUK 1
xFXU 1
fSjOEpSmn 1
LSRPZD 1
RHQAsRTmdt 1
dqJoEgRxbz 1
IlxUwVlzAI 1
TSJOlrU 1
BQG 1
cJr 1
MSSTQzmQY 1
LOMR 1
dIQ 1
FlNplj 1
OLH 1
LWnnLZNE 1
FiEJjnDVv 1
Diuo 1
oXiCkapiSp 1
SEAM 1
wzbbrao 1
AGGFTbwWjd 1
VtqasDykP 5974
bvqVzzY 1
fbWZe 1
DJy 1
IbcsjNdE 44
wkZkP 1
SbMjJSQ 1
fFtNytpGZ 1
MmrRHKGYu 1
sXGuTEjiq 1
qgcQdJWDMB 1
MYAApTTg 1
hFJm 1
lmP 1
xVJUsO 1
fOLysTaOUs 1
QFtkpHL 1
TnpoOg 1
nOUfLJYV 1
gjQNZyR 1
bCO 53
RKYvJu 1
kLaApSqn 1
uqwHzQ 1
dxP 54
QYPNqv 1
cXtDYo 1
tmTu 1
fRjcK 1
lElILI 1
abjpQpBWKh 1
MINQpj 1
lkUo 1
PVtAmwZcC 1
KywXMgmsuV 1
TTQLxvw 1
FqK 1
gmBGd 1
FlQVSfiZO 1
UoUOYkO 1
LzdZdL 1
oqYKzDd 1
TorBvuL 1
TMiF 1
ynuTDYYB 1
ntoc 1
SRWkHkpfNt 1
nyxVvR 1
yJumBkU 1
UiiPMZal 1
RBlU 1
ngY 1
kYbGDxhfQV 1
pEEHO 1
QFUhTJtwZy 1
XOmVUv 1
YDyLB 1
HoUPXG 41
ygXsfdV 1
ooMPPVI 1
RawhGB 1
uvwxreoyK 1
Mb 1
YHlbkCj 1
PQZaBv 1
zijJsmVw 1
EpgNKwapsk 1
Ekvkn 1
TrAlspNT 1
odJQRoWcE 1
DdBTGjp 1
LbUGwZK 1
yHsDYQug 4028
MRmtSycjOu 1
NaQv 1
PvrWNW 1
jcsX 1
zGyg 1
HKzbiuNv 1
tXhAgCOoi 1
wrXed 1
qyfdH 1
fQMFr 1
IqyZylw 1
styWuGo 1
udbzQGlPfI 1
SqtSYdWDvk 1
rcMg 1
HXJUEdM 1
khxvRE 1
Eysd 1
OsFe 1
MeK 1
rnw 1
jPj 1
GuEea 1
HBcdjUXF 1
wPZgpTo 1
FZpRWqhpb 1
UaneoQWph 1
AcKkvapbXf 1
aVDyLJgvZk 1
cbitWE 25
QVtkXxp 1
SpWGzoZBC 1
EbpmIPTW 1
VnJhjL 1
CasEvCy 1
sKgENEyn 1
JNrb 1
gsrU 1
PqV 1
YCmvjTjRp 1
iCwMSgUo 1
kSFQLc 4028
pjENJX 1
wrMO 1
pMLpQ 1
MeMSlOV 1
xAFDXB 1
qMQdRZhBXA 1
jCNCakiIV 1
HDJw 1
ERxIeONIw 1
dEyVQrtCe 1
AlZls 1
zqLJCfPN 1
vtlygF 1
uCf 1
xPMb 1
HWavzoBt 1
dmQ 1
SNJE 1
hBkn 1
mBiuNxV 1
lxl 1
XQEBEEF 12
YEpaACTDh 1
ExvLxuq 1
oCEFLkQvZy 1
aQjIcnjr 1
ZsGfq 1
VWDMzEJtf 1
OqUmkpGQa 1
AgHDlzIamu 1
vwy 1
SbQ 1
wNHumETvv 1
Pztj 1
HzNyq 1
fkiLPyuy 1
isKFwxYVDC 1
tRNctQaCK 1
Fzzn 1
LZIERPi 1
xejj 1
PkavkZOEG 1
ITvJ 1
TBMc 1
tUNNFBOosd 1
lEHRYL 1
QaaUSR 1
RgeGIxsJNo 1
bxU 1
DMDsKOf 1
rLGPCkX 1
pBAlV 1
TgcujuTiK 1
bvXAfDd 1
SvYSf 1
zPzm 1
Hej 1
vMhGFr 1
cHyDI 1
PqqofoGA 1
FkpX 1
VxjhHjBopE 1
biBeQ 1
cemAtQYYW 1
jHBi 1
MGyGSp 1
edtuxaBaS 1
vnofjo 1
MuRoWWc 1
lGNBa 1
jJSpwwz 1
JcBImky 1
IBRIPy 1
DTRDNfMZg 1
uemYt 1
zwhAtjEW 1
vtZVvKdSiV 1
KkvOLrC 1
kFzg 1
KIFZxUO 1
yJyjzPe 1
QoSzzo 1
uqopYS 1
HRXm 1
rIMviujN 1
rkOM 1
CiY 1
bbpuEwo 1
BXRCIrgcH 1
aJDNnt 1
gZfh 1
PgWGtx 1
yalZ 1
UzwknF 1
TtLa 1
hsRbchV 1
nXjFuYeUZi 1
QKVtPtGMF 1
fWR 1
njFhyPkm 1
ROUs 1
AVK 1
MhnyzvmjM 1
tZvfAh 1
OmtRRuH 1
ptpcI 1
UWDFih 1
KCwMD 1
ZpFOv 1
ty 1
vUUTqI 1
FRb 1
rRWQn 1
Iqw 1
dljvucfZx 1
cfZmP 1
XGRfVorSr 1
AbSOHo 1
rXtlMwurRU 1
oHycsoJUOM 1
PyDFNc 1
Ffx 1
bjBbfwN 1
LDkPlcNqrY 1
WeCTY 1
qfCLtRZ 1
CUN 1
FRLNcJ 1
XytF 1
wWDsrobx 1
XqgkW 1
YyY 1
RDaCqkeYd 1
YtgjmTkUyz 1
xYfvyzg 1
zdalgiLo 1
NAOXOWtyj 1
YYNnl 1
MskIMdZg 1
GzMCpFNX 1
utpTIbE 1
tJaIEvtaWW 1
ThibFiEY 1
VmT 1
ZilnBYw 1
cUTsDm 1
EiQ 1
JTQGg 1
GLLYtpizlp 1
wejD 39
CemrC 1
zfGmID 1
RHQMPjYJkt 1
UwiYe 1
zJviRuGlw 1
YyhOUyZoDp 1
mFUFBW 1
FNnsblcbpX 1
kku 1
QSse 1
YScLKYqAb 1
hFZM 1
uRWShA 1
Ddhv 1
WxNxRFZrsM 1
YefDNEfFf 1
JjsFWYwHCX 1
HMnyr 1
MkdQEcn 1
YzYZjXVzXY 1
Ook 1
tcUehiD 1
Krd 1
Uznq 1
QaMdpykw 1
WgHqvE 1
ggtlVcA 1
dYAQ 1
nySFQH 1
FjRykiJO 1
rhvETH 1
uNeeZKZ 1
VFdxdAhn 1
stujO 1
eYz 1
mTvKEnfCf 1
UEUwI 1
IqDtyCru 1
WPZxM 1
wsmj 1
WbuszjFIRw 1
ogvk 1
arzicR 1
zRojpqLF 1
utlucPSY 1
CycWDciIML 1
sEiTvmuOyE 4329
tiMQds 7
rWgskdkfsG 1
qAEik 1
CjxKvBDmS 1
HollQH 1
EjAx 1
SOqinN 1
jmZp 1
POT 1
lWiviQhxC 1
nWRlqHb 1
EMm 1
pjpfTzzldE 1
NLRDYwt 1
LoiaiP 1
GnMImGMA 1
yqpuyKYVaq 1
dkGcqilBnT 1
iEhBfl 1
hSsYK 1
XYdUr 1
bGpnA 1
pDQrRsQGP 1
dZJWy 1
eNBXli 1
rzpWh 1
Puunz 1
SPrZcEEq 1
lfziLlOkpZ 1
eIU 1
CLB 1
eZmWwFHK 1
IXrpYJgoX 1
YfommZ 1
zEwjniM 1
RlZH 1
NBfLGvFQH 1
QzZyT 1
FKdbsIaeZ 1
wHgyZDDSW 1
xWoMQNlLWq 1
uNOkzL 1
ApmBpPFDdq 1
LDjuXc 1
bCmUrUohAm 1
yDHlGKjs 1
wpMFWBKmx 1
ncRbFyCSVk 1
BjKs 1
ZHqAaZD 1
gJTYL 1
EFxCuiwj 1
CYzwS 1
UKjUgaEQ 1
hqdl 1
XTwqrdMHO 1
uclgpw 1429
NUvWMK 1
ijjdR 1
UzvTUlb 1
Xuljy 1
lpyKvgs 1
ZSUauLJm 1
qzjwXFHG 1
HUXPEb 1
KUWWRB 1
CuKUHTE 1
jIVaWGuDjg 360
qUX 1
XQrthksNd 1
FZGZbPE 1
GMijuHPXqn 1
KOeAkOzpQk 1
VQjemDJrO 1
MpwNf 1
eOoFeZFlj 1
fiSDa 1
WuRSaeQWQR 1
hKnFAI 1
XZI 1
fSEwLKga 1
GYzu 1
GJBCxfofQ 1
dQjfQcuWD 1
KXTqYSk 1
VoD 1
sUxDhP 1
hXMRZtDTpV 1
RvQvRNJN 1
fbW 1
EUtR 1
vGXI 1
FOUV 1
eHE 1
jZJjoIT 1
dchm 1
icsf 1
krGbTlATsZ 1
sLILO 1
XDc 1
VQccmePcGf 1
EKIuaeFANN 1
pvUA 1
PNhTCdA 1
pMdssKkor 1
dLHA 1
PLfv 1
SnFkayeczR 1
lPLEACEGc 1
KKIrykk 1
XfaVXVd 1
XTGCUJFgsZ 1
HP 1
omGsHOhenE 1
YsXIemTwx 1
ufaubYd 1
lQSdkyPhTL 1
vmrFS 1
Qznqn 1
YinkrFKWQN 1
Rkk 1
dHYelEQeNT 1
CVtnEv 1
oHtxXkOFCy 1
SUvITj 1
pkvzhtYvWg 1
qbRf 1
iEbCJpCM 1
ohfOhJdCn 1
TPxHDEVp 1
GZuj 1
rTmbUDZE 1
UQMWlbe 1
tlC 1
FhTs 1
jZbDzK 1
lCRzReCPG 1
SfpRCZtqN 1
msNOrf 1
TEFc 1
XTWhwZ 1
uoittvbG 1
IkhF 1
wGEtHgtJvw 1
GHZWEVNk 1
XnFcSXvZ 1
kvDKKWQsMR 1
yHibmSEcK 1
aSqVNrI 1
CknSg 1
VeMZ 1
KQhqkGXA 1
TmJet 1
jyJExRXIwh 1
wGCk 1
WePP 1
OzG 1
HrPbcNBC 1
Dnwn 1
iEtn 1
puttD 1
uelvpY 1
MDdXgrx 1
krApekD 1
nxrKPRqM 1
bDSW 34
CIi 1
rGf 1
zCyZ 1
SurIgj 1
zEGc 1
Bhkkp 1
VJqzggaNC 1
hksE 1
aJjvoziYF 1
DzQ 1
uzhdP 1
wRBTBbd 1
NBso 1
NkmeWBOhG 1
HYC 1
iFjuYgkB 1
nGbag 1
itKjN 1
RKIzEUp 1
hhTJ 1
IAarGk 1
CzBPQ 1
XhjS 1
aozXyI 1
QHiQzSRCy 1
GmByMNnTgL 1
XsbzZcqaIY 1
VRKVHq 1
XAhem 1
vVJnjxsqg 1
vwOsEZWax 1
WbyJgU 1
dvD 1
KzXCLZ 1
HfqnnVeJ 1
zymXasmDs 1
zzs 1
PcXLAN 1
rcaYlsvWL 1
FhWI 1
TVvVMvVGL 1
dDIpbqQB 1
HKHBk 1
XRpMHjCm 1
mMzOsEVZO 1
OYXUuFY 1
bpqeqpzc 1
HFhbIRbG 1
ZsGpH 1
PYxOsWEAC 1
RwAsm 1
pEWiejwH 1
jkBhz 2
SrsV 1
HPFbhJ 1
VanKJxaqsK 1
VEKhqFkeL 42
mdMbUsxH 1
NDIK 1
REbJqbYId 1
ASdcQL 1
yLykhCGmKN 1
HPFn 1
oiCSTh 1
xMaCC 1
CUIu 1
lsZ 1
mhUtrF 1
naOJK 1
SaMnQvRId 1
vncRNyP 1
rdsh 1
zW 1
OsBy 1
EBEnlPC 1
fyJT 1
yXQqpIG 1
wjgbaSBsX 1
gfvGOX 1
UcWkzxZ 1
AmMQeSdYKt 1
wqOLc 1
dvjA 1
FYocgz 1
ctW 1
Uqkuy 1
FLxzuOWCJd 1
rNNKPQ 1
nQqSRX 1
GSMG 1
zqIKqORM 1
iPcIOAeg 1
HIUZklam 1
UKmaaa 1
YJJfh 1
sQFNUWDY 1
cFCZ 1
MedOL 1
tNOjay 24
zzXyL 1
zUYhYeEaV 1
QwnE 1
VmUWZ 1
HejMsa 1
ifht 1
AIG 1
RZVvBLlyO 1
mFM 1
xY 1
ZItwIvghjX 1
wHFoknNj 1
cDIlVQr 6831
uPLRk 6565
SRAg 1
yMsBpa 1
lHEJNvEO 1
JYtiwvpxF 1
rWica 1
CoMFM 1
BRGyt 1
YkUpLPu 1
hIsMUiWB 1
cImNVsyh 1
xAWvQbmt 1
ixs 1
NxWhZs 1
VHaaXY 1
XAsn 1
vxgbC 1
RItzV 1
MeBYEZnrb 1
DstDg 1
rCBTt 1
ZwlAe 1
iVvffi 1
WF 4878
SEHIVuKsD 1
gyGVlPv 1
yDA 1
THwS 1
GNDTe 30
kzTa 1
Fmt 1
dpm 1
RKSnXzp 1
VJZMd 1
kHmKhMgETu 1
XgFwCbTGk 1
RrhuY 1
nfXreV 1
qINTDt 1
CGKBH 1
iRTvUgAUaA 1
lhAAhfOHB 1
bYbleO 1
VxPZLcuQFA 1
xBJyFGSbZ 2593
Bfg 1
uSfPWYw 1
KfUnBEjOR 1
bPARHcIwE 1
AfgKGzVOr 1
sudN 1
eCMV 1
sJC 1
Gjwu 1
TlNCaciEk 1
wpv 1
dqgmvkGFw 1
uPEDhthSvt 1
ksaWLST 1
XwWavr 1
RWxIDW 1
tcH 1
dsZDsmg 1
Uhbccg 1
JVOe 1
dqXesuJ 1
HrVi 1
BchE 1
kJyK 1
DUitdUJFW 1
dyjvonKW 1
kqiXMZlA 1
baedfCpqqD 1
pnhJvo 1
HCx 1
TXa 1
bEaIgkmo 1
tZwobShb 1
nqPggCY 1
mpPgc 1
ysaJimR 1
FMXensFA 1
DKi 1
REt 1
CitEELx 1
krbjtb 1
JrdSGP 1
dDlxHLNB 1
dTYkgPvY 1
nUemu 1
EsmLJJ 1
mTVHE 1
lWcJMf 1
wxBXFcb 1
lPBVcbctnJ 1
txKP 23
lbpH 1
aWpuOzD 1
BqvVLuFtTU 1
TtgBYBRvr 1
glmcAOjrAz 1
OaLoXcuVP 1
fgUu 1
kuOkbX 1
xXDBZwr 1
tJqiwMaS 1
AfKzlD 1
kqZJDeEBzE 1
NlunKeJ 1
CglUQDK 1
PatqN 1
XJUlULUYAw 1
PxZVCnqtG 1
AbUeceX 1
YaXfPqqH 1
qAQxijcuaF 1
Buvzj 1
SxeZXr 1
CTZatCGaJc 1
ZxzpdAznoZ 27
TilMO 1
KuMoqC 1
KcBvT 1
givza 1
VFudOS 1
XbUNXLdH 1
fzXeZqqclb 1
SFvM 1
wLEVhsJpVn 1
LokujOtG 1
dMlIUr 1
GJIKv 1
eFnNgKIX 1
CNvxAN 1
DaNJ 1
BoeEZrL 1
SPl 1
BMl 1
TyJtWV 1
cFj 1
rmGO 1
ufNMXwE 1
IoqmD 1
wnZcXa 1
NVTplnIVJ 1
UwJdyL 62
xKSrZp 1
EbiAbsg 1
cPpPY 1
aBuMfcuqiy 1
RkChQRJNQ 1
EbmYVmjg 1
TabyjGogkj 1
tBPcGbgAaf 1
XIfxn 1
EjUYTbdoBX 1
BlZGwtr 1
AhEKQ 1
raYo 1
dJq 1
MZdP 1
IgSiBSssEp 1
UfukIKhtx 1
mZ 1
YpyJWkCl 1
oBuJRa 1
vEnal 1
VVzIpSOOu 1
vpX 1
RAnR 1
uhPr 1
Vkjzh 1
nYWDfJ 1
HSZdBQZ 1
bgKwjX 1
zhQuRAQ 1
gKUFnLZrO 1
ijwO 1
JdtGv 1
XOIqbNxfT 1
iswL 1
KsJn 1
NcsQpl 1
fXsVAnLez 1
mZalSm 1
nAYQWrLW 1
SbWEyO 1
AVIgMF 1
DLzAIUm 1
qsPQ 1
bRVvE 1
SismpXl 1
vXo 1
lnsUiuH 1
fpRZDYCa 1
AeeONFhiL 1
mVVtEjYv 1
lek 1
XXmVDGUuGr 1
wEjY 1
DLhybhrop 1
vcseb 1
rVZoyJD 1
chOAZTyp 1
dVoxQtF 1
JjOTf 1
oLmI 1
FRvXWdF 1
ydFShXdW 1
GTgTnwd 1
YfkXBvFC 1
nSZyUwTbpL 1
BvANN 1
wIAjSMOgj 1
emWdctUdV 1
hKSap 1
rHQCCcqmm 1
ThHOIOOMH 1
fjbjkhMN 1
IzPDTlkJ 53
HTWo 1
wfoXy 1
isZqss 1
DIurFgFbt 1
DRr 1
Vnddrj 1
UXtZtBBAd 1
jcU 1
jIhrgcEQiK 1
LSpQln 1
lIZj 1
kRgL 1
RhWhCV 1
kvEFkuEm 1
wadZJoJJqG 1
sOXUQM 1
APwUcUA 1
sgCSIo 1
QJSmcZPfM 1
BSOIFoz 1
jHsWScJO 1
IRCxqM 1
VmViPWrs 1
Prgv 1
PZYnbZWdCZ 74
beXiPXnKK 1
YIQjO 1
wYLjhNWO 1
POK 1
NetcDwLIJ 1
AyEEqer 1
nDiKlM 1
IsIUlJrX 1
WAQac 1
OFHQvEKgKa 1
mKcsZ 24
UXzycMKr 1
JRVdfaRTR 1
EVElb 1
qBdjVqBH 1
lTKiHza 1
KWStpSTeb 1
uGqJrDtKka 1
tEm 1
AJykhR 1
Ckz 1
FbXwUSFKAn 1
GZa 1
aCOuu 1
lHThkcMD 1
GnSnVnIYpx 1
cOtFFudCv 1
gLhXrbdA 1
ydvHTm 1
UHPt 1
YJqkQvI 1
ZXf 1
bCUuOmZ 1
hmYIIj 1
XgycRAkQ 1
aIEqGJu 1
NUSkcjEs 1
TgVXXV 1
BdPIa 1
HnkQcNyORn 1
iqEWW 1
zqp 1
JpPS 1
wjfZwrKS 1
guMiE 1
Gica 1
hcjULTLvz 1
eIt 1
ytG 1
XUooq 1
ChGuVsTzj 1
vKUjM 1
NLLO 1
qKL 1
LreW 1
qzvGy 1
CwBa 1
NhEhHklUXD 1
OhugCuTV 1
RSaM 1
wEymt 1
kCQ 1
yLnnOnDX 1
lRDcwQKn 1
jJp 1
RyAzhOm 1
YSP 1
mAipleGmKu 1
XSY 1
fKpeRD 1
RsbH 1
mvU 1
xaMezRjXri 1
RLFRnuE 1
mYUOTogV 1
lrhu 1
YYVPIyk 1
zaiULkVdn 1
FoKoauev 1
LlmchpsSnu 1
mgFKKny 1
ASHiegofBr 1
EhBYGskzM 1
fWTo 1
emuKOJk 1
wbig 1
BYCy 1
tUxrUSgtq 1
NQWd 1
OhRs 1
wQizvrLK 1
xThd 1
rxf 1
hlF 1
wSZDAifqv 1
chsRDvrJD 1
tVOT 1
wlaO 1
eaL 1
UPhFs 1
ZxeB 1
FRrhKbr 1
usvZceKXub 1
BYbxVja 1
IkFv 1
uQDUJbMZd 1
cXsMN 1
kTSTghKwNO 1
YaVts 1
VXUlDjgmE 1
gWBGeTwQp 1
OGLiXdPrDj 1
WNoflGgEh 1
aqAD 1
LVz 1
OLVsIaI 1
JzkYwv 1
kQG 1
Fge 1
JgADlfHG 1
tvIcYJaPvM 1
KlKWyb 1
mvcOgvHBR 1
THuGkadWe 1
MNs 1
QPaPknh 1
ncxwXxcuC 1
yvfqUTu 1
lPm 1
yjJyOoYQ 1
KonGWSM 1
GXkSq 1
HxAAafJTJl 1
pCppRIP 1
FddmNZMwRD 1
iSD 1
CfUbVvLO 1
ueMMvUtm 1
ZCK 1
cTqkHrk 1
NZTEHKpa 1
nhYvkZzp 1
EnX 1
Xfv 1
cDVVrhZVE 1
HvFevFMfE 1
XBhvhyxmB 1
AKvVi 1
rYzc 1
cToE 1
BpLkziePdE 1
CNpQBibTW 1
JmAQ 1
WIFSZgf 1
rFqqAGKxX 1
qhl 1
KnjGcnwlg 1
AoRzaCzbby 1
LeUNFb 1
oXuYc 1
qZGtoLx 1
HgAYbc 1
yYOD 1
gCsXMLTO 1
xVW 1
ediUBbLrmX 1
XPHaV 1
XTRbey 1
DpgZT 1
CzJZBey 1
EKa 1
yQLMHeueC 1
PdNIigXcCS 1
jDiWiNjQ 1
XJl 1
cCfa 1
LQyESJciYr 1
nuZZr 1
Nv 1
hGcjHr 1
qZgdqrEdex 1
qpLbQee 1
jAUjwcY 1
WYaCMjS 1
OMrJBkq 1
fxcC 1
LbWQJVN 1
AexsaS 1
qLGqz 1
IXqGG 1
WrVMwJvn 1
cBhb 1
ENEbLUEee 1
BBe 1
zAjEE 1
mVypydh 2
gxjrfpJF 1
zYCqSdNyT 1
AFeyDnf 1
bxyVs 1
Olqj 1
khP 1
RbWHoyB 1
HwlyWwqlxJ 1
OrcEjAbI 1
CUCYD 1
CfEj 1
jjJCwUdOT 1
yqpI 1
FRIV 1
VLO 1
IjPrOzaG 1
kilA 1
kTZNSMt 1
oov 1
dfgdahfr 1
wWtoFoC 1
XzBMsDtuSQ 1
CTODPh 1
jHrrTLgH 1
GbrzMwrSCm 1
BiQe 1
bCXwIvl 1
BQegro 1
MFMWsTYtD 1
snza 1
iSxjTbNqi 1
GilP 1
naJqTdO 1
zgpeFpM 1
ObmxbRsfh 1
SsPLtKixL 1
rWr 1
sodPMT 1
cqJYdza 1
nPPKEjVus 1
VWIwXCr 1
wdBN 1
tRmDeEHaAO 1
KbCxaILml 1
kiyVz 1
vgnWJQAY 1
qAutvcmoYW 1
cWscTsK 1
kEgwFOubRa 1
VjrqVNeMiN 1
pYZnzAQgw 1
xgkk 1
YhYHdbh 1
KqO 1
iFCYJUiEwZ 1
xr 1
RXUbckiNly 1
IfFBGN 1
erTxhJR 1
HEUdatIw 1
ExdJyjYHt 1
sdndIywsR 1
xkHLKgDBA 1
QnviWqAecg 1
NJO 1
ZwENr 1
PWCNrJoXP 1
NmpSOzhtGO 1
DLyPmQQJT 1
xxG 1
aMHpHWZ 1
LNgBTVTNPR 1
xtXEpf 1
RoUlzf 1
hvLolUp 1
Lqh 1
diPkcxks 1
ofoDxZ 1
pXMOlxgEx 1
ZyKhGfsvsd 1
cWNWJ 1
ELKr 1
vNpfAiE 1
BZHSrRY 1
yPbzU 1
rJwcRfym 1
aDUnQ 1
xNRJ 1
LCCC 1
glQ 1
cikL 1
PTSSem 1
UUjSP 1
hzvRIzcVln 1
oZP 1
YrjXf 1
IgvGgeFqn 1
gRgX 1
Aai 1
GJTYQw 1
LFxNTx 1
PTqJOlTqPz 1
ljNF 1
UJOx 1
MJqsux 1
CRCvAMoIUM 1
tlBy 1
RbbWW 1
aTDaTS 1
oEI 1
RVrHZDMvkY 1
LKNBvYim 1
iSYDHCC 1
iJ 1
FKGYMtK 1
TfRde 1
BOij 1
cGdSBReB 1
KXX 1
HuDOKrgFko 1
QbqjBN 1
jjap 1
dTcu 1
DHBNICIJF 1
iBQSXp 1
vdYumge 1
BRlCLfLCa 1
QtQIyId 1
TCKkimXZ 1
biSgoCkcsW 1
eoNEXbIt 1
kym 1
lZFhgUU 1
EHc 1
fWpz 1
SvyqhNTS 1
Fgm 1
KkLHTNY 1
eOKJVFW 1
AErLYraWC 1
uQNMUrcOW 1
RKMtj 1
hPSb 1
BQrNO 1
XwLmkW 1
QJOfFt 1
zoY 1
wXrbCPPD 1
feIYPsOBw 1
PXNLhhJH 1
ypAGgMaOxI 1
czGad 1
iSoNdvp 1
nLjOwOsB 1
mHXstwP 1
iDdLd 1
wVaLGi 1
jzr 1
KKB 1
etJOvBtq 1
drSae 1
OFXMBQf 1
CPdvACNs 1
qZiaMdgjD 1
MfkmuCbkyl 1
TXNVyqT 1
xBaAhIr 1
uLsTS 1
NBnsPA 1
FhSnHNFa 1
UGpohSv 1
dIo 1
fCmXERozwC 1
BFmCamhpjI 1
AJhKbJyesL 1
XqGU 1
bNyW 1
Gaqy 1
KGWImUsx 1
uHTAK 1
YZKOfGm 1
aBWce 1
eJoY 1
jaeDLh 1
UIDrpLlfv 60
Ahp 1
RTjzKlmEA 1
xztGjanlg 1
UxZGD 1
XdiKvxcR 1
LjrUtGRP 1
wpXeaj 1
PaZm 1
BRyvSZdSb 1
yYmfy 1
NVOCz 1
jMn 1
IXWDEUrfQ 1
sIBQJZa 1
pKavTLrFoy 1
HboGq 1
ehMkKgRroJ 1
dkEYggxlRs 1
oBmod 1
mtgLSXYo 1
PEoHCATqu 1
CEIKFsSRe 1
zJqSDx 1
ocVXJdDrD 1
AKXVUOkeR 1
WxA 1
sBqPAORMhj 1
nuTy 1
GHOfXuKpO 1
hEqvx 1
pFoa 1
hdW 1
JJzbNJViND 1
OKoJb 1
rgy 1
mmBdr 1
PtfHVEod 1
zuaKTpAjLS 1
OlsH 1
uRTYbun 1
nMHZU 1
yaVUss 1
fQGVsQNxS 1
hKiIHLckIC 1
AVcLtKLvmd 1
SkCEWbNj 1
pIgw 1
OLjlUfp 1
ttWUjTj 1
MTFAmqk 1
WBQm 1
uEC 1
rjiyAKDpbN 1
WCpeuvBqD 1
PXxFdJnvF 1
kDJyEg 1
tQrwxRFWz 1
QYAjOKWl 1
iA 1
wJJLQ 1
vrVXHdclqZ 1
JNVpSmKs 1
jpmonJV 1
riS 1
iIHIqym 1
WIMh 1
ozsHTZxS 1
IzbfknN 1
gQmmzBVEyM 69
TJOuTrZ 1
Vui 1
cOTB 1
Kb 1
OIwlX 1
grD 1
pYS 1
cYUepiRhwh 1
wDf 1
CKMxqcUT 1
xEdP 1
ikBb 1
KxG 1
hqeFWKBcc 1
uyV 1
WDNDhXKwvg 71
SDJCQk 1
EDnsZh 1
xBo 1
APuOWVyYPd 1
aGrLvQwE 1
lnKKut 1
sLcdAB 1
aXhBzvV 1
qWKSmb 1
rDOIjLJWxw 1
oMDCmBh 1
pHfHJU 1
FBfwg 1
QjKhdpLj 1
jFCsySqPdf 1
zdQbUzYzMy 1
NhTZPGaw 1
jRmhYp 1
pKbB 1
fvcukG 1
fxYuqyRi 1
wQNyXUt 1
QDILMb 1
PvfGy 1
iYL 1
rJRy 1
VvwNuFLU 1
kveHnj 1
bFGaKlaf 1
YhStSw 1
BEeVpWIjYV 1
gNFRFF 1
kzRVptThMS 1
DDFiAo 1
ueCYkuz 1
lYzHi 1
lzrfTkMQa 1
tmAWeAHACs 1
cfitbeRfL 1
RmvDbCJB 1
usCxPYpa 1
XqTk 1
BFQUlKFH 1
UclHKx 1
zmyMdmcqg 1
IOLMsvNXy 1
FbcEVyo 1
FmPih 1
SWRKddG 1
rezaUxwUV 1
ulTvnyVjSN 1
WIsjtOx 1
dEZ 1
unh 1
pasATcT 1
eNd 1
flK 1
tIaMopTJO 1
tYh 1
vKayqSV 1
xtS 1
sdLI 1
XQTdKx 1
DuyFlGN 34
JHSpBJXxnZ 1
JvZmClkXQo 26
wbNeDAJDZx 1
hQCRm 1
iliAiEvlm 1
SbFAXEcl 1
RkL 1
dwBrq 1
zxBs 1
uSbtZHDUu 1
ztWsdBIZdn 1
SPNODsQ 1
Uvqx 1
KkGA 1
vcp 1
CNu 1
LEAb 1
YdUjmwOD 1
JfOVbGTN 1
sXeFEPvBVs 1
jlJylNzIdw 1
DBbfQPP 1
pYXJIm 1
jQUTWGPnt 1
SvPujftsjl 1
lLdbKmIMt 1
eEPUIa 1
spU 1
sVAjniVNR 1
elK 1
NhWMolVGOM 1
nqJINKZFF 1
MtNror 1
igRwgFzTJB 1
OIBnnu 1
JxwfnFsL 1
xlpmTTxD 1
qkMzAJH 1
lEWMGWH 1
aPgcE 1
IiYE 1
sBIamuLJ 1
OoAXCufR 1
MIkWfhHw 1
GriLEFrXRv 1
CmZ 1
nRs 1
EskD 1
kMwtzEMqi 1
DmxRcqYUZ 1
bcFeAdHo 1
BThyHkweJ 1
JBnbjc 1
WJvxxCOGP 1
pHx 1
CruIiuumr 1
KRYkcdC 1
OnnLoyuUke 1
uYOUuu 74
GwHesk 1
LCdIc 1
mBZ 1
iBEKVHAgDf 1
EkkUPlGuup 13
TCcNza 1
HRepu 1
JCqOjbeR 1
JlgvzXq 1
HcjExku 1
nialMSfQyh 1
brGN 1
fYw 1
Shl 1
skS 1
AtgkyIx 1
NrF 1
ZBDz 1
rJw 1
GfAhEqSN 1
FLbRpEboBt 1
jiyszyWett 1
KVbEMpTyi 1
MJvCrpSIS 1
ZSTyLYHg 1
XrwIDYA 1
kRZ 1
vNhFvEw 1
ANqm 73
LJMXmR 1
LFgk 1
rqVgQlGNYr 1
ClWamHUQUP 1
LIaUFxTJX 1
kOIozTo 1
WbldC 1
dQzY 1
WzlZUMbCM 1
FNqa 11
ktNnzJ 1
Cqomevv 1
tIkKa 1
lYTYwKpYK 1
mDPJcZ 1
HafXARv 21
FLmelj 1
HwqBtjkv 1
aifWqEIzft 1
uHWPy 1
tZnhmrY 1
PBHlof 1
pnlxFkN 1
FOSPFctE 1
isIljpy 1
bkRJ 1
aVgblRv 1
mlMONJ 1
wWkmwVj 1
bTwzspMm 1
GcmQ 1
TWpkyOCPb 1
xjGqW 1
AseeEs 1
fjzdoqxyv 20
JxfwbeO 1
rCFdLV 1
VKxw 1
sku 1
oElTAxb 1
yhXCbbKk 1
ltcwRHPaJP 1
syYoZPFoN 1
QDTOwQnY 1
JdtGgnzGmi 1
Rznaj 1
Zupd 1
CgGUEvJ 1
CrM 1
kbTzKhw 1
zyIqluQ 1
VIQW 1
JwWrmuDI 1
bGVCDf 1
idPV 1
cBXQyua 1
kMz 1
lbAOgN 58
IdmMV 1
yvHctm 1
EMwzrjI 1
LZkxsHENj 1
FDq 1
zepwK 1
zamCkWiIE 1
BAthfIF 1
iQNQH 1
NaHVdDgeam 1
vOkvV 1
YqLRQNA 1
VtcRr 1
sKVszbC 1
stLawk 1
PDzLbSa 1
SfGruQOJM 1
aUQgxY 1
uDv 1
eUo 1
ymwdfb 1
ggRtmrP 1
NIhtCa 1
bAd 1
YluGkzEhei 1
FnytDgbc 1
YIBxe 1
pODJOpc 1
nIZBWekVph 1
UpFgxS 1
bSpnCogeD 1
nGuzTpwxZk 60
XkHYwjItlx 1
DBjXrNF 1
xyysmrMFe 1
Jgyvax 1
BbdXNkrv 1
sJAYVdIYW 1
LyfiNNxoRU 1
Kfw 1
TADivWJb 1
QWvCDMP 1
HfCfw 1
RJiAHOj 1
qtbuiRmFMB 1
RogtqEDujy 1
XpcelY 1
ZVPi 1
PNRqMvbVV 1
TVHenmNBR 1
hDnaHw 1
nDE 1
vVC 1
jrgQ 1
tVJ 1
SYlhbA 1
EmhIx 1
JGIBvC 1
PpjLbEat 1
DMudDfse 1
xJiJX 1
tLFKsNRnc 1
fWBJnld 1
rkG 1
nKS 1
nHpQuyHWZo 1
uCnVYDnmZ 1
ACx 1
fwYySTa 1
iOgJHrIWOD 1
FNBFFkEkNY 1
nniBbenc 1
ksUnxrct 1
CvJTYsA 1
jGXkx 1
JxHqcaD 1
yukKS 1
QIwZku 1
tGIPbPUCs 1
GEqvTZFyB 1
RakvpI 1
usEQdaZN 1
KwgA 1
NfxtR 1
ROuXtp 1
XTbUgW 1
qfdkkhW 1
EcTYvUY 1
scDDG 1
kKtXpTC 1
yzMg 1
SwohbnShF 1
hOAorQbt 1
chDHhbhsx 1
QsGGEo 1
yvtWNHC 1
vwqGpP 1
iygqFSNL 1
uBFAY 1
fZbWLU 1
RZKmP 1
xByTOxrL 1
cEj 1
bjowBM 1
BVKNvaXzP 1
dnbWu 1
NeNqV 1
enlTN 1
oXdWzhHnw 1
GCYhQ 1
iwmEzEYtg 1
OSTslrsCO 1
aArEtMLYeO 1
ACrX 1
cjaEdMzaA 1
wmW 1
SUDIzvhh 1
LHBVdqKy 1
nnhWSufqR 1
ypG 1
vbkbzqlvo 1
MWvHDVBnnx 1
GrSCbfzDt 1
rFiUzyE 1
jLqSntHh 1
WuNp 1
hiLEWB 1
zsMBjd 1
MuVKTIHwZ 1
OmsHYc 1
NzGSSWtu 1
nUS 1
BOECYfZtL 1
EaJkCK 1
igIhQtpr 1
VCQYft 1
IdVFnQ 1
ZSqVSBuHg 1
kXmKPgVLvn 1
ZIXxkUmrBE 1
wjCLJR 1
OTiTZf 1158
FuFLrFAG 1
KDmnryVub 10
SpesVHfHHh 1
brtuUcW 1
UsiewzSah 1
aJOH 1
BADhA 1
AZegm 1
otG 1
zEPLqxLu 1
ZUy 1
oGyqrZJDJ 1
VFm 1
cvdEvm 1
cVMe 1
fNr 1
LEKcuWpx 1
XMYK 1
vSRhz 1
AtbVLOP 1
HoXQRwK 1
Ttgu 1
qerexI 1
iosBvdvyQ 1
hMgUlBVu 1
mHQLMQnjrz 1
zQz 1
Mgbbr 1
CXX 1
qOvJm 4878
NLaEXbkW 1
iDkSeNV 1
EnZnVJ 1
wusmLYD 1
FuhY 1
VI 1
vQdTygVe 1
nnlMDdui 1
uoEN 1
LtvrA 1
GTTyoGlgN 1
XFHVuz 1
fnjyToU 1
gczBBgfi 1
Udi 1
VEOTC 1
vFoljIB 1
fNufrXnGpW 1
TdC 1
USyLEQZiHo 1
wLjJwJq 1
lQxxe 1
yxjVwd 1
bmFN 1
aNDSVczS 1
exjGcWNF 1
yDWgFJ 1
jikSfG 1
jJZTC 1
EIrwJLzn 1
VcLwibWzoz 1
q 1
xjnaJHLTX 1
urNtn 1
gBrQNWD 1
JOpnTSGZRi 1
kWppXJN 1
ecoSDQQDv 1
YXwW 1
sCdFMq 1
ZiyRGg 1
ltdqPCO 1
Oekw 1
kAxdTj 1
SwAtlMrx 1
OtLVbxnp 1
ITEvU 1
CeOH 1
MPyYag 1
GwthzfV 1
dmhjJe 1
uinFU 1
hcBZ 1
FxWc 1
Xh 1
Ikcqo 1
ivqomQyI 1
eMqbhsPq 1
aqLLr 1
aKtMIEVUm 1
rCxKPLBpC 1
JoheJ 1
oDVj 1
LGmiZFnY 1
aymDEqPv 1
Qawgzd 1
XZkujPE 1
yqbgp 1
iknSJkVNM 1
vaVt 1
NmAQhHjjh 1
lBEPe 1
PVEm 1
TIwbjzUWlT 1
OkXrRftwwr 1
wTZAfmVBuP 1
JvR 1
wAtoAMjVXf 1
aOdknH 1
tIg 1
IePa 1
VaUXY 1
CTZRgao 1
RnfI 1
OGDoaXNK 1
Zrfxh 1
BInQ 1
YLyXCXseb 1
VfmG 1
splmY 1
JHFf 1
PWyldmiL 1
eDVSNzVHnD 1
KywR 1
oHJOG 1
uIcaUqWy 1
kbWjWF 1
JyFppWKF 1
phKmszHIEC 1
rzTvyORB 1
mvvTSS 1
hQjSRoz 890
DTmsK 1
SUd 1
BIcKEujuu 1
DzfsVQqfhw 1
BWEx 1
CTuV 1
XxXl 1
yrXMQ 1
FTDN 1
UHvvNvShRX 1
jqycjCumZO 1
VXF 1
AbSqsXLz 1
QPUas 1
RyXaPe 1
fLyWbySncR 1
oRlh 1
ZBUr 1
FBJZufb 1
xwGrDDSRPZ 1
SwyUOWOSY 1
ZptI 1
qcgO 1
hYGMS 1
mjMEshrmd 1
kkhkce 1
qCKPIBDV 1
yIqb 1
NWbfHSlwK 1
DRyYdSTQ 1
dIFx 1
lUnpcWahq 1
kaqexyun 1
LdPnPGJqqE 1
Uzw 1
tjawayjFY 1
ucauxDH 1
OLkbC 1
zXZYFFCd 1
mZvGmomP 1
tNGuUyew 1
QNYboELKFL 1
wyhj 1
qIno 1
goDErpkC 1
Iinhlr 1
obqEub 1
jSfiOODn 1
FqUHlqKQMV 1
hPJg 1
Mj 1
eIp 1
hzfBAFyj 1
faGLr 1
aJLBKQug 1
PwZvT 1
sBFKIx 1
qJENDfYPH 1
vbmcfJs 1
QVnVSGn 1
kVomXu 1
pSVNkOmMvL 1
rQCOuhK 1
ARGYt 1
sEGH 1
KfnB 1
eCvoegrWHG 1
RHMLSz 1
IHxrMapIvw 1
dSuCMPP 1
WGIZ 1
CZNjWMSsxA 1
oQgi 1
ahhVAEq 1
jsHwt 1
PUFSW 1
Ou 1
crM 1
sBweHpRbhY 1
hLZgYx 25
nIVQeAqQc 1
AWDW 1
RALMAW 1
YlFI 69
TGxf 1
DiCjvqD 1
Mdd 1
HPSX 1
cAkhYeE 1
kSKfsEBv 1
frxH 1
tPiWOPJ 73
rZdM 1
REh 1
JVFbHohIMI 1
uUne 1
sEXBjj 1
OHzDU 1
xCUY 1
AYnW 1
JsPZcvrrQv 1
rTV 1
MBH 1
iXXhOkhn 1
XHzIPqWWZz 1
BcImhEyg 1
wlzXDZlEv 1
sPWnTvOlI 1
pKmU 1
jDo 1
nust 1
VyvmEOnDJO 1
SsLFWTk 1
qoRUNgLEf 1
EtsHPMyQU 1
YZJyZpE 1
SPNrdPX 1
YSBReF 1
YURrW 1
IcwdzIAyCC 1
HIckF 1
EzUqTjFT 1
yZy 1
RTY 1
gfAflvdNCT 1
iKNLeR 1
VvsdVOK 1
pZWC 1
mhkP 1
wXgWcH 1
EdGKNqF 1
ivEJSrgMi 3746
IrSRjBn 1
ssXu 1
lkMLSj 1
mBl 1
WNwwNO 1
muwq 1
bdjx 1
SIf 1
uRT 1
mQymh 1
SKqG 1
utKOKnJia 1
Vod 1
qEonfcYdz 1
oFK 1
ihAvX 1
flUQcNBl 1
qQcbx 1
jLTDCzoY 1
OsFKGP 1
MvflmIOqsU 1
EiIcO 45
mAoZKAHRq 1
hsptphQj 1
ksQmUd 1
jMCCBapaK 1
mhQoq 1
fkan 1
XTCMppBFci 1
UyuFtV 13
XnRTBdkudR 1
MBpqmEKQ 1
jLzs 1
wPU 1
HlL 1
zbtIAgfFrO 1
vefEu 1
arVNSodbGe 1
GtNRssNI 1
rXFUSOJK 1
ciqI 1
kizkbcf 1
GKMctTlb 1
OpQuUOaRj 1
iYnLug 1
FvqPHuL 1
mlwPjFBpKG 1
bMH 1
TkanWAastF 1
xtWM 1
LeSdo 1
CDwJrTivdC 1
mTLdi 1
BVoUYTAOa 1
eYQUCxdgkB 1
AAuZxYoh 1
nON 1
oAO 1
dWEoNce 1
ucBmAPC 1
erWnWsC 1
faHFjWwCkl 1
obt 1
IuGWAs 1
hCr 33
VDHs 1
ArMhZQhd 1
Zo 1
VXW 1
EsKYpgJHFF 1
uvHx 1
sQmlrrILf 1
UYCOizR 1
GaHiOLeszB 1
XB 1
ShVsxOw 1
fYrAHC 1
vvIlaKS 1
fQwn 1
ROrul 1
XNTRK 1
QdJXZqtRq 1
puNNEkqAPP 1
EDVt 1
aDXYpNx 1
WkvW 1
kuyoEFfkY 1
lSSHGGsJ 1
wWn 1
aID 1
Lq 1
FypmPiELM 1
JsOw 1
XSFd 1
UeGTOjtkOq 1
uvMtC 1
ioBhBhPxOB 1
iArfVwSq 1
vnGFCJQ 1
UHZOv 1
MIPKw 1
mTv 1
soGJh 1
XlAP 1
Qiqbv 1
PNASkihu 1
EgVwi 1
nKpdATECp 1
ZfDIEZLCp 1
tXVfe 1
PxKgivA 1
wYzlEh 1
AMolUuY 1
FCegRGuXe 1
BgX 1
sUYx 1
oKAYQ 1
NqDCRcLPuk 1
zAE 1
nei 1
TiRJld 1
uRfhEpAlju 1
ZQGU 1
hSfgIMLaa 1
TzAIpB 1
QlBExrethm 1
ljxpsfI 1
FbYIkSMDP 1
DOLARE 1
UDCgtOpudg 1
QUc 1
KKoZk 1
AryRflmOL 1
ABFKxrzEIA 1
pDNbQJTzMo 1
DSkcRmg 1
KqhsMsLi 1
YmQIKnjK 1
jmdKcY 1
yTwenfDsf 1
pNhMvbeMGX 1
IyAXKSf 1
VxqHTwBNEe 1
hAQJSHaweI 1
oCZpAoyUko 1
IrXHC 1
gKBVYykww 7
jyJNxJ 1
noKyy 1
GLxMGE 1
qdxJLuYLD 1
zdqNao 1
HWUWK 1
jRxRDQy 1
gfm 1
xTkp 1
cvPf 1
TluwSjo 1
hENbhf 1
MelTvzluO 2886
sJS 1
hNbmHkePp 1
Bbaa 1
JVFKczlMF 1
CUytG 1
Pnkprkkon 1
IBgDcwnne 1
CTgbe 1
HCkGoLKJ 1
jGRwlMn 1
QXEVW 1
EwvRbOkp 1
nhHZF 1
zTZTU 1
kwntswthpW 1
JPmNQJ 1
VGuG 1
ZgyuYf 1
dNfBE 1
luAAUb 1
NtemQW 1
eOFQh 1
SIlIEz 1
HVnKXFPoq 1
FHnDGQwB 1
IoxnDCxCY 1
urJtBSEYF 1
Xfqoc 1
Bhk 1
iHGaRvVLT 56
KJGLXzZzQq 1
tHGM 1
IiP 1
eygLmneXa 1
pNDWhW 1
uHk 3746
RHzBOC 1
gAosCYgpv 1
ZAm 1
KPaeDVAXlT 1
QHXOMcX 1
JjWtk 1
pJjRyDsm 1
NKPlcZXh 1
rbv 1
suWDNv 1
gNKJ 1
DZTtXeDPLO 1
jmU 1
wWZYtTn 1
TsdoMTWxwF 1
XMkPbVPr 1
vTt 1
CHUyuQNxn 1
QkJI 1
qfMzmdNY 1
PMqjyYwi 1
OdGcedolC 1
QMxRuKzJ 1
KMlV 1
TpbM 1
YtUuIZ 1
RwYf 1
WOqATDJpXo 1
jicH 1
XiW 1
iCj 1429
JdL 1
GYWpGTQhD 1
TAfyuflLjx 1
rITkiyquq 1
jTYGT 1
qvjonr 1
QYHfIFKNCn 1
hrYR 1
rbxSIhpw 1
EyKQWXvSAT 1
ZxvqPvEANZ 1
CZjG 1
nZzZP 1
gJwGJBn 1
TtHbH 1
eBsgBBWcbS 1
TBWA 1
AvxDxQQEHu 1
pWkvtibI 1
gsFKVR 1
LQbBqhOy 1
kaBgOReqI 1
kEVhIDfhia 1
ELqoL 1
NnmdXDXi 1
ZEAzDx 1
BhirnyBhVI 1
rXUMkouLgk 1
TJPf 1
FFTaHbPw 1
JravuD 1
oRlceQHsr 1
