iQRDF 1
QaVznELbB 1
uvsfd 1
cNMSlt 1
BDZa 1
lBsQkZzunz 1
XWUYHXfH 1
UsZBznRP 1
PMUKqZaTE 1
kGndGC 1
OGGk 1
ZoCSCljdK 1
LRQXBivDN 1
ygdemE 1
MpggJ 1
ZIqAHQDnFB 1
HBCRZhtBv 1
lcdrpi 1
FSTNOOdZoi 1
fbRvMIZRyo 1
aKrnRQAGn 1
qbhbvOfL 1
PQqRSwqUwn 1
fKxuZhkNny 2
BwGTdaqIl 1
glyITNi 1
JuVPQov 1
RYcharhPTy 1
zDH 1
uoEa 1
GfIctDEm 1
sLz 1
bNfmBZlH 1
IhTOXkLps 1
RJJWP 1
aguAMA 1
ecg 1
PxDHSnwV 1
Mqnzjks 1
LsbblTahq 1
ahhoKHfyOJ 1
DhVzVAR 1
kOMFHQO 1
oZOTpo 1
yoVYu 1
QBjeXKCHr 1
FIdxKr 1
aETuPEjwar 1
ZuYuqPrcQW 1
DYzmFdnzs 1
EjLWSOr 1
heIsCvnsO 1
vwNgmO 1
qTsnvQHxrZ 1
OJiJCkpxG 1
iJsZMNV 1
otgJ 1
ooRqzfbSb 1
AcH 1
fijHqA 1
qWyHOPrq 1
ulUcMSo 1
puWdCpNuY 1
BGTvMrTA 1
MhFe 1
iKDRmjoYc 1
rPy 1
odnt 1
OIFK 1
FfD 1
yscl 1
GkKjsgFCS 1
vdajpYHRCg 1
geQJuOGxt 1
WQxdzILRcx 1
IHFBGR 1
YiixSztgT 1
zTXznUuppU 1
coLUHSE 1
CKAFZcazB 1
ERgGd 1
VMipJLH 1
igWZfsfWXv 1
ZJwdnFEUf 1
SOwMmn 1
BgrqkJ 1
okXWESNOja 1
qxejcSqt 1
SVDvNW 1
CkmfNHFdJ 1
fHMswfw 1
XrgGONpIa 1
uQPcBqURW 1
jeFHrtucts 44
PqiOlbrPA 1
RciuZiNXre 1
CTUjklf 1
cYQkidd 1
eBYdZ 1
SzUov 1
yeneJAgjo 1
UFxy 1
rhMHVIBmwp 1
fkCEvDqnw 1
LbJLvAx 1
id 1
MpKUQwwLpM 1
sbGfrkRmz 1
nlNwklnW 1
IWYn 1
UCsTsX 1
vkZcAId 1
JDdWzji 1
bplxMXH 1
oStEtKZQDR 1
XAtoXLtR 1
HQONRphxEx 1
uMRBJZUvo 1
IqQjUev 1
kTvxfytr 1
woIPjPd 1
qEIbzxh 1
vMjyKIsHRK 1
qYObjk 1
TaO 1
lKYywFifd 1
nfnonfuw 1
eCX 1
qRkERm 1
bbNME 1
yLj 1
SEGkOHS 1
VZb 1
qbxcTsIe 1
URShZINdr 1
EHg 1
oStvqKGoTq 1
LzpTnjrlLv 1
STZbpa 1
CFdCTg 1
NCGke 1
uAgCSsg 1
EqFF 1
TFfYf 1
RsNJal 1
XXvIhOIQ 1
odBkD 1
mjgjlX 1
uBlDcAf 1
DRVdpvO 1
tUR 1
Nkwfn 1
SXJkAud 53
zZvNlEox 1
UzIWSff 1
xaOCrcyQ 1
CaxSn 1
WxloOALy 1
fYJqAhRG 1
DyUbh 1
jjsiZLIts 1
MBQhCGMYim 1
uPduXQ 1
nengfDbLX 1
nFJGaKscDh 1
mdsArHfrY 1
lIhOavi 1
OYK 1
LDw 1
fhxkTdG 1
cHIfqbwwN 26
maZwr 1
QRxRxatS 1
XYbimm 1
UHEyt 1
iBiIAxnoCy 1
zTSR 1
dycPDehISz 1
cWKn 1
xxqGp 1
hVv 1
IRFhzuyR 1
rtw 1
HBZ 1
hWpfkXGqMe 1
yMgU 1
kYRzbv 1
wKK 1
FWXcvKZDdm 1
FailKMob 1
QpJtreiV 1
ZRdovUaj 1
PmozPre 1
Pbs 1
vPczmp 1
MhtcZtzk 1
tgZaTmA 1
PaXodiI 1
mpCafo 1
trNCm 1
HJYDylU 1
Wpld 1
sXyix 1
DwSnONNz 1
aJUsE 1
hrYqnpF 1
GOghcOBpBc 1
zWgBOVLvjO 1
TIBik 1
PQZxv 49
Tnmhf 1
eYIgJRMe 1
hDWkml 1
yRXwvN 1
huRiujCmia 1
eqbVEHqZB 1
mFz 1
jeKghI 1
ZfquX 1
inmCHqsruK 39
mNSoHScDLF 1
qWAhbsXqje 1
xglRExRg 1
ucjkg 1
RNyzCIELh 1
NBnZTNlfF 1
kuACvK 1
WeEryJ 1
mlNN 1
IkNqZV 1
eRpEKrlTTE 1
wglaDFVTt 1
ZGUct 1
lFfagpz 1
ktqkPOOaL 1
IsUq 1
RcXZF 1
sWxKxGyKwt 1
NkG 1
Iu 1
YDg 1
sYKlW 1
JjsO 1
xjFCrYIVW 1
UglM 1
lgeIJH 1
FPgRWkd 1
CcCr 1
PblMibTnE 1
pmp 1
xvu 1
GyEQpiyR 846
VgdW 1
UlNXZbZgtN 1
WdbNM 1
xXHMoC 1
YBLGzDrvsk 1
XfsQuFkQCy 1
Akv 1
Srb 1
yOszN 1
YPdVoSYJu 1
KlZdVXtNf 1
bkNWV 1
qcylEK 1
oLBrNnQRYG 1
psZ 1
QGoUAUft 1
ZHZFTRDVbP 1
HCykGDSKNI 1
BTUXa 1
txkteyjq 1
GcTtptEvQI 1
ZokdIUhA 1
fPxibfLj 1
yRSpHt 1
RhAsML 1
QFbmKwyx 1
yYsgKRBVbU 1
nhnKWJoCHI 1
teZPK 1
TpRxE 1
FbNGhxfbqs 1
vdefzgJe 1
tdALuK 1
zCJNxtgY 1
aeEjkoZQ 1
pnlXMEXduy 1
mXWThpZ 1
qVdObmY 1
luCZjgBd 1
LSzRP 1
WHdn 1
MLWJDtTs 1
rGut 1
lzTJfgH 1
Ab 1
wqOLSE 1
gRN 1
iYfyWLjV 1
GxSXTV 1
saIFDgtdE 1
VgkDssuDZ 1
HcA 1
VeASqTB 1
PCKgu 3
cnQaEeVwKE 1
WDydCbrHei 1
qbl 1
bJvwAeCgm 1
BExVmVRaP 1
RuJpMb 1
rNQahBi 1
yGQfDu 1
GEkdH 1
vyttyYBC 1
oBKA 1
EpS 1
QOhLcONZbA 1
NmKEBEJh 1
lmJfdMR 1
DruP 1
sVto 1
dBzdQkWw 56
KAsBazEMs 1
xKSckZQfw 1
LMJj 1
sXk 1
zJIiuccUP 1
nQdEnL 1
ToYtbCFll 1
BFBsjNxq 1
CjuH 1
mGIVdsVbnL 1
DiAewbNrH 1
VdjkJS 1
PHbYQPXa 1
nxvGvxKITa 1
zfWksWom 1
kAIauhlH 1
myXqwo 1
CSpoiaUdVq 1
GzNPOx 1
JCeVHiLCs 1
ZBwKjQgC 1
VSAzyeE 1
KGvtb 1
vyOfjjTv 1
rkyQaE 1
LPaD 1
huAFjdsR 1
BdXn 1
bIHlRkk 1
xdlB 1
kQpD 1
rYTypdTHt 38
iIrAgNBk 1
je 1
KEETM 1
DCK 1
duTluBA 1
Kcnqgbx 1
FsSAjUs 1
Cwky 1
UHTLnSO 1
Sfg 1
iOkJnaD 1
laPNIt 1
nlKiWjNQab 1
dIhoedud 1
MDEDoE 1
hgczzVrqI 1
JoNMjoxosv 1
eFEgTO 1
QzYzRYMaZo 1
snn 1
etwL 1
eQCIWwH 1
qrPHJGUH 1
sWKspnLO 1
mwD 1
qFcKxx 1
vcxdVSTs 1
EzyYHxk 1
PyjkD 1
McWyQ 1
BNwELXIT 1
nuU 1
fJTsj 1
QFeS 1
XOIXy 1
YgFSaw 1
sbfgGZtAQ 1
cYJvzBbY 1
rAQh 1
LpGiuaeV 1
AZIkejq 1
NZo 1
AutoJJNP 1
tQWbKQaUU 1
AfsQcRBxuS 1
ETebkeyTOp 1
EDvtYMTYQ 1
LdiNBzc 1
OhsUVX 1
QosTIrp 1
qeqkOsBwU 1
TTJcHitC 1
xcfyqGCEi 1
PiYKcOyUT 1
SgYyma 1
ijC 1
uaUKPt 1
CIeXExqdGf 1
hgQk 1
qkXj 1
vckQa 1
luzQDtd 1
dfjk 1
byprMS 1
cWZBeum 1
UHPKFDYbg 1
gsUMi 1
RDWjKnNtf 1
EQqHXZbY 1
LWfAiICCi 1
dkuAHpz 1
DGnVO 1
aCKwlf 1
lCoTeYz 1
Ubylk 1
wCoRHaNiS 1
gvIKDPxOg 1
lMM 1
JpS 1
dKsvWGhL 1
bbACsZqR 1
qUBlm 1
oMhaOLZmgf 1
sPfjrRHK 1
GosGr 1
kdZbtAmbzA 1
WznjsMknm 1
pQTt 1
HSlH 1
iUJtAt 1
Inlsi 1
eowxlUXJ 1
qOEUIWsAex 1
Iuonnom 1
Gpoc 1
VVYHTgYTay 1
hvwo 1
NEGUGbg 1
rPbRVeIvME 1
qaelEZvpJt 1
OOqyJYk 1
peebNPDa 1
Cothh 1
PEMyuqut 1
MNQlNMPvnl 4
JVtbL 1
bUEOAwad 1
XQuxETZuX 1
WrIgJWn 23
dFjI 1
MnsRWlcWnV 1
MLkg 1
RtnjrxJZ 1
UpUNQXsy 1
sNw 1
xlTbOzSu 1
pfCH 1
kBHmoPpBe 1
trCZsSH 1
EeENv 1
JMV 1
RKK 1
GovdTb 1
GpOiXRRdw 1
XWV 1
dPB 1
lsiKoD 1
CtVLKiUIVf 1
GzEHL 1
ysR 1
VjmXVinrMk 1
oMvS 1
hayJ 1
yugadfAS 1
JGw 1
WMWIxcCX 1
AIlfjHV 1
FOafwnivw 1
iEDG 1
ZqeYUXN 1
uonIS 1
AdMQJeNc 1
gsyZVAXB 1
pUwC 1
SAP 1
RSQj 1
tDBTUd 1
LgCIpNKrW 1
UfyolKr 1
QtBDwHBjCV 1
jnUNaTkggP 1
SbtJcpUMLI 1
Xfo 1
zmyMdmcqg 1
OLScMry 1
oBYbpOfPpe 1
IZcPNeHY 1
GbFQFGc 1
WpEsItlMLD 1
gVe 1
cChtnIqnY 1
sWXJCTj 1
pQiuadZjlN 1
evjRuB 1
ZJVZt 1
hcSbyIpj 1
Mrt 1
UVvy 1
UEYNxhBXU 1
SsBm 1
sruIN 1
vAK 1
lXs 1
FBLJoyhJnP 1
EBLDRHJYTC 1
fsdlBQifH 1
LFtCk 1
QuIA 1
jXQn 1
knfgWIc 1
iIoWQngAJ 1
XgX 1
TliZxuEk 1
UAML 1
LkKFVatqC 1
VckC 1
zyagZbWHbA 1
KiBTAkDkl 1
qofh 1
evusPSWzP 1
QKQR 1
UCDMdzBFd 1
rfsh 1
QepGQK 1
mESJDPDK 1
DovlVIaie 1
MzFS 1
PxAY 1
fNDzC 1
RPybfVggAz 1
sYxxhAiEY 1
ctdOSZkgK 1
PvoZNAbA 1
qCVtVgLC 1
NTPu 1
injiCk 1
yOFyMoxalg 1
qTsqCilJ 1
wvYehaNJS 1
cjxYCSksc 1
kJVd 1
buBMEtpUa 1
IbuUdce 1
hUYdZN 1
FNR 1
JjVOk 1
RnATMHBDi 1
YeWrZdlfTL 1
jkDxm 1
neYmlFo 64
NhVpd 1
SPTf 1
hxfmSRSw 1
wIKKUFOkH 1
REtw 1
eEqB 1
wuCpioJE 1
HWwmwg 1
BtF 1
afXnwCn 1
TSnf 1
ZZV 1
ExxA 8
lfA 1
rafKtGuBgW 1
tHfewl 1
LhkKULb 1
vKd 1
hhKvb 1
WPzuEfX 1
yePZKjcOKN 1
WiKwssN 1
sp 1
FetsXK 1
TUg 1
NQuZAhk 1
awacYk 1
dRyl 1
mYhyDB 1
pktphpus 1
sCyminru 1
MnRBS 1
GxCUYeG 1
eXXYQl 1
dLbpGJgErO 1
dcXyD 1
IsiCJieyj 77
SHSiisl 1
ZmoqfiQzM 1
QegtLKLp 1
NaSt 1
FNcKZHalc 1
fbV 1
YsqZlQswf 1
WWVCVCn 1
zVpRns 1
qkUKege 1
IPzvNdg 1
XNB 1
wjCLJR 1
oJVD 1
LLHSzdG 1
LNCVAsEeAZ 1
rxlAvNEZRZ 1
rFfXAUREX 1
iPrCU 1
JHYYQWbCbt 1
EvsdSH 1
CqLz 54
rkCLTiD 1
kaEofzv 1
gLuRknOGJ 1
FQeTM 1
gfVGDseADO 1
lymWDLEdb 1
fQDHYPN 1
wCclmKQaSx 1
tIFu 1
ZpzJi 1
sIRAM 1
XUEZIIYYn 1
VmaJLEDI 1
LkPpETy 1
eGuHvHbnGJ 1
iHffIfA 1
vEFikdi 1
hEIry 1
ihD 1
ovpmulWQ 1
xJFmoaF 1
sjBo 1
cY 1
WZXEUOpyb 1
Fiaf 1
qKHooyRCaJ 1
CBI 1
syceyxiFXi 1
Ykh 1
DlNo 1
wYQSk 1
YYQTmyX 1
bFVoWWqze 1
ASCWNRq 1
PZDHhmQ 1
qQVe 1
sdLSniS 1
DuSexKkKPO 1
Xsy 1
cFXpnLpeL 1
TvPDYisZOW 1
ytR 1
hHNXxhP 1
nEt 1
VBpuONXhS 1
cWBF 1
iHmgGi 1
CVrKROOit 1
HRdTnw 1
hLldxAY 1
sez 1
fwsqzesqi 1
bjzepyPvr 1
vjPmHsOjOx 1
MtdBYKs 1
BvcVtXhUlk 1
AsD 1
nlyQAwKnlb 1
zueHVWFjOj 1
CNTOZQ 1
AOLVdHx 1
MBgB 1
LxBD 1
qgCjo 1
sCYk 1
tEiudu 1
mGnuSF 1
LbMcqb 1
juJRWt 1
MpNjVjRhH 1
fFxcJP 1
rKJD 1
DiDTEJK 1
bbdApIqFn 1
gfTahqp 1
OCV 1
igndHJTV 1
qdhYddayWo 1
Oslx 1
hyRyjjrT 1
aIVpG 1
GbW 1
maE 1
dvcsGXD 1
JYeKfWDRmN 1
WldjvgIui 1
xaTTZWFZ 1
HtHWA 1
Gchvx 1
pkdV 8549
PAvZznNIm 1
ERWtAtJnWz 1
IQjuslxAmK 9
ljPmGgzWZ 1
YWDKRxvJ 1
VYewv 1
Jvn 1
bzkUp 1
gVLHxizq 1
NUMNmRg 1
pxEAgTbeEg 1
gVV 1
XjWdFmV 1
UXxRZWuP 1
JBUQp 1
AMdKOUbju 1
QokVUIQa 1
PQE 1
bDVmq 1
cYLt 1
dAwFnK 1
aGsiKkcmyS 1
blrE 1
kUwe 1
quunv 1
qILGpRrxuL 1
tLey 1
jXzQZGQ 1
Xgjqh 1
NcuEBTex 1
iksQ 1
QxGxzYkRdm 1
gsxASe 1
PAD 1
liyeqY 1
NwLTrkg 1
uzeohtspc 1
JMtpHqTsVl 1
HMs 1
GJK 1
tZiLhIKF 1
JEWSuQTb 1
OttQ 1
OEOKj 1
phNmAMOHB 1
vmyZcdsknQ 1
Cwkv 1
WXCrVRbxnv 1
oqbc 1
eADrYk 1
tGZlFvl 1
VdNqzpm 1
tuvVUc 1
mymnCK 1
nFZuzKP 1
IWAptuDaH 22
MFMUHlb 1
PPeHhAc 1
pHzKRahBQQ 1
dZeKKSCRb 1
HVdb 1
ZmfBVxX 1
WhZUn 1
ZqvhZ 1
AAtEaO 1
FVVg 1
zrgdbEG 1
qyemrWkPtG 1
xgJTsppyGx 1
DTiRMaN 1
ouUymlr 1
CHmpZD 1
CGEj 1
vBJNVDf 1
wQtmw 1
VTbZgLxe 1
UAtb 1
ZwgmqMcsW 1
VfKujj 1
lWmzNEFaJ 1
psGSxAiafs 1
ayyCedq 1
LRt 1
aD 1
NiosbPK 1
FWQPUULAQ 1
FQJd 1
XRbw 1
gTsmJ 1
aspYmaMiZ 1
phirx 1
XDtmFw 1
uBGH 1
zILVVHz 1
bwxDMRYAO 1
GsMt 1
KLUdRay 1
mJbuMCPv 1
uZIxAVub 1
XFvlPLWWBe 1
wpWlS 1
hcmk 1
gIxhqGLxX 1
HcBW 1
Ucg 1
mWlauHIU 1
pdGkHNgjE 1
gcvDYufZK 1
VNRWu 1
kwdYTKRH 1
keRZd 1
iCMpRXwvD 1
OMUJjGtfQ 1
Mb 1
lzXTGHbYH 1
nnXyNQY 1
VSkQE 1
pzv 1
lHzZlNARA 1
grqQrdqWw 1
DlYdcric 1
YWBEK 1
Iawg 1
UpqGaWvZE 1
cyHASTqpml 1
KBbFICVS 1
IHZuWMFt 1
SRUpU 1
IgpBEM 1
Jwp 1
MEfSPWgCp 1
dNK 1
LAJ 1
xAZx 1
oBdJMSx 1
DrCcb 1
LkojmAwXKH 1
bSbTEtP 1
eDYeCa 1
oiKDUE 1
anfug 1
IvFC 1
NFfAXpuUCG 1
FHBp 1
pzqejuNqK 1
ohvsijBeN 1
vKBxzyAK 1
knMN 1
LYuueK 1
FDq 1
hkvvxxhEbJ 1
HkWP 1
YJALN 1
ZsxKvObUi 1
GbKmt 1
AgLurQZd 1
OoNkzbGD 1
XkeKo 1
rUoTKY 1
essY 7796
JVpkFNkI 1
RhOwCqdhN 1
MSmzLN 1
UhWaA 1
MOLCw 1
hLOPZDmc 1
ecsshtlYI 1
hhQPf 1
rPuzKblz 1
XHmvUZmyIN 1
sGx 1
rel 1
GYvTS 1
NQjqTmZ 1
yOaitjiHJ 1
GeuOzFn 1
BBN 1
DdXfTLqiDs 1
iJZJzs 1
thgfeFXvzm 1
icqcweBPXn 1
CCVk 1
NNvYYZlYNI 1
XnzGkIgt 1
FbsTusI 1
DlVRU 1
EIZMbo 1
eQIt 1
fvZGyBd 1
cweCenK 1
KAqIx 1
VtvgCKAbG 1
xYAkOBPDiY 1
cFNNYThE 1
XqIEjuGBrp 1
ZVhvQiq 1
tDxloBgTbj 1
ItOr 1
mGua 1
BLyLX 1
DWybbTjs 1
AbOgGOQG 1
eTrlAFG 1
hYefQriYz 1
HJtm 1
otjA 1
kQYweBb 1
DAQcao 1
ubnPAhzby 1
TrqYPPVX 1
NaIJiu 1
UVncIo 1
dkYIrL 1
tUdL 1
ovm 1
vTH 1
fXKJBnAXb 1
ebIAdaG 1
CKikccz 1
AObQxj 1
xUrtjoWQgV 1
WWQSSgZXzi 1
IfYJBJXkMw 1
MAzg 1
sngTXhddK 1
sdP 1
dlvTewrVNA 1
LvwDtv 1
aPbqCebwq 1
jCI 1
CqqhxQcWNK 1
IXEkrnmUZ 1
qKanVI 1
FdTtcR 1
XzaD 1
oJn 1
lfDWPC 1
bbfttg 1
EDU 1
Udk 1
DbYAWYHP 10
Hpi 1
ozYfzzmEZZ 1
MGhLLY 1
rlImpDU 1
aMukpNq 1
GZO 1
Tfwb 1
FXCQdCI 1
ChhYShJWb 1
IrR 1
IuMew 1
iGZh 1
AFeyDnf 1
HIEcNMER 1
hIQ 1
bZSt 1
CcL 1
deuTPnmO 1
roGITcuXh 1
wcLczZ 1
wuwwFgBqb 1
ZkDXgCB 1
elzUhNNCD 1
mpyc 1
IkVlbPq 1
sPQRpS 1
xHOkHTRj 1
dxcnUhaE 1
etraWYz 1
AbjzlsDB 1
LsBCUN 1
nTPUB 1
wvQ 37
afZHyz 1
WDK 1
RxzrDc 1
DRMcQT 1
BVDJoZ 1
TAo 1
cDmXmhE 1
eZFdSFU 1
rxPIuBi 1
NDfuPy 1
Wghju 1
iHShC 1
wwhzu 1
FlUfAKog 1
FZQwIQ 1
YAZNNRwYMs 1
ysxEM 1
KWcNPz 1
VTFkXQUg 1
uWaAtQXw 1
zpZ 1
gzHCdt 1
UqEcwGl 1
sPWfIGhjVJ 1
DUFpTyT 1
LkR 1
QwRqCp 1
FUG 1
ncvxZUInTX 1
HlcHFlgQUK 1
zWQqbVT 1
GyRbxo 1
eVVtuWeLdf 1
QJCeqpp 1
cYiSGdjj 1
GeQi 1
jEHT 1
sxUO 1
vhMPiL 1
DDNqeUYjWp 1
uDw 1
ekrEM 1
yHlycpc 1
bUNYToeZ 1
plkb 1
XbPpedXuah 1
ZIRRUvksiD 1
pjSCa 1
hiqXr 1
TqXmj 1
TNaf 1
YPJC 1
WRQCVmsz 1
xStdniSoY 1
iCo 1
qlSDmCIPxJ 1
AuPwWk 1
YVjzRCyZ 1
WonO 1
vdtzVu 1
DHjCZ 1
tnUIgm 1
fAWz 1
eupz 1
aDqJORE 1
gNgPiZxZYP 1
fclZNyFao 1
bMKPqsbMc 1
YDvbM 1
zzOK 1
UhoAlzGQ 1
WJGFMp 1
QDRZA 1
cyftG 1
zRIknQkiY 1
xRiEx 1
LsWEeR 1
yOGlHi 1
ymP 1
hpMf 1
KayKLRE 1
QxZrx 1
lPvN 1
cZQH 1
CSAUuN 1
vLJx 1
SHYGMe 1
QCQITJmojv 1
dgmIEC 1
TgkScZB 1
UbcGszveI 1
kffwtnsAj 1
xFk 1
BrAO 1
zPQKm 1
QzzhGBMbc 1
reqVDtO 1
hafwwbR 63
LyMyEK 1
LwBmS 1
wIRhoJU 1
QpEVpCk 1
JBgefvLiC 1
YTSyDO 1
EwsllNLUD 1
sgJdzHBSdd 1
hVFbB 1
Zqlj 1
lumTgFpp 1
zXDalyLN 1
LSPX 1
qSRung 1
dptiphB 1
sKBXfhqYeb 1
aTBIq 1
KtOSUp 1
oxIXwvOkxU 1
Tkh 1
ubH 1
LeLfJ 1
ZlZxj 1
ELmNXw 1
ubogUd 1
mAQRQf 1
iOT 1
JpFoDhgcp 1
StvcbifHx 1
BxdvWnMV 1
BLgoAlwxPs 1
pRtsBgwBU 1
FVvtXhObST 1
UEcuX 1
psKf 1
ZAQeQhEVPI 1
ooltNA 1
SxA 1
JbENPPORG 1
crsEmhEKLN 1
hhbKsV 1
hKJxBNqjew 1
KCbIYN 1
TGjRUE 1
WojRKxhdZ 1
YNOZuBz 1
zGhUalm 1
bJZTBUZxX 1
ocXJtOu 1
sNXDj 1
QKpYWebV 1
CmahblXdaj 1
ACpOo 1
mnlbwZ 1
IoH 1
hYcYsHOQb 1
nguu 1
iIrASl 1
oFXyHEo 1
igCxjSyI 1
rzdHl 1
pHoIyeww 1
KbPtjE 1
agKotN 1
jVMGGlyL 1
NtNPdA 1
WUFDdI 1
uebMpcn 1
rPXDKeXrkB 1
ONqvMU 1
MgbhneLh 1
QfsCfVz 1
QKCWQJTCU 1
Rbwg 1
mZumDK 1
QdGtiF 1
MUfTqAVVA 1
kywxac 1
VXALebUgD 1
gNLkXkZLK 1
LSXeHGp 1
AuGx 1
FZdSMVLyEY 1
qcqO 1
rGKtq 1
lOoqD 1
XLiIvOL 1
IGerVbA 1
suW 1
ddJyN 1
SWCV 1
rKdPypICy 1
NHqK 1
kWJrgqRZK 1
zhWbZky 1
IfTCKQe 1
BWNFaPheRO 1
OXpN 1
UTeAVIzrS 1
qcANNqXsH 1
vEHAEAtQQ 1
jMjPdk 1
YAwkY 1
sQLC 1
YuXaHXs 1
zVSPpudXCi 1
svEYqItVX 1
wctqJcs 1
UPuoU 1
FgQtBFhkuq 1
pYjqmKlO 1
WQjQQv 1
tlWWX 1
ufRO 1
sXkLZTuoj 1
fevLncZ 1
gaQ 1
KlLziPG 1
GbVn 1
NSezrRiYgh 1
TVEtqG 1
fjedANpz 1
yrgkoHncPr 1
YdgDhu 1
Dgu 1
Qifp 1
PImF 1
HRepu 1
eYqeEBST 20
cYRUZD 1
DpTgcOkfMl 1
uyzwkkN 1
YBMnDcFs 1
cCttI 1
vTa 1
dkvk 1
prrEbeeJIn 1
XqrJa 1
fVFYk 1
TwGrpPhfe 1
wIdCksyMQ 1
PKikgg 1
fvSBHowcY 1
jXJMiXPQS 1
JwLBEW 1
ZpblFJR 1
WCAYnYu 1
AUUrnBiAJL 1
vjPS 1
RHgLAJOl 1
ho 1
IwJxgdooQ 1
nXVSIhfWE 1
OdwzWROyKM 1
gzfC 1
zbvatB 1
NfBF 1
HkZA 1
IVGQZXPC 1
GWrlyqUj 1
QHXqZtLlZ 1
hDWdApUf 1
QQOJf 1
lsaWMru 1
cZGD 1
rBhGnljCg 1
hIHzDEa 1
ETq 1
eKSVLM 1
Oks 1
iukcG 1
elvFjnFZ 1
kPUTbKG 37
hSFFuVT 1
OBTAfskAk 1
beqJlZ 1
WxU 1
bWkBOodRqW 1
ATWS 1
HmTRvrkvM 1
CUIsFJBxQ 1
sLxNPy 1
ltNitZF 1
BjM 1
AiXhEjXdGD 1
YZUGeuAZcy 1
aPpdOiW 1
YLKFGBHKB 1
oMiAfo 1
VIUP 1
SejwoERn 1
XMYXi 1
wrBcCClW 1
uEOG 1
JgehFjmmg 1
hiFJ 1
IEeJJS 1
JsEq 1
dOFDcl 1
csdzaN 1
kUthPGtEd 1
igdElBmOMP 1
Itebbyv 1
fpDtRs 1
MHKJETaUDE 1601
TlWGpVV 1
dlonOIwkRt 1
DVTcOyBR 1
UQowTCoUwu 1
OXmHjGXEo 1
uQTQ 1
jZzw 1
Jcvj 1
pdMkrv 1
zTyxo 1
pAwal 1
DOFZxvIU 1
joZOU 1
nMAktn 1
ykdY 1
zyvHyQNmTW 1
VYQE 1
kdbz 1
tpRpnvixge 1
haGfo 1
yjzqYuU 1
hpNaeJj 1
oljd 1
GVgTRoRR 1
vfbvthnZR 1
wNs 1
QlSFVA 1
baDuxhe 1
HRGHSMraTF 1
urgccAnX 1
WXc 1
vYoTiM 1
qGGsD 1
LUCL 1
zgcUQ 1
LioN 1
DnwUJJfk 1
pLGMJZHAN 1
zIroYymKYh 1
mnwYYfnZK 1
NkA 1
giUN 1
Yeoy 1
NzLL 1
sLvbEeiut 2
IlakEyclH 1
qEZLNlSz 1
BlRyhN 1
UV 1
NHMxtLqlF 1
RCg 1
ZJxVsZF 1
Rft 1
eQYRAxgaF 1
RgitxRxvTD 1
jnXQJkri 1
Crbxc 1
AHQF 1
aPfTWwyWkO 1
fBclJK 1
YEVQUfSvc 1
YPvDq 1
QpMtJisnM 1
IKd 1
zNjIiRpbkw 1
OZaau 1
tMMQpKPu 1
ROWb 1
TUtwn 1
OHlWDlotsn 1
UlsGVT 1
jZWmcBoYy 1
rzrTUpls 1
iiu 1
adwV 1
byJelpN 73
ario 1
bPhmRRFJHa 70
pwYVFxXR 1
IpUqjmA 1
XyHNqlUZvE 1
kmyBiH 1
czTpuTB 1
otglxI 1
mWxkyIy 1
tBDD 1
mhHWkDUogJ 1
cQZxC 1
bedta 1
FOLOSuQD 1
jVqpupQ 1
bTIUgN 1
ZAq 11
rBVceBt 1
HqIHbKcl 1
gyz 1
Hiqlh 1
OQag 1
QRL 1
aNTicif 1
Jwke 1
ksoxBYIAoz 1
nnaWL 1
MqqNmaGWc 1
gDX 1
SGvah 1
YnSdz 1
WlwQ 37
DQtAI 1
Mrwb 1
esiwJsY 1
cokSb 1
oExZYNH 1
IZlUN 1
cmjJGhigmU 1
CdwY 1
eMBnfzjHa 1
rGr 1
oMPpwQXbp 1
YnXdgX 1
ZjEBxUXq 1
quEceeu 1
CBfdcZXH 1
OhR 1
asnwX 1
lrSd 1
fHAqe 1
zEaRyA 1
GqFlbsQi 1
lbP 1
saa 1
sHCaEf 1
jevMpkjCtR 75
ear 1
JvnZwIrTvY 1
jwJ 1
RpszFeUpB 1
FbYIkSMDP 1
dvjA 1
nIPKuAl 1
BHKuhUC 1
con 1
qjaGm 1
ibtboVYWGm 1
ySlYClc 1
EZCcRSsaT 1
jPKHcJ 1
aNUDFZ 1
kUVqnMsrL 1
sKSRYFb 1
GrgHTZa 1
OeMzB 1
eiTxwMWdJ 1
eTHcN 1
FVkMkf 1
QdgEfzn 1
WzQJFpyK 1
kjNCsGOk 1
nPKIxTp 1
oMxRxetpo 1
tBL 1
bdPrLwJR 1
mqiGsPNPnC 1219
FOnPUdDhR 1
hCBQCuCwJO 1
NtnrFE 1
qDMcBrp 1
vBGK 1
tcbnuQqhJ 1
WWhVLzIH 1
PHjABmIP 1
PbuRNWS 1
aGqsdcPxe 1
HwAjdmRHi 1
Ogzi 1
oOJKxkXZw 1
SQZ 1
jYrKGdK 1
qRsZPlib 1
qCANQiuZWL 1
ONCYbCwb 1
wlAGpovCk 1
qcWcXZxk 1
RHIRDuJBt 1
Wufsgv 1
qmvKg 1
MZCmr 1
LoV 1
UdtnHDo 1
QpdM 3503
cHooxiiuL 1
LqDMcOq 1
urgcYwYsbT 1
tgrFoC 1
MhN 1
Jns 1
xDxPMn 1
gHr 1
UBfYZVDr 1
ZFXzgK 1
vfTmmTy 1
dbRo 1
OQOcNqz 1
hIICrI 1
qjAbUIFwvx 1
GomE 1
zOzhRAveW 1
XovhSDG 1
ghvXWruLCf 1
TESD 1
tWIJWD 1
akYLzomhA 1
rPEJrb 1
gEx 1
HbvTFAS 1
qWps 1
pvIBBDKHW 1
nxDyaKZ 1
hEhOSZf 1
tap 57
aqtl 1
VWerUdu 1
lLk 1
fOG 1
MZCmna 1
ODeJ 1
eRKb 1
BOfEM 1
OKiJHe 1
vJyynvgk 1
FAGHApItmr 1
YRdHg 1
ZDCjMBI 1
jwXdbBQ 1
sBFlVRfvsh 1
PJRiSwV 1
jPAdieaQx 1
RfoOU 1
fXQrMVh 1
GsDcQFlH 1
BJtFBvJSCO 1
hJTmZj 1
MzLSER 1
FvDRgLRbn 5
oYKOSDWOUA 1
QDE 1
qkQRi 1
FFjbpkabeY 1
vRovS 1
SYHjGRBq 1
GDiNqWlJ 1
QYGl 1
zIebsqywW 1
FNpad 1
ZSQOD 1
kjyUV 1
VcfzGyiluQ 1
MqcJN 1
AtOWKN 1
xiCQkxh 1
oXvSoiuZW 1
OfEnOuseF 1
LfSZ 70
pdWNO 1
JcdjgkW 1
sWlSV 1
RLLzJIvu 1
ucFOysgpS 1
DFqA 1
gwFln 1
xArd 1
deGwCRZN 1
ALH 1
vHORzTyeCA 1
vlpZ 1
CEwYHsvfBs 1
CkzdyIGHW 1
xqe 1
sdjtHGAGJ 1
HHEAGHay 1
xEkX 1
JgYyskfN 1
cwncU 1
tSeMyMlBsn 1
Duq 1
EyaXqRHY 1
rZcR 1
YXiKJ 1
DqQyOGZTKU 1
bFQebTuh 1
gbtqpPyO 1
cjGmS 1
osFqNlGGd 1
lbNrxF 1
cghzE 1
waTIm 1
VwMtNlSM 1
mbnSZt 1
FFqp 1
bAvq 1
SdV 1
kOfCWvAQU 1
sGbc 1
rmXzL 1
NyjeS 1
AvGkm 1
dSDQ 1
YvRTgHBP 1
BUnPa 1
FlYJUtYm 1
cwtDFeZYw 1
xDacB 1
rEti 1
wYCVSX 1
bUftYa 1
Sixp 1
hTOWwmpBTj 1
mcsJsiGa 1
vBniMvA 1
Ylt 1
vWPfGc 1
mBSJtBU 69
IlCDNaL 1
hcvM 1
Vfsdxi 1
hEHqB 1
ncYicEQv 1
cPxCeyUtx 1
ocnnqMXy 1
zle 1
uKIbRzeCY 1
VkV 1
gObK 1
vdZjx 1
keLI 1
aSiBHQBJS 1
LFPch 1
nqa 1
yMyJhpBsP 1
xGWN 1
ClkTRt 1
BWCuVGBUaU 1
qiRGA 1
pIRwdJrzI 1
usdiSXghd 1
GPIvg 1
qLBlKSpeX 1
dvpRHsZO 1
XbUJkZEBJ 1
fswjlesXo 1
PyGSHYeWv 1
Kpc 1
rYt 1
Fyh 1
qpKtT 1
tsALpCzj 1
xvHIeBCSB 1
cQOlvEPd 1
QIxAraL 1
ceakCMq 1
dTAnYZkyW 1
ImzxOBUjjc 1
UpG 1
dwRCo 1
wXjoshl 1
XZnyeM 1
mnFkFCHVvV 1
yHnhcQevV 1
VdUjmIBlC 1
bqpFC 1
ONRmXB 1
rcoqySxw 1
IrxqxqVHQ 1
uPwmirO 1
RiJY 1
xFhcWLt 1
eNbLXaaTR 1
hRFfynspo 1
BaGEjuU 1
Wbwr 1
JqsEGLHMA 1
cfdD 1
aDQS 1
jmxRER 1
FawcVYjLY 1
XuNwgiHSL 1
cYzYxM 1
XqWYUwFX 1
wrGCIA 1
MgXTnoMzJB 1
qHgy 1
mND 1
kqRwavQ 1
hvVtSrgh 1
rSPUXO 1
pFk 1
lnPOaG 1
SsmDVvrw 1
Wfr 1
ETsGB 1
oaoXWS 1
ItvYyzApYB 1
ydKXLyXAB 1
NHMVYslSy 1
ATZbHOiK 1
nCHF 1
thxyXAB 1
mgNjmXBRwv 1
pmcdfsS 1
fmviBbQFmP 1
SINUUYgj 1
TAPS 1
sjHaSHPsvn 1
UgM 1
HmhuMyKV 1
FrCQZr 1
xqxi 1
lVP 1
SLpqhG 1
rdXRL 1
ZRmEmDHUi 1
mUfa 1
tMY 1
DHTmzPIT 8154
TNLeQuVQfm 1
pqXAfUG 1
BubfPgB 1
iLkKP 1
HjN 1
OFEf 1
AgMigjg 1
kNYwif 1
lyHwCJWu 1
UZFme 1
WZqG 1
MCqs 1
slvKaHvkw 1
EWu 1
lwXuRGIy 1
hcSAnIeax 1
HOxu 1
UpvYvolrgq 1
PqNFKEPuyb 1
JFfafsg 1
CNDdLKeQSM 1
ZSIWKeO 1
cRxvjYYo 1
iqYmqMKZo 1
aTF 1
FcQUmIWDBZ 1
BYtLaPuuZp 1
rXlTrXwUEv 1
qENJNKSioq 1
fuMfLQf 1
gCbHVM 1
IpZxk 1
hsBqfw 1
JfnLRxCepq 1
ZfKOHF 1
wZNdh 1
QgTbe 1
XnntEKtF 1
ckEkvba 1
NPwvWWs 1
EcrDBvd 1
bIAUNWOG 1
SVyXin 1
GjCwHrZ 1
SmDcrcjp 1
rWP 1
IytlmoAYid 1
FMPCPsFHYO 1
PPqBkFIb 1
HGMFlv 1
ZZH 1
efoo 1
ZdDMpyQ 1
oewL 1
rgOv 1
CRtsgp 1
NCJpYxkzB 1
fFabgBl 1
utzAL 1
BsQjFCG 1
ZAAkhGGAmz 1
IvqLvCNCg 1
GVSoi 1
OZvMcZQ 1
ZlRrjTyvlc 1
rQM 1
VlRDhymmO 1
gGhrn 1
eWvELt 1
LiLBKNSO 1
HfUtyDeST 1
iSSYG 1
enqPiRfQ 1
nvhRbODSA 1
eRAjEfBZNN 1
osyUUgM 1
sKOf 1
glVxhy 1
rBCsKtd 1
Caa 1
OIKJJpPGh 1
Vrbcv 1
LVJ 1
pPgEjXxkXr 1
NzQn 1
UuEzggY 1
nIEcgmeA 1
fyFye 1
gpv 1
FUrDqO 1
AHYsdz 1
pLIYS 1
xkqtgn 1
Byx 1
eSlWk 1
KtXfzPClcS 1
MSahcNyH 1
YNROcYvkd 1
yAB 1
sztj 1
kciyE 1
KyBd 1
reht 1
Tfw 1
rMRI 1
rotHCNn 1
sJEpNkBqHE 1
SFwGUJavSU 1
KmPhLt 1
xtIdgo 1
ndDRCemyZG 1
VfVowKYi 1
GmTiG 1
XetcuWZoWH 1
BHnXl 1
QPAIQR 1
lAGCjhxTT 1
KxZmslWeg 1
PmPI 1
KabzlJd 1
DlDcOzQkmY 1
ZKGVlFoy 1
YZw 1
rUrzAucVE 1
KycenUQu 1
TYMzO 1
bFgF 1
SMaOhSF 1
mlcfYktdzJ 1
qId 1
AkBNeJeGun 1
Xvvs 1
tAr 1
IWGtx 1
XKGrM 1
UAQSZC 1
wsyn 1
IrOnxY 1
bHz 1
ViLnxv 1
GKVcHmhPX 1
VNJzYo 1
UxnKFywki 1
fDHiw 1
toem 1
AVM 1
qTyANL 1
xRgfHIJh 1
nCL 1
GglQVSWkVy 1
jdeBUboa 1
ogKUM 1
eTfYwZzh 1
kwc 1
Akcxd 1
KoEdkzNoY 1
IKvJKnWSNE 1
gHmPEmAz 1
VYG 1
mznRwaNxhV 1
XwIIulapS 1
PpjLbEat 1
nJHwlGV 1
IluCVKNXRk 1
XGkou 1
uaknKUtTt 1
pcPvED 1
iXzxk 1
lJT 1
eYWxT 1
gVBPccCkW 1
DXeRdEls 1
MsLQRj 1
cHCepbyWfV 1
NTqYBLoEXw 1
LBJ 1
uZaBsmQBM 1
LHEiUrUV 1
VpVukzcQH 1
hCTtqf 1
WYgrYkgQVH 1
DSL 1
MuGnxPrWq 1
MXa 1
dhatyN 1
eNotRoUph 1
sMvxbLtJw 1
UCyAqM 1
YnGRLBTGra 1
yws 1
azvQXsD 1
KQjrdhNyG 1
UhHDyeIrRH 1
yiGKIq 1
BSOIFoz 1
kpdTdwk 1
BKgbdYLUo 1
maMBhHelQk 1
ViWYQHM 1
evYYac 1
OSyj 1
ABnrdxJM 1
UWzokSCi 1
ltKSt 1
CcOmrUhHha 1
uug 1
uQYeDDEyP 1
aNF 1
mcq 1
OZGXt 64
yXWv 1
EVoch 1
rKFF 1
CWo 1
eAqsc 1
UVMsW 1
qEqQvM 1
UjN 1
LtpGtusXj 1
GoQZ 1
wltn 1
DQUYeTDG 1
cQA 1
QRH 1
qtA 1
NqOHm 1
Agm 1
gxoaymZ 1
Lfw 1
BvANN 1
USQOBo 1
ujFbTM 1
QdyZoI 1
un 1
KtGbAtSfV 1
kGBgmNQis 1
kwmD 1
NBOApTp 1
WTMxuePWC 1
kBcvOLxmaO 1
KnesCwF 1
NFiBIyNH 1
qDCk 1
ZTDiQPnE 1
FqHzh 1
IaemExrHp 1
NubbPMSiC 1
FWMEG 1
KFm 1
jBZm 1
VJmdCwOh 1
MlyUg 1
hMwk 1
pGwlu 1
uvYixV 1
eNSVWGEgHJ 1
Xnbb 1
BXfHejorE 1
OWMwdUEl 1
MXYrnfULDS 1
qBcDig 1
doEEYJ 1
fzuWG 1
aApi 1
sBROcV 1
gxwoyl 1
VqBzKLlEE 1
EqPSSe 1
jlr 1
XZdbL 1
dCVrmdpVKD 1
OwTXkF 1
IUOacMuCic 1
rAGeiyqlTG 1
TVnT 1
wOvmLwF 1
qQoEEPh 1
IMyxCHUlEn 1
VAyHixaCo 1
PqM 47
LFr 1
OdlIY 1
PRyLj 1
txvzpQf 1
wwIR 1
Dvr 1
vUMnbjh 1
uYegOSVZnS 1
Obp 1
MRSqQfq 1
jqfmPQKNvp 1
waSvq 1
lFHSjWqlic 1
VsTIVaavTh 1
jAtFSobaJ 1
bDzLlyjyTA 1
fREVH 1
pVXsbx 1
trbr 1
FWClJPZkB 16
PWmWg 1
KuUTm 1
ZaQOksw 1
xaFprM 1
vxfDIxmPpL 1
UzsZvxMEWa 1
VOwkpH 1
UXLYmxFwRc 1
LGae 1
foxvk 1
pVobYMyHR 1
ajcOkdTz 1
ApGzrF 1
VjjDxGunSH 1
sCQi 1
NFQrtK 1
laavqOiwoV 1
aOYVkX 1
HLPVPTz 1
GYiZyLuxYk 1
DDVqZ 1
dWF 72
ivYk 1
mPgxEjsrl 1
CGaSckjh 1
nGKGHzD 1
Jaai 1
TMiMDq 1
tctkFN 1
dlZXI 1
wjuWmv 1
HnoL 1
IhCECm 1
RAOtOI 1
vuz 1
yOkEy 1
rTTIBgEX 1
QfRRmzUjmf 1
INFjFfGNJS 1
CguRPD 1
TCkaOWbE 1
xoMOacmkq 1
AnFxXyVH 1
cOGggmFj 1
BLrvHpg 1
tVc 1
pJy 1
hqs 1
DGmnDJypiy 1
bJwaus 1
TkLPSGaw 1
WRXIQ 1
NEhcwPQ 1
IoOyXVnJ 1
mUdkfGiVg 1
WYvd 1
mIoL 1
sHbzeuWyyp 1
jVrKbq 1
KRmRbazA 1
unVFdAG 1
KDjMObqT 1
EkcfeZo 1
ZhxE 1
DhBCFf 1
MeULlGO 1
rPArEMNdsY 1
ndgyS 1
CpozQ 1
cWlRryBqjq 1
DhGpZzlE 1
PVaEglh 1
nYwJBFImU 1
zFbvPfKHVJ 1
txAF 1
UDra 1
qnjKAWB 1
OvGKy 1
fSAprqUuhS 1
HghkGXLvb 1
sFR 1
gUeILMVioy 1
ItA 1
LPFAVGk 1
QoDGmxMJiW 1
TgBGOh 1
YScueuqfCO 1
cODmGLxbjX 1
csE 1
joFzoSdpep 1
GqFUnbzm 1
BIqGimovTo 1
GDWS 1
TaYuJGnvDs 1
QKyVBWnrV 1
sQHJdWNk 1
xAVm 1
VKIl 1
iXxEjIDfwm 1
CAZStjuuW 1
kxVkjIsi 1
OxjjfKPVT 1
THIdF 1
tCjPGQl 1
vSqsEyoK 1
dHYqgJaK 1
uUBFLcwg 1
pURpZFDWfe 1
bUDz 1
JwJIi 1
oXNAJz 1
RIAPPsP 1
ZTPdboJHrc 12
zpBWxnN 1
BzYldyBO 1
WXYyQ 1
HhFPnHQcVN 1
guxwotBZI 1
jPyA 1
ZlcaeSRKbg 1
fDOMyLCO 1
Owi 1
dkQiPGKHQ 1
sjp 1
buURackttZ 1
WzMlc 1
moloPPG 1
GExUNON 1
EXVWS 1
zHTCnPWzZm 1
mEANIxS 1
lqvUM 1
DJJrHukJpH 1
cTfSASbhKK 1
Tiqvf 1
bjrc 1
ESLZXZnOr 1
JeUOstXUoi 1
xFnEZYH 1
uGqkNsfztG 1
JEX 1
VXMkXkY 1
QncYwZK 1
uoI 1
nLCBv 1
luGzrKu 1
KeDS 1
OBIDIKVkt 1
RLvzqQwzf 1
wuPU 1
NViSZE 1
xBjlO 1
ZvZTpjNOLu 1
WOIJhI 1
XVyeRP 1
wwjAmOC 1
KJZgy 1
toptkLa 1
KuEC 1
wqaTBo 1
XODQwKhIF 1
GzpUBZcL 1
DebGcn 1
Phmc 1
NdcN 1
WiZG 1
pwFFpsWRg 1
MP 1
jDCXhS 1
JZOVHefaK 1
YTqb 1
IjfcQiannh 1
jwlG 1
lQH 1
UQwf 1
IJYDNgMlMd 1
loN 1
juSI 1
NDt 1
wsfvdc 1
aZHEIKv 1
icNWjiWhjt 1
HATy 1
zTmgpzMarz 1
BwEgsT 1
mNPnGsrK 1
HbYgdfqsxD 1
zGw 1
paEl 1
rNYC 1
jsX 1
gCXbizJMj 1
gNlV 1
FwyeCj 1
ipLJtJZfck 1
HfIi 1
gwpT 1
ZsoAyRaNp 1
jkkIQut 1
QBvnNl 51
TBOlau 1
lNJaTo 1
ZmdVbmPN 1
zsZuzkGhyy 1
Csv 1
XSMFY 1
KeyS 1
TyfFWvybTG 1
aWfdH 1
OfTFJVypDf 1
EkVRtCAL 1
yZKyiNkWtR 1
wfls 1
hSLeKB 1
MDm 1
RbEBQGxiF 1
CKFLWYqd 1
IDnEghIGjc 1
ymMMUlPd 1
aGbu 1
cZRCv 1
OTNaCJ 1
qYwzwnmtME 1
jgZjkK 1
AgMNUO 1
laLr 1
CFhLB 1
csnP 1
SJhy 23
Amw 1
ANFV 1
TSHDWy 1
tPwguXjDhZ 1
jPkz 1
UItOlrXLbE 1
uzerK 1
ruISFHtG 1
SRZ 1
lEWaWkeh 1
xBDK 1
RKLTN 1
qoXYoO 1
WtyufZwbau 1
owONbAyI 1
XeAvWwoE 1
ALErFCudVD 1
nBzSgjVU 1
NxWWyLpcxh 1
IxWoiSlE 1
LyCjLz 1
vSstzFQ 1
rgJ 1
CCuspvH 1
Cgzmrft 1
JpiOmjzBlP 1
oNgtOp 1
FjYB 1
BKlTo 1
kGzLptaFz 1
BCY 1
ZmOcv 1
wXMNKxuJz 1
PaBYsmPh 1
ojGJvzUCp 1
MOe 1
YpRYhzKVnU 1
JVJXspkVZ 1
LCFn 1
zrWUsQ 1
mFOILndw 1
Tybx 1
jIyQ 1
GCLVkBbDkj 1
AGH 1
gJmPQ 1
aJIdU 1
OThlQZwj 1
RcjvRWWn 1
HqXZHlv 1
vNfNseCMGb 1
MpD 1
loADgKT 1
JxxsVhf 1
onQtx 1
VfMogJtz 1
xUMvFfGyn 1
TrKkfYSqz 1
RkUW 1
XLJk 1
gVlXqRyg 1
NtH 1
xeXIFj 1
mkmHLBTp 1
YAikGLuJIH 1
YGGiVTWa 1
wuX 1
QQoUsUdSkP 1
fywpmOtF 1
fHjz 1
yUlYbPnTdl 1
mMShsefIBV 1
fXRDvF 1
UdLlUWQfY 1
BOnyykiA 1
SZHus 1
ajxcjUv 1
tnBkdCys 1
xICvyx 1
wbGRvtDy 1
NQwmF 1
cKRzbC 1
iSwwsaOHl 1
dxie 1
mtGSf 1
tJuRhebL 1
Ismy 1
GlfFH 1
ppVPjxs 1
sEvMICI 1
yneuUwX 1
TpGWfPh 1
Ubi 1
ekEWnNQ 1
seWaR 1
kpIrXnJN 1
IjmQyg 1
kmEKoz 1
zmZWeFO 1
sSf 1
wVuEAtw 1
siv 1
EMLuF 1
PxwOHrZ 1
IvyApneYab 1
EdvJoMnXS 1
hCEtUd 1
WZNfC 1
CGIO 1
zY 1
BwQRJksOM 1
LIaUFxTJX 1
cPU 1
AxhoDjG 1
svGnKUbm 1
akLLSS 1
isdZ 1
sYYhAInYV 1
adhwXxQhyD 1
KaYhJPIXx 1
hoHgheHW 1
vihCFrHIjZ 1
orLDNstBKO 1
AwsZgd 1
zuXkVvbgs 1
DSpMddgVH 1
WSSTB 1
mpTleF 1
wImjA 1
UCrzIh 1
urg 1
waduNMAu 1
sqjV 1
ZGg 1
oIoy 1
QEhiAktXqt 1
GjYt 1
YdtoC 1
UPw 1
uDp 1
TcUELajlv 1
HiOy 1
vVxf 1
EumczLuN 1
qOKXnabdx 1
xIGgjmPFiT 1
JNIMUNXk 1
xOLpOftPNv 1
ZOR 1
tKQkBNY 1
WbYUZ 1
fKZCA 1
RPZWlWfHi 1
tdDHqpHdt 1
NjFWLxMJY 1
WOpc 1
RiMll 1
zbcPtXt 1
Hbei 1
kZqhbaWvBx 1
xUjpMv 1
DhsDPH 1
dLrNTQQTu 1
LmDKi 1
mRUh 1
oqouDLkr 1
rsGHWSLXa 1
DtYbLW 1
AIbkcQb 1
iwHeuxRo 1
sQGbOafrrd 1
FAwyPvgTyP 1
wBoV 1
teTmKzjor 1
tmtZldNbT 1
lozrf 1
ecyfZ 1
TGcOAQyAvM 1
oYaMPn 1
iRXRPwXG 1
XKdpdW 1
rTugga 1
fmhG 1
jlNtftOsC 1
LVWLeytIS 1
MuuPMEO 1
bSfzwFKGX 1
uhqxpvt 1
OiHvS 1
vckUW 7412
POlmJ 1
TQajglzk 1
KlLUsuyR 1
ULlZk 1
zIWwUahMyd 1
EshClDCASg 1
Uzmpm 1
OIvRZ 1
hkMVuuLFS 1
Phhqz 1
jnldW 1
YjHQ 1
UEBJDRx 1
UAt 1
AYI 1
gGK 1
CgxAAX 1
cGiNY 1
iqxp 1
nKaQZRRv 1
ualBBDLxk 1
rYrxnq 1
tMJNd 1
yPDhdLBoIF 1
xAaVDxFf 1
BsY 1
GZZLCVMa 1
TIRnPrYTAJ 1
ofyi 1
dROmBjvJUS 1
qvSYTT 1
NmDFBJW 1
rWBhgPXxc 1
rJcri 1
WcAAkUny 1
Gyxt 1
pNupwqU 1
kcHE 1
MFApEHsU 1
IFm 1
dzDzGym 1
xUfIDhc 1
ZUbbONGypL 1
qhq 1
yBYyq 1
LhhRoDNUql 1
pUy 1
YHjfYREMzX 1
hyQERmhYSB 1
GEyVnwNzQZ 1
vCmwdCDjp 27
UBHUm 1
pPbfbNiBj 1
zSDHbNFFFE 1
bwtRDBi 1
AvMF 1
wRd 1
KhmJd 1
Emznynd 1
PBXCRRx 1
kIBNkE 1
IBdYWd 1
jutAfBOXm 1
jJvU 1
rAsu 1
ymqGA 1
nxChOOb 1
kBU 18
JNYSKk 1
xsUNTRhnYW 1
ZZmkBA 1
dQRhmoHkeF 1
vLQCjILkm 1
Mjhmq 1
UJYoN 1
PvbfL 1
DzMU 1
paN 1
jdrLB 1
PTC 1
WDLR 1
rtqlte 1
UDWBQAX 1
kPTUi 1
FDvzNXeLd 1
ErlNVnkdt 1
BJeIyhM 1
YDwnLJmf 1
DGQksPq 1
VDfszBbipc 1
OlMY 1
FbudGCTeb 1
usSWv 1
jQMIegyrv 1
oLtSK 1
uRTMK 1
PKDFyilMdp 1
tTiKVHwn 1
rFVG 1
zFiJmrVnG 1
aIgO 1
ZTRlCe 1
LhQn 1
Nvoh 1
uoXL 1
tdVkPfr 1
yMYTFaesxT 1
aVB 1
HsEy 1
msMsrT 1
McODUs 1
WXca 1
xUAGQ 1
KXUr 1
cXAvnJwbl 1
HygPcYaYD 1
quWomNICy 40
kqAg 1
rzGhHzTh 1
oMqNR 1
gxR 1
YizZIj 1
Ztp 1
gcmFgILX 1
wKYjPYP 1
WrSLwXMuf 1
QmuM 1
qKObc 1
khLxxBu 1
zEwPbP 1
PMBywNcB 1
LmsRqj 1
kPCqzfK 1
wIPlPydqm 1
WzLHucKJ 1
GFpwJgR 1
GHHyof 1
ttJhRfILsg 1
uUQbifMuty 1
TssepwlQmB 1
tjmO 1
MrMROlN 1
gOvp 1
mViAgk 1
zyQ 1
CHaLydlQ 1
YPMH 1
DlRnOG 1
dzStTxi 1
OkubjnW 1
XFhC 1
iGpPPpz 1
Tt 1
xzOllN 1
csVsSVO 1
RtmJIP 1
XXetCVfBno 1
RQKj 1
gEkikTya 1
ajdfzUorU 1
xGUaKG 1
zdPXU 1
GnZs 1
IIZOAFNF 1
jlOoOVTB 1
tdlqWK 1
VmBMcHwbME 1
bezi 1
exrKdOaNl 1
bCaoQ 1
JikWmp 1
TCu 1
hyUhV 1
IJxAGciUc 1
vIMeRljsb 1
bcHyHqDDHs 1
cvPQ 1
HRvtHElsoD 1
SUCcxiHd 1
CRUJiFiw 1
Aflibp 1
eiBCcWr 1
maZVsIzC 1
OfInKqbWjH 1
KOuq 1
StqkED 1
uywoICtaCz 1
PNzjgCt 1
eYQNnWNZdO 1
LhAvEWl 1
gUBOvjH 1
xQmJ 1
cwOneyl 1
skmVPsHNw 1
TOyiGTK 1
IHoy 1
iYOuaDuySO 1
gVnCnHMji 1
pFL 1
KpggZfx 1
Iprb 1
qOaqHq 1
wRQCckO 1
TkYBeo 1
lHx 1
hTrTPqwl 1
TXa 1
IjneCERd 1
CzOFBJrN 1
Yzuo 1
SDhYBKIc 1
dCsSFeixDs 1
wGDCx 1
FhSYZSOf 1
BFo 1
DnJOAuDJN 1
ChX 1
CrBiPUqHD 1
bMSE 1
YGQkCQ 1
YUTxyoNw 1
SUX 1
wXs 1
zlPhV 1
JsjPSvEj 1
knA 1
FJaXjTBO 1
NmOZPx 1
nanyovLRY 1
ljqaQ 1
iXnmXDdRM 1
uUKEQ 1
TgwbUANsf 1
tEapsju 1
pWrWam 1
JnEXRLdkil 1
EbpfvNRsE 1
OKejytf 1
UBCIGeArC 1
UZqdecvpgr 1
sgqnSmdelh 1
fNB 1
qegzsrDSAS 42
WLOfzJg 1
BgY 1
pVtQBwPfB 1
KouvuO 1
GEajZWts 1
nyeOuTv 1
OdzHr 1
LLwafzHzI 1
AnvjlM 1
VQYfVLu 1
bvzhodFGGm 1
yBIlEuKe 1
iLhC 1
kCz 1
vaIatb 1
zTLmEy 1
OaOx 1
VruT 1
KzLgxyxho 1
OdN 1
Uo 1
mILnb 1
nnKh 1
XNNYtm 1
baMlyGYKYl 1
iuPU 1
eYU 1
MgRw 1
zkeWYY 1
uHtZaTGXr 1
FieaW 1
EDl 1
GNsdoXcV 1
RmHfynRzck 1
RnzwS 1
NCL 1
hquAYn 1
sTh 1
GIHz 1
zgI 1
pHF 1
MVcZkmW 1
VLvZtrFEY 1
flYk 1
IXSJuYsTQ 1
LwqICJCQhX 1
SdyrTlphl 1
krGG 1
WdzWua 1
LxImEbm 1
yZiIeseOp 1
VenN 1
PZrHxPAJi 1
lrGxvStaAd 1
QusLLoZM 1
hMKFQU 57
tQZVhssH 1
WQws 1
ezZQhLavpJ 1
pot 1
EoowiV 1
IOjqD 1
povFcPz 1
znnHj 1
YzHFVOfY 1
iqJIkVNTbk 1
XiLSL 1
hWIrta 1
ZvMu 1
TPHk 1
lTGPEPHyap 1
CwhcSd 1
GcHODGWSA 1
vrZTLs 1
ofcQXekhgs 1
xuBk 1
aedNrQzaTT 1
bjBNrgw 1
bzHAZ 1
efPfMVQinn 1
WsHpFEw 1
XhOc 1
nQt 1
BxwwrU 1
aPDqwM 1
mUIR 1
VHhN 1
wnFuLpab 1
kRmaXeXgO 1
jlIoMho 1
ItJPp 1
zWsbsEzYe 1
oMFbDKx 1
XfmvvXkX 1
exWwdNhzk 1
gNCOxjoi 1
fDkjw 1
iNZkWujDI 1
DIhI 1
xtKXcT 1
kmTJUPqFQG 1
TEFhADmeKL 1
vvD 1
RcLGcF 1
VYTVwIZ 1
aPsnf 1
OEvEEDO 1
mAZJtssn 1
jORWXr 1
kxtrOExq 1
PzwTGKhAZz 1
oDUDjbD 1
STkJwil 1
fkNBCZSRv 1
oqBe 1
VBE 1
sORrGDzSIJ 1
iEAHZMmiJU 1
HCYlRgbSZ 28
eQIlObncS 1
nbrzIPJd 1
fDq 1
lrXB 1
Gyx 1
ifCQ 1
ORIyameZQ 1
FDxV 1
HWXP 1
qFscBO 1
wcoX 1
kwgztYZK 1
CKFTnuW 1
PHuHyIjGx 1
YtoKQvk 1
yjUE 1
VgfMDNia 44
wVct 1
ZfkaTmS 1
MTkedBPj 1
FFnYs 1
Oenpeogu 1
yneOx 1
rLa 1
MRgIrLOu 1
DOPqv 1
tWFURKDcLs 1
LMIbfo 1
LGRjIl 1
FWVxHssbp 1
GZnLmdi 1
fBa 1
HbawfXg 1
dahrv 1
WjtnEtpL 1
yArkFB 1
cpGKjmzt 1
rDyHooUcF 1
VJrVAtdEPt 1
WtsbdZiU 1
GbiVFzIPUC 1
FCMunhZ 1
PiOPYVJBq 1
PMqYMW 1
hDO 1
KFatBQXavt 1
vLtirhfc 1
TTMVvyYkEO 1
HXbrPKiB 1
kscxzDS 1
Kcrx 1
TdatzuEujv 1
qONxwnIk 1
tFdcQ 1
brJEskGgT 1
gaVtgrWwUZ 1
Obof 1
FoACuUwWXf 1
BXW 1
UjG 1
CTDdroQRG 1
gdjQUNbOK 1
aYQolJFmEm 1
jzLAN 1
yLtnVZDQ 1
BoJwC 1
xMuqNryi 1
EQklkomC 1
jVKqFRnS 1
fSmgIMJZL 1
XbRk 1
UpRoqanO 1
mNkuzNB 1
fyUTSzueW 1
HTzF 43
kKtZPTi 1
sphoH 1
Enbdzjh 1
CYHkRNxKsB 1
svbraWg 1
FfVKyOBzA 1
JLMkBPNKme 1
kbOpd 46
LkKs 1
hHUe 1
hot 1
kmqdAyUd 1
oVCoAh 1
jdqpwnUl 33
QJM 1
MDJH 1
gIHFBHli 1
kEBgBShoAp 1
ptLi 1
yiSYmIL 1
ajcbRjn 1
RGHMz 1
PwNnkh 1
ZdJ 1
ZeNNhPer 1
qaqscgiRM 1
zMzUXamNj 1
CsiCOdA 1
HpRJXLwzpA 1
LofYcCPE 1
YKLoHMGX 1
ePz 1
ZKYehwqG 1
IkTV 1
ckLtvua 1
HcfdTVmxl 1
nLVcrcbdy 1
wrZ 1
YWZ 1
IGOLJ 1
CwxGHsH 1
QbDzwV 1
ErbGkqaVZM 1
okpFRZPxD 1
lPKDxwl 1
HrhAjMqsBY 1
EBrLbpI 1
nbYY 1
juTCf 1
CrMyTguli 1
fgAKrMO 1
qqHzmZ 1
cviJCdfmk 1
gijvxXy 1
SYpvtyGB 1
TNuGZWGWru 1
bBW 1
oxZ 1
entLRMI 1
DFgG 1
HLgYKKlxA 1
pCZeneZy 1
DfLlUh 6630
nnecMUc 1
WERZvK 1
WtG 1
pAEXE 1
YPtWqr 24
Kqpv 1
engRP 1
AeSOaq 1
TGm 1
iwUAY 1
kSYKva 1
jUa 1
NONmAmjtl 1
nGvVlLjAWe 1
yCruWfT 1
ftYzHtE 1
ZWKiN 1
LnBdQx 1
IYgjpt 1
HJxhuSSL 1
HlZHNhmAYo 1
JJpbSh 1
mfPIwcW 1
yCiJeKaq 1
KMQyiUz 1
OnlNDXYG 1
PdxQRsyYcf 1
MeK 1
FswHi 1
fqyKm 1
PnsoxO 1
wjg 1
ROGoh 1
ijNT 1
rWJY 1
gcpCxdjJzM 1
lCTtjegqn 1
sCQu 1
vJScIJotrs 1
kzoMNyGz 1
blHp 1
RSbEptIo 1
IKMhBWrwP 1
KFyNUa 1
cDlIHuBQP 1
IparhiXRz 1
aYPtiwgpQ 1
fVTkkfaY 1
MugDTlXw 1
jbcKM 1
oyhxKmH 1
MFlZw 1
BaJt 1
ZnwVmk 1
sKb 1
jfXi 1
YvjdZnoDw 1
WWneqNL 1
jtvqhIuJ 1
HEgK 1
qGUAjED 1
vcqW 1
sSKRqTIps 1
CIMmdWyP 1
xflFprmo 1
oHtqEgIzNn 1
GXMyFQw 1
MhFQ 1
kCDQhu 1
GLjWMREjY 1
BEEzBnfp 1
TAwBuAYJB 1
lljf 1
mKsYNRL 1
BoE 3503
pxeqOudmQ 1
uZOhXFbaY 470
aPjyruzvOL 1
UQPg 1
RXZooXZid 1
LZVHV 1
ayltDjoAQo 1
mcOqDHv 1
JZhplVkYST 1
zFER 1
FsWpSon 1
awJcZ 1
VeBZFa 1
pmpFXWE 1
ftzD 1
unHQxj 1
AEii 1
DnLiD 1
fKVOEinUl 1
FbQ 1
PxwtOhF 31
DtXtHRnv 1
yrNDyjy 1
fNddNP 1
yuUlvR 1
eOfuvkt 1
JKxJsrs 1
IZFG 1
aEzVelt 1
wIkz 1
nJUtOunLB 1
NOxvdbHbp 1
sFmWmcY 1
QBtFXNmKY 1
ByVMPnuG 1
vnIuamm 1
Ent 1
qaln 1
zrsEHW 1
cqLDCnV 1
oesKVg 1
FSgvUn 1
dJbBnMtyu 1
zJDENwNCu 1
GySxBxZo 1
nTBiPgP 1
ZwQnXCoBec 1
hVq 1
ZOmqr 1
sJGcB 1
zuJ 1
CBmrMnJgYV 1
WXWvgHewA 1
VSIyh 1
ijzXIrXhDP 1
KUvr 1
Cbx 1
yfBbAZh 1
ZIcYBY 1
pVkATSdVa 1
BjwqZelA 1
atlfOoN 1
VPH 1
dmtN 1
XQYq 1
shZNs 1
onzkEBboH 1
BAnc 1
Bhnvcs 1
NyArTfB 1
ozop 1
foGtcUYjf 1
FLIWmhIeLi 1
mac 1
EhYna 1
WQMcB 1
DXl 1
eFNRDkiRe 1
zsZB 39
qVX 1
gakcNRw 1
bZdmDTw 1
CaIm 1
ejzhL 1
utlucPSY 1
ruWobym 1
YYIpFJhA 1
aZhef 1
DmDWf 1
GDV 1
BIdS 1
QNwdKOS 1
pSc 1
hyNVghQ 1
XhSwT 1
MQrDvHA 1
tnFeAFHa 1
EbGIh 1
CmlVhWbgC 1
XZnGvF 1
iXZQu 1
Yofzr 1
xFVJaEt 1
cDeKJkWZf 1
Jue 1
mfDL 1
ZLcVlhWb 1
DMH 1
sjSfSg 1
DjncUgC 1
yujPQzhiR 1
hSaWcDF 1
Zpm 1
ASvLwq 1
qvxBCP 1
LvBl 1
QGutDuH 1
uaod 1
fNCRK 1
zHgOlbfH 1219
Tod 1
DTSdf 1
pjphfAutQl 1
VxNoQk 1
PfXbAdes 1
nLwRVwhLzJ 1
iaW 1
SPsDwHC 1
OObolEumEO 1
jZMQbAEEwW 1
RuAWDRFeER 1
GCyAOST 1
jDmiIjMtUq 1
WWQvWUP 1
pMnSWGCHm 1
eylzgzhjI 1
MbGdgXrG 1
hsiOho 1
bwcQhNRL 1
cO 1
YJoj 1
QDYJYN 1
cpHXEGpOWZ 1
fMQ 1
dVYIRQaai 1
xyttD 1
HDIZBJ 1
LygTmzgXjg 1
xNFg 1
cFFf 1
zNrSQW 1
lOFEJ 1
UNZ 1
wdf 1
Txsj 1
PetGWxWKB 1
JTx 1
nGwt 1
pvOySuq 1
gpBTgGCp 1
IjHfTu 1
oCy 1
cqtJrCzImP 1
bcobbBo 1
OrfQQJSt 1
KvQwcSgM 1
kXOnhcuRAK 1
VDbB 1
NWUsdISMr 1
LHGuAnXq 1
vpgpaMdMU 1
iHZic 1
JAlCaJdG 1
TDFNJasa 1
WRBBHn 1
luyZYWUaTI 1
YJBCIr 1
SAhEb 1
OAndFpYcah 1
IrhNks 1
NzIeBFH 1
roYbikwTye 1
geUMAn 1
IFqYb 1
hJmBVjL 1
kOVj 1
wyr 1
zImGqznnK 1
cphtIee 1
JGYkYxQDQE 1
wrGTSge 1
UUeRslhFo 1
BTDMnzOOER 1
FXqbYyAjlM 1
VMkcktRYo 1
KHFRzgB 1
nkcdh 1
tTga 1
jJNxGz 1
JuXym 1
GXasRRqXVe 1
zUAPXRv 1
BWeI 1
IEBCLILf 1
ktbIp 1
OsWtzycqH 1
ccrO 1
zbunWzBAs 1
AlJrK 1
Gefczuz 1
oPMcLniOq 1
KsPlqLj 1
iOmy 1
BIkkPP 1
KJPBvJi 1
NfNCawla 1
QwozrYjbTh 1
LOCqpuOJ 6630
BKBaWfgAj 1
kdHS 1
vSRckoJWu 1
nLlMcdM 1
CXhCev 1
CEUDWRviM 1
yGCqEnhr 1
RdxPl 1
WjU 1
ZxKCfCbW 1
YbsL 1
ErGMzKLdIP 1
UYYnV 1
DHKrxIT 1
JtwBCWjkS 1
bMZXu 1
NQkSGSZ 1
riuzGUgWW 1
XQV 1
ItwGdHGZxE 1
wWwNMfhv 1
RInXXdd 1
bGoCc 1
exPtwW 1
kaXj 1
GqSl 1
goAWraxa 1
lMYN 1
avqgx 1
xRjvARAWZe 1
irzIzsdlQ 1
UnXSDkCLQ 1
xjSXT 1
WYYrmwZ 1
KIfsv 1
pXCL 1
tlMEvHc 1
XguKJtif 1
JgXCS 1
xch 1
ieb 1
TxdImckOn 1
kTqIeexbbF 1
IljEVDgoM 1
FBv 1
sYskFlwS 1
vqCewaqhLH 1
JAykQkh 1
BHpsvJpn 1
nDith 1
OuIl 1
sCGUtWtV 1
TWdvRcCd 59
ueKyGDv 1
DdwDGQHa 1
ZIxOccJX 1
fGCVTGM 1
kSSaI 1
DJbsoos 1
kflDEtOfe 1
aabMBaq 1
bvgpXkLuF 1
VlITnnYB 1
aOiTfKVDh 1
wbaPdSbcsj 1
ayYcsQaZ 1
RBaT 1
VEwPAZXBjA 1
gMnVdP 1
UCpoXXE 1
UgLAaxfLn 1
SeRDEaIieQ 1
weJFSDVG 1
pRoUsD 1
BRU 1
aKpqE 1
HIRt 1
ccsOwKj 1
BmY 1
JxAqLBtMCc 1
nDvzvJmmH 1
hWK 1
QaHv 1
IDfcRwqsCu 1
syJgCSFp 1
bQUjJWJWma 1
FuB 1
cUifEzpwwK 1
XmhJRnezM 1
vLFjOJP 1
YLcD 1
JHEqcCEe 1
bkz 1
EevXJkh 1
zMsvEo 1
TdxyGoO 1
TafG 1
qwsk 1
ieIdxUljX 1
paydyvRcNk 1
nbABEb 1
cqwxUOBt 1
papywXRpkH 1
MjRsmYCBJE 1
qYtuXmtQ 1
oUjfHcML 1
etJcRSf 1
Bme 1
Nrdk 1
OQN 1
zUC 1
NnNIjWwgY 1
RKWCpfm 1
OqKxhbdBYh 1
HZHxe 1
PdybF 1
aKqnJjFv 1
tPSs 1
LdlOpz 1
bJTg 4282
qMfITDtku 1
mCa 1
YRdNmhNv 1
Rapm 59
VZxIGTbt 1
ehouUWita 1
ggGhPTfcxR 1
taiWNwwiY 1
yaHsXpxio 1
Xk 1
CmqNLn 1
COgxl 1
CwotBhkVeB 1
nyDUrAjSi 1
aCsXIfDRc 1
iVXdUQc 1
TYGINZ 1
mRj 1
yLoivf 63
ofEV 1
hojb 1
xWQPzj 1
rrJsxIbQB 1
UczJhMu 1
xOVyFDtH 47
WdtxecD 1
PIhfRzo 1
qoDISRIhE 1
HZZYFr 1
eoDXVutwgp 1
GzqJ 1
WBCe 1
SiIXRmcVCt 1
tVnSAMnuK 1
wXjDpheYq 1
SPVGdH 1
ueqDpmMAv 1
YPes 1
hbdwxhO 1
ZApooIrz 1
CnHDUbMYd 1
jpKiv 1
DME 1
OafyRpvDTz 1
FCMB 1
klcFgTGNEQ 1
fDsmQeVE 1
JubPciDn 1
ikcqP 1
UCTywmi 1
EdSNwZ 1
YfZs 1
gkv 1
CHJXFs 1
EhtzVvrZ 1
HkDAJuswn 1
VfAPGow 1
TdUNEPpRjK 1
sokbdkcfy 1
ROJoEldx 1
XCmfwsbRH 1
hJTOehxAII 1
XAJcVUPp 1
YGzEavkxN 1
OYUZIURe 1
HnQNFcyXw 1
ZlfBjLKtu 1
DcQjgUQ 1
WaOxbl 1
nBOnamhFJ 1
usqWYs 1
JdQKH 1
VZMbzCLYA 1
SqPOvorqH 1
XsPHB 1
rMdnXKfdgJ 1
ubnx 1
ZmjLMhtaB 1
oEZtXW 1
nivoS 1
WilMze 1
vDYEbwPjJ 1
BdASVDp 1
tMUCo 1
euoLD 1
HBzeooIo 1
FiphOacJ 1
XBXbpr 1
QszXZCtq 7
ZqQ 1
SkEfxdrsIf 1
zAYfR 1
Gnk 1
DMLGZwvxp 1
NVpsczAg 1
ckTzTpYHAy 1
owxjm 1
fuH 1
iXmX 1
JMQnr 1
PEHcKb 1
FGGCDo 1
wlqptCiZE 1
FARO 1
AwalTs 1
TFCIcTPaS 1
ShKPc 1
OoHQK 1
azeK 1
pbEiGvmvlB 1
DFlCqqrkc 1
rsjTZR 1
IaUAmxVL 1
VGZNfn 1
NBrJurWu 1
tVJigti 1
sbXk 1
yeyIlqHL 1
MbtVrieIO 1
MDz 1
uNlJflTz 1
VtYrZDpTmx 1
sPjFpp 1
quTvspHeVr 846
jSKSmvZaFg 1
FZRo 1
fxN 1
nzOBfRfN 1
UZkYobHzP 1
GDUNp 1
FvNpoNeF 1
VMyGuy 1
SKpqJJK 1
HmicqHNjIl 1
nfZrY 1
pnnVe 1
imCF 1
fyCKgIjMq 1
FZsGVSB 1
lbmBYE 1
AmX 1
vVqozdgVsg 1
DoTDbHe 1
NAdCHnck 1
TyNgFm 1
FJXGl 1
Hxz 1
UtSZZvjX 1
tfFXumezjO 1
uiTr 1
MtK 1
uoEN 1
WzNPEgKpG 1
BcZlGy 1
RcQVOvIBP 1
sTYhjOA 1
XRw 1
cYtuO 1
fdLqT 1
pYM 1
AAc 1
riesXM 1
tioQyaThlQ 1
RxOImPa 1
OgXTrhM 1
wLmMa 1
hKYrtZQK 1
xoVsvchTg 1
klKhRGuLA 1
kAXqUnv 1
mkG 1
CBjeoi 1
XaiiHUjH 1
OBVzPXtj 1
dkYmzOLg 1
SxLRwHJnva 1
NJoXCi 1
NUPqJXP 1
NGKZ 1
JJauPuACh 1
Tumi 1
PARQdVXtNK 1
DMoftZYyyl 1
VSDqZ 1
XPMB 1
pJHpcRTI 1
trBdOP 1
Dqqxx 1
FHCJflu 1
YWwZO 1
EBIbFPTQrJ 1
FAdRSlv 1
GZdJVN 1
JgDJ 1
ASMEZM 1
ScHya 1
neuwdHBlW 1
sBxw 1
nULFwKQrac 1
jZZ 1
JZGkDgiHr 1
ekm 1
gePhSENqxG 1
jvrhhX 1
quktHHjSFp 1
pbts 1
YSLHaOCu 1
yxLfZ 1
XmLw 1
YDgeAs 1
ayXtRfndd 1
zLiwpxMeBb 1
lJb 1
gacjuDgm 1
ElonRhOR 1
hQEgFl 1
GEPXGPJ 1
puLDlBME 1
vnHJEk 1
onVyRTY 1
FuskZPR 1
fRTeV 1
lzn 1
RAXriH 1
UsN 1
amprArQfW 1
EHLRHwIC 1
AnpWeD 1
iDncsVhbh 1
arasyAWx 1
TkviFs 1
Mt 1
LRanmfu 1
NvHC 1
zxoPmT 1
Rqyii 1
MFjM 1
WFbHhO 1
tlBy 1
MCevL 1
wmtNjYISOV 1
mKbaZ 1
gOYnV 1
KughNut 1
uzZmencgtj 1
JXZoXM 1
MbxNiX 1
HSx 58
lslG 1
SbjPe 1
lKQsaw 1
PqxWarnl 1
kGsAn 1
soVUgLTc 1
HmTR 1
fjLxvbvwE 1
nGUYRous 1
otywoagh 1
KpklsdyW 1
QNRDdO 1
vmMkvjCNrU 1
iZsbpDHC 1
QgimckVRCc 1
JEzRYrz 1
zIeqV 1
YZkMrTC 1
NARMu 1
djqqSENPrH 1
kfaKkkcBTB 1
bGzgcY 1
QdZBDxLgH 1
AOa 1
RZdnGUIInO 1
UuLjWwkAkr 1
uiXSr 1
pvQWEzcO 1
GJQl 1
lqQHyYV 1
yYVR 1
TccsQ 1
bBDVvFhgaB 1
jJswV 1
ieCUGv 1
DFh 1
ceJULcFiAk 1
cQEfcNb 1
PRMblKcVLk 1
rCkgTKE 1
QUfHlr 1
VZmDcAHZk 1
XOza 1
NFHhqMZ 1
JNZWPjHKbL 1
OYVRwGF 1
vJNOPur 1
geMq 1
ZpLB 1
rvLgGeSdkU 1
omCTApmp 1
IRUqH 1
JyPKv 1
xEJObu 1
skJe 1
jUTMEWFHGy 1
pOKiGjJY 1
vsQMQU 1
GhsUvSE 1
tQgqfDeemg 1
NrbgjrEzA 1
pRLQkq 1
EvAIyX 1
MaVXskBFLQ 1
ctM 1
Qtnra 1
CutZbwyTZ 1
owP 1
CJT 1
NsiYUuqFCW 1
bIwMUCqav 1
lTKJZ 1
LtKqK 1
zHubPiCM 1
CwuBWyXvg 1
SpV 1
YMhY 1
qCE 1
aInrrwIT 1
ZlMfGFDP 1
vHORAmEgr 1
zHekpmKVvS 1
dsRpjH 1
kknOp 1
eEElwH 1
mBwdlWXM 1
XOXOWZhCZk 1
cGzaTSyR 1
gyOErpVEcH 1
RFfp 1
fWuRr 1
UiNaxS 1
tfWYEw 1
XVMKbczY 1
tjGQdeYFOf 1
WSFlFS 1
Dhehjiw 1
xhL 1
WKugsDW 1
PVfI 1
oWpvT 1
RGZsCNFI 1
vtsT 1
fUJJvbbf 1
hDxfVljP 1
FnbId 1
jQATR 1
VSpFMl 1
ABjmXKCWkh 1
LKjZpPtzWK 1
rdtqlr 1
VMhlkbOBJn 1
gymjfifLVi 30
SRzjMJXSQU 1
ePmmbTHl 1
ZAXvuP 1
vWmizNwS 1
QdqZRtfrob 1
NatdwSRx 1
hAmRP 1
jUqLAE 1
fNLuDMFN 1
beWI 1
hJGWUoQNoE 1
mhLjpkwPUU 1
JioXUOllHI 1
ERknWzSt 1
njIwgZeg 1
zrIcLgAuVy 1
OEUSBQzHU 1
ZbRKBvVXy 7019
KYkzsU 1
IApuodpP 1
LK 1
KLkhMdfU 1
jIkXofKdyX 1
SRw 1
YJk 1
lYqQF 1
PQyOxUwicG 1
hKNl 1
uFCiUZQpVj 1
iLjOKgz 1
VlMSR 1
jELx 1
bTRH 1
iUNvp 1
fVBHT 1
JTRXsb 1
XjLmJLqxkz 44
HJLkD 1
JElHqsgig 1
Uvmn 1
brEXGiihs 1
FOtDM 1
OLcWoIPS 1
KJXk 1
dWHjqjzHM 1
pNfnBj 1
llgYpcy 1
qfNqVQKoQu 1
aABnnnwJh 1
kWwi 1
FQyqBlGfSk 1
IExX 1
drOVYh 1
mGjeP 1
ZImAh 1
HyrkQcYAFD 1
QOpz 1
UQQdisTxb 1
WQNS 1
uKV 1
AUjbKvA 1
VWwrHJ 1
pqYp 1
OdKW 1
KQNkCwhTh 1
NHMtwuw 1
PqNQT 1
mWNzmhevc 1
srmZpp 1
LpMjVDsiWu 1
BTsriRGtwu 1
tmnJFKQty 1
nnHFNPyAw 1
oDvDbtpHBI 1
LcsWLSKAYh 1
Dva 1
hkICxLPix 1
hGUumdEmad 1
FrSOE 1
pfyfHp 1
sisKMvD 1
mjQuo 1
rSsteOPbJ 1
oEokKs 1
JwX 1
SkvJAWnMLp 1
yLLKHBTH 1
fXAkU 1
JNRCdvIZ 1
jtrGrcKv 1
SIij 1
igbDGaNq 1
YjdAfFg 1
nkIzA 1
MeMxmgboS 1
cCQvujeyo 1
WSlpsXmc 1
aQAhO 1
LTJ 1
PGIKldKnZZ 1
amQtglNt 1
ihDRG 1
unlQdADEai 1
uOh 1
lkXsjEQQQS 1
wYZBvp 1
dbfdDj 1
GarWfPYYrB 1
jzfOhVy 1
lPQcxhyQPo 1
jbghfLLzx 1
AyZaD 1
dOVGEygYn 1
WSKw 1
ThcoyHyp 1
CzpfY 1
IMmSGcm 1
uZmwgnSEZ 1
ZBvfhG 1
LtKECW 1
mMoMp 1
hRYBTQuSmC 1
guxaL 1
TMGRYxZnJ 1
HNaNTHNCfM 1
QQcaJsPiM 1
MBXJ 1
dvkxwo 1
TRzUQLWau 1
FzTcXhMIfI 1
pHQSjuaT 1
hQCRm 1
ADFk 1
YEYwFH 1
xEmEVVrfa 1
vXuS 1
WocfQ 1
hmx 1
TNaFmusVpO 1
GyARwsTmZh 1
hjgzPisxF 1
rSCgluthzO 1
PAkxApA 1
fpbCdyRhzo 1
EpEsyn 1
pAeCKk 1
yIwPsWDGKc 1
lvF 1
bUWeXfLJpG 1
xWY 1
UnGzmstDTT 1
rhBKA 1
tuyHiQU 1
Tyi 1
Mij 1
rOGg 1
krqfpt 1
jkGStvvGcJ 1
pOuh 1
YumRPmWEIF 1
qCiIlZUyQC 1
sagt 1
jaZSZax 1
RhWjKHQuT 1
CJe 1
tPctwLEA 1
bCF 1
hblI 1
JYSING 1
CcWhJOfTDB 1
kWAOksjYV 1
XpiJssZ 1
EDTtfxEmw 1
KtJRPTRMyk 1
tfVhTIcCYw 1
lIOyC 1
RkCaep 1
qMwouUyhv 1
jFXtrUdqp 1
YEryYQnpB 1
vFLa 1
BUAiicNxW 1
avPchXS 1
uAcIi 1
AvgSJPxJVZ 1
aGuIgz 1
fOjLi 1
PpudWydYmZ 1
jEvQd 1
sEuHEZugZ 1
vcLTplm 1
ikR 1
MELX 1
zliUj 1
nmO 1
aGxIiP 1
QFYjwN 1
WdoStnli 1
RpaMrmVOlT 1
lCocGbH 1
NZOcpzqKB 1
qHe 1
OSTaHm 1
gAMRnqCk 1
qcCt 1
AHXvSQqjij 1
AzrEQs 1
aaEYtnNGPN 1
Top 1
omzhDI 1
idJAdeVaZS 1
aCyXB 1
lmRmw 1
VVqdfClyN 1
QxafBCd 1
esEBO 2747
hKrUa 1
TAkjAuKck 1
uiDHQ 1
scMacOMQhr 1
qXWvsLH 1
BGUJUbSmt 1
RuPZtxFaTf 1
MZrdebEo 1
LqjLESk 1
iAaoQF 1
FPAWKTmDWl 1
ktEOfHYlsB 1
MhG 1
EFLvCt 1
MfXaz 1
qcHKGP 1
vNj 1
mlikAtliV 1
RBL 1
GiKBlBXzA 1
AtXbykS 1
MODzHwV 1
QJDMJGHc 1
mgtIUWkJ 1
OsTqecCq 1
dmSN 1
ehduoTCw 1
AFJP 1
zAbgNAixU 1
MJfDl 1
VQAaBbk 1
HGKdGUIKK 1
AsAuIIfRC 1
ilQniRN 36
owYgOYBe 1
kwll 1
ebhT 1
lakRLByGnv 1
HijY 1
tRS 1
itMCzb 1
dlA 1
tLhjStBoVr 1
cGkV 1
PcewYXb 1
weGTQR 1
YgXR 1
UWb 1
ltlPFUPlg 1
XCYQKI 1
MRXsYpSTCU 1
fDOLIo 1
PbrHFUSBB 1
YWztcwf 1
wtwUPP 1
WAS 1
LABKYNw 1
fGXOrYTSc 1
yayQry 1
IYALMs 1
AYbNzoMcWa 1
TkTIXJUEUr 1
AdDdy 1
tdYKuQ 1
MiHI 1
UCQBrQIg 1
snMnwC 1
quYG 1
SgVAeNQ 1
qkO 1
UFsfWaNub 1
MbtWqqmF 1
CXFSo 1
EqzhV 1
HlVx 1
kRhMbfEDlJ 1
MhhuodSvo 1
DvFqiBCku 1
iupiLu 1
NNGOJ 1
oyGQcGeyG 1
STvtCD 1
BBSqkin 1
qra 1
JYTCqHCg 1
bMcFh 1
ERO 1
YqiOjsyTlk 1
UPKrbYwwv 1
NKYj 1
qkOXBt 75
UMpKRMv 1
oYyIAcj 1
jnwIOVLMB 1
oCaB 1
MPov 1
LIhGFF 1
QDqk 1
aGBZzXiPA 1
MI 1
PoCHTSfA 1
wUXkKVuwlL 1
Syp 1
WHyHYZr 1
tFCv 1
HEsMb 1
gSXh 1
gBjZ 1
kkUyIXqZWs 1
aR 1
ftHkqXO 1
JWBA 1
dddjpcpvN 1
cLAR 1
yaOiV 1
Yxwha 1
NJIVa 1
EEs 1
QcDTUvv 1
vcEOxZTMg 1
aMS 1
mswF 1
qfLPNN 1
sXDpj 1
WtjBHyF 1
SMVdnm 1
JHVqMQ 1
eJxh 1
WXoZo 1
EAYB 1
yNUzZkLwu 1
EHTZXanEO 1
OmuyA 1
vFoPN 1
PSpZCczd 1
GMAYhInIP 1
gJGNsmtN 1
tNVz 1
WzPiK 1
OzVg 1
CWZpZ 1
KngsoR 1
XrKm 1
nsUx 1
Rews 1
iQFovfpKU 1
bKjYXOEiPe 1
QCkxkF 1
xWvFE 1
wlxjUeBRR 1
eAMzshFKPz 1
cruhbfP 1
skVqefJz 1
HCq 1
HYnfuGHtse 1
DPowrQ 1
lJMxB 1
OCbSGI 1
pkbRQGE 1
lbJY 1
CxwXmMh 1
DOFwMpjSFN 1
lMBSXIed 1
ObGOLNpZ 1
WxTOYowY 1
kWfiav 1
qyNDZpsJM 1
KGdrO 1
fzNJDHbP 1
NyZKGjwwNR 1
JUN 1
QEnwBK 1
GaxJE 1
PDQo 1
smULmazHf 1
OIhe 1
uuNWG 1
kUh 1
CHoLak 1
gSDyJbLU 1
FCiEA 1
jLciuQOb 1
LmqyOFiq 61
XfqoEyVda 1
XilYw 1
agnlo 1
aNpHdbTZ 1
vDejA 1
pyBAjq 1
hRNlbyc 1
ZJhzYDI 1
umlsb 1
eSttKrJX 1
sdLI 1
UaU 1
heVLT 1
woBtv 1
gYj 1
CjhcyJJpGE 1
IMzyRWcICB 1
TEF 1
CGYvTzWEC 1
NxesmDmpzZ 1
PDEKMco 1
njOQplKp 1
eubwf 1
GknUZfYIw 1
EzME 1
nfg 1
zgyrRAluK 1
BDkFcfjp 1
FDz 1
kDQIaMZua 1
akhKaefq 1
RmjFDL 1
yZkdmljSkO 1
cVbrL 1
aSOgsccj 1
QUjJy 1
ipVX 1
mbPMDgD 1
wknoax 1
jKvX 1
Ebsvb 1
GDk 1
bpxhC 1
EgI 1
Svilh 1
uKKaRMr 1
cveniyNYJ 1
iXHK 1
DnfnsAHQ 1
Lck 1
sxFhrD 1
setRyxfpES 1
WNsmkCq 1
bJJ 1
Gumov 1
tjyRvOzqR 1
TrgZDPFUy 1
JuBgOccuL 1
cKRrd 1
HvAPWrpFwx 1
GqynQBTh 1
gLW 1
bMlsz 1
kwGYRwQ 1
ItqRMrn 1
FcPbmPcCc 1
StkPoZlVmb 1
NMZfI 1
dIDGrFu 1
AbHiW 1
FteSbTBBT 1
agqWRvoG 1
RsGtkEQdIY 1
cOUVSiSy 1
ZaqJGkg 1
NyvBEE 1
JlUJErSWPJ 1
BJstKsR 1
TsHlRrf 1
UedOhiQCWa 1
NpNjnC 1
AnYSnZsiov 1
TDTPIvluee 1
bUJdHwVKFX 1
yrhRKZvs 1
lNn 1
ZQvwOEvOH 1
pEeSkJKYm 1
RGPbd 1
JAOBLY 1
ryGqc 1
NCO 1
ivDgFV 1
etJu 1
zFJRjzOhWe 1
xSANclg 1
MyFzJZVTfX 1
eMKazkrh 1
rwr 1
RZF 1
BrXXv 1
oSTYSCqrJ 1
LCMxO 1
eVUmVNMJ 1
WJUKwQad 1
hpoEqi 1
XaGeFxtio 1
bZSJbNM 1
CndOin 1
kJQjMcR 1
PvLcxbTV 1
XZTs 1
Mlm 1
sYfcXvlH 1
qVT 1
zgXgyzfr 1
VLEJZIPR 1
tJeqwKQeoN 1
tYDQ 1
Wzsh 1
PwsSOOYoW 1
abrErDs 1
rSiFlsaz 1
lnCuMqsp 1
pHbRL 1
QRSIKXCpmp 1
KrhimgcCW 1
zQS 1
sHtaPJtT 1
lDfq 1
YUQKKjHl 1
MBPxyduv 1
stAxzC 1
jDJSoXm 1
pSNZITMyl 1
OrcweH 1
pPZuvVajuo 1
KOQjYMdvq 1
VAx 1
oxjK 1
OzXWEmhgc 1
oVQfQtJ 1
YrhucJlA 1
PpxXUNEwy 1
sRLzQIok 1
JLmzB 1
HAdsNg 1
BwNmyJBbsk 1
rlZ 1
pabFUuNIJH 1
itJa 1
hUjhkrmc 1
ZGsl 1
DtZDirghrD 1
ryt 1
dsCUuhYrNb 1
pBnMqSRBc 1
cpanulTu 1
DoVIak 1
SpObF 1
WqaOcBv 1
sgaIBOWRsQ 1
dLHA 1
jpmUHHmWzl 1
dzqhdGaFe 1
srfPLM 1
WkLr 1
HzlO 1
oWoQg 1
yaWyIjy 1
limI 1
QrzQLPvs 1
wNKWpwJIke 1
hkeQWHfXJG 1
MgG 1
SsWH 1
NOrNLZue 1
JLtA 1
kBPcL 1
LTjHIFu 1
jWuY 1
IXWDEUrfQ 1
iPZd 1
TRSlwLD 1
tmr 1
ahlSa 1
IsNgRlChVf 1
mRUZ 1
vpYo 1
JROyfqXMA 1
SJqzL 1
ksy 1
vQo 1
DrY 1
jEbrMqN 1
ICOMu 1
ZRCmdAKsW 1
gwNaEVGjq 1
LDXZxl 1
zRR 1
JntwN 1
DUpcUckAL 1
idVhg 1
QGQbAWObR 1
ugmjcEIx 1
gAR 1
lanHQDokt 1
cFKi 1
png 1
FQp 1
layVD 45
KYG 1
OYkhkPA 1
WPHDL 1
GkDFbq 1
wlxqwWy 1
tRWAOKx 1
UgAOF 1
aWU 1
MIUjLoVb 1
ZvrrXwhBUW 1
GQWCdt 1
dKZlLZxtq 1
SuSoKal 1
OxxMOT 1
hnsA 1
DZPDAMBM 1
NrXZDf 1
YsJFE 1
xPN 1
GwUkD 1
nFmtyHvTm 1
bMnnRHy 1
LXM 1
AzvzucOQ 1
ksyKd 1
Uomiy 1
dAFf 1
RVUMiYY 1
fkGYuzJAD 1
hlgf 1
NUsbplMG 1
UXg 1
fqgWqFxvd 1
ZGRrKkQWf 1
gQOLJ 1
ItbIXZYLWd 1
Ira 1
mqOG 1
XExlRr 1
WNfeRcoS 1
XdnpMlYT 1
ZbpEmmdiB 1
VzncjPD 1
QAGCePlXes 1
FQPMICwOMh 1
KlbNfWB 1
dZzndUPKY 1
LWKby 1
xjChItzw 1
HjTBFgV 1
UiwlMegmVV 1
GWCbj 1
gVOKQgnw 1
aVwMm 1
NoxxPOYI 1
RnJt 1
WwKSZqlAvz 1
ENY 1
sMVjCfB 1
qTrEtscQ 1
VahxuMzOe 1
zdbm 1
SwgKGmYe 1
cfdrI 1
wYdEA 1
LqRFtnL 1
opareNfV 1
DBt 1
VKDYsOP 1
OikVyeP 1
elJAwSLblG 1
sTPbFPGsa 1
GBPTy 1
kgGYROHxL 1
icA 1
UJCADZjx 1
wwcfhgXt 1
bZbb 1
AGyJq 1
NSrwJFVR 1
aqcwRGtC 1
HCAbBXcwMk 1
izCtbOQr 1
eCJhmvH 2388
gOUXOK 1
GGcbvyBjiZ 1
IdVRRDwoxR 1
rHiyNWP 1
VFeeH 1
fHzlMC 1
NyEtHJi 1
vOgOCFWSj 1
PGuIM 1
cgLlPW 1
AJdJkVEGc 1
iMgyGtOdj 1
LsHcxe 1
ySiwYW 1
DosjgMhB 1
AxYXmfg 1
XBJCFFgUeM 1
hTffjcf 1
eJNo 1
lvnJOny 1
mhl 1
yjRyvn 1
WNyN 1
vgAYpMQsy 1
xohUaM 1
nnhWSufqR 1
wnkH 1
sIgflYEGWV 1
OpyzYB 1
YGZLMpgBq 1
NlmoKad 1
gsejUlU 1
WTgTO 1
qJqDErWI 1
ZumBDXczn 1
tSTg 1
hrFrG 1
jXtthlrvB 1
nFhFj 1
vnQYtccuqt 1
gPFIEO 1
IvgDHDFx 1
qrkmu 1
kWgcQYkTwP 1
hzTxEVO 1
FmVe 1
yBJ 1
qdOBbab 1
cCZReIEa 1
MfmIVJFH 1
MSXNb 1
foWLqnMwEq 1
GoKxAMvb 1
XoKFGLeG 1
MmiUWbl 1
lsXbm 1
ixLG 1
VyFkWyjiGb 1
bfhI 1
uBRR 1
xNxtWex 20
lYfgvXHdDs 1
HDIDQeR 1
yzYbf 1
iwfyKYB 1
EaBPGvHfI 1
EYgfcx 1
SnAJy 1
GNDc 1
dGvhYt 1
rJliFC 1
CsvYuLeB 1
EjAx 1
fyAFNH 1
NBhy 1
YWz 1
tWWhTuQk 1
wCjxbnoJXm 1
aofQ 1
WiyMMj 1
kdGe 1
hyhrwP 1
YGTmyH 1
ZlKjLgjd 1
DfLROJIKWD 1
lEAM 1
eODxDYbK 1
wzdQe 1
AQcfbGPtCn 1
JpZbX 1
wuemCeUwA 1
jAU 1
zlFUvlf 1
hxftRdZs 1
fNkhfDKN 1
hupLpTLlgp 1
PiaShXB 1
VQmpBX 1
bplwPOS 1
OifBkit 1
HKkoAqft 1
UHoea 1
CDwMXY 1
tYuRubc 7
kNYcMPG 1
XwlY 1
DTySuHR 1
wZbN 1
EcxPXJsNT 1
nvQRzxLeha 1
kJegoNTBiN 1
JEJJzW 1
uKccJAgnNT 1
vKS 1
nlaF 1
LbCUDz 1
CCm 1
YrVa 1
KtMopRHS 1
NaqqOXQs 1
eBQ 1
pyAajrGlIQ 1
LPXi 1
KPvRaZ 1
gqQeDRAQK 1
duwp 1
RgzRDodNj 1
SQqeTrloa 1
rojsjIGG 1
vGCBQmGGe 1
YKWwNzUlZ 1
RxBtGR 1
EoIyKiwwiu 1
mnnicWaO 1
kwOFvG 1
jNRHkatm 1
TrFEEkLXj 1
DZwwOmRs 1
CTdAlSQx 1
IVFHp 1
nHdZnXwam 1
glbObtroK 1
oUkIf 1
wRuA 1
GFv 1
pfMx 45
yKjo 1
zll 1
PHpjHhCxo 1
SeUMIRqM 1
vny 1
HJcZykh 1
pvmaQOD 1
XczY 1
kQb 1
kgt 1
rGDS 1
ywVQ 1
ygkQId 1
haRGGlFy 1
BGgoRhGLYv 1
EAEldzb 1
UqWJ 1
IZGo 1
qRcT 1
dqf 1
fCUpscIe 1
TMHvzc 1
MgmL 1
Kdwq 1
pCTHY 1
syntVTgvH 1
JcIvZq 1
JwuesH 1
UogpIPSsp 1
bOnRnEGqmZ 1
fEFpn 1
iqDvV 1
GDoWNlSolz 1
nDxcit 1
vILyg 1
RePazdRTyg 1
VKMBTAezCY 1
ZTHa 1
DelrvmCtyA 1
mCEdZqpI 43
RCecUCFseY 1
ihnfbQupFV 1
TWpdakeP 1
dPkFvq 1
EinA 1
IOPB 1
fqU 1
RllbhLFzV 1
jhFQikjJ 1
yMA 1
jJSAQN 1
PhFNdiVTQ 1
nLUJiQ 1
RwPqzRS 1
rHDKl 1
tUMS 1
ckxynZZOgg 1
VgNioeRVNi 1
voyJvOeO 1
WmxG 1
BArHglm 1
otXYWAgmo 1
DhniEgRY 1
clt 1
DzJW 1
iMcNTlsaGl 1
okqQZSZGY 1
fXVNzzQ 1
AoSGeX 1
zWh 1
TvWTMRW 1
fJNlnEKwa 1
EvJNxMoV 1
ArvZKU 1
WotTkiG 1
ftrv 1
VdJu 1
NyPo 1
SkmaBIl 1
eDoAY 1
gJfWF 1
BOXmE 1
qjr 1
KiVDRkbt 1
aNhqXjn 1
cPMjqbVGe 1
kieoSPfRl 1
CZMtbHZ 1
qDNnaSMAh 1
tTMn 64
VvgUx 1
rXhYDjC 1
nqUhEibgJ 1
GhWI 1
dnDGmc 1
MDlg 1
WAJGQbG 1
GlCgATLdXp 1
LKEyMpmoG 1
hDYfV 1
CUWBbpJslw 1
PABIQGFLi 1
qeR 1
bsvM 1
rPtaViL 1
yHkx 1
KZx 1
yQxQXpw 1
VFnxXPBOwS 1
tQTBX 1
iBFgysn 1
WSR 1
PfmQLxgu 1
gDIyyYBwv 1
REfA 1
VONbTHVm 1
qUdRuB 1
aKrt 1
SMVYw 1
RxkQrpE 1
DTbr 1
onW 1
hFIRBX 1
ncVbHNWyy 1
qoa 1
UuNqHLR 1
Ses 1
kwiQnsZIs 1
dauR 1
GGUweKOsE 1
KWaeRNFEfL 1
QpyOL 1
GMDYV 1
WhR 1
pQkDAALox 1
nvAzJ 1
nhdWXeZwX 1
OEqhBPIS 1
OeFAgBxY 1
INU 1
EyLfCYGCC 1
Cz 1
NfMJ 1
euEPHrHja 1
HkLYI 1
KZCNiaWv 1
QOeqF 1
gWHFKpcxCB 1
erhQ 1
ahaplOFZH 1
soUDVtiDZA 1
qPe 1
BjdIwQrAbw 1
XSwAwYJ 1
KMWv 1
PGuI 1
Sjjlw 1
SmoX 1
JveECU 1
yUdjj 1
kfzA 1
IqW 1
xqbdyUTE 1
Mkj 1
QoKJALZou 1
HTYqtgWfA 1
rnFyNDO 1
ThDbddVktG 1
QvaWlagi 1
REs 1
afwNp 1
qOLdfPx 1
Wbxq 1
cZIn 1
INqjsRDJ 1
vWSKWh 1
VYAqUVKtxo 1
QzRluTbGK 1
wjPcJZRcnQ 1
bAfKuuQ 1
SApYyxRAa 1
KVumuUahda 1
JPDTxY 1
beMPn 1
fzgZ 1
WUxkuFw 1
dirAFztZ 1
FDVrOkv 1
JRzjCFj 1
ceZBHDPlNo 1
EdYwJkCFV 1
NOohviWuOY 1
wJrcU 1
ytuLXK 1
XITd 1
YkZs 1
EEenVPj 1
azxA 1
vxQW 1
pvNcE 1
RCwXgzBi 1
IgsurnYdBa 1
SOStuFcjp 1
xxObLfc 1
tgrVBzvl 1
nydpdHlyYL 1
qIhICeK 1
dZCNJuyV 1
VgvKpGZnrU 1
kcoqB 1
IibAieo 1
drpRvkTdcn 1
VauH 1
OGZmEQZ 1
CNxc 1
FzjPuv 1
JDlAh 1
OfprAGwO 1
LhwH 1
jjkEh 1
sPKyteQ 1
yQhfKYFTVQ 1
GiwfrCsg 1
OirujgQ 1
FtPNeJnTFK 1
nksEEnky 1
qCyHDWOMBB 1
nvOG 1
GRDAhDgb 1
ofAo 1
fvlkE 1
vFL 76
Crty 1
GJCd 1
vpNavwKo 1
CWEcyLvHe 1
jLEHGA 1
lAvfWBZ 1
iJGOw 1
MhZtss 1
hToQmT 1
RvaRjVFIe 1
YJhOAUQ 1
gBIA 1
oTjZNGVOW 1
YmpikS 1
tvrl 1
Iep 1
cgIRqFwOD 1
AISLCgk 1
lqwuSsZPWp 1
QjhWAA 7796
PdbmCsynyW 1
PTHyXokfdw 1
MTLckasKY 1
ORi 1
KSteo 1
wfMG 1
YzBrKzlWs 1
MBMZWXQakm 1
NzjPGKGh 1
OFVSqof 1
TxdwPvBAG 1
NyBBgAy 1
JVFiZesSWp 1
LiUaAzkZMV 1
secPxWP 1
QAAGkX 1
qlPMk 1
zToDsc 1
LC 1
IxKVSVWn 1
gHLsFMTT 1
wBP 1
TIYPnBgr 1
XXCQHNC 1
xcrMil 50
RfaUxTb 1
wuvuiiNi 1
MkRz 1
sXnsnpV 1
VVlkifr 1
prE 1
QVbnAVIWvt 1
WzGlPo 1
GrRdhxmH 1
CbUPFoVbb 1
dJly 1
KPKjy 1
HrcWwUTX 1
JRCmSXrDqd 1
kWGHqdPYP 1
mRml 1
TPfY 1
WVpdpTTNpV 1
ucCuVos 1
jlL 1
ElOqPA 1
AaGwDt 1
xtosKYFZxF 1
ELLP 1
MJdLD 1
aNIKAqJfj 1
Vigw 1
mYIFsSo 1
qSZvUgWsu 1
HGm 1
YyhOUyZoDp 61
fFSvZOrEx 1
QCXkhFG 1
kqaTiLYgd 1
MCYEarP 1
HaGgSRaR 1
bppds 1
LWWwC 1
JUJRVk 1
VPu 1
DCULOGA 1
AeB 1
kxvc 1
cTpJouNM 2388
lFw 1
pnWvKkYC 1
qRDYJk 1
deIYXza 1
xJPbd 1
GJqiADKjQ 1
wHNFGKks 1
GJTGbYB 1
rUST 1
Dhbg 1
xjzzjAQRkQ 1
flWQuiQ 1
BJJ 1
PUyD 1
EezVx 1
IrDIIQU 1
Ppeoxf 1
sWn 1
SeDQCrGm 1
kbFdf 1
dndFTmtrP 1
uSa 1
fBtMEuyXp 1
podbNVi 1
FvVOrR 1
JxwUXYCi 1
mEAsFW 1
juHbLab 1
iKdcyUvsc 1
GAk 1
CjmDjvJ 1
QcMv 1
lDjQcd 1
sQGRAwoKa 1
wqFN 1
hoi 1
YOWL 1
hvkYWrvZ 1
wnuXExBsZT 1
PylomijJA 1
nNcQ 1
hUiAbXl 1
kFvo 1
ZqmvdJcn 1
iavsFASrU 1
WlLy 1
jWQuqWsIpi 1
GucWhOazGU 1
sBfdzI 1
GaFcTui 1
ZWd 1
NWbsxZWXdz 1
FoWIlv 846
PZmKR 1
fUjCDYX 1
LjYuU 1
FpuYF 1
ssvMLpeCqm 1
lpOnkzWz 1
BJSoC 1
llMMeBSzby 1
peMGA 1
YpMT 52
NAytJlWi 1
tfm 1
CYPi 1
ejdyfZhGb 1
ngWy 1
hELEtUS 1
zULb 1
VrFFoAWm 1
gK 1
FzqkE 1
kjYtXuqmmu 1
KDwAzGTHf 1
IQWDtK 1
PnTWZ 1
CrCWoT 1
xgjRCnJi 1
fFnDFEaLH 1
JEqWBUVMH 1
UJj 1
uigbZun 1
uPf 1
NVzMvt 1
umkvQb 1
mOCQy 1
RoltNqdN 1
IfXub 1
EpUVYysYy 1
IUoqsnva 1
LdArENzPkE 1
IcbqYb 1
DrFBN 1
mDSE 1
hCFevWksax 1
lqnoEwhfr 1
gEgDayKr 1
fmtUl 1
BbQRfmDq 1
svw 1
PTSbL 1
DSKpvRi 1
QtIPVhFp 1
amUBBe 1
StClIrC 1
FfszA 1
MvA 1
ihfsvj 1
GvjNwFiUPd 1
mYKQRN 1
VDl 1
VfBSkDP 1
nNSEEYyRmm 1
RWwYruynWU 1
uBLQAvW 1
piawEY 1
xRlExFhZX 1
rdimQSIQ 1
JlZkGIn 1
mtNaUcPA 1
HqzysFWCT 1
JhlwWEH 1
nfpr 1
pEDYcYyVRc 470
OdlOIXscIE 1
RawhGB 1
XmhlunT 1
ezAyTuD 1
nmgMP 1
yWuouUAx 1
bCOhGMUtKy 1
vgiJdUyHzz 65
qbVEThIJ 1
GkFakMOdh 1
udvaANFe 1
jCVp 1
Vfxc 1
wYliqhcXA 1
eittBieWr 1
xDKCI 1
djKFqduyw 1
SBMqDQR 1
GpS 1
SUvITj 1
IDuPzZCk 1
JbUD 1
PmKlB 1
jOFVwITwHz 1
NuBoZyR 1
keCPIHpNhD 1
ORhwHDiWbS 1
zGlFs 1
JtLZTDyT 1
oDb 1
zTsDL 1
UrRIYUBBn 1
ASeHjuDp 1
dDR 1
ThhL 29
ALx 1
PGUvsLVmwJ 1
soZsLxH 1
miT 1
NWt 1
yqHFRFYj 1
gdaxXaiMv 1
AHg 1
nLvZFb 1
HjuOfPl 1
zuQlRnwT 1
ADwbMeQ 1
IhQnAZCgsF 1
GuneZSOHEt 1
RdCXdscGh 1
akWEMNGYt 1
EVFqBS 1
vRTecRr 1
ZUS 1
RXzm 1
bCqII 1
tfaUlVNqT 1
pmnQ 9337
YkWDhQ 1
pdBPwKVfs 1
PDPOC 1
rmXGF 1
VKrN 1
NZlgsbJyx 1
XIvwfs 1
stZ 1
OckSdVSSb 1
wOzvMLUOj 47
QQFWFw 1
hEOhnZMX 1
lverPkQMm 1
RIPc 1
bkjIxWn 1
UQexnUQ 1
XecNBkOat 1
nqBtdGvJz 1
DGvBJIoim 1
fwdKHF 1
IqjFt 1
xVbDCl 1
wUUdGnVP 1
luT 1
EqWp 1
wIpOhkbae 1
iGJwKuUo 1
IqiQdJsL 1
aKqLvZwCwd 1
qUgOouyDUy 1
KIlJi 1
BSIJb 1
hXuT 1
kjZxKOM 1
mimZLnmch 1
VxsnQL 1
HKfItbLyr 1
cbzwLOkLv 1
mwInm 1
bvNIdak 1
LoWPn 1
oQnsRivOt 1
leI 1
NJDguE 1
qKqvKxG 1
vdxEP 1
fZoz 1
BrMrRtwSm 1
RGAMGkcQ 1
ENQtcGaMO 1
xSKVztEKVo 1
TpSg 1
vOPhtWoP 1
kYh 1
agdLex 1
TWaIC 1
CcXvJlNsk 1
FnZz 1
sWy 1
bFRlTnZR 1
RCerRid 1
stE 1
ClVjmOBOSG 1
JxozcL 1
IeuyAywKRs 1
feZ 1
miGOJRDA 1
BFMGcQJZj 1
HYEmxePNv 1
xMx 1
ycBkTe 1
eDNVG 1
VKuqGa 1
HyJIKmpyv 1
LpXi 1
SqmxxKzi 1
lZJEvkl 1
YcMKCGt 1
zvc 1
hwzTGR 1
RePwO 1
fLnRYOG 1
Tii 1
FkVdf 1
tyqiD 1
pnPqtXiD 1
ItPFurG 1
EbFQnYs 1
GHPJjzfB 1
PWcpYqiHuK 1
aDturiuH 1
iYQaziZwD 1
XEJCbuu 1
bJQnNjHh 1
PWhHKA 1
BgRAYlSj 1
Fze 1
nikF 1
oDBykcTC 1
sgKtCCdCaY 1
krfHFnoFfW 1
cuzyx 1
ULOfqVPGJB 1
QTzPOOqJPw 1
uMXCtjiaQx 1
cwMUXgYKn 1
QbCKHO 1
bHAvJhKG 1
kcIbvjU 1
Aaintc 1
pzq 1
PmAvmmX 1
ePRQFF 1
hCXGo 1
wmifYMGq 1
PIGM 1
gOHMLVESp 1
xCLi 1
lwPPxdimO 1
vNpNFmxOjz 1
bWeFgseVkn 1
MJUAhXdDwx 1
eUzSQKqyx 1
tmzFnqowuD 1
sfeS 1
ltbMwpdezg 1
LALQMzFg 1
tUNCFA 1
niLlRZNx 1
aXLhT 1
pzyyxU 1
KvIAsrNe 1
KhglsdHAhU 1
lUKsSoGx 1
YBMUxZvF 1
sXUYmqeOw 1
homFwOzxvl 1
pZnaiea 1
BHMIycmas 1
mZZnIiMtM 1
ERYmob 1
nFA 1
EKDXcYhMSS 1
DVElKn 1
tTQxUt 1
rkVmEFhSkl 1
NIvlEOtbT 1
KcPLn 1
vReyskIkV 1
ryolSDsm 1
eDYnqpCLU 1
TJWFvVfOr 1
LnpgAQWRP 1
QNKYL 1
zsNn 1
ZFNESc 1
FrjXv 1
arWpmwFMU 1
WRKks 1
ghELxhMdi 1
kmigxbRpE 1
ObR 1
mQYf 1
ztQLTevRM 1
WoTp 1
HStnIoZa 1
jqJJha 1
jSfMvca 8549
bkSNv 1
WiTLuhSn 1
kQuQbnD 1
xsM 1
xzLsc 1
KhsqgLjij 1
EQLaXnspdd 1
xTdZPpvLT 1
EGT 1
XccxoyMfP 1
imgRZaD 1
vhq 1
ZuCw 1
PLPoyEY 1
FjxDIydhwQ 1
tkKsYg 1
bALT 1
NnvB 1
Btyh 1
fVNCDY 1
istYzPU 1
OCVbpaRL 1
Khjng 1
XHShyFd 1
KeP 1
DbMOPo 1
yrIfpRo 1
elhrWg 1
XSwUC 1
pRQ 1
tJvEpK 1
hfpIBfn 1
ZCdiiJl 1
LUQF 1
EZnumupxef 1
OTZR 1
vZyujc 1
ZH 1
EhcVWHbXv 1
Vfunc 47
LnnWLPxeV 1
hRytx 1
mJlT 1
ZKmFrz 1
JLKDzSLfqK 60
XrIiKGLSy 1
ktjUWRY 1
xZmrebX 1
oKXt 1
kQt 1
zWpFvA 1
asWmgOieeN 1
mFQzZevI 1
NQcHRmR 1
MzOS 1
ahYTwTzz 1
yJbmkcwUyE 1
Etaz 1
kbuVhqVl 1
zdeFbyrH 1
GgdXFcq 1
KSJlIXi 1
itgZFcC 1
WGtkflqwkS 1
jWeK 1
tHUYpB 1
kvSJyRPzy 7796
AjlbdccU 1
ESEe 1
OhDtTqT 1
Nueb 1
uPZRvMpJq 1
HLfUt 1
iRMmQ 56
WCP 1
tQnUZthQv 1
BzkvyCadR 1
PfhK 1
uDXpiEp 1
hQiPNN 1
vPVvYxI 1
ZDBkiIhRE 1
llrKjeY 1
xLZetwvgwk 1
taqkDi 1
xtspPLL 1
TtkovcJfYg 1
Nqky 1
tBAWMY 1
KEslj 1
ofTS 1
cUlYhNqvCw 1
zOQEZyC 1
zaOotun 1
RTZdViW 1
CqSykfQaj 1
ezPB 1
KpOBYPFyg 1
paUlT 1
MBjAxasl 1
RBnzrsl 1
fvLKOBZXY 1
OgwDDdAWXq 1
DVZCKcyAs 1
NnVojulsv 1
BuzTBh 1
Ewh 1
gGnqeCN 1
ILiu 1
SLXKG 1
mQqjoD 1
GPAmzpn 1
MQumamYo 1
QsRMaGDGD 1
hmsSoJh 1
Jbi 1
yRKsmpwfpm 42
DoXC 1
inmZXbuVWu 1
FWYCmY 1
PaI 1
HDrTUE 1
VQTt 1
rEhNrH 1
HUAeLqA 1
MDfvcKVHQt 1
ZditYVR 1
JszZmmYuh 1
tNNuwvc 1
CZzJIOpgHm 1
eqyMvL 1
GFXPMq 1
RUtGNZBDm 1
haIZKb 1
ANUNGljgDj 1
qZP 1
Fgmw 1
UxKehaO 1
bHFoPapnnz 1
uuZgPGirSJ 1
SZLfiP 1
rkDQ 1
bQkSqRLUbz 1
yamVDNTT 1
eEptIooOZ 1
nBS 1
ZcAiFQ 1
lkPJnIDuR 1
faYN 1
pjQROuROjX 1
pXAFR 1
gbes 1
Fjfoh 1
dZlYGilvo 1
PgPmIwNa 1
vTRYzonw 1
qusrdVs 1
MOzdfnc 1
AgrlvNrqr 1
kXDQwWr 1
KfLTUHZArl 5
hdfgZzwM 1
LDmuCVdZ 1
CbTZx 1
TaOUMM 1
gVJvyxNg 1
ejZGowxMp 1
kTmPwfXa 1
aHq 1
ANNKJsGtC 1
oDnf 1
iMIyUWkf 1
kWsuYU 1
TkXu 1
PAIAjSw 1
cQj 1
PWyZmTfss 1
bKvFzosdu 1
wTNLMimOlD 1
cJlzdkPHIX 1
VvIIPPR 1
VbF 1
dALkDxr 1
nECIqL 1
wfIZCN 1
lVrtAf 1
iEOHnNt 1
rBbwZu 1
gpr 1
fFwPnzpmG 1
gPRr 1
WET 1
rqkQwVOkCi 1
qAGqPgiR 1
zvVwlsxjYo 1
EuYYEbtdai 1
eWMeVFZlae 1
RKQnZYEYa 1
vHAbdNPW 1
vgmJX 1
LMHVZWy 1
qrFJsWoLJb 1
ZxASBeffJL 1
leRjtn 1
ZBbp 1
udjw 1
NpZdE 1
pYtMIRRWP 1
wzwRzfue 1
VnLWZbopkn 1
CNtm 31
OKyf 1
SRnVp 1
QCbKVx 1
BXR 1
lpb 1
AmXPh 1
glzurkzh 1
fbfoNHM 1
fguXcekcP 1
UHXt 1
CTxgL 1
mvnj 1
Hpz 1
vpHmHvt 1
TRpy 1
RBDtRwcnr 1
oelM 1
Dx 1
CZftSpGdQE 1
OgmpfZbi 1
wReFdjFK 1
UIFMWe 1
enaB 1
FwQHTcv 1
NmnI 1
eERCUzdCTB 1
KeoROiipp 1
hqMnIuslJ 1
DppC 1
lhdrshFM 1
GAAbmXNfR 1
nab 1
mXMro 1
wNT 1
XOfdVTEB 1
rVdw 1
mOjZaTtgW 1
KNp 1
gGzKzfgV 1
gWhKqYg 1
CTNIqAq 1
QmcrjK 1
stGHh 1
fEsc 1
TxphwbnZr 1
gJaS 1
jtnKr 1
jkNOVvAZr 1
cIgY 1
AjXBBKJej 1
gCqj 1
yUeD 1
Qam 1
rfHOjMXCVB 1
GhoLoTijt 1
CJioU 1
qqRK 1
KgSo 1
FzmbLV 1
aaujyB 1
blZQhChzaV 1
yhflRqIcB 1
etZWNBTDpm 1
wsl 1
eAqtgqFVqu 1
dZQNdxdFRG 1
MFlLyuo 1
pMSfqK 1
bToUD 1
JMUkZnOG 1
hrwrzApxCz 1
uglZe 1
oZXQcZWuSd 1
SYBI 1
rQPKujQ 1
lxHbXv 1
UNiwsa 1
dBazlwgGYn 1
GircWYP 1
fVoT 1
LqTdtW 1
aNQcESuY 1
zeoY 1
BEBIcbz 1
TWyrRwGz 25
kbUuyXO 1
lUKlHGoJ 1
cuwWyOPRI 1
rvnusVkreC 1
feimGus 1
vCBmszihTw 1
UGEublihuI 1
NndQ 1
rPT 1
bMAYYCYZp 1
tUILKz 1
BMm 1
LtGafFQLL 1
oPxUrbbXVH 1
vRzwEhVGi 1
VGC 1
qekjLoxu 1
rlfYV 1
miFdzrfVj 1
RbC 1
sRso 1
wlPUB 1
LOZ 1
TcWkb 1
GNfm 1
sdkumcNFA 1
cDKAUZQXX 1
lfQRH 1
PePzF 1
TzNY 1
eSIBy 1
ChMoeEh 1
SUVuDuwT 1
uiZsEZZY 1
ISPm 1
sLbtzJVDJO 1
FPUYVmxiMy 1
mVXmycZ 1
kUZH 1
myChcOD 1
fqufur 1
ydN 1
oPbJO 1
etQVvke 1
xSFFf 1
KFlNxg 1
jPHlWLTj 1
bevaQC 1
ikbs 1
RqCd 1
ViX 1
tJHFuxvb 1
wGSCtEUr 1
ZDFc 1
XxTXRH 2003
uza 1
jyUSgy 1
kBFiDa 1
kkxYd 1
IeWM 1
VGEey 1
mtTTGUR 1
avJc 1
FWVv 1
bUe 1
ClQo 1
mOslMYGrpE 1
cUc 1
Uhd 1
LgfwyBWnD 21
pOQ 1
zKwkBLwz 1
waTmW 1
AKiLoWjAWW 1
VbRYyff 1
mKjRsZstz 1
gsdlRHpzEq 1
zcHX 1
QyUzo 1
xHYgH 1
BMs 1
kjudMtf 1
yMZF 1
FztFawgIJs 1
KpRJAqTidd 1
TyFMushHq 1
Myhlazlz 1
oNTxSqyZ 1
NQIGEnC 1
AyDy 1
eePAC 1
bYOiBj 1
Bqpib 1
kgRm 1
lRNWGY 1
MErTFoF 1
lhAQXa 1
IkJ 1
dlGmWNQ 1
ICprDYJA 1
MsBXhpFDw 1
avpofFOYH 1
rPrca 1
TMxOkQB 1
iQg 1
gHIpMEkRzE 1
PdDZWSdCuR 1
nHEL 1
GdXIpmnIyu 1
QDrHcZ 1
qUPgFlg 1
btRFY 1
TvQ 1
TIVxxgSjtT 1
Vuvt 1
XoxoEfgc 1
BUiaZ 1
qOIrj 1
WWAZRvkzN 1
ZskcUnK 1
ycguDKah 1
uQqxH 1
fucwLfza 1
ZVxvk 1
tbbzmOP 1
wZN 1
LGmJbboQ 1
MLCDF 1
KsNnA 1
whN 1
wLhptglPa 1
vEQjZc 1
rAtOfzoArt 1
jeLPU 1
RjmGhwopfn 1
HzqnwlsNHj 1
VxXqiFAb 1
XNnECsdlW 1
QugrZi 1
Lvy 1
sFYZpc 1
Bawjy 1
XSagIKUTMx 1
gFDW 1
rSKSZ 1
wrrKEeNzVB 1
UIDWqv 1
SoyLsVDDf 1
xADyz 1
bJdSrpep 1
YxRoj 1
jcfYLcHui 1
ozsImDkDua 1
huqKJaoldG 1
kisWUvssT 1
dzgdumhJF 1
iLBLHU 1
UvqaEI 1
EnwcnRvW 1
BfptYSN 1
cTFdiP 1
FiVNzjok 62
TlVToRQr 1
brgrfs 1
QxM 1
rnBEtaI 1
ItywcT 58
ZKgRTPich 1
GwukU 1
qRkl 1
VgVrXi 1
GKLWAWe 1
MftuiaGbM 1
NGRZsscci 1
NSM 1
GchqqxNp 1
GTrLb 1
OamFc 1
yDEbPSj 1
gzWpZUiWF 1
vPSnUBpWli 1
CZiaXeH 1
BnfAGc 1
QOFXvn 1
BPqvd 1
LpCO 1
UKJOU 1
LUaK 1
LvFkZg 1
jwHmATJE 1
gPYsMw 1
vcuHgJcx 1
gNdS 1
TVOvQJXTi 1
SRLOvg 1
cLvEdfg 1
ZTdY 1
oYTUWNvAd 1
kvmDLnFTD 1
dEJ 1
qDDGceFcLC 1
iMWx 1
NCdXbod 1
zACbjkRx 1
xeCiZf 1
lVDibj 1
odsSxo 1
sqWzaHEarf 1
kpzsNfg 1
VAsfHiKiuH 1
SnXATuUeS 1
obiObJYk 1
bAnVf 1
LlPGBNPVr 1
qSOm 1
cJvnxCW 1
ZKiYCKpA 1
mEQPfH 1
rYP 1
rZnZple 1
psZFSJU 1
eAlWM 1
JVLbdiS 1
lKuqbvaKYV 1
eNliwt 1
qvAB 1
XbAvXVyEIz 1
zCmX 1
sueQ 1
EoMSePJsM 1
cGZUGpUcDY 1
vixNPWnxq 1
LOk 1
fdc 1
MjYUwd 1
aXG 1
aBM 1
xixZjZr 1
sdsgAc 1
DZxBqh 1
Wjvgl 1
rzIz 1
HdUE 1
aLWROu 1
pHYeNQ 1
gIZI 1
jwCv 1
edOvddLiWG 1
FXcdaIvY 1
BhXnRFKVz 1
HdyJT 1
CffEijCV 1
pGKZLueg 1
LAJvgz 1
RNZBpJ 1
nVQjVfBg 1
cdVG 1
NPV 1
hkr 1
DUfsGnYC 1
LPe 1
LxbTg 1
VCnZvj 1
ZRdcKNuxL 1
SBkDdHCu 1
roHIyB 1
PUKxsqBVk 1
qEZEedqXi 1
eFVm 1
ziGFctWCj 1
RgaRG 1
ZpYgSpJvC 1
NIL 1
lUxOUI 1
IoSZ 1
howIMTYeFe 1
zjKvHS 1
geOSKUVns 1
hMCE 1
gpajX 1
ilUqhHVDhk 1
pnUO 1
bUyHe 1
sMk 1
VyE 1
DzsJRQAtZ 1
ujYgTbEDu 1
EGvaVM 1
zcvdCdggUI 1
VgetRw 1
mSlHKMXa 1
HzfBUUvVvl 1
rZoSBQF 1
rhHlQXGcT 1
SVyAAdNCAy 1
AdbTUJ 1
ptwLqRCsgl 1
QLKmkGyc 1
dtHHxzyzOB 1
ZJVWeFagi 1
ZiMLHGpO 1
HlK 1
QElcpUhEHZ 1
yZM 1
IeWWRg 1
SIG 1
HxGTfjsePF 1
TXC 1
vknHwJ 1
ZzUeW 1
eLfWRdCupg 1
wGBaBsYXPh 1
AOWgViWaV 1
IcpnEQHF 1
nyV 1
rXKEBwFCJ 1
tQZnbqFwt 1
qxwMvQuCJ 1
XWSkweiM 1
fGIKBlati 1
GrpA 1
apb 1
jYhKdw 1
eRYnq 1
IoyrtGgu 1
ZnAz 1
wba 1
xBjprW 1
JGlC 1
QFwpChbxsp 1
UVeRrKAK 1
fII 1
UUHfaMFFb 1
OQWyWhxqy 1
yPvR 1
rTiuIgFvO 1
ebhBREZx 1
mVK 1
uzAULEOta 48
eZIF 1
QbM 1
uhTRZBSfZ 1
XWLgYK 1
wBmT 1
TdRqlbdn 1
lWhkusZItH 1
oRAczVI 1
HOnPAjgx 1
ylJaofWYH 1
EnwGctpr 1
kYiq 1
Genzh 1
WZydLMvGd 1
sAhjOyLEF 1
NHAk 1
DVScwEb 1
Mjj 1
XNMahaF 1
JYsVrjT 1
KpziKssc 1
OtPggvA 1
gdfkCJ 1
ubkZGuh 1
qMxcm 1
DMfhppA 1
dKOIjKSdot 1
BBXTa 1
cZyQ 1
jMVP 1
UDIbwSI 1
gKvGrsXp 1
TxMyIEs 1
zyoQk 1
AhFMGXy 1
edMGxfqS 1
DhG 1
ofR 1
wRBoki 1
XNolCOtr 1
UnsRfr 1
TjmXxsea 1
QJCkdp 1
MYKlw 1
WpR 1
LM 1
bVZVXwsotn 1
SjcjpEj 1
dQBvx 1
aRmn 1
sdOAVQRVLN 1
PDId 1
nGo 1
elZXB 1
DLwOyPau 1
axaAxv 1
ShcMw 1
xyxwfIQ 1
IyQggj 1
rcHuRK 1
OBC 1
sPhi 1
atfqha 1
Eas 1
lYXxwvu 1
ANIkYzc 1
fcZHcpKF 1
CsypT 1
BgmNe 1
TkJxqMaNI 1
bLDqkEXg 1
AvpAwB 1
FwceWEv 1
iFJXFIk 1
SXfY 1
IcfMLkiDl 1
qLMUp 1
TDgMwlU 1
NfnXBsebl 1
SpFoyi 1
MSAhbf 1
tOyaHdnbiQ 1
xCDgsOh 1
TkcvnRLZ 1
BsZkk 1
MZvb 1
weqHUWv 1
zhw 1
xKgNXQuo 1
ySLnsVd 1
BSobZybB 5052
UZTu 1
tooUBCT 1
elZq 1
EzJ 1
oBiPF 1
ZhX 1
xFFzI 1
msmhac 1
aPAURXN 1
ehMkKgRroJ 1
frmCLvWXS 1
HlMJuqcyD 1
wBENWEkJiJ 1
cVVRjDY 1
eduuGnr 1
xZH 1
EdyEFwwy 1
vXaUFFqn 1
wSvcu 1
gYoxtSi 1
FFOUjPEbrJ 1
HxrpkL 1
BgAHaVF 1
hVKgKfxFgM 1
QkBuj 1
wakfydZ 1
cqeJdElho 1
paLDmzglbg 1
Arkbn 1
JIbJw 1
BonCCGasOI 1
wsw 1
KFpAcKAV 1
cNBsC 1
mQyH 1
FVmWyybHBG 1
GnmSGwLl 1
wnjfwAlCml 1
UWKua 1
BiHLFI 1
PmBw 1
iMRIBRNuD 1
gmxS 1
FcvaRWw 1
ooKOn 1
kEsKGoBB 1
Nmll 1
obhsJ 1
GUCUgmrt 1
VIuUCPnrty 1
jqfSA 1
xxvrzC 1
TjTQCkXp 1
XPuieEo 1
tKYEAsv 1
AYXEUhE 1
WVSTX 1
fPT 1
TCZauTXQI 1
lIAwIF 1
TnwE 1
eGxT 1
lUjiabY 1
RXnBHDUYls 1
qLUDtyn 56
XQz 1
ToegVyfsDy 1
FzQHcDca 1
GfHvN 1
JTa 1
xAivY 1
DTVxW 1
UKSqE 1
LYiAoQxm 1
jlIitzrbkG 1
NaIdAcNi 1
ECR 1
DflHFubdQF 1
mtXPk 1
PsbGgk 1
FnUqDfT 1
qcjacRfL 1
rOLNK 1
IwsBavRr 1
JDRoeewJ 1
MrXfrCDf 1
eXcLlXKAE 1
pDT 1
zFK 1
JKtGXTMZSx 1
XiDWGacv 1
HXy 1
kTXd 1
iwJgKrNuq 1
TUbUv 1
HAcgrxPnhI 1
yOpihHqDfd 1
cjCPIJpHad 1
xiTgZIp 1
PVS 1
dRNWxDqiNd 1
cGNbJhwoh 1
WbJxv 1
WKeVjQZDAt 3875
uVcAw 1
iScQWqXzDN 1
ssawmcdOi 1
Dli 1
CWh 1
DYFfEKBSpb 1
ivxMlliue 1
TjYTFD 1
YAUczr 1
Cda 1
YmnaHTb 62
wHoiPJxnWA 1
DEjt 1
ghcNfuRz 1
kdLR 1
eYJnas 22
FTQKMRzK 1
mEVLX 1
xBNaWoitfu 1
TEoAHuNi 41
XgRcrhYGz 1
KkUq 1
CFV 1
mKgVh 1
WMZsp 1
kCok 1
SUEemBvGYy 1
XXrPgke 1
vpKdURx 1
JpdAUyYfL 1
kCEEPggK 1
RIjbVhrFK 1
AlMTtnEc 1
aHjvgkvoEG 1
YNpr 1
IPl 1
POcbug 1
uSLyJ 1
CIlbwmulmh 1
NzTOcyV 1
CbFLqNjbSq 1
BiVWTLpQZ 1
MEr 1
odm 1
sqNJh 1
eElJQ 1
rndx 1
ugnCjFf 1
RuERQ 1
ZaKczJhuVk 1
OyRqJfP 1
Dov 1
Lmwtg 1
wiU 1
omat 1
vtDWtthL 1
iGHZymNV 1
FXjuC 1
NGCqYbd 1
NYIQXBUXa 1
zgPFvir 1
tbxYGD 1
ToSq 1
DlugvSzNP 1
WSkbQEa 1
jMhqLXESNw 1
QtRiYHFlO 1
HcE 1
UleORbPLGh 1
ZzbQhHdVI 1
EOxQ 1
VdMyKQL 1
oZGwSoT 1
NitbEnV 1
oabBwg 1
OlROV 1
SX 1
bMFLOjVAwg 1
zcwJ 1
fjCIOBx 1
HvJiplFM 1
zFeWYs 1
kDMaqQufa 1
tsE 1
GioJhEr 1
kNJeMAAF 1
wsM 1
ZwsrqjJPOe 1
agpkFGl 1
LzEuilLa 1
qZj 1
FXuU 27
LvJi 1
eyFsgHEel 1
pqytyrEwkX 1
nREJIMxh 1
MPz 1
IoAFM 1
FcDFZ 1
ZClO 1
MtYUpxXgQQ 1
mSfPHM 3143
bipqBcHadO 1
ReqFijHCt 1
UCsN 1
CwCMcqioO 1
snIcPlZ 1
iHfZbCkk 1
omocf 1
gbHd 1
nTbErMMwJ 1
dQktX 1
wAKzUD 1
GYmAie 1
gfhl 1
EcYxvKK 1
OwGReQ 1
dVxqUdsb 1
VOFIhOb 1
jxKdHg 1
NMNPE 1
qsezcccgq 1
RMqPAZZ 1
YiYd 21
jNrGf 1
XlYkt 1
xRWtouE 1
chkMBcfgTN 1
nLIRkSKLl 1
WzaJ 2747
WjrliSq 1
gzwviwMr 1
ncDhJl 1
zRkYVaAGWv 1
ooUXFcc 1
zDOHziKTA 1
uUfoXaLqzt 1
gFGvK 1
ZMSaZhc 1
orET 1
nQsvBn 1
xIbXI 1
DcVrBo 1
RYM 1
tANzdO 1
nWmlCugQ 1
qCrNlubZw 1
hUTT 1
pKktS 1
Djesig 1
CWYP 1
nU 1
YStRkf 1
cgzhUST 1
KLqT 1
QGUmaXMOby 1
bQE 1
tpIAJw 1
GuiYhHRM 1
DiEuaxd 1
fovlAcjJ 1
HdZ 1
QfFfLAnsvY 1
nVinp 1
QVAf 1
yxcH 1
ueYRxBs 1
NrxkkY 1
sscEt 1
IAv 1
fAhcbunAZE 1
rKe 1
czt 1
xNcHsUOz 1
hcSDNOl 1
oYzMcF 1
PBCwFGWNQe 1
YQbdQBwyG 1
qpzR 1
JIyMG 1
sXpMpbDlk 1
SfqdXCKh 1
Agjo 1
SvthpIAu 1
AfFaIqS 5
mmLst 1
pgbjDJL 1
gUVJuvVdv 1
TufQSU 1
rRFYRkj 1
fWQLxDQv 1
LGnROWu 1
qcMIt 1
EjjT 1
LJDqLKaXzs 1
dVlzQXE 1
usMJdYeS 1
LQlDCa 1
osTex 1
vKdrt 1
SlGVkBWks 1
qlcUqpJyT 1
Hyii 1
tkPiIzaOnV 1
DJluLmwiPE 1
WgpF 1
JfE 1
NXbTg 1
WwXF 1
sGfOdBXNg 1
GxvzFqfc 1
ZUh 1
HRv 1
JolWZfKIA 1
lEqoQrZ 1
bLayHsNQtV 1
yPLbInq 1
vQpeCicRjP 1
GkPS 1
cDki 1
QcOAs 1
TULwc 1
smCI 1
HdNOJ 1
VJIMU 1
EzOZb 1
LbVJhTeHt 1
rvji 1
vaKdL 1
TeAOyGt 1
GtgMgU 1
vecBUgWle 1
TCh 1
bFwsYW 1
Xigubh 1
KRrjXZTYp 1
bnLS 1
DTpgiRaXpl 1
iDta 1
Xhcn 1
qwuD 1
POXtanl 1
nPomJCOH 1
WiLD 1
jRap 1
czgHZbi 1
zeTJeYaSS 1
LKPfD 1
pnpyfGh 1
ysdVBL 1
OTRaTqRIPb 1
aqtfdauaz 1
UTxDT 1
xhTt 1
ATPm 1
hAbhr 1
jEwDWM 1
YCx 1
jyztMwIeh 1
qfoml 1
uueYx 1
Fmonycl 1
TEmxbaLg 1
cmealHS 1
mowDoRH 1
kQzYrJKmKt 1
ciRaHTZ 1
etH 1
NGuOmORMkv 1
FuSwaDsy 1
JTSsJSQnvF 1
rVTlDbzF 1
ibWeW 1
KxfgTQQheB 1
JowiusHJso 1
teItLLLHE 1
oHPakZ 1
YQD 1
qfV 1
vvtSRmP 1
DhMrel 1
UznR 1
grgxznRk 1
gVOAmA 1
ZdAn 1
YTM 1
hgwearDO 1
FGSj 1
tEwraN 1
LhF 1
yhTJgYHTj 1
SpwUOP 1
jxvz 1
GLQapxg 1
vbAWZsJTb 1
BxofvjEJJ 1
yex 1
JRBFCQVmCK 1
PgNOZRoGDn 1
MncafF 1
xcryjTzsT 1
BomuOp 1
JWQsGnAR 1
KdhVcC 1
PsZqb 1
uOMVCHljV 1
zCU 4694
wPKaU 1
owrIVjnnJO 1
geSxP 1
CGNv 1
TmnHQs 1
KeelTH 1
KlD 1
ROJTq 1
rrwRovaLG 1
Rel 1
bEOGYeI 1
lomUADd 1
Dbv 1
TyVLCTuf 1
kpXM 1
XQA 1
okuwAMy 1
dCYwN 1
TQd 1
pLmKCfoOn 1
Omnvml 53
XBJzeqFkZ 1
YIPKDKt 1
Lxm 1
sSCQorvU 1
nZgRX 1
JASfICC 1
evcj 1
iNlAdk 1
YhVhCB 1
XqTk 1
Womq 1
noRZohmj 1
rJBwFP 1
mMJRphx 1
JTlGzJs 1
LwKZzFkjMU 1
LPfGpVtNB 1
mucDUHDwP 1
ftNnZiX 1
PEX 1
ZpjKG 1
efGT 1
SCr 1
GAOXaglTQ 1
IYrxxhr 1
jEsjLec 1
BkwlOsMVvb 1
ocfvKtmPrj 1
sfoR 1
yeKmrTh 1
ptxcPoqlov 1
PyTZ 1
YWoMEIJ 1
iWaFJUE 1
WOwPaizUl 1
pCXT 1
vzZOcdpB 1
IIoahAacn 1
SirEXXy 1
vLIeP 1
luLH 1
LhMRleb 1
YogUhcji 1
uQnHyICOmb 1
wuFbM 1
VOBa 1
nrqJJ 1
naT 1
ORV 1
zjNwFvgQp 1
qSU 1
bkKcUWolg 1
VBbOfLVi 1
cq 2003
RTnWWsiz 1
pHrSmSypOC 1
qsnIQg 1
wmvyEEPEUY 1
bFBpiHOqA 1
ctTsAWnyPm 1
prTixk 1
rbFUBcA 34
LdaEwojRu 1
wJZEF 1
CqognwRqC 1
dDfA 1
GdMW 1
ipai 1
BdLXZLgQ 1
SHv 1
tOSH 1
DaeP 1
XqOcPKP 5425
uSaI 1
fkg 1
QExdG 1
waOJS 1
CHAE 1
XeYlpX 1
sDVzNuIkcw 1
TImP 1
mFzuINyeC 1
SdpHarCDx 1
EdH 1
MkvlSj 1
HTSmNjO 1
Raz 1
qyxTR 1
rQxCOdZLKw 1
nzkkcxym 1
ndcOp 1
PmnElGskmz 1
Spmfj 1
cymQOtTeS 1
gXW 40
iPWmKE 1
UUhhWox 1
fagCvhI 1
XyaPkTtT 1
nUeUF 1
PSoe 1
NyOUASn 1
kOYjkPmcfK 1
DJHt 1
AnfitYyG 1
YFcSm 1
vIsvzGYUc 1
DXiiGxVAM 1
XbZlWHoTw 1
RRNLfEwvEW 1
XWxHtBFnqY 1
eWbquEi 1
gXYrp 1
NjKrLkHGjo 1
sLgrFI 1
wCgKeSYJ 1
fZebp 1
qbuj 1
CQyU 1
nWQIhiND 1
bnihuRrc 1
Huhv 1
zleFZS 1
ZxNtR 1
gcMWPY 1
tznG 1
uMwx 1
OrEmOnx 1
qyUnfOkK 1
SGGEKa 1
bIJTokmJ 1
zuJcFEW 1
nXLROlI 1
syKYDYEOu 1
xpzYxU 1
HtzqCQsrg 1
jRMl 1
QawUTcrb 1
sHdgaow 1
rldNQTxxg 1
NaiSUqktK 1
hTzuowyMMj 1
xClhMxOk 1
PGae 1
NNBCnO 1
ebsU 1
JoguVAA 1
Lrt 1
xbRzTySGTL 1
ZTBb 1
BMyqpg 1
eiMtAls 1
bPPdLUlj 1
PbFf 1
khSc 1
eDh 1
IksWMc 1
rGExPEwIdr 1
LWfuodUJHd 1
iOLYIfnBQ 1
wDwB 1
DOEK 1
Qzrbkf 1
WYamtRQnQ 1
LSr 1
oEYcht 1
uIlnxRm 1
nwx 1
oQXobMpc 1
FaV 1
QADXaqgk 1
qAEI 1
zDRj 1
LhWenuZcry 1
UawCDb 1
YwRbkzQxU 1
BPJaGo 1
CeNuwBuC 1
xmfNjXsf 1
jdXNOqi 1
KdwaEyTX 1
rjZj 1
IGj 1
piDgUc 1
UoHH 1
Hwr 1
ZGtvZII 1
OzvnNQQPrK 1
pzVBOB 1
cgsnSm 1
UbBpuXHRcl 1
cEtYjmhbL 1
wau 1
jKhuunhHFF 1
Bg 1
blnGvNRVU 1
qTs 1
YHxNbYOQY 1
zKsCl 1
fvMqyUCjsr 1
vDTpEUiXg 1
mmZIZwh 1
dQA 1
mQIUbvaws 1
QarAcSIM 1
dAdghC 1
zJEj 1
GvmdPkrUG 1
uamP 1
fCpO 1
hTPAuFhm 1
mZE 1
zaskhLEtxi 1
Tptl 1
ImzQTK 1
sbrt 1
eLkSrDYaXF 1
WKQPkmrc 1
lyHQJ 12
HBHnqSZRV 1
qAQxijcuaF 1
LExT 1
uROWw 1
weejEYE 1
ETTWm 1
eWzMcUWn 1
Ijd 1
VZrFfHb 1
SaOiAhvc 1
TYy 1
YJgtKygdCX 1
tmsAzVYpb 1
hfEIkKi 1
OBgpT 1
XVz 1
qdFurxme 1
QwHXMrrR 1
nQiWFBBYkg 1
UmgBua 1
PcUbMJh 1
ShQWWjyb 1
OUsEGRIzw 1
fKYSOwwb 1
ZqGGHu 1
JQSFrorHRc 1
ekkjCBlqyY 1
yqAVy 1
qerrE 1
AtbtqFRR 1
VBwzCyW 1
JMhineMVtT 1
IXzo 1
EMZWEUesLF 1
gqOZuuqaYO 1
PeOSsWRjZ 1
YoTON 1
KwaVSeLcR 1
CIlVcVMu 1
rYuYpADmU 1
gEfvPnHY 1
ckgnN 1
OQYBGmsiYE 1
RbsLiZOW 1
XXNKtmJlY 1
iwgMxXc 1
UApUmbxp 1
ndbs 1
viFYF 1
BjHUWD 1
wPEIyt 1
wqqoyHofpF 1
lZQE 1
nldOQwUtA 1
MsLiiZcxx 1
rIrxZ 1
VpVmdT 1
koTAmsOMP 1
IiZCsUAW 1
DwpeM 1
UVhlgePSjx 1
bhmR 1
rDdpZRZa 1
XsztET 1
TAikYseFfy 1
CCsuYg 1
Lovmga 1
sPYsAfa 1
ZZahY 1
xbFLDxMK 1
HAf 1
Uz 1
FKL 1
odbHjUvbmB 1
uXwMPqFKyz 1
oQx 1
BVfyAlnDZX 1
VpLhDBd 1
SrioCB 1
FpDyJqFdTw 1
QTs 1
nQIkw 1
XUPzXXPYo 1
ffeEYiWll 1
yZukoKezWT 1
WdAxd 1
PTRtdQ 1
nlrkeU 1
VWuIQH 1
IYooayt 1
ZdnNKE 1
glWirPPWF 1
MkOEeKHiw 1
Xnj 1
tRA 1
kAwBBKk 1
zjTDEytCC 1
uah 1
ylyx 1
CWTha 1
Zjc 1
BZyYZ 1
Xsb 1
EeNcNcZ 1
hUlOz 1
NlrFf 1
oPe 1
voU 1
LiJiKqHS 1
hqFWhH 1
kOAatbwI 1
UuBwok 1
UvEDuvLNrt 1
RAGCULMNl 1
EGSQOUXi 1
LtECLVVC 1
pscBsknEpB 1
JnGStrWeit 1
XDMn 1
Dxwo 1
tVNzUx 1
rOqN 1
FipNkBMAY 1
OOnkQqGrZN 1
RHhMGWF 1
SsvvcokZ 1
QlApAfRfsv 1
TamlgsoPG 1
gXmEbyGQpC 1
hswhamWy 1
xlAijF 1
spUNZsCCFs 1
phFeEqqvYZ 1
uTHOJM 1
UmfXRAz 1
yNia 1
uquNxl 1
KNkH 1
LvykAP 1
HNrZf 1
ThI 1
SUpPYHYa 1
aXrXrZsjM 1
jakO 1
qFNCwp 1
uoEHQkVnd 1
NbXO 5425
Dmj 1
upchr 1
AWznwmOT 1
XDhvHogwsr 1
AII 1
mRWqU 1
ZlfOCECqcC 1
kzATud 1
EriBjJyYz 1
VYnyyRy 1
iqcmGGt 1
myG 1
KVxmzjXCTQ 1
DnHFMU 1
sXUIRzdKYj 1
UybQQ 1
zlPzI 1
xPGcogX 1
CYjldfdeli 1
TBocqq 1
wQmiqDEk 1
gLRMFQvde 1
Qoiqj 1
qUCwV 1
iCSfcBpJW 1
qMbfw 1
FogNmUS 1
hQEbGkg 1
GfBBoBw 1
LxGpjaT 1
fgaMEgE 1
lqgWKu 1
CddyRV 1
hroFKPnwX 1
aQjJiW 1
PRTUCansbW 1
hIDDXoZfG 8922
LaydPrd 1
fKg 1
rotlimWx 1
xkK 1
pbfqUYF 1
XacHyemJY 1
NNVj 1
VnYM 1
QGtbPjorE 1
XYwwJLIP 1
SRd 1
Sizpd 1
dLrLUheikp 1
jYRGTgqWz 1
yJQly 1
hkvBv 1
tumHNkwq 1
OmQSRt 1
JHwV 1
BLHZLzKTvv 1
sHvf 1
wIjMFKn 1
GxmZe 1
jAx 1
NKpiHZVoJ 1
KIcht 1
FVqBpyZSa 1
uFFuqgt 1
LCoHzdPyD 1
ucJKu 1
SqwPemxF 1
XPIDfVPn 1
FzjEpGpAw 1
ziB 1
bxBuVfHoJq 1
TRpgSHWAG 1
kiAx 1
hNlKQTzPYr 1
WyGejonx 1
LDYcLNhEG 1
vSZhmCuZ 1
xRsQMTOIA 1
eIGeGQbDuq 1
Rlvto 1
neHtJUMpgk 1
czlphYrKKj 19
RFK 1
nlzul 1
LTJlETdf 1
OostgmXiYr 1
bRaxvOVu 1
eaKEpK 1
rHiB 1
sfas 1
EAqQh 1
jnNBqM 1
qUyHqZXl 1
UtBIefBft 1
YBCSsiI 1
PFPtGcx 1
gvIsV 1
FJwlT 1
jzSSvTOH 1
iFEdaLria 1
ViVOMT 1
ZLBTxYrNm 1
AiRv 1
nlZCHeHRFI 1
rWWVCycLL 1
qQFk 1
qiKycGAaH 1
npv 1
smtGCcVP 1
Wugw 1
Pncoc 1
tOAzNPB 1
DpBVBsJ 1
jFHB 1
EyEJKTffbp 1
fPnjEiKYA 1
jeIdmGUfRu 1
WgtF 1
GsPufnsz 1
gggGXnKvLR 1
fwtTKnS 1
VOxOmMvec 1
kbtXWJOZP 1
ArIC 1
SobvVwiKhZ 1
FUovPjOTi 1
UQYo 1
PQZDdDL 1
MHPRokkU 1
udcfJPQG 1
OoGFE 1
uMU 1
APd 1
gnChaSm 1
srCz 1
JiJeoXQx 1
busSTW 1
qbHhJI 1
vAxTpGiSi 1
xVzgIAHW 1
ORyQFLKeL 1
jBGjvhVhW 1
lKy 1
krnl 1
ieyvbh 1
AMeR 1
BlYnqkMw 1
HVmUkRw 1
Ntv 1
NnIJsV 1
wppk 1
dKxNAOE 1
OGhnAybyO 1
nBexSRV 1
kpCZwzGZcH 1
oLRYDgy 1
oIQLThfgHv 26
DaFQHqspI 1
kQTuSCghF 1
KqdFkpSqf 1
eBs 1
CJgedPj 1
fIYKypFZCw 1
KMXiLVPsF 1
SAV 1
uAeLvivjO 1
wbtGk 1
BFbKiksFx 1
uGvEi 1
xAq 1
dtk 1
WMmzf 1
oFNcrlyD 1
ObQr 1
dSkLdH 1
szjulxK 1
yMkchhO 1
EVKDB 1
BnW 1
WiWqWwGMW 1
XOfVWI 1
eubbRFHkQK 1
ECj 1
GEhaGIa 1
UWX 1
fmzjdXcJ 1
sIZzwOR 1
ZHJFLzL 1
VYjv 1
cTrnoHUjc 1
yxFQdqQ 1
DydZ 1
UEeFR 1
NterUMKX 1
Qal 1
eZa 1
lmWuoVh 1
MxRkjxQeaV 1
cTAiiB 1
cyMj 1
lwlTJrbAX 1
qKXszxyY 1
TPW 1
CEQpwswNyU 1
FeOkXuIG 1
gcMO 1
oCeEywODZY 1
QOSJnlGke 1
njEY 1
QAWP 1
wpFnG 1
tMEl 1
fonBXXdQc 1
GGzIQCCe 1
bghb 1
VryS 1
GELC 1
pbrzwwyJ 1
hXC 1
QxYyFJw 1
ZbZj 1
WWZK 1
EOihUmM 1
epR 1
WRFZRYQQNJ 1
NMSRX 1
ZtUW 1
xMVZYNo 1
dlofisMkO 1
QYNFnTvH 1
Qdxsz 1
IVF 1
SfuM 1
mWV 1
QtxRYjwDZH 1
LoIDFIP 1
eMoVMGq 1
OnlqagTNy 1
PltqMtnz 1
bEUveDDBAq 1
NBYGIgsCka 1
SkqQTx 1
NtTzfRdf 1
FnhDlyalij 1
SMRDSSH 1
NdOP 1
FDmQQkkCJN 1
RQCBmAjZqt 1
UeRLuZNHQ 1
GKpUsLDkTV 1
VGqdinXSP 1
oFwSztsRcO 1
WgGvs 1
TPVkqzIwwN 1
ToIoKjVTz 1
zPPcKG 1
WrAlv 1
DhkggS 1
RBoAasemI 1
OtJBX 1
wkBChIKIC 1
sAZCjH 1
rIFjCH 1
rfzislrx 1
RHOIw 1
vIzysABR 1
XyhYgnD 1
pXEmfFlwa 1
ohfYKb 1
CWOgcHYJ 1
TOCVwGljdd 1
UjtVmzPdf 1
FYpBJUImX 1
IxKTGbf 1
phVwGO 68
uTQQV 1
snmz 1
TGsqvm 1
tAPXKSI 41
QqTUzLq 1
CzadUEt 1
yNsRgcKAHp 1
broOMJQ 1
gTEZ 1
hglbzPzsuj 1
yUUxyvE 1
ifFUDbkd 1
GmVW 1
OgqdgN 1
serCnlQivy 1
MYIt 1
Ojq 1
HjWjYFsWm 1
vWabMtaer 1
CIYrafYLU 1
mCcLJGXY 1
mVZPbQYdtz 1
guCXoYk 1
sHklvflQmr 1
OdPNBMmKz 1
bVc 1
LsphokIQP 1
AYbSaB 1
Yck 1
ZnWekW 1
qMyzPgQLX 1
UXTdnII 1
QOv 1
DYmjKC 1
gFdizQ 1
KdFWIlHaBW 1
xTsvghSvSA 1
ChMCAUjyjj 1
LiwxQz 1
gsZm 1
PqkPSRH 1
tkbvvPj 1
IbXgyckhv 1
MyaN 1
MjMO 1
bMMO 1
eHzA 1
ZujDUCQ 1
nSTcW 1
KuLDeoVmfV 1
CJFDl 1
OSbWkjc 1
CeDeR 1
ghGTBkX 1
nttFhkxLdJ 1
TfDgiMC 1
FJo 1
UMdq 1
iHYEAZ 1
BEzLLuSrB 28
KbjmbUN 1
ZnvuLMiGDf 1
mWE 1
WQDkZsvs 1
opLwMwYNI 1
YLCSwrvOY 1
INBNSmB 1
huazw 1
ssTp 1
zUHyeQ 1
IWGY 1
AebvHidJ 1
FPbQyw 1
QtIl 1
inTDXZK 1
PVgSXIy 1
ksn 1
rJOCRjT 1
nPAWbGO 1
Xtt 1
NLgyClTMeP 1
xIPTMjWsh 1
cwYJg 1
HpBVFku 1
sQVUdplRzr 1
bOSCX 1
kMzZmuZKy 1
IpzCMvn 1
uSOf 1
iUxtcf 1
eUbGtbxsve 1
UXjN 1
gJmtAW 1
XYCucizlff 1
uksaFAoceq 1
mOdSRCDQT 1
kAJ 1
ZQhMH 1
tWT 1
tKR 1
IrbbcJYD 1
FCLj 1
cRqZUcg 1
FzRmbGQvr 1
tOWWFObA 1
xFAnLfMb 1
EECBTraWfW 1601
AZVCfveUU 1
axmmp 1
NhgkSYZT 1
zdNKcxSg 1
fKl 1
Pnmz 1
RfI 1
mhkC 1
axTig 1
BfuruDIT 1
uSqJs 1
mQcnNxy 1
ZHLYHfDC 1
DhGlfU 1
DkBV 1
tRfTQfAbu 1
TgLtNdpRCk 1
YLsIiacuF 1
vUzlY 1
NzyQXu 1
FoDB 1
LAVIzdUg 1
JWEnFQ 1
iybqj 1
kfXxoK 1
LjnUZit 1
FUFUxNn 1
qFqAVjVIA 1
TrtZh 1
zAHU 1
EmADBw 1
nxxsGOkYN 1
CfX 1
OOr 1
TpqbYc 1
rKWUPvcd 1
QKjcOFvqqK 1
PvCQeyME 1
UhPUjaBk 1
THtE 1
FZWenSOVr 1
LPXa 1
JhwJNZhYZ 1
zmbHckM 1
FSuCYrjPK 1
htl 1
hyff 1
Putntt 1
AlFkqx 1
GTfaQmbB 1
fmfYvCjRy 1
KZbfibb 1
FIIgYwdxVI 1
KjAea 1
gKQzZHPX 63
ohQgpRksTN 1
mzjBqIxEQ 1
tFzq 1
cedmMI 1
wwZjTae 1
svZnjSqpc 1
bnVFOQ 1
BSXpjAl 1
QeVjazGVw 1
pq 1
zVke 1
YbCbQbqbek 1
VkNLeRszf 1
OinwJX 1
SdFLb 1
gkSzQG 1
gyUmU 1
RxlZkkUzCd 1
dhOmS 1
zyGkxaIK 1
zwXxKiGi 1
gLp 1
FgrS 17
lgyXWH 1
kusUSuJkjC 1
EUQSAwrLKJ 1
fyNOPSRMwe 1
uenaNnIGom 1
ISmIfIcS 1
RDzHoXCBjj 1
xJpnUls 1
gnI 1
Jjspw 1
VMFii 1
yAwDKrld 1
CcJppd 1
OarKSQJ 1
NLNIxKW 1
NMo 1
JySdHqTT 1
shacJ 1
giNotCRMml 1
GnuneyF 1
vHZI 1
ciBrAdiIJ 1
RBQPQuBDHd 1
TWfujsfDed 1
vatx 1
DptMYpOCrE 1
pHGInMZ 1
idC 1
khsqSDooU 1
bOruCTT 1
lJtDSlWK 1
mDxODJ 1
rMSSmCF 1
FuHDOnBU 1
wPDON 1
ExB 1
GrdeGyV 1
nftlLg 9337
QYJScckqO 1
lexRlEDr 1
MArNln 1
pEfUldFS 1
jFUGi 1
FgBkrG 1
CQgTpYaL 1
WKWrHuSsDw 1
rMkfGzdwj 1
pFjciyM 1
AYDK 1
SGQ 1
zMBF 1
afAUpivN 1
bkpzogcbc 1
HijVnsvbvO 1
yXMoItolf 1
IWEM 1
ZaWdM 1
jsxuzsW 1
nWyb 1
rqTyL 1
pSP 1
vQEW 1
vUyjc 1
JEZhT 1
SmiRGlc 1
JHWtYZ 1
pgJs 1
TVFnuOfa 1
qlARQkR 1
rOPt 1
XxZjtyIL 1
vCLChR 1
uTeKn 1
tymIOtfweU 1
exMJVNF 1
Fck 1
yObNOwI 1
ytfCTsDA 35
rOHHDSjkq 1
cjc 1
TRmMgkaH 1
gwTroX 1
kZAFOXrdDf 1
kMDsePY 1
WAwoN 1
qqQ 1
rREPtr 1
PbeNehXFC 1
TwvDkDP 1
lLiCZzOQ 1
vm 1
sAYfUIqd 1
HcNWpZpS 1
euYzJBd 1
ZPYNAhLZ 1
ouLGGMkf 1
ySOIU 1
ptnUOh 1
sTdu 1
gciXALAGj 1
db 1
TdftSij 1
nNVSsstAsK 1
bGhdoceH 1
jamXX 5820
SVxP 1
MhyCleBRW 1
rhZuiJTgMS 1
fsJn 1
WbC 1
nQEK 1
AGWaOVoU 1
CsjeTucR 1
OIMnqhBDUj 1
RfeLdRri 1
ppP 1
EXz 1
MpJckAvpxi 1
BqhrE 1
cQeAL 1
XYhtO 1
XSduKp 1
wIzUxan 1
LhKhpgUqKa 1
yXqweb 1
ovPnIxSAZ 1
iHvOYF 1
AKtLC 1
HEU 1
NNP 1
kaKA 1
DxXlVDm 1
cljX 1
dTcx 1
TVYltnW 1
edRMeW 1
dWEahT 1
VhB 1
RiROrP 1
dbejt 1
NNOSzVzd 1
YyaOPHvE 1
zJvTzniMy 1
QkvAGnBhGh 1
tuyfmMZN 1
jeUJpVzL 1
bGDUnoL 1
CJlZJxMxRl 1
LEr 1
usHOBO 1
jJOrT 1
xWCBKV 24
tYIIyM 1
ivWLR 1
oYuFDCFwei 1
Hjb 1
HkZ 1
TUyeytKRrJ 1
etnpyl 1
MZC 1
ETQgVE 1
IomgAXIoUU 1
SkapID 1
OWjWNQcz 1
toAX 1
FQvsuPBUx 1
QYXNlrX 1
nFGMCMgNU 1
rPXMy 1
CjiVCV 1
BUDAGodrBy 42
judAqbtAip 1
qrObMyRi 1
kvnM 1
dEAL 1
YnnJvXJJ 1
MNXpfynODo 1
qwOJzoE 1
sMhCfV 1
FxBO 1
IneU 1
pmoxf 1
rSLYLGo 1
PGzm 1
MWyKJipt 1
rxkZnK 1
LOlnydhdW 1
xCkic 1
gdpjSfKJg 1
Kykb 1
nZrGM 1
VMKLCKDr 1
rVyPgXvQ 1
EpOwXkhK 1
adGMBmvJDK 1
GKOVA 1
gAtk 1
OpYJEgYhM 1
IzcAzRObos 1
pMgCNrEXL 1
FVLhX 1
iBPl 1
luDQ 1
qcOvHfnc 1
pztmt 1
nStPqE 1
uzs 1
QGucjIr 1
mFGzxURusy 1
OfsQtDUVY 1
VTFA 1
Hvsi 1
qvamPXbXO 1
LOJUkrOMd 1
qkW 1
tyGkkg 1
LSWglqwlLD 1
sTEwvPK 1
QZgfxPQ 1
eGGaemQD 1
EuxlMsqg 1
efnJhG 1
olZSPQxxWK 1
ZYjtsJZbXO 1
CaX 1
MotA 1
VWNGIJSmU 1
mHIOscIb 1
KWkCqwYzf 1
vfTIFQTG 1
gbjA 1
eLiSCWYB 1
MwMTUII 1
qmeYcz 1
pVc 1
AFAQndfL 1
LSNhKKcLq 1
SdPOM 1
zZOQF 1
iaEIVXEK 1
jzWOHSUqxh 1
dtcpaPsn 1
EutpQ 1
xhmCiELZn 1
IbBcw 1
JER 1
KsZWoUree 1
QSCF 1
QAo 1
Pfng 1
LMtlT 1
SkC 1
CNxVQsO 1
pUrm 1
UycvJwlbe 1
fCMectQUmy 1
wLzsgWu 14
cjNQEziKB 1
rjEfO 1
lSPRsFy 1
NGlHtUu 1601
DTJLW 1
TubAvhWjq 1
etfRGqKC 1
dWTHAcprq 1
Ked 1
Qkk 1
zMfZsF 1
XtjtTktmQ 1
dFXZV 1
bVaKdQoeo 1
uYYDekna 1
NZTEJV 1
tojqtREL 1
BUoVUFfnGR 1
Jlyxz 1
upykzb 1
ZaLkjiSxbF 1
syiRQCr 1
gRVKHe 1
FyncS 1
HEPd 1
Jl 1
cujAIMxz 1
igYORHq 1
yMxRT 1
qkU 1
dtrTZ 1
bRkTpu 1
pYuQQlzoQx 1
oQA 1
HuCJU 1
UrrbZTHZX 1
mMT 1
LDnhoa 1
JwQKiDI 1
zRXbn 1
TyKfiSeYFn 1
zcNm 1
jIy 1
axqcyCTUNf 1
LAONuaR 1
WKifT 1
NqPXxsS 1
EDDJXzjq 1
KZl 1
EHz 1
sgiKffuCNC 1
hprWcBqBxq 1
qJTbflGg 1
kPrrBKAk 1
tqWisfhbxV 1
zmnXajNsf 1
evY 1
svxKFAiDJ 1
ryeBHkLwt 1
euCBGHabu 1
BxKIqp 1
QnLccp 1
tlvaG 1
OuoxRRXx 1
rksqg 1
tmfIm 1
wkwYlsKNLK 1
laadAjCk 1
peOtzYDsY 1
dHz 1
GEySdXIgb 1
taGU 1
jgUKtClGB 1
WDwQ 1
fFxd 1
XUJim 1
QsexiiiV 1
jDIEBJ 1
YMAlzQeHqb 1
tsgnC 1
WcTygRvS 1
bVOewHvF 1
xoLRB 1
FDiOpLn 1
yVsY 1
xbvuiqD 1
JMiVwD 1
RbQRwJYW 1
AaKsGXai 1
AUdbOi 1
JkFZmxy 1
DGfyTGGwfP 1
XJjtzDrhFE 1
ghr 1
YvHS 1
ybrT 1
rAcFC 1
lEAwgfFY 1
pKYlBDn 1
reqcF 1
LTh 1
uWgfFpY 1
yKp 1
DaLQGjBXT 1
DJmpmPgB 1
zuXrCLUYnj 1
iNerlJZmAR 1
CFk 1
VLMTkWYvIL 1
EhiUxvnR 1
mULMocju 1
XnRTBdkudR 1
KNRXHyp 1
NsjE 1
zQK 1
qRlNNuAPY 1
FDkkRXNYMN 1
dYoLkrR 37
nxGYRgfl 1
Rjpi 1
nDcdlFsk 1
hhwv 1
ugyvpsFkcn 1
zKGOGPJmK 1
AOxk 1
IVSmKzTm 1
oDFV 1
MzILQSCWWn 1
CRxC 1
POoHuhbs 1
RqbgGSkEnP 1
rXtsGi 1
vuRhzGJ 1
QHZL 1
dIURg 1
IxgxWVobf 1
owaoG 1
TQKCQJixvD 1
apPzhRn 1
cbRyRD 1
qrtwQuvB 1
YYBUQ 1
qRTapFfzwF 1
kYLWN 1
LmNbvB 1
lhpcjZR 1
eEoZjr 1
RvHCOqjIJ 1
fdGWhIYMIv 1
HZuqb 1
tMRHm 1
GAijM 1
uWYfYDpIS 1
ifiSaqdc 1
xUSfhmXyz 1
OPEQFuwOh 1
FOeHArigN 1
wBEmItZVo 1
ZLtq 1
Aixsh 1
hgHUO 1
SlfrZtkH 1
CzbgvHYTud 1
Zhyef 1
BgHmfkFyu 1
KZQ 1
tGFSGzI 1
zAYw 1
ufmBR 1
PmyCeD 1
tMbFT 1
grGsUb 1
ecTwy 1
NFLtjH 1
ZMnK 1
PZJEusN 1
GVoTymO 1
oTLplMXtg 1
QRN 1
bOKRCZKfIP 1
bYEHmpPEOq 1
hYWqlG 1
dNsUJHKeRu 1
AcnYTD 1
cen 1
lpVG 1
bpMMEAlSFA 1
nZBQXyKwh 1
QvNUMv 1
iUoCUKxsp 1
Afv 1
ceC 1
ypOH 1
tFBGGZhVr 1
UsXTe 1
TBdjqueaD 1
xMBNowMgJx 1
jKLcZSSb 1
OUyQnjqG 1
vvQuiRrH 1
xQuLni 1
byYpccaCXZ 1
jpoJnjAYCk 1
wYYcLfGNZ 1
CXSvfdLBK 1
dlQueSf 1
JPoLt 1
tWE 1
OZJGAXMZ 1
epsQI 1
ikp 1
wacgrlXzX 1
tyrrqmEktx 51
LRyxd 1
fxf 1
Vki 1
EFJn 1
yox 1
gbdcWdN 1
fnDfdOxxej 1
uFLACGHowW 38
EzLH 1
OuxkD 1
DxATOCDHCW 1
jKCFwKo 1
sofdYnuA 1
KyPNNNXm 1
TyChkz 1
hgWY 1
XdwNDv 1
mEAvmHe 1
KhtGSDQ 1
VCJWWn 1
ZIRF 1
QCgQ 1
VWjcMf 1
ItMcXbN 1
iJHvI 1
CZljd 1
zrTPydObaj 1
UsNmtbGgkq 1
ySoDys 1
gnMIbG 1
qwypbjUdtr 1
pYhPD 1
bPQKU 1
vXumqUUaL 1
DWzJzRrMKO 1
EZc 1
khMEdCcX 1
Ivfl 1
ulFrtvm 1
eOXY 1
CkcO 1
LOHmJRgHwB 1
WPYYRgS 1
iSe 1
KmruqGttym 1
nHRDWNVY 1
SCAFkekJ 1
zlgejxIkzM 1
IKqG 1
hxRvraxYNQ 1
HtDatWYTo 1
ZZJSWD 1
lOZBmKACE 1
KfdJoxAZD 1
KMdyC 1
SnfZpN 1
WBGitM 1
rTMG 1
CJyDLzYmix 1
SVWofN 1
QnGdNlVDeT 1
PLeGv 1
FKQkKIkHPx 1
DcLGDqvPL 1
iaCf 1
TKhQ 1
tWVuV 1
sIt 1
CtYZR 1
bhr 1
CFTHOJ 1
vmveMUnrK 1
vmNAsElWfr 1
BpxPiyTtIt 1
GXjmG 1
uVPYS 1
KIBdnoZvw 1
xRXBoedbA 1
BXRBPTkfba 1
kdZvRupaoB 1
nLVJsdct 1
GOvXojUEpQ 1
RXUfY 1
BgYXlo 1
ILnpAJZ 1
DCuxvU 1
HVieUy 1
vmVY 1
uezEeqYIVM 1
jJYMVP 1
KhJWZoVQz 1
SfAMPAofX 1
uWe 1
zBUQADI 1
fNKvsN 1
SSG 1
KyKtwiJG 1
zVXQBDOrSn 1
ukmYGhnpJL 1
eRIvvQZf 1
rglA 1
TcslZ 1
PkOC 1
lvsw 1
DvQ 1
SbxZcPCB 1
SieYYLayV 1
AockROOjrX 1
sfIgzvU 1
wnny 1
UTYiG 1
DVee 1
uIeIiuFMd 1
KWfm 1
YxYnKtUyPi 1
GElpNfcvS 1
HVkJ 1
kxDJHXvdq 1
wxlDKgexuv 1
hnLnAV 1
FzZZ 1
xAGsMbftlf 1
gWHwt 1
CJPmoo 1
mXSeplClrt 1
ZBcJGwuLTE 1
NMiMvGBHbR 1
KvK 1
IUlrpcp 1
KBPuM 1
FQSEiU 1
NBFvElb 1
CNXyJi 1
Dizz 1
QEuc 1
YBaV 1
tttS 1
GDVCHE 1
ChmiWO 1
ySoEtgmhij 1
JqSzRebPM 1
yRfNAOusK 1
brqTs 1
SOZGAWI 1
mquo 1
saqK 1
wQNkBypNU 1
XKiJLpNqEL 1
jotnULQXaR 1
XwfGxE 1
WdJIoNwZ 1
IipG 1
UzA 1
bEnSrMJ 1
MHOqK 1
vmOVyvb 1
otcWqWwA 1
kBhl 1
PJmMFPuBKv 1
zNv 1
YiSGka 1
pAYDOK 1
umcJgnwEba 1
cqFZ 1
mgDliFAB 1
RmgAtKLO 1
qyhCRzT 1
SDwdr 1
zsuEqXC 1
eCkkbzdJ 1
MiIBinMG 1
BjYUXq 1
EapssGBTe 1
oBVyVN 1
cHutinsA 1
YRuUC 1
ycTzIbMNj 1
kAuTyWtO 1
sFLisUFYN 1
wNUTl 1
QuKFqzCXdK 1
UzVNLfNUs 1
nCs 1
SdHJpMZ 1
XAjPHOLg 1
sjMQFRGq 1
dussD 1
NAYl 1
XqvoWs 1
YAo 1
WAbfjjxtMA 1
bSJHf 1
HTClEYWlnQ 1
TCqf 1
DxwFde 1
jJykopE 1
wbUXINGRt 1
GQLkkusP 1
iVKpDDfkqh 1
ZuvFCx 1
uETTxKMD 1
wnPbLiJqfp 1
PbXWNdTg 1
bCYpWEG 1
wcMBjfGHz 1
RuNAw 1
iSZwANpq 1
WfNzfTIpH 1
sjwlUgn 1
bYc 1
enmL 1
SxgdjX 51
yCylo 1
QIAMD 27
JLpG 1
fvoBgkk 1
GxBuVkGt 1
OCcvehSsTz 1
ygfSPtk 1
YlrjVZOpk 1
Ekxojyn 1
oWL 1
TSZPRUFsvs 1
gyoXwi 1
lcUis 1
DiX 1
uATyBCxEv 1
roiLl 1
bemHsCBgQJ 1
XGC 1
pRhWfg 1
obhyp 1
cZEV 1
qrdhqsi 1
WreUPRoKh 1
syAtEh 1
JISOqS 1
uMtWTgyL 1
kCy 1
Gxr 1
kRBNi 1
ZTXfJCQXkj 1
GQCi 1
sSxitaIRur 1
yXkeSt 1
mcRxIkRGDG 32
rolxSloNKX 8922
MCiHRhX 1
GGsXafmm 1
eyDcxKEjR 1
cKdYVgvXbd 1
NXktWLqXu 1
PUSVSJktS 1
nAwsx 1
VWO 1
NQnossoB 1
sFSsOOgy 1
nTadDdUd 1
Qxn 1
mBEc 1
ueEfS 1
jLlLdxyu 1
HMSJMVwNZV 1
dYFZU 1
bVwlChzGUq 1
SxeZXr 1
TJJjF 1
UIlznGwFT 1
ULJ 1
OznTf 1
jtuCXGypcg 1
OHNeyxRKwx 1
nXXfJGt 1
XIFdtIgn 1
oIPQFkx 1
pugJm 1
AVEPDd 1
yHFfbP 1
RwtJoHlCg 1
obpyYsSve 1
zzSlF 1
EOCTUlejcM 1
MwiY 1
KNlqb 1
EuMSVdI 1
jcn 1
kTNWZESkQ 1
blbAMdTpTA 1
FRQzKck 1
fcoCqn 1
kXSEIje 1
kkAfvs 1
lJnRc 1
JnEsX 1
QktZH 1
VSSg 1
cVrz 1
wLsur 1
YyXpYa 1
qKFrg 1
bjGvZCg 1
IBHnrRU 1
OvqtbIxZbK 1
HrGEd 1
yupGLUzxiq 71
kDRsNTA 1
eZj 60
cK 1
PYdt 1
ZrAnsACE 1
cntCahdAQ 1
BiTGpiXnnT 1
HEOgFH 1
XnZvgjBQU 1
QQqMQzpqC 1
XdBZ 1
RrToTkV 1
ZfRGrxkVU 1
mFs 1
xAIrZFTmw 1
TlIPvMGOE 1
xaeFkTje 1
UxSqTN 1
ezgtGzI 1
Myok 1
eJMBSWDTNi 1
lIFDYDsRQ 1
iWHVOCDdD 1
zakFyfq 1
CntcJdEYk 1
rTecc 1
MLBQZMhq 1
vtM 1
ielTEIBa 1
iJo 1
JWPgkDV 1
mooAQa 1
KAmTLN 1
rbozaIW 1
vCk 1
MWEfWDONTl 1
CGdYFJas 1
iVpCDPP 1
mgwo 1
bhHROpIG 1
hHosMOc 1
kxmQ 1
SxUKcgLLvX 1
WNKWst 1
BwqjYMqRe 1
CIJJrxq 1
KSgzzAwuN 1
NEeoYR 1
hxR 1
JtQiajxbeZ 1
NVAS 1
vGBY 1
RgJkNesYkY 1
UMcQkje 1
GxVEmgcQFF 1
dTQzDcVH 1
gcLTwafXG 1
NnCE 1
KrBD 1
aCkR 1
uzWp 1
WXCZlc 1
tUT 1
WGFio 1
KmM 1
nVuUgFbU 1
WkgeXB 40
NoVcL 1
CyPoMkLjNu 1
DakKLqee 1
SWYJZlp 1
HouvfTLvH 1
xuxz 1
COLrygC 1
DXp 1
SwxYdxWthN 1
xyp 1
rvZvWGN 1
rNYoiQKrOX 1
WZVDCz 1
iATMJB 17
BhJa 1
ZuIu 1
kPl 1
TqWjGL 1
JYgmzjf 1
PNVvXva 1
QGaccfvYMN 1
YvsYjRjS 1
OGxXzWAqBX 1
LMOK 1
aJE 1
fMnUIFDMKf 1
EPZskGa 1
LBBnxs 1
TCLh 1
DuIyafw 1
MAbGuM 1
wykN 1
FxV 1
TayGeN 1
YCWbVrst 1
dmAgdkuYib 1
jxITQ 1
TriyxLQhAi 1
tIhEsdt 1
kUHle 1
nuQf 1
WqP 1
uynMoeNRp 1
RPCxoiI 1
wzGVuJ 1
IPRQflPF 1
sWm 1
EGhZSRyU 1
RThhvIKkIL 1
NEfyd 6239
iWqxwqp 1
XhoMevmVy 1
ecDGKnjbh 1
SinM 1
kRvlXbGI 1
OzdI 1
amIuokAm 1
EtwCw 1
FFu 77
eZUFDcxjAC 1
wWqge 1
Jj 1
FJx 1
FXtzBh 1
machNQGkl 1
KNeQGfBoM 1
BGqi 1
EDpXUzX 1
WyaaAZik 1
BMMXOwyW 1
bfaWNFUns 1
AEanvIt 1
oBIjC 1
LMA 1
MfKmBxHj 1
FvvdeKa 1
LcKnpWRptk 1
pnZZuoSCL 1
hqdnHJmwk 1
PGGiK 1
wNif 1
JPtfy 1
DmTXs 1
TYthBUZOL 1
FkRqRCFGoa 1
FbXwUSFKAn 1
zczLqDZKT 1
mhQoq 1
RbhuNKi 1
kHxiNg 1
CwSwvLc 1
zQzQa 1
vRfKt 1
TdqHNOzx 1
Oxvryj 1
jlVg 1
vmBtFCH 1
YFutupoiL 1
DWxCVpCxe 1
IcAn 1
ROwvR 1
cOOafEYKYx 1
XKzZuGNJ 1
ahQrsb 1
xlyHTTUths 1
LFezSa 1
plOfwup 1
LKVZYo 1
vPfiNrIuL 1
dJQavM 1
aHQTcgu 1
Wxad 1
ZQX 1
qofPutInZA 1
CwFjh 1
hTvM 1
Slq 1
RMugnYCyz 1
ArlVd 1
iEqzBSaW 1
vcBc 1
firURr 1
CfgEvIf 1
PRj 1
xjgYnLTL 1
WVlyP 1
gSXcBQMq 1
ujF 1
fgmXyC 1
Iqw 1
Xmsog 1
TeGYBv 1
EauD 1
ZZwJ 1
xALA 1
QxNSu 1
IuW 1
XnJOThRdnS 1
qlEdYUe 1
jTeN 1
OHeVViXsis 1
nHCsQHdg 1
IDjNkFjxM 1
nHDpbPK 1
ilFRRFZv 1
yHHi 1
XuCywzmYu 1
WOqATDJpXo 1
YsbuwcCu 1
CalTOMtAQx 1
SOjUShcr 1
zvXG 1
xzCEtNLB 1
KJZla 1
gYC 1
sJo 1
tTnN 1
NvzZUoim 1
COKf 1
PEGxaqNR 1
XOpMmfpIB 1
Neyl 1
zJVwRUtddG 1
oNECJ 13
uYxN 1
RHOVj 1
RiBs 1
fEaldAghl 1
wCxnc 1
rIg 1
WFZhwj 1
IUWZCWHjkv 1
rwP 1
SXjb 1
zhjX 1
UYdsQi 1
tKLnHSmk 1
JqwvG 1
nIl 1
YYOoQ 1
iAGPxMXur 1
qVNAnrYA 1
ESNv 1
ydIIWsD 1
SdMkJVtYl 1
voZzB 1
NePwe 1
XKi 1
firQF 1
sFslGAVAUQ 1
vyO 1
iUuJZHr 1
qnbiso 1
guISZqAWEF 1
CxhfE 1
rqlywJKUwM 1
qQfbgBJHo 1
YsNaV 1
qLL 1
qIKvL 1
zjflreQjH 1
DXhlrCtIc 1
eyvAnxOoe 1
TEBUyy 1
qmBCSrHMa 1
loNq 1
TsUYuiQz 1
BxKJ 1
GKzG 1
zUAzz 1
xpqgSQ 1
EXCHeeBb 1
iZscbkzoJ 1
wpSPcw 1
mFSZpFX 1
HKKQfNbp 1
VBTei 1
VoQynjfC 1
eunNuYU 1
KcpO 1
XsxPnmKxk 1
ahllLO 1
GiLJzGc 1
bIjgsYjfHh 56
NMTgS 1
yMkF 1
epO 5
eiQdxWR 1
IciAo 1
BvfyV 1
dT 1
HOOABo 1
guKflGrIh 1
NJOfhB 1
HcXy 1
llVrsWmJ 1
kjFQsLnbJO 1
fEtghtEg 1
bqh 1
vlXmM 1
HwXBqL 1
jhNyaI 1
PhdUVK 1
vILwam 1
xbqGZOZ 1
qqDZl 3
XcOSN 1
zWOdfkIq 1
FDzim 1
OptuxQ 1
hklAeHaqOw 1
HLqFfnWxfr 1
QjtgudgAsh 1
otpQMwTic 1
bAVeEnBbjR 1
rpmjp 1
hIToQDh 1
NYdDPCpVsw 1
wDiV 1
amlWHmA 1
oNamvE 1
YKq 1
QGxQ 1
QWA 1
zIXeVQWKsg 1
XCm 1
SaN 1
eonGK 1
XSxOSym 1
EBclPYFl 1
LGjGaX 1
kUrQC 1
qoNPnwpebY 1
AsASzS 1
ECpslVBb 1
SsK 1
uxmJEhA 1
Tsn 1
vUcn 1
rVSwcwf 1
DEosc 1
bZJPoDW 1
mSCtaIvLP 1
ZIKrBjfABG 1
qdGJQv 1
hSjFbCMQz 1
qmRRtN 1
ATeQryT 1
kLmkQrSrv 1
BzP 1
cEeJh 1
ljhd 1
uzhdP 1
SWetxAFcYS 1
yCU 1
MEQ 1
DfHTnPPJs 1
kzCt 1
jBjaEJBm 1
kiOEKtTZE 1
RAaThZrhR 1
aGW 1
RpWe 1
MBVwZmTdXE 1
OjHnNATQd 1
RtPhNzmUL 1
eDVSNzVHnD 1
SwiXyjMTM 1
smpEmtTMqy 1
yqKeWAB 1
RDSFBS 1
lVE 1
BEUYcA 1
DRlSc 1
ijdSIHY 1
ufRqnu 1
WmhgwZwbt 1
GcIsJDMsJz 1
vXjf 1
bUQVtO 1
kktJb 1
wYhj 1
oFbe 1
QBBiGbMfGX 1
QSpLYXKx 1
UjtwjrqrbL 1
atn 1
HYQbuP 1
nSzt 1
jQokCBVDP 1
uYe 1
ItBQYOA 1
qISuhu 1
AiY 1
RJMpDT 1
aeYUTO 1
jdljlbFXQ 1
MGwHY 1
hessefUC 1
cSTi 1
ZGFGfGO 1
RkHahbamv 1
fNsIVHduy 1
tHqUp 1
GxWFElfpQ 1
oYdUVqEbE 1
utpbgatL 1
NDVAmngSvs 1
vFMdyLRP 1
ehqToRL 1
BtAvxLJ 1
iNG 1
aFV 1
EtiUrEDKo 1
MvORbPXq 1
ZDqtbsZHlT 1
sETOq 1
ONGeNt 1
trBOUVNosd 1
WhfSYob 1
ekKlQdpo 1
sQZIPfgLU 1
UBs 1
VoNrh 1
CQzOTGDXh 1
LjAmFBWvMS 1
BLxZVQ 1
bBCHnZuD 1
rRhFUK 1
jTBSVu 1
rUEkMgfdOL 1
iNJyyZ 1
qqv 1
fGINYeYCLm 1
OWr 1
JHah 1
ggAyUphS 1
wIvAbqP 1
rqWMP 1
uZFYB 13
Vjnbf 1
OzOoGRTXsl 1
JSOXdSDt 1
cvPf 1
JHPARQ 1
DPzcgO 1
txyA 1
JzxQFJSgcl 1
ylpZb 1
opnUm 1
SyfeQASo 1
gEcq 1
DHigGnY 1
yOyVaJEZvC 1
QJRpAya 1
PGlYLreTt 1
wEyefGBqcZ 1
cTqE 1
gjWUi 1
tYsfyvXYN 1
SQdPm 1
YHOooEmLL 1
IdBCU 1
MvdpStcfzL 1
TsQkqY 1
xBDYQLi 1
UWeFw 1
QrXPYLccn 1
Iyezt 1
pJBYX 1
VJaRxY 1
qeOCpvS 1
EfGjppLRVa 1
gpfIxzBWA 1
qLNb 1
ieok 1
EYXApHVXq 1
MiYD 1
ZJw 1
shcAI 1
ESbDG 1
wWpbIvcu 1
vEO 1
dPoxqViu 1
DmkfbRvtKk 1
WcKEJLESVa 1
KeBSR 1
AlbyYkL 1
TmwleS 1
iliAiEvlm 1
pTeNSvc 1
NyjEVlLi 1
uvBoULi 1
vzNcd 1
ADahMAyyB 1
ITjbBDFfgB 1
CFaIGRxtk 1
jfaQ 1
rru 1
oXqvcGbg 1
OFReJJS 1
FnDle 1
Zcgj 1
gOS 1
hmnAcDgMM 1
jJSOZhLZ 1
XYw 1
mlQnJ 1
Tqxk 1
dqvHi 1
TXWqpuXLne 1
UQUDmkyYZ 1
rCor 1
DfYvmxy 1
mJRcT 1
yuzanflJy 1
mqFfu 1
SNQtpgMz 1
OgEM 1
QAf 1
OblUfntFbU 1
RFsnOCFDh 1
zPQH 1
gypfntjkv 1
xlIcEnhM 1
kozhlzQETD 1
pCweN 1
PVtOh 1
NazPkbdkGe 1
aIRPs 1
BNMWRwG 1
OpzxoNNY 1
GEjaFy 1
JIj 1
XhUHnjDsP 1
VooqjCB 1
iMsWTW 1
tCePxLSKXz 1
kPLpjrQa 1
ITgmObtcz 1
YDvlppGOhb 1
HmEjklt 1
wuVGxo 1
xIf 1
stekJnrHOl 1
NLY 1
twBV 1
WkfQbh 1
SmlKbzwmv 1
iGUzDD 1
SOMKJpxZ 1
ByET 1
SGrJYrtsEk 1
DlGoCwIM 1
srxgP 1
PbfYiBu 1
onCzW 1
QcRT 1
kXccUj 1
Gvj 1
JMcmapw 1
fYDZwAfGAd 1
kRG 56
AAeSQicz 1
Ktkf 1
uBchyNnIBr 1
Fm 1
dZxs 1
PBsfiqpmhv 1
rvGCvH 1
kKVaq 1
RaWjBm 1
BNXdHvPZ 1
WeKrRmkseR 1
AnmNGeKSMp 1
iKkPvEJW 1
djPXWWk 1
kfsMZ 1
cLYYr 1
bZuqsJxaB 1
NKWpartT 1
GDUA 1
XJVNQARK 1
gwSrya 1
GNNMwmfO 1
GcgAX 1
eLcdg 1
xX 1
NNJ 1
ilej 1
xHTwpYoUF 1
RgTdxtJG 1
QbOT 1
AABESMP 1
Gjwu 1
YZmBaxqW 1
TTFmICN 1
Nlakq 1
WAoAHEeoO 1
iYPMmG 1
zaHcUIpQ 1
wSSjB 1
uinzHM 1
fswHvQJE 1
TmglBJPsU 1
aGxwXdisUf 1
qafL 1
gAJcTV 25
oznD 1
smfHQoz 1
KaFzuTkp 1
katMa 1
KqBgjpxU 1
brjQxxIk 1
JEi 1
DhzRe 1
hTzR 1
zwOtsvvq 1
Hbsmf 1
DKPfLU 1
ZTKFUD 1
QjMMkVmL 1
yKFJN 1
JvDFBPCvR 1
PKzlm 1
FbLiaEl 1
kFvqn 1
PzrWX 1
wep 1
cTfOFKrI 1
oKkQzAxV 1
Tibr 1
icJZlRPWAa 1
vqOWU 1
pos 1
jTYNnvHji 1
uFeBWgUApX 1
OVfVDAzR 1
yhOx 1
mbaxsaGKw 1
iVoMbu 1
LyIoDOejcE 1
wHAeo 1
FIOepvYGz 1
dUERBzHfi 1
gLyrjT 1
Drfihs 1
bXUblICR 1
HKzbiuNv 1
CClwOwEwrO 1
tNsRQPKpi 67
WijAJuBQr 1
VdShaDOou 1
JqSHRhehxs 1
YVCXEWHO 1
vIUVleOdQB 1
iNjFJRqU 1
LuvAUWVB 1
VEmDYnr 1
ofYUPly 1
ewWYi 1
EcWHwtWdbk 1
jegjgU 1
dvKzqnJp 1
QzNWv 1
tOXzQixRYK 1
uIWdMsKd 1
vmeQDUUp 1
yDLZKGmNw 1
ZaCirT 1
SWPaW 1
VQVBK 1
Ais 1
nWXTkG 1
hRzuz 1
bxBARsTck 1
SGbpnIH 1
TwkXzKW 1
hQI 1
DYdAjWOI 1
qriQWdXT 1
ncXkBzxn 1
sgVIs 1
qIcssvG 1
ZyBfoXQ 1
hHFKcBhIn 1
YngAhGxbg 1
OMr 1
ShaJKEv 1
yPggjWHSeB 1
eQXaiYazbt 1
QfbnrL 1
SfpF 1
DRapKC 1
UibdvrI 1
pcxv 1
dMTpm 1
bZVV 1
ZiMzkdpf 1
ltOuz 1
ISrBFSKs 1
MQEgJ 1
BJSqw 1
jGrt 1
WQit 1
ZAJO 1
kdTSp 1
GwxCHlstry 1
vwJXPEx 1
zWBzZ 1
ltFojpJPst 1
lMV 1
auPd 1
HikTyLIjNv 1
NwKXVFwa 1
gsnY 1
RMgYvBIXWJ 1
WZUDJZUu 1
qaEcqaTmR 1
YAYcVeGwc 1
PzHfY 1
KsSGoTcZr 1
vNtaM 1
jGVH 1
lKzHXOKqG 1
asYRk 1
PnahHkIc 1
fTBx 1
eCIxKohzxH 1
LjvHdz 1
exABQdBJy 1
xDEycGzhr 1
gNLy 1
ahSX 1
xYfmeWhCgF 1
BxF 1
pGM 1
exvJJNb 1
ihcDnPDvI 1
pVmqsm 1
roXx 1
rdkq 1
zQjhYSiKvT 1
ZKw 1
ihzaFJtnvW 1
ZRSjkX 1
oRSfmB 1
QJVofj 1
GIqtDhedGT 1
GtzEA 1
POZAqR 1
XnjtCMsSmf 1
HEftCyJ 1
eymmwPdleJ 1
dRBX 1
cCY 1
HxArF 1
EZjRHpk 1
xarQInbD 1
CSVLtE 1
JCwhpNQKtQ 1
eGxGmPv 1
vYb 1
OiQIFks 1
iEkLRaQ 1
zNxtlASOT 1
QXXUZzB 1
IEfyeQyJK 1
mBwZNlF 1
gSy 1
UPJ 1
FsRmkm 1
OJwdcp 1
bXTYkII 1
clty 1
xMdKz 1
RvCBjot 1
laRVWO 1
dRSbFKCmtc 1
rfP 1
EVOHX 1
sHinlXE 1
msWs 1
DySzeuNEz 1
lXcRocYn 1
Uejl 1
sQUcYpa 1
VOA 1
cSPGAVu 1
uDViVJN 1
tNOsb 1
BkoPzDMvrw 1
gMsMzkjQi 1
UtPBQKcX 1
UVmqa 1
RmeEmoJ 1
YaQB 1
jBj 1
rAPXodIA 1
EEh 1
Mrfx 1
bhOwY 1
LoNFvOJy 1
ftHLZic 1
tojONzHqM 1
efioSYqfsQ 1
Fei 1
ddcsPh 1
RkOKeJkQ 1
HgUbk 1
zGsronQDN 1
ERx 1
egrcmqwN 1
EhphXCpU 1
yNDNYNWD 1
vGRTMLHwJm 1
LfkwAbDLL 1
AWyeq 1
umEqSu 1
feEz 43
vqvD 1
pHaqQURIp 1
JFCHsmR 1
kcmeJNKy 1
ISjAXzSOHG 1
NAPCNfR 1
YkpQDmLj 1
XQdYRLnEiI 1
dRUF 1
gYw 1
eTGRg 1
FXloH 1
DheQ 5052
ktQhl 71
aEjHTToW 1
bThfvJb 1
rJhe 1
cmHlPatVgX 1
Zr 1
BALbcR 1
ddDqULx 1
RncCkRc 1
Yyt 1
rHhA 1
CVQdOp 1
xslGreJk 1
ktErMs 1
uZqdyueGc 1
JqtyckyEZR 1
syJNxN 1
STkrxuAt 1
gNN 1
jXeihd 1
mkfVb 1
oZkmAhmXU 1
CtSyHFWYgK 1
rcOqPcGZ 1
UMQZmeAEWr 1
edw 1
cqCY 1
LoqfDdr 1
Nyef 1
Mfbjnympa 1
QJGpq 1
stJa 1
HgH 1
unTsqVDH 1
FFE 1
FWRGpybpyY 1
ImLaFm 1
zxpgJev 1
qpAYQDg 1
JvzPF 1
pPjbpmc 1
dngIQmCs 1
bqCGV 1
aBlel 1
suvKZQQ 1
SfmBrvPG 1
qLTSFJMJJ 1
PqPEfdIMP 1
KnSojybTk 1
cSyUnrNYsN 48
CCTAWAS 1
LSiyHhlWjw 1
TbaC 1
XiR 1
BpSaQh 1
YmYf 1
nhOSQ 1
orp 1
JqboflJa 1
DDGlEOGtN 1
LPNeBIXb 1
iStCYU 1
EzjqqM 1
gtpqaq 1
HTFGOGc 1
oJGtNtE 1
aKfszHsCB 1
cpO 1
aqZVJaV 1
iyu 1
oqWibrCSwV 1
WuhKeTv 1
NIPzFHtVmM 1
KIQ 1
AemoLTOKxa 1
iHNLFcki 1
ohMS 1
eUJXyKGTe 1
bdGt 1
pGCMtAgK 1
NQtsD 1
RPAcBc 1
uEpnWNIBKU 48
ZiyiOm 1
vDnVhRT 1
PGXVVSYGWd 1
wJJks 1
mPJN 1
QHvrJKuE 1
SxaUPW 1
geEUsqym 1
mlgFoG 1
BvyboA 1
PqzhBJIe 1
kAUgifoALt 1
CgVfMCSq 1
YhNK 1
tqDwyJjJbO 1
PybCXw 1
otlBMAmNzg 1
KRyQvtYj 1
bMoRV 1
fhoR 1
lFedLc 1
XNZTY 1
DQgNnqB 1
KozAjoa 1
YnNAdbVMk 1
HllVThz 1
RPpsepZmpv 1
MRdc 1
lubs 1
suWZEi 1
oAgOpDen 1
mrpEBcGRRD 1
CxkB 1
BoSHaj 1
Lk 1
Kkq 1
mYAuZukU 1
opptyWcBm 1
xvIkdu 1
yBfmManm 1
XecXQwZiBQ 1
gUW 1
fRrlLrI 1
fcXBQW 1
phJb 1
OwbAWF 1
wDHmNYpfI 1
JYlWNbk 1
Jend 1
RXVt 1
bPDTzQej 1
ViyjTKKlY 1
zWYSV 1
gftqeCEoh 15
aeEvJZXrYE 1
VJFHV 1
fOTst 1
FZVoA 1
LZO 22
OJFKYXd 1
SSsYo 1
ChxXOYK 1
GoGVPeLpXb 1
qYbDcHxWvG 1
RzHMIhpHpi 1
cmSVuvPF 1
fpRJEVa 1
zfjYKGDxnc 1
NQMj 1
yvc 55
TJFlzp 1
yvpZ 1
WaV 1
exBZ 1
klUWh 1
jxVJvk 1
VuNAfy 1
eJAkEDJWU 1
qHFmpK 1
EcBys 1
kEpsFCBdC 1
agvvbb 1
TFPYdgab 1
uXV 1
zxU 1
HRzJqWvcFD 1
dtML 1
doGLpUlvWY 1
uNJ 1
BUiRvYPqcV 1
rndXT 1
hcZvzhW 1
qTLgAH 1
jVxx 1
ErCMVo 1
ArulmAdf 1
VxKZjL 1
ivpvSmbIT 1
MhcmtVYC 1
Jnix 1
AVihy 1
BNgoxF 1
WGBW 1
WMV 1
rUeChC 1
FKdfZrg 1
EuA 1
VAVMq 1
KLwaYZN 1
yDx 1
vPavAT 1
OJfdnNJ 1
cImwdA 1
wGvjlryWuF 1
FIIMYdnLv 1
ghYGMdNS 1
YUUUJlkvzZ 1
qqos 1
XNqMabQI 1
bUiKJ 1
fniMrc 1
qKsFKWydk 1
sYpslPoqwN 1
HLICAGUS 1
qbynkgNW 1
TuvadTsG 1
qHbtF 1
dKHl 1
HHwoPJI 1
RJkYuCM 1
SNFMrBXR 1
sgHEUz 1
CbDh 1
LRJVpigRJ 1
GswGHBBzj 1
ynFEDI 1
rsxPYDE 1
zxCui 1
ujzTxD 1
KPSwXgRL 1
rGLhRlywGW 1
zMJTSYlce 2003
eXejn 1
ObRmU 1
mbblNBgGt 1
FfRII 1
TwQtBP 1
bORsYOlwsc 1
OzUMnI 1
rVffs 1
BAZjbG 1
oZWpZHKhD 1
Irary 1
nAvttKmcd 1
rsOTC 1
eHeEj 1
MKOA 1
owHj 1
BNxmZGE 1
WCWUWSP 1
bSzYRzJdC 1
rMhcrttnvv 1
NDuaElbKK 1
eMlKvGGFLx 1
OnsSbEgQq 1
BplBtpfIKW 1
eZkpzYvUP 1
UBJnpGdq 1
pMKB 1
KNuHz 1
qjbthrs 1
kDGana 1
kDRqp 1
xQUH 1
bGivrJPUUP 1
zNs 1
iuxe 1
DCuK 1
nOWtyWaDYn 1
SCtNUmxxE 1
fQUGIt 1
TPCjuhbBN 1
WGZ 1
FPcsHrTAz 1
eWryGUE 1
dLTmFcznN 1
xuPk 1
FOihK 1
hyauceF 1
jtwEUMHpqi 1
pgxhJdjTse 1
HrJYMuV 1
VPkVuYlK 1
xOwF 1
DiREJKKy 1
UUnbxNRbqw 1
DHdBqtnwbz 1
ppeugb 1
BwkAy 1
sSGjoRG 1
SvZz 1
ArteEveSaY 1
TEI 1
PWCEQE 1
BTljuJeV 1
hEtx 1
Uhx 1
FOy 1
kthMST 1
vZIVhXy 1
kdh 1
zeuCeCD 1
JzZyGpbJ 1
tIv 1
WZraVSSDoe 1
xRKJmSDsM 1
KPCGT 1
arId 1
OLjjKk 1
LNFWZyHRh 1
cfIrtLOF 1
GHUaA 1
cChKhGUfp 1
Ajk 1
tRvUSPW 1
pTBWruWv 1
fWMPJzMeZY 1
lECvW 1
kLXB 1
GbY 1
qHZGcy 1
uvMaScXPlu 1
qDiu 1
rdfA 1
RjmrSlrsw 1
biUrGwBAP 1
BWCv 1
NSXf 1
JulG 1
ypIm 1
gDvNLwCYnZ 1
osyoBzRReD 1
rGTNnz 1
OQkYy 1
VDddV 6
lnNK 1
lkabfpaFR 1
coGZRDk 1
SDSx 1
jSXMb 1
HGyZg 1
EhKffkAB 1
oMAzO 1
qWHipbra 1
hdoWgE 1
ROPwF 1
KmUrmjBb 1
mdKN 1
lZxyK 1
LhfVKDT 1
wArGnm 1
JGubosvAC 1
HYGFvUnsYA 1
QyZRkh 1
YBUEn 1
WjR 1
kaEOo 1
yxLfHX 1
bzdPImaHj 1
hcadTpf 1
inSo 1
YVhVblP 1
rOger 1
jVY 1
sIdhceUR 1
mVXyZyui 1
cdpB 1
NYIOpf 1
tezskrLRZ 1
pNMTThrNt 1
pRH 1
kgLn 1
pSpimUi 1
idldE 1
sbyS 1
GwhWh 1
CrmnYmK 1
SSIlQr 1
HVzlKXIq 1
xusoMQChC 1
vYJSo 1
vcBBAeGWa 1
UZYbqIVREj 1
cYhQUsK 1
tTAr 1
UGGnU 1
ewAWnt 1
HdZuYXH 1
mgaBZ 1
zOBlcptBhG 1
hYpxWJLjNH 1
pQruBOVOw 1
HVYdGuJ 1
mESQPLibV 1
RqvrSNhIU 1
tjCHbEhB 1
PmEOXbgQ 1
WGjWUBQwf 1
MmyUjjY 1
wCn 1
Bdvue 1
hnr 1
wobVqtonf 1
LFVDSh 1
DDkypIWg 1
YIFsPJNR 1
cPiUAT 1
DcY 1
MjV 1
dPkeo 1
WMANsyiyP 1
YBQvCERxbd 1
RuppikB 1
iqxkhyXOx 1
PMFSQrI 1
fsXSzlXUa 1
uSDz 1
IqUDyU 1
szmWbnU 1
brmlHKms 1
RgRgnvOs 1
VLHdaNTZW 1
uLunHIw 1
KxTx 1
GjqWPRTL 1
Zlqcm 1
ucBvcw 1
SYjUQKLoL 1
KOw 1
uxBqScZ 1
Nzg 1
dSG 1
NUYOzBD 1
ssj 1
fSnlT 1
ZZGpGz 1
nTZeJ 1
hiP 1
pIuK 1
UwkRPEOvx 1
JEYUl 1
luFai 1
pwDkObEy 1
mAypw 1
SrJe 1
Louw 1
erVAt 1
Pouwh 1
ujWC 1
qrQPwXvRbZ 1
DqfMQUpM 1
gSsgXEZDmJ 1
qGlMzcZ 1
glDqIHHR 1
StGjrTawAq 1
wKOzO 1
nMgUFWkS 1
wWzfvKbGBo 1
eEKpAOYGH 1
jxShjl 1
oxFMIUXij 1
mzTGXEx 1
XcRFLq 1
iUUEXdLHCn 1
CDONeBeS 1
aSJJLnK 1
veQpRGi 1
Ggpg 1
HKIHnKLPW 1
bhYLSvWHqV 1
aOGBgYtT 1
gzy 1
wDPvoyIA 1
FmJ 1
zUjaNgcDTL 1
WUwfCn 1
dtIwKNPGbZ 1
qXfKIqYs 1
UZzZqxO 1
KvuDBLWX 1
icXAtfCh 1
TGKoLUDpb 1
oDMh 1
ZRpwKpS 1
FDwtx 1
XehNzcSD 1
RXdBpd 1
PmUOpHdw 1
BoKCzlddI 1
gpcM 1
gRurmb 1
ZqfpHApoW 1
amxFLAJe 1
WuhneQs 1
NdD 1
TSHdxYJTQK 1
pHpQfq 1
FdBqeMAM 1
GASE 1
GJdpMNogJz 1
coAKEJAL 1
Zyagxkj 1
IfROlNQYM 1
mTLDJbyrUn 1
lALUyYbUih 1
SslvJhTVI 1
NihxlBJHb 1
waZZbGpLrS 1
qTP 1
byTv 1
rjMkTqySNV 1
av 1
mtqZLH 1
xysGDaVTa 1
laudL 1
lEgZScVZFa 1
JGMpVMReeG 1
ICwKG 1
vLx 1
tapiRJ 1
MBYfUQ 1
FTZuArOdx 1
zSUdgoKjA 1
rXqeYUe 1
xreYjpq 1
KiMgQN 1
QIUqTlnbhQ 1
Gmu 1
AcTxmTxkBv 1
joYSige 1
MqjOmuhz 1
yCJg 1
ELnzmXbf 57
PWiCTiyK 1
nPaWl 1
nrjEEQ 1
mJZfHpaV 1
XOTYiSEpux 1
hviOBd 1
MdXcxn 1
arenPAW 1
fVozaLqsle 1
KKfsQaqg 1
wFB 1
udWIzRR 1
ZZqZwo 1
aWFF 1
nOddbNDY 1
kLXEi 1
LXeyaoVOy 1
xoL 1
OUGniM 1
xTrjjiSJb 76
qkNUPHwsqH 1
qXCBdhMm 1
VIJ 1
jOk 1
ltFOkQnbsf 1
nnSTA 1
xfdtBc 1
IfIYuZADXt 1
ypAafFbwA 1
fCuITxe 1
kqetReAPg 1
rhTlC 1
IEHgS 1
dCdoqTvGDu 1
FGfv 1
opIs 1
XHGolel 1
qym 1
qIIPUyucp 1
JJhh 1
lavnLCbZG 1
nuRcetA 1
aonSlv 1
DybaElLTYU 1
mPBDqXT 1
Rdtxemi 1
LhOe 1
BDLIbt 1
jrIAfuWoh 1
ZSRCETWok 1
xydx 43
mvNPG 1
uhMuD 1
xPRxkhPRi 1
xVr 1
PMqjyYwi 1
dxd 1
hAnR 1
oaOG 1
AeeONFhiL 1
XMrVd 1
mgZqub 1
RtTEogQWb 1
YpF 1
DaHj 56
enI 1
CNf 1
PHnxCwIMRL 1
gTb 1
BzFsrNef 1
hkEXeBagM 74
gmv 1
agaGjseoke 1
mNSIzd 1
CDuB 1
RjyEg 1
pAFgP 1
mnlHUux 1
snoNaKyj 1
CUel 1
oecmn 1
zjPOCaUQUQ 1
ZZxVWu 1
lUZWj 1
RqQEC 1
RKBRYVkkFD 1
YvkRzD 1
doWzuv 1
BSSH 1
nrzuyh 1
slfB 1
mPWFm 1
paVYORdiUb 1
fpdSpxtWM 1
UBNd 1
OsSXv 1
cVg 1
Niew 1
ZFHoue 1
WbPIgbuy 1
DgDgwSd 1
VQVpj 1
ITXxdZFQS 1
hghURpjzf 1
iuiKj 1
tcn 1
TrLmFqlF 1
qOwUvpom 1
SBNGJWgmZ 1
KNrNOy 1
QozNKV 1
CLXna 1
jTllEG 1
eVRuAT 1
XkxLtshG 1
TrmQvcrU 1
aHYyfRcDcC 1
CmGcnZoAMc 1
LZAPClSVkb 4694
OEJNkSB 1
nDYGion 1
KLviSRx 1
Uxv 1
rTZnmFJ 1
eufNce 1
qEbIOFup 1
cylCBrAFw 1
lycKVmk 1
cpytUcKXBY 1
stEAH 1
iIOqkxulmp 1
aneAPEXT 1
bkLPTDXNfF 1
WNrgUCiH 1
mhPLCNKYw 1
EOEzq 1
pskXNg 1
cYQQeWDA 1
XaAIUUf 1
Vvvd 1
oLYceLT 1
bhJRuGVlrq 1
NUyvCHrJ 1
ZPDWDQ 1
ZsBU 1
IIshAPcGZ 1
XoCOSqPP 1
LQNEGEnHkd 1
JuhqnngzLc 1
NkNGAuawrw 1
KaNLazfw 1
DL 1
MuXB 1
qpTwRvjKYr 1
ksSWjZjnG 1
nMqozZEDnq 1
CuykoTDVm 1
hHuvozDR 1
hSRRTlL 1
vmy 1
oOdh 1
rosWLl 1
Nve 1
cdqXxDaAoh 1
pfFl 1
RSNMbToSuG 1
vyEiB 1
vVlTptQi 1
fBdcVRxs 1
LKQZcJx 1
rVYUETkemW 1
gxs 1
ikC 1
ovHJrIH 1
eRtuGO 1
JycYIMBP 1
im 1
ROR 1
tMWJhaAjXJ 1
WyhP 1
iUVwaOJO 1
yOdI 1
TFTs 1
WEQJo 1
jgp 1
Dwn 1
Ped 1
iWsjcnc 1
kvAP 1
cYFE 1
BtK 1
yTDXcEYEGM 1
loC 1
WyViYm 1
hqBFlc 1
cUzgxSe 1
rvS 1
ILiPLvcLD 1
CHgmQ 1
hmYpQdtEj 1
crWrwLGr 1
qabmAE 1
IyXOWBeoMc 1
KGwYdlE 1
HhjbMtIv 1
MEjcr 1
hA 1
WqjaVeUqtP 1
SrTozBsm 1
MZPjTM 1
UtA 1
rtJatiAsC 1
ehvtP 1
aGDlJsLbQY 1
IBVCL 1
CSSqChc 1
zAvgks 1
BnADjECse 1
kBHuYn 1
Uip 1
Wk 1
TJUgdIiK 1
RMXi 1
gLKJVdgcNK 1
otfXnazPz 1
xsrmRq 1
LqbtOriw 1
GoacRt 1
JAr 1
cQQ 1
WFhmKGkd 1
fTjnEKwAsC 1
emWrS 1
rIpdQDhX 1
Pzo 1
jMglbrdnWw 1
SsyuLvB 1
WHYKBzaWiq 1
YPRBRxW 1
txgXKQblfR 1
EChGiMWnRK 1
RqqIzpvpxj 1
gvIArD 1
IPuhlYueBO 1
WBiYtE 1
NMbHVHc 1
LAHlRtbFG 1
Qlxcj 1
dLdmy 1
jtItrHAZWs 1
xLsBencgv 1
fsOcgNmQXn 1
XXTed 1
VwaSHf 1
KwkBkC 1
ogM 1
MtDXSPfGZ 1
frDJZI 1
gZyMcQnMO 1
oMdH 1
JKZTKnn 1
IBVXaJHBw 1
ZVzceoWr 1
UQwmfaG 1
xNpBlDbHJ 1
YzmYisH 1
LSecYaSh 1
FTrpzt 1
ZVeJdUo 1
TSzuRRn 1
QxMKBbbZF 1
ANFiRfK 1
woHJjOlWYq 1
xJUdDDdp 1
jwDcQhJDtH 1
tGVvMzZsl 1
tfsgCLPYL 1
iWDRCNB 1
sYeHFzz 1
Ijp 1
AqxL 1
ZoOAqyLlY 1
UeDsnSmN 1
biLzblVJ 1
RHC 1
nYCOU 1
uKOZKxWe 1
qiZb 1
qUzuztdIJ 1
eVgOypVW 1
kqZSvM 1
cwp 1
YwOlA 1
xMTaXsTHu 1
mzUvWRa 1
rxMIMVdjP 1
ksbzCRgqUG 1
hqZfaM 1
QAAdJybd 1
rqGixhLfg 1
cwMxlQNUid 1
FBBbil 1
gvZC 1
req 1
poM 1
LxIkewjSg 1
DdiTM 1
EDTvUIJy 1
Jpi 1
Nqu 1
DeEm 1
mhbNpNolfU 1
YooYDCNZ 1219
xrCfnkxo 1
nhWIiK 1
YuIj 1
CCDaSUgSSb 1
iSWez 1
LQqG 1
rKSppVghBM 1
SFWUS 1
XxKmBTnId 1
SDLfcp 1
MccFTYdeBS 1
TIoJoOERbI 1
ufxUzqUQJL 1
gAmDti 1
nvwiv 1
ipBnRQnpJE 1
efLGBu 1
zwYCBvT 1
ZgZrw 1
VLAqiesSab 1
NsToayGLGX 1
fkSctPADTT 1
xwQcfIlboe 1
OGLvjv 1
lnJllVxH 1
ECRzt 1
qqHhcr 1
jiO 1
vKZjjb 1
cfmiTk 1
RWhUSLnR 1
JHXUM 1
yyePUB 1
cqkpa 1
OYbW 1
QXxuGj 1
VbUYzc 1
QLy 1
liVC 1
dZH 1
BEBKhe 1
fflYF 1
QWMviO 1
Mvrd 1
FdBi 1
qUNSxoTQ 1
BQU 1
nvTRtGmoa 1
